[0.026s] Invoking command in '/home/hexapod/ros2_ws/build/hexapod_bringup': AMENT_PREFIX_PATH=/home/hexapod/ros2_ws/install/hexapod_custom_msgs:${AMENT_PREFIX_PATH} CMAKE_PREFIX_PATH=/home/hexapod/ros2_ws/install/hexapod_teleop:/home/hexapod/ros2_ws/install/hexapod_hardware:/home/hexapod/ros2_ws/install/hexapod_control:/home/hexapod/ros2_ws/install/hexapod_custom_msgs:/home/hexapod/ros2_ws/install/hexapod_description:/home/hexapod/ros2_ws/install/hexapod_core:/opt/ros/jazzy LD_LIBRARY_PATH=/home/hexapod/ros2_ws/install/hexapod_teleop/lib:/home/hexapod/ros2_ws/install/hexapod_hardware/lib:/home/hexapod/ros2_ws/install/hexapod_control/lib:/home/hexapod/ros2_ws/install/hexapod_custom_msgs/lib:${LD_LIBRARY_PATH} PYTHONPATH=/home/hexapod/ros2_ws/install/hexapod_custom_msgs/lib/python3.12/site-packages:${PYTHONPATH} /usr/bin/cmake --build /home/hexapod/ros2_ws/build/hexapod_bringup -- -j4 -l4
[0.066s] -- Found ament_cmake: 2.5.6 (/opt/ros/jazzy/share/ament_cmake/cmake)
[0.406s] -- Found rclcpp: 28.1.21 (/opt/ros/jazzy/share/rclcpp/cmake)
[0.438s] -- Found rosidl_generator_c: 4.6.9 (/opt/ros/jazzy/share/rosidl_generator_c/cmake)
[0.451s] -- Found rosidl_generator_cpp: 4.6.9 (/opt/ros/jazzy/share/rosidl_generator_cpp/cmake)
[0.467s] -- Using all available rosidl_typesupport_c: rosidl_typesupport_fastrtps_c;rosidl_typesupport_introspection_c
[0.486s] -- Using all available rosidl_typesupport_cpp: rosidl_typesupport_fastrtps_cpp;rosidl_typesupport_introspection_cpp
[0.571s] -- Found rmw_implementation_cmake: 7.3.3 (/opt/ros/jazzy/share/rmw_implementation_cmake/cmake)
[0.573s] -- Found rmw_fastrtps_cpp: 8.4.4 (/opt/ros/jazzy/share/rmw_fastrtps_cpp/cmake)
[0.660s] -- Using RMW implementation 'rmw_fastrtps_cpp' as default
[0.759s] -- Found hexapod_custom_msgs: 0.0.1 (/home/hexapod/ros2_ws/install/hexapod_custom_msgs/share/hexapod_custom_msgs/cmake)
[0.772s] -- Found hexapod_hardware: 0.0.1 (/home/hexapod/ros2_ws/install/hexapod_hardware/share/hexapod_hardware/cmake)
[0.796s] -- Found hexapod_control: 0.0.1 (/home/hexapod/ros2_ws/install/hexapod_control/share/hexapod_control/cmake)
[0.822s] -- Found hexapod_teleop: 0.0.1 (/home/hexapod/ros2_ws/install/hexapod_teleop/share/hexapod_teleop/cmake)
[1.009s] -- Configuring done (0.9s)
[1.048s] -- Generating done (0.0s)
[1.055s] -- Build files have been written to: /home/hexapod/ros2_ws/build/hexapod_bringup
[1.132s] [ 50%] [32mBuilding CXX object CMakeFiles/hexapod_shared_process.dir/src/main.cpp.o[0m
[6.198s] [100%] [32m[1mLinking CXX executable hexapod_shared_process[0m
[7.790s] [100%] Built target hexapod_shared_process
[7.811s] Invoked command in '/home/hexapod/ros2_ws/build/hexapod_bringup' returned '0': AMENT_PREFIX_PATH=/home/hexapod/ros2_ws/install/hexapod_custom_msgs:${AMENT_PREFIX_PATH} CMAKE_PREFIX_PATH=/home/hexapod/ros2_ws/install/hexapod_teleop:/home/hexapod/ros2_ws/install/hexapod_hardware:/home/hexapod/ros2_ws/install/hexapod_control:/home/hexapod/ros2_ws/install/hexapod_custom_msgs:/home/hexapod/ros2_ws/install/hexapod_description:/home/hexapod/ros2_ws/install/hexapod_core:/opt/ros/jazzy LD_LIBRARY_PATH=/home/hexapod/ros2_ws/install/hexapod_teleop/lib:/home/hexapod/ros2_ws/install/hexapod_hardware/lib:/home/hexapod/ros2_ws/install/hexapod_control/lib:/home/hexapod/ros2_ws/install/hexapod_custom_msgs/lib:${LD_LIBRARY_PATH} PYTHONPATH=/home/hexapod/ros2_ws/install/hexapod_custom_msgs/lib/python3.12/site-packages:${PYTHONPATH} /usr/bin/cmake --build /home/hexapod/ros2_ws/build/hexapod_bringup -- -j4 -l4
[7.813s] Invoking command in '/home/hexapod/ros2_ws/build/hexapod_bringup': AMENT_PREFIX_PATH=/home/hexapod/ros2_ws/install/hexapod_custom_msgs:${AMENT_PREFIX_PATH} CMAKE_PREFIX_PATH=/home/hexapod/ros2_ws/install/hexapod_teleop:/home/hexapod/ros2_ws/install/hexapod_hardware:/home/hexapod/ros2_ws/install/hexapod_control:/home/hexapod/ros2_ws/install/hexapod_custom_msgs:/home/hexapod/ros2_ws/install/hexapod_description:/home/hexapod/ros2_ws/install/hexapod_core:/opt/ros/jazzy LD_LIBRARY_PATH=/home/hexapod/ros2_ws/install/hexapod_teleop/lib:/home/hexapod/ros2_ws/install/hexapod_hardware/lib:/home/hexapod/ros2_ws/install/hexapod_control/lib:/home/hexapod/ros2_ws/install/hexapod_custom_msgs/lib:${LD_LIBRARY_PATH} PYTHONPATH=/home/hexapod/ros2_ws/install/hexapod_custom_msgs/lib/python3.12/site-packages:${PYTHONPATH} /usr/bin/cmake --install /home/hexapod/ros2_ws/build/hexapod_bringup
[7.828s] -- Install configuration: ""
[7.828s] -- Installing: /home/hexapod/ros2_ws/install/hexapod_bringup/lib/hexapod_bringup/hexapod_shared_process
[7.829s] -- Set non-toolchain portion of runtime path of "/home/hexapod/ros2_ws/install/hexapod_bringup/lib/hexapod_bringup/hexapod_shared_process" to ""
[7.829s] -- Installing: /home/hexapod/ros2_ws/install/hexapod_bringup/share/ament_index/resource_index/package_run_dependencies/hexapod_bringup
[7.829s] -- Installing: /home/hexapod/ros2_ws/install/hexapod_bringup/share/ament_index/resource_index/parent_prefix_path/hexapod_bringup
[7.829s] -- Up-to-date: /home/hexapod/ros2_ws/install/hexapod_bringup/share/hexapod_bringup/environment/ament_prefix_path.sh
[7.830s] -- Up-to-date: /home/hexapod/ros2_ws/install/hexapod_bringup/share/hexapod_bringup/environment/ament_prefix_path.dsv
[7.830s] -- Up-to-date: /home/hexapod/ros2_ws/install/hexapod_bringup/share/hexapod_bringup/environment/path.sh
[7.830s] -- Up-to-date: /home/hexapod/ros2_ws/install/hexapod_bringup/share/hexapod_bringup/environment/path.dsv
[7.830s] -- Up-to-date: /home/hexapod/ros2_ws/install/hexapod_bringup/share/hexapod_bringup/local_setup.bash
[7.830s] -- Up-to-date: /home/hexapod/ros2_ws/install/hexapod_bringup/share/hexapod_bringup/local_setup.sh
[7.830s] -- Up-to-date: /home/hexapod/ros2_ws/install/hexapod_bringup/share/hexapod_bringup/local_setup.zsh
[7.830s] -- Up-to-date: /home/hexapod/ros2_ws/install/hexapod_bringup/share/hexapod_bringup/local_setup.dsv
[7.831s] -- Installing: /home/hexapod/ros2_ws/install/hexapod_bringup/share/hexapod_bringup/package.dsv
[7.831s] -- Up-to-date: /home/hexapod/ros2_ws/install/hexapod_bringup/share/ament_index/resource_index/packages/hexapod_bringup
[7.831s] -- Up-to-date: /home/hexapod/ros2_ws/install/hexapod_bringup/share/hexapod_bringup/cmake/hexapod_bringupConfig.cmake
[7.831s] -- Up-to-date: /home/hexapod/ros2_ws/install/hexapod_bringup/share/hexapod_bringup/cmake/hexapod_bringupConfig-version.cmake
[7.831s] -- Installing: /home/hexapod/ros2_ws/install/hexapod_bringup/share/hexapod_bringup/package.xml
[7.834s] Invoked command in '/home/hexapod/ros2_ws/build/hexapod_bringup' returned '0': AMENT_PREFIX_PATH=/home/hexapod/ros2_ws/install/hexapod_custom_msgs:${AMENT_PREFIX_PATH} CMAKE_PREFIX_PATH=/home/hexapod/ros2_ws/install/hexapod_teleop:/home/hexapod/ros2_ws/install/hexapod_hardware:/home/hexapod/ros2_ws/install/hexapod_control:/home/hexapod/ros2_ws/install/hexapod_custom_msgs:/home/hexapod/ros2_ws/install/hexapod_description:/home/hexapod/ros2_ws/install/hexapod_core:/opt/ros/jazzy LD_LIBRARY_PATH=/home/hexapod/ros2_ws/install/hexapod_teleop/lib:/home/hexapod/ros2_ws/install/hexapod_hardware/lib:/home/hexapod/ros2_ws/install/hexapod_control/lib:/home/hexapod/ros2_ws/install/hexapod_custom_msgs/lib:${LD_LIBRARY_PATH} PYTHONPATH=/home/hexapod/ros2_ws/install/hexapod_custom_msgs/lib/python3.12/site-packages:${PYTHONPATH} /usr/bin/cmake --install /home/hexapod/ros2_ws/build/hexapod_bringup
