[0.020s] Invoking command in '/home/hexapod/ros2_ws/build/hexapod_control': AMENT_PREFIX_PATH=/home/hexapod/ros2_ws/install/hexapod_custom_msgs:${AMENT_PREFIX_PATH} CMAKE_PREFIX_PATH=/home/hexapod/ros2_ws/install/hexapod_custom_msgs:/home/hexapod/ros2_ws/install/hexapod_control:/home/hexapod/ros2_ws/install/hexapod_teleop:/home/hexapod/ros2_ws/install/hexapod_hardware:/home/hexapod/ros2_ws/install/hexapod_description:/home/hexapod/ros2_ws/install/hexapod_core:/opt/ros/jazzy LD_LIBRARY_PATH=/home/hexapod/ros2_ws/install/hexapod_custom_msgs/lib:${LD_LIBRARY_PATH} PYTHONPATH=/home/hexapod/ros2_ws/install/hexapod_custom_msgs/lib/python3.12/site-packages:${PYTHONPATH} /usr/bin/cmake --build /home/hexapod/ros2_ws/build/hexapod_control -- -j4 -l4
[0.072s] -- Found ament_cmake: 2.5.6 (/opt/ros/jazzy/share/ament_cmake/cmake)
[0.681s] -- Override CMake install command with custom implementation using symlinks instead of copying resources
[0.695s] -- Found rclcpp: 28.1.21 (/opt/ros/jazzy/share/rclcpp/cmake)
[0.773s] -- Found rosidl_generator_c: 4.6.9 (/opt/ros/jazzy/share/rosidl_generator_c/cmake)
[0.802s] -- Found rosidl_generator_cpp: 4.6.9 (/opt/ros/jazzy/share/rosidl_generator_cpp/cmake)
[0.830s] -- Using all available rosidl_typesupport_c: rosidl_typesupport_fastrtps_c;rosidl_typesupport_introspection_c
[0.854s] -- Using all available rosidl_typesupport_cpp: rosidl_typesupport_fastrtps_cpp;rosidl_typesupport_introspection_cpp
[0.958s] -- Found rmw_implementation_cmake: 7.3.3 (/opt/ros/jazzy/share/rmw_implementation_cmake/cmake)
[0.961s] -- Found rmw_fastrtps_cpp: 8.4.4 (/opt/ros/jazzy/share/rmw_fastrtps_cpp/cmake)
[1.071s] -- Using RMW implementation 'rmw_fastrtps_cpp' as default
[1.176s] -- Found geometry_msgs: 5.3.8 (/opt/ros/jazzy/share/geometry_msgs/cmake)
[1.225s] -- Found hexapod_custom_msgs: 0.0.1 (/home/hexapod/ros2_ws/install/hexapod_custom_msgs/share/hexapod_custom_msgs/cmake)
[1.246s] -- Found ament_lint_auto: 0.17.5 (/opt/ros/jazzy/share/ament_lint_auto/cmake)
[1.465s] -- Added test 'cppcheck' to perform static code analysis on C / C++ code
[1.465s] -- Configured cppcheck include dirs: $<BUILD_INTERFACE:/home/hexapod/ros2_ws/src/hexapod_control/include>
[1.466s] -- Configured cppcheck exclude dirs and/or files: 
[1.467s] -- Added test 'lint_cmake' to check CMake code style
[1.469s] -- Added test 'uncrustify' to check C / C++ code style
[1.469s] -- Configured uncrustify additional arguments: 
[1.482s] -- Added test 'xmllint' to check XML markup files
[1.482s] -- Configuring done (1.4s)
[1.511s] -- Generating done (0.0s)
[1.531s] -- Build files have been written to: /home/hexapod/ros2_ws/build/hexapod_control
[1.671s] [ 50%] [32mBuilding CXX object CMakeFiles/hexapod_brain_node.dir/src/hexapod_brain_node.cpp.o[0m
[33.271s] [100%] [32m[1mLinking CXX shared library libhexapod_brain_node.so[0m
[35.006s] [100%] Built target hexapod_brain_node
[35.027s] Invoked command in '/home/hexapod/ros2_ws/build/hexapod_control' returned '0': AMENT_PREFIX_PATH=/home/hexapod/ros2_ws/install/hexapod_custom_msgs:${AMENT_PREFIX_PATH} CMAKE_PREFIX_PATH=/home/hexapod/ros2_ws/install/hexapod_custom_msgs:/home/hexapod/ros2_ws/install/hexapod_control:/home/hexapod/ros2_ws/install/hexapod_teleop:/home/hexapod/ros2_ws/install/hexapod_hardware:/home/hexapod/ros2_ws/install/hexapod_description:/home/hexapod/ros2_ws/install/hexapod_core:/opt/ros/jazzy LD_LIBRARY_PATH=/home/hexapod/ros2_ws/install/hexapod_custom_msgs/lib:${LD_LIBRARY_PATH} PYTHONPATH=/home/hexapod/ros2_ws/install/hexapod_custom_msgs/lib/python3.12/site-packages:${PYTHONPATH} /usr/bin/cmake --build /home/hexapod/ros2_ws/build/hexapod_control -- -j4 -l4
[35.029s] Invoking command in '/home/hexapod/ros2_ws/build/hexapod_control': AMENT_PREFIX_PATH=/home/hexapod/ros2_ws/install/hexapod_custom_msgs:${AMENT_PREFIX_PATH} CMAKE_PREFIX_PATH=/home/hexapod/ros2_ws/install/hexapod_custom_msgs:/home/hexapod/ros2_ws/install/hexapod_control:/home/hexapod/ros2_ws/install/hexapod_teleop:/home/hexapod/ros2_ws/install/hexapod_hardware:/home/hexapod/ros2_ws/install/hexapod_description:/home/hexapod/ros2_ws/install/hexapod_core:/opt/ros/jazzy LD_LIBRARY_PATH=/home/hexapod/ros2_ws/install/hexapod_custom_msgs/lib:${LD_LIBRARY_PATH} PYTHONPATH=/home/hexapod/ros2_ws/install/hexapod_custom_msgs/lib/python3.12/site-packages:${PYTHONPATH} /usr/bin/cmake --install /home/hexapod/ros2_ws/build/hexapod_control
[35.043s] -- Install configuration: ""
[35.043s] -- Execute custom install script
[35.044s] -- Symlinking: /home/hexapod/ros2_ws/install/hexapod_control/share/hexapod_control/environment/library_path.sh
[35.060s] -- Symlinking: /home/hexapod/ros2_ws/install/hexapod_control/share/hexapod_control/environment/library_path.dsv
[35.076s] -- Symlinking: /home/hexapod/ros2_ws/install/hexapod_control/lib/libhexapod_brain_node.so
[35.091s] -- Symlinking: /home/hexapod/ros2_ws/install/hexapod_control/include/hexapod_control/hexapod_brain_node.hpp
[35.107s] -- Up-to-date symlink: /home/hexapod/ros2_ws/install/hexapod_control/share/ament_index/resource_index/package_run_dependencies/hexapod_control
[35.107s] -- Up-to-date symlink: /home/hexapod/ros2_ws/install/hexapod_control/share/ament_index/resource_index/parent_prefix_path/hexapod_control
[35.108s] -- Up-to-date symlink: /home/hexapod/ros2_ws/install/hexapod_control/share/hexapod_control/environment/ament_prefix_path.sh
[35.108s] -- Up-to-date symlink: /home/hexapod/ros2_ws/install/hexapod_control/share/hexapod_control/environment/ament_prefix_path.dsv
[35.108s] -- Up-to-date symlink: /home/hexapod/ros2_ws/install/hexapod_control/share/hexapod_control/environment/path.sh
[35.108s] -- Up-to-date symlink: /home/hexapod/ros2_ws/install/hexapod_control/share/hexapod_control/environment/path.dsv
[35.108s] -- Up-to-date symlink: /home/hexapod/ros2_ws/install/hexapod_control/share/hexapod_control/local_setup.bash
[35.109s] -- Up-to-date symlink: /home/hexapod/ros2_ws/install/hexapod_control/share/hexapod_control/local_setup.sh
[35.109s] -- Up-to-date symlink: /home/hexapod/ros2_ws/install/hexapod_control/share/hexapod_control/local_setup.zsh
[35.109s] -- Up-to-date symlink: /home/hexapod/ros2_ws/install/hexapod_control/share/hexapod_control/local_setup.dsv
[35.109s] -- Symlinking: /home/hexapod/ros2_ws/install/hexapod_control/share/hexapod_control/package.dsv
[35.126s] -- Up-to-date symlink: /home/hexapod/ros2_ws/install/hexapod_control/share/ament_index/resource_index/packages/hexapod_control
[35.127s] -- Symlinking: /home/hexapod/ros2_ws/install/hexapod_control/share/hexapod_control/cmake/ament_cmake_export_include_directories-extras.cmake
[35.143s] -- Symlinking: /home/hexapod/ros2_ws/install/hexapod_control/share/hexapod_control/cmake/ament_cmake_export_libraries-extras.cmake
[35.159s] -- Symlinking: /home/hexapod/ros2_ws/install/hexapod_control/share/hexapod_control/cmake/ament_cmake_export_dependencies-extras.cmake
[35.174s] -- Up-to-date symlink: /home/hexapod/ros2_ws/install/hexapod_control/share/hexapod_control/cmake/hexapod_controlConfig.cmake
[35.174s] -- Up-to-date symlink: /home/hexapod/ros2_ws/install/hexapod_control/share/hexapod_control/cmake/hexapod_controlConfig-version.cmake
[35.174s] -- Up-to-date symlink: /home/hexapod/ros2_ws/install/hexapod_control/share/hexapod_control/package.xml
[35.178s] Invoked command in '/home/hexapod/ros2_ws/build/hexapod_control' returned '0': AMENT_PREFIX_PATH=/home/hexapod/ros2_ws/install/hexapod_custom_msgs:${AMENT_PREFIX_PATH} CMAKE_PREFIX_PATH=/home/hexapod/ros2_ws/install/hexapod_custom_msgs:/home/hexapod/ros2_ws/install/hexapod_control:/home/hexapod/ros2_ws/install/hexapod_teleop:/home/hexapod/ros2_ws/install/hexapod_hardware:/home/hexapod/ros2_ws/install/hexapod_description:/home/hexapod/ros2_ws/install/hexapod_core:/opt/ros/jazzy LD_LIBRARY_PATH=/home/hexapod/ros2_ws/install/hexapod_custom_msgs/lib:${LD_LIBRARY_PATH} PYTHONPATH=/home/hexapod/ros2_ws/install/hexapod_custom_msgs/lib/python3.12/site-packages:${PYTHONPATH} /usr/bin/cmake --install /home/hexapod/ros2_ws/build/hexapod_control
