-- Found ament_cmake: 2.5.6 (/opt/ros/jazzy/share/ament_cmake/cmake)
-- Override CMake install command with custom implementation using symlinks instead of copying resources
-- Found ament_lint_auto: 0.17.5 (/opt/ros/jazzy/share/ament_lint_auto/cmake)
-- Added test 'flake8' to check Python code syntax and style conventions
-- Configured 'flake8' exclude dirs and/or files: 
-- Added test 'lint_cmake' to check CMake code style
-- Added test 'pep257' to check Python code against some of the docstring style conventions in PEP 257
-- Added test 'xmllint' to check XML markup files
-- Configuring done (0.8s)
-- Generating done (0.0s)
-- Build files have been written to: /home/hexapod/ros2_ws/build/hexapod_description
-- Install configuration: ""
-- Execute custom install script
-- Up-to-date symlink: /home/hexapod/ros2_ws/install/hexapod_description/share/hexapod_description/urdf/hexapod.urdf.xacro
-- Up-to-date symlink: /home/hexapod/ros2_ws/install/hexapod_description/share/hexapod_description/launch/display.launch.py
-- Up-to-date symlink: /home/hexapod/ros2_ws/install/hexapod_description/share/ament_index/resource_index/package_run_dependencies/hexapod_description
-- Up-to-date symlink: /home/hexapod/ros2_ws/install/hexapod_description/share/ament_index/resource_index/parent_prefix_path/hexapod_description
-- Up-to-date symlink: /home/hexapod/ros2_ws/install/hexapod_description/share/hexapod_description/environment/ament_prefix_path.sh
-- Up-to-date symlink: /home/hexapod/ros2_ws/install/hexapod_description/share/hexapod_description/environment/ament_prefix_path.dsv
-- Up-to-date symlink: /home/hexapod/ros2_ws/install/hexapod_description/share/hexapod_description/environment/path.sh
-- Up-to-date symlink: /home/hexapod/ros2_ws/install/hexapod_description/share/hexapod_description/environment/path.dsv
-- Up-to-date symlink: /home/hexapod/ros2_ws/install/hexapod_description/share/hexapod_description/local_setup.bash
-- Up-to-date symlink: /home/hexapod/ros2_ws/install/hexapod_description/share/hexapod_description/local_setup.sh
-- Up-to-date symlink: /home/hexapod/ros2_ws/install/hexapod_description/share/hexapod_description/local_setup.zsh
-- Up-to-date symlink: /home/hexapod/ros2_ws/install/hexapod_description/share/hexapod_description/local_setup.dsv
-- Symlinking: /home/hexapod/ros2_ws/install/hexapod_description/share/hexapod_description/package.dsv
-- Up-to-date symlink: /home/hexapod/ros2_ws/install/hexapod_description/share/ament_index/resource_index/packages/hexapod_description
-- Up-to-date symlink: /home/hexapod/ros2_ws/install/hexapod_description/share/hexapod_description/cmake/hexapod_descriptionConfig.cmake
-- Up-to-date symlink: /home/hexapod/ros2_ws/install/hexapod_description/share/hexapod_description/cmake/hexapod_descriptionConfig-version.cmake
-- Up-to-date symlink: /home/hexapod/ros2_ws/install/hexapod_description/share/hexapod_description/package.xml
