[0.021s] Invoking command in '/home/hexapod/ros2_ws/build/hexapod_hardware': CMAKE_PREFIX_PATH=/home/hexapod/ros2_ws/install/hexapod_custom_msgs:/home/hexapod/ros2_ws/install/hexapod_bringup:/home/hexapod/ros2_ws/install/hexapod_control:/home/hexapod/ros2_ws/install/hexapod_teleop:/home/hexapod/ros2_ws/install/hexapod_hardware:/home/hexapod/ros2_ws/install/hexapod_description:/home/hexapod/ros2_ws/install/hexapod_core:/opt/ros/jazzy LD_LIBRARY_PATH=/home/hexapod/ros2_ws/install/hexapod_custom_msgs/lib:/home/hexapod/ros2_ws/install/hexapod_teleop/lib:/home/hexapod/ros2_ws/install/hexapod_hardware/lib:/home/hexapod/ros2_ws/install/hexapod_control/lib:/opt/ros/jazzy/lib/aarch64-linux-gnu:/opt/ros/jazzy/lib /usr/bin/cmake --build /home/hexapod/ros2_ws/build/hexapod_hardware -- -j4 -l4
[0.136s] [ 50%] Built target buzzer_driver_node
[0.199s] [100%] Built target buzzer_driver_standalone
[0.227s] Invoked command in '/home/hexapod/ros2_ws/build/hexapod_hardware' returned '0': CMAKE_PREFIX_PATH=/home/hexapod/ros2_ws/install/hexapod_custom_msgs:/home/hexapod/ros2_ws/install/hexapod_bringup:/home/hexapod/ros2_ws/install/hexapod_control:/home/hexapod/ros2_ws/install/hexapod_teleop:/home/hexapod/ros2_ws/install/hexapod_hardware:/home/hexapod/ros2_ws/install/hexapod_description:/home/hexapod/ros2_ws/install/hexapod_core:/opt/ros/jazzy LD_LIBRARY_PATH=/home/hexapod/ros2_ws/install/hexapod_custom_msgs/lib:/home/hexapod/ros2_ws/install/hexapod_teleop/lib:/home/hexapod/ros2_ws/install/hexapod_hardware/lib:/home/hexapod/ros2_ws/install/hexapod_control/lib:/opt/ros/jazzy/lib/aarch64-linux-gnu:/opt/ros/jazzy/lib /usr/bin/cmake --build /home/hexapod/ros2_ws/build/hexapod_hardware -- -j4 -l4
[0.229s] Invoking command in '/home/hexapod/ros2_ws/build/hexapod_hardware': CMAKE_PREFIX_PATH=/home/hexapod/ros2_ws/install/hexapod_custom_msgs:/home/hexapod/ros2_ws/install/hexapod_bringup:/home/hexapod/ros2_ws/install/hexapod_control:/home/hexapod/ros2_ws/install/hexapod_teleop:/home/hexapod/ros2_ws/install/hexapod_hardware:/home/hexapod/ros2_ws/install/hexapod_description:/home/hexapod/ros2_ws/install/hexapod_core:/opt/ros/jazzy LD_LIBRARY_PATH=/home/hexapod/ros2_ws/install/hexapod_custom_msgs/lib:/home/hexapod/ros2_ws/install/hexapod_teleop/lib:/home/hexapod/ros2_ws/install/hexapod_hardware/lib:/home/hexapod/ros2_ws/install/hexapod_control/lib:/opt/ros/jazzy/lib/aarch64-linux-gnu:/opt/ros/jazzy/lib /usr/bin/cmake --install /home/hexapod/ros2_ws/build/hexapod_hardware
[0.245s] -- Install configuration: ""
[0.246s] -- Execute custom install script
[0.247s] -- Up-to-date symlink: /home/hexapod/ros2_ws/install/hexapod_hardware/share/hexapod_hardware/environment/library_path.sh
[0.247s] -- Up-to-date symlink: /home/hexapod/ros2_ws/install/hexapod_hardware/share/hexapod_hardware/environment/library_path.dsv
[0.248s] -- Up-to-date symlink: /home/hexapod/ros2_ws/install/hexapod_hardware/lib/libbuzzer_driver_node.so
[0.250s] -- Up-to-date symlink: /home/hexapod/ros2_ws/install/hexapod_hardware/lib/hexapod_hardware/buzzer_driver_standalone
[0.250s] -- Up-to-date symlink: /home/hexapod/ros2_ws/install/hexapod_hardware/include/hexapod_hardware/buzzer_driver_node.hpp
[0.250s] -- Up-to-date symlink: /home/hexapod/ros2_ws/install/hexapod_hardware/include/hexapod_hardware/notes.hpp
[0.250s] -- Up-to-date symlink: /home/hexapod/ros2_ws/install/hexapod_hardware/share/hexapod_hardware/launch/buzzer.launch.py
[0.251s] -- Up-to-date symlink: /home/hexapod/ros2_ws/install/hexapod_hardware/share/ament_index/resource_index/package_run_dependencies/hexapod_hardware
[0.251s] -- Up-to-date symlink: /home/hexapod/ros2_ws/install/hexapod_hardware/share/ament_index/resource_index/parent_prefix_path/hexapod_hardware
[0.251s] -- Up-to-date symlink: /home/hexapod/ros2_ws/install/hexapod_hardware/share/hexapod_hardware/environment/ament_prefix_path.sh
[0.252s] -- Up-to-date symlink: /home/hexapod/ros2_ws/install/hexapod_hardware/share/hexapod_hardware/environment/ament_prefix_path.dsv
[0.252s] -- Up-to-date symlink: /home/hexapod/ros2_ws/install/hexapod_hardware/share/hexapod_hardware/environment/path.sh
[0.252s] -- Up-to-date symlink: /home/hexapod/ros2_ws/install/hexapod_hardware/share/hexapod_hardware/environment/path.dsv
[0.252s] -- Up-to-date symlink: /home/hexapod/ros2_ws/install/hexapod_hardware/share/hexapod_hardware/local_setup.bash
[0.252s] -- Up-to-date symlink: /home/hexapod/ros2_ws/install/hexapod_hardware/share/hexapod_hardware/local_setup.sh
[0.253s] -- Up-to-date symlink: /home/hexapod/ros2_ws/install/hexapod_hardware/share/hexapod_hardware/local_setup.zsh
[0.253s] -- Up-to-date symlink: /home/hexapod/ros2_ws/install/hexapod_hardware/share/hexapod_hardware/local_setup.dsv
[0.253s] -- Symlinking: /home/hexapod/ros2_ws/install/hexapod_hardware/share/hexapod_hardware/package.dsv
[0.275s] -- Up-to-date symlink: /home/hexapod/ros2_ws/install/hexapod_hardware/share/ament_index/resource_index/packages/hexapod_hardware
[0.276s] -- Up-to-date symlink: /home/hexapod/ros2_ws/install/hexapod_hardware/share/hexapod_hardware/cmake/ament_cmake_export_include_directories-extras.cmake
[0.276s] -- Up-to-date symlink: /home/hexapod/ros2_ws/install/hexapod_hardware/share/hexapod_hardware/cmake/ament_cmake_export_libraries-extras.cmake
[0.278s] -- Up-to-date symlink: /home/hexapod/ros2_ws/install/hexapod_hardware/share/hexapod_hardware/cmake/ament_cmake_export_dependencies-extras.cmake
[0.279s] -- Up-to-date symlink: /home/hexapod/ros2_ws/install/hexapod_hardware/share/hexapod_hardware/cmake/hexapod_hardwareConfig.cmake
[0.279s] -- Up-to-date symlink: /home/hexapod/ros2_ws/install/hexapod_hardware/share/hexapod_hardware/cmake/hexapod_hardwareConfig-version.cmake
[0.279s] -- Up-to-date symlink: /home/hexapod/ros2_ws/install/hexapod_hardware/share/hexapod_hardware/package.xml
[0.299s] Invoked command in '/home/hexapod/ros2_ws/build/hexapod_hardware' returned '0': CMAKE_PREFIX_PATH=/home/hexapod/ros2_ws/install/hexapod_custom_msgs:/home/hexapod/ros2_ws/install/hexapod_bringup:/home/hexapod/ros2_ws/install/hexapod_control:/home/hexapod/ros2_ws/install/hexapod_teleop:/home/hexapod/ros2_ws/install/hexapod_hardware:/home/hexapod/ros2_ws/install/hexapod_description:/home/hexapod/ros2_ws/install/hexapod_core:/opt/ros/jazzy LD_LIBRARY_PATH=/home/hexapod/ros2_ws/install/hexapod_custom_msgs/lib:/home/hexapod/ros2_ws/install/hexapod_teleop/lib:/home/hexapod/ros2_ws/install/hexapod_hardware/lib:/home/hexapod/ros2_ws/install/hexapod_control/lib:/opt/ros/jazzy/lib/aarch64-linux-gnu:/opt/ros/jazzy/lib /usr/bin/cmake --install /home/hexapod/ros2_ws/build/hexapod_hardware
