[0.320s] DEBUG:colcon:Command line arguments: ['/usr/bin/colcon', 'build']
[0.320s] DEBUG:colcon:Parsed command line arguments: Namespace(log_base=None, log_level=None, verb_name='build', build_base='build', install_base='install', merge_install=False, symlink_install=False, test_result_base=None, continue_on_error=False, executor='parallel', parallel_workers=4, event_handlers=None, ignore_user_meta=False, metas=['./colcon.meta'], base_paths=['.'], packages_ignore=None, packages_ignore_regex=None, paths=None, packages_up_to=None, packages_up_to_regex=None, packages_above=None, packages_above_and_dependencies=None, packages_above_depth=None, packages_select_by_dep=None, packages_skip_by_dep=None, packages_skip_up_to=None, packages_select_build_failed=False, packages_skip_build_finished=False, packages_select_test_failures=False, packages_skip_test_passed=False, packages_select=None, packages_skip=None, packages_select_regex=None, packages_skip_regex=None, packages_start=None, packages_end=None, cmake_args=None, cmake_target=None, cmake_target_skip_unavailable=False, cmake_clean_cache=False, cmake_clean_first=False, cmake_force_configure=False, ament_cmake_args=None, catkin_cmake_args=None, catkin_skip_building_tests=False, verb_parser=<colcon_defaults.argument_parser.defaults.DefaultArgumentsDecorator object at 0xffffb3823950>, verb_extension=<colcon_core.verb.build.BuildVerb object at 0xffffb3823800>, main=<bound method BuildVerb.main of <colcon_core.verb.build.BuildVerb object at 0xffffb3823800>>)
[0.433s] Level 1:colcon.colcon_core.package_discovery:discover_packages(colcon_meta) check parameters
[0.433s] Level 1:colcon.colcon_core.package_discovery:discover_packages(recursive) check parameters
[0.433s] Level 1:colcon.colcon_core.package_discovery:discover_packages(ignore) check parameters
[0.433s] Level 1:colcon.colcon_core.package_discovery:discover_packages(path) check parameters
[0.433s] Level 1:colcon.colcon_core.package_discovery:discover_packages(colcon_meta) discover
[0.434s] Level 1:colcon.colcon_core.package_discovery:discover_packages(recursive) discover
[0.434s] INFO:colcon.colcon_core.package_discovery:Crawling recursively for packages in '/home/hexapod/ros2_ws'
[0.434s] Level 1:colcon.colcon_core.package_identification:_identify(.) by extensions ['ignore', 'ignore_ament_install']
[0.434s] Level 1:colcon.colcon_core.package_identification:_identify(.) by extension 'ignore'
[0.434s] Level 1:colcon.colcon_core.package_identification:_identify(.) by extension 'ignore_ament_install'
[0.434s] Level 1:colcon.colcon_core.package_identification:_identify(.) by extensions ['colcon_pkg']
[0.434s] Level 1:colcon.colcon_core.package_identification:_identify(.) by extension 'colcon_pkg'
[0.434s] Level 1:colcon.colcon_core.package_identification:_identify(.) by extensions ['colcon_meta']
[0.434s] Level 1:colcon.colcon_core.package_identification:_identify(.) by extension 'colcon_meta'
[0.434s] Level 1:colcon.colcon_core.package_identification:_identify(.) by extensions ['ros']
[0.434s] Level 1:colcon.colcon_core.package_identification:_identify(.) by extension 'ros'
[0.495s] Level 1:colcon.colcon_core.package_identification:_identify(.) by extensions ['cmake', 'python']
[0.495s] Level 1:colcon.colcon_core.package_identification:_identify(.) by extension 'cmake'
[0.495s] Level 1:colcon.colcon_core.package_identification:_identify(.) by extension 'python'
[0.495s] Level 1:colcon.colcon_core.package_identification:_identify(.) by extensions ['python_setup_py']
[0.495s] Level 1:colcon.colcon_core.package_identification:_identify(.) by extension 'python_setup_py'
[0.495s] Level 1:colcon.colcon_core.package_identification:_identify(build) by extensions ['ignore', 'ignore_ament_install']
[0.495s] Level 1:colcon.colcon_core.package_identification:_identify(build) by extension 'ignore'
[0.495s] Level 1:colcon.colcon_core.package_identification:_identify(build) ignored
[0.496s] Level 1:colcon.colcon_core.package_identification:_identify(install) by extensions ['ignore', 'ignore_ament_install']
[0.496s] Level 1:colcon.colcon_core.package_identification:_identify(install) by extension 'ignore'
[0.496s] Level 1:colcon.colcon_core.package_identification:_identify(install) ignored
[0.496s] Level 1:colcon.colcon_core.package_identification:_identify(log) by extensions ['ignore', 'ignore_ament_install']
[0.496s] Level 1:colcon.colcon_core.package_identification:_identify(log) by extension 'ignore'
[0.496s] Level 1:colcon.colcon_core.package_identification:_identify(log) ignored
[0.496s] Level 1:colcon.colcon_core.package_identification:_identify(src) by extensions ['ignore', 'ignore_ament_install']
[0.496s] Level 1:colcon.colcon_core.package_identification:_identify(src) by extension 'ignore'
[0.496s] Level 1:colcon.colcon_core.package_identification:_identify(src) by extension 'ignore_ament_install'
[0.496s] Level 1:colcon.colcon_core.package_identification:_identify(src) by extensions ['colcon_pkg']
[0.496s] Level 1:colcon.colcon_core.package_identification:_identify(src) by extension 'colcon_pkg'
[0.497s] Level 1:colcon.colcon_core.package_identification:_identify(src) by extensions ['colcon_meta']
[0.497s] Level 1:colcon.colcon_core.package_identification:_identify(src) by extension 'colcon_meta'
[0.497s] Level 1:colcon.colcon_core.package_identification:_identify(src) by extensions ['ros']
[0.497s] Level 1:colcon.colcon_core.package_identification:_identify(src) by extension 'ros'
[0.497s] Level 1:colcon.colcon_core.package_identification:_identify(src) by extensions ['cmake', 'python']
[0.497s] Level 1:colcon.colcon_core.package_identification:_identify(src) by extension 'cmake'
[0.497s] Level 1:colcon.colcon_core.package_identification:_identify(src) by extension 'python'
[0.497s] Level 1:colcon.colcon_core.package_identification:_identify(src) by extensions ['python_setup_py']
[0.497s] Level 1:colcon.colcon_core.package_identification:_identify(src) by extension 'python_setup_py'
[0.497s] Level 1:colcon.colcon_core.package_identification:_identify(src/hexapod_bringup) by extensions ['ignore', 'ignore_ament_install']
[0.497s] Level 1:colcon.colcon_core.package_identification:_identify(src/hexapod_bringup) by extension 'ignore'
[0.497s] Level 1:colcon.colcon_core.package_identification:_identify(src/hexapod_bringup) by extension 'ignore_ament_install'
[0.497s] Level 1:colcon.colcon_core.package_identification:_identify(src/hexapod_bringup) by extensions ['colcon_pkg']
[0.497s] Level 1:colcon.colcon_core.package_identification:_identify(src/hexapod_bringup) by extension 'colcon_pkg'
[0.497s] Level 1:colcon.colcon_core.package_identification:_identify(src/hexapod_bringup) by extensions ['colcon_meta']
[0.498s] Level 1:colcon.colcon_core.package_identification:_identify(src/hexapod_bringup) by extension 'colcon_meta'
[0.498s] Level 1:colcon.colcon_core.package_identification:_identify(src/hexapod_bringup) by extensions ['ros']
[0.498s] Level 1:colcon.colcon_core.package_identification:_identify(src/hexapod_bringup) by extension 'ros'
[0.504s] DEBUG:colcon.colcon_core.package_identification:Package 'src/hexapod_bringup' with type 'ros.ament_cmake' and name 'hexapod_bringup'
[0.504s] Level 1:colcon.colcon_core.package_identification:_identify(src/hexapod_control) by extensions ['ignore', 'ignore_ament_install']
[0.504s] Level 1:colcon.colcon_core.package_identification:_identify(src/hexapod_control) by extension 'ignore'
[0.505s] Level 1:colcon.colcon_core.package_identification:_identify(src/hexapod_control) by extension 'ignore_ament_install'
[0.505s] Level 1:colcon.colcon_core.package_identification:_identify(src/hexapod_control) by extensions ['colcon_pkg']
[0.505s] Level 1:colcon.colcon_core.package_identification:_identify(src/hexapod_control) by extension 'colcon_pkg'
[0.505s] Level 1:colcon.colcon_core.package_identification:_identify(src/hexapod_control) by extensions ['colcon_meta']
[0.505s] Level 1:colcon.colcon_core.package_identification:_identify(src/hexapod_control) by extension 'colcon_meta'
[0.505s] Level 1:colcon.colcon_core.package_identification:_identify(src/hexapod_control) by extensions ['ros']
[0.505s] Level 1:colcon.colcon_core.package_identification:_identify(src/hexapod_control) by extension 'ros'
[0.506s] DEBUG:colcon.colcon_core.package_identification:Package 'src/hexapod_control' with type 'ros.ament_cmake' and name 'hexapod_control'
[0.506s] Level 1:colcon.colcon_core.package_identification:_identify(src/hexapod_custom_msgs) by extensions ['ignore', 'ignore_ament_install']
[0.506s] Level 1:colcon.colcon_core.package_identification:_identify(src/hexapod_custom_msgs) by extension 'ignore'
[0.506s] Level 1:colcon.colcon_core.package_identification:_identify(src/hexapod_custom_msgs) by extension 'ignore_ament_install'
[0.506s] Level 1:colcon.colcon_core.package_identification:_identify(src/hexapod_custom_msgs) by extensions ['colcon_pkg']
[0.506s] Level 1:colcon.colcon_core.package_identification:_identify(src/hexapod_custom_msgs) by extension 'colcon_pkg'
[0.506s] Level 1:colcon.colcon_core.package_identification:_identify(src/hexapod_custom_msgs) by extensions ['colcon_meta']
[0.507s] Level 1:colcon.colcon_core.package_identification:_identify(src/hexapod_custom_msgs) by extension 'colcon_meta'
[0.507s] Level 1:colcon.colcon_core.package_identification:_identify(src/hexapod_custom_msgs) by extensions ['ros']
[0.507s] Level 1:colcon.colcon_core.package_identification:_identify(src/hexapod_custom_msgs) by extension 'ros'
[0.507s] DEBUG:colcon.colcon_core.package_identification:Package 'src/hexapod_custom_msgs' with type 'ros.ament_cmake' and name 'hexapod_custom_msgs'
[0.507s] Level 1:colcon.colcon_core.package_identification:_identify(src/hexapod_description) by extensions ['ignore', 'ignore_ament_install']
[0.507s] Level 1:colcon.colcon_core.package_identification:_identify(src/hexapod_description) by extension 'ignore'
[0.507s] Level 1:colcon.colcon_core.package_identification:_identify(src/hexapod_description) by extension 'ignore_ament_install'
[0.508s] Level 1:colcon.colcon_core.package_identification:_identify(src/hexapod_description) by extensions ['colcon_pkg']
[0.508s] Level 1:colcon.colcon_core.package_identification:_identify(src/hexapod_description) by extension 'colcon_pkg'
[0.508s] Level 1:colcon.colcon_core.package_identification:_identify(src/hexapod_description) by extensions ['colcon_meta']
[0.508s] Level 1:colcon.colcon_core.package_identification:_identify(src/hexapod_description) by extension 'colcon_meta'
[0.508s] Level 1:colcon.colcon_core.package_identification:_identify(src/hexapod_description) by extensions ['ros']
[0.508s] Level 1:colcon.colcon_core.package_identification:_identify(src/hexapod_description) by extension 'ros'
[0.508s] DEBUG:colcon.colcon_core.package_identification:Package 'src/hexapod_description' with type 'ros.ament_cmake' and name 'hexapod_description'
[0.509s] Level 1:colcon.colcon_core.package_identification:_identify(src/hexapod_hardware) by extensions ['ignore', 'ignore_ament_install']
[0.509s] Level 1:colcon.colcon_core.package_identification:_identify(src/hexapod_hardware) by extension 'ignore'
[0.509s] Level 1:colcon.colcon_core.package_identification:_identify(src/hexapod_hardware) by extension 'ignore_ament_install'
[0.509s] Level 1:colcon.colcon_core.package_identification:_identify(src/hexapod_hardware) by extensions ['colcon_pkg']
[0.509s] Level 1:colcon.colcon_core.package_identification:_identify(src/hexapod_hardware) by extension 'colcon_pkg'
[0.509s] Level 1:colcon.colcon_core.package_identification:_identify(src/hexapod_hardware) by extensions ['colcon_meta']
[0.509s] Level 1:colcon.colcon_core.package_identification:_identify(src/hexapod_hardware) by extension 'colcon_meta'
[0.509s] Level 1:colcon.colcon_core.package_identification:_identify(src/hexapod_hardware) by extensions ['ros']
[0.509s] Level 1:colcon.colcon_core.package_identification:_identify(src/hexapod_hardware) by extension 'ros'
[0.512s] DEBUG:colcon.colcon_core.package_identification:Package 'src/hexapod_hardware' with type 'ros.ament_cmake' and name 'hexapod_hardware'
[0.512s] Level 1:colcon.colcon_core.package_identification:_identify(src/hexapod_teleop) by extensions ['ignore', 'ignore_ament_install']
[0.512s] Level 1:colcon.colcon_core.package_identification:_identify(src/hexapod_teleop) by extension 'ignore'
[0.512s] Level 1:colcon.colcon_core.package_identification:_identify(src/hexapod_teleop) by extension 'ignore_ament_install'
[0.512s] Level 1:colcon.colcon_core.package_identification:_identify(src/hexapod_teleop) by extensions ['colcon_pkg']
[0.512s] Level 1:colcon.colcon_core.package_identification:_identify(src/hexapod_teleop) by extension 'colcon_pkg'
[0.512s] Level 1:colcon.colcon_core.package_identification:_identify(src/hexapod_teleop) by extensions ['colcon_meta']
[0.513s] Level 1:colcon.colcon_core.package_identification:_identify(src/hexapod_teleop) by extension 'colcon_meta'
[0.513s] Level 1:colcon.colcon_core.package_identification:_identify(src/hexapod_teleop) by extensions ['ros']
[0.513s] Level 1:colcon.colcon_core.package_identification:_identify(src/hexapod_teleop) by extension 'ros'
[0.514s] DEBUG:colcon.colcon_core.package_identification:Package 'src/hexapod_teleop' with type 'ros.ament_cmake' and name 'hexapod_teleop'
[0.514s] Level 1:colcon.colcon_core.package_discovery:discover_packages(recursive) using defaults
[0.514s] Level 1:colcon.colcon_core.package_discovery:discover_packages(ignore) discover
[0.514s] Level 1:colcon.colcon_core.package_discovery:discover_packages(ignore) using defaults
[0.514s] Level 1:colcon.colcon_core.package_discovery:discover_packages(path) discover
[0.514s] Level 1:colcon.colcon_core.package_discovery:discover_packages(path) using defaults
[0.564s] Level 5:colcon.colcon_core.verb:set package 'hexapod_bringup' build argument 'cmake_args' from command line to 'None'
[0.564s] Level 5:colcon.colcon_core.verb:set package 'hexapod_bringup' build argument 'cmake_target' from command line to 'None'
[0.564s] Level 5:colcon.colcon_core.verb:set package 'hexapod_bringup' build argument 'cmake_target_skip_unavailable' from command line to 'False'
[0.564s] Level 5:colcon.colcon_core.verb:set package 'hexapod_bringup' build argument 'cmake_clean_cache' from command line to 'False'
[0.564s] Level 5:colcon.colcon_core.verb:set package 'hexapod_bringup' build argument 'cmake_clean_first' from command line to 'False'
[0.564s] Level 5:colcon.colcon_core.verb:set package 'hexapod_bringup' build argument 'cmake_force_configure' from command line to 'False'
[0.564s] Level 5:colcon.colcon_core.verb:set package 'hexapod_bringup' build argument 'ament_cmake_args' from command line to 'None'
[0.564s] Level 5:colcon.colcon_core.verb:set package 'hexapod_bringup' build argument 'catkin_cmake_args' from command line to 'None'
[0.564s] Level 5:colcon.colcon_core.verb:set package 'hexapod_bringup' build argument 'catkin_skip_building_tests' from command line to 'False'
[0.564s] DEBUG:colcon.colcon_core.verb:Building package 'hexapod_bringup' with the following arguments: {'ament_cmake_args': None, 'build_base': '/home/hexapod/ros2_ws/build/hexapod_bringup', 'catkin_cmake_args': None, 'catkin_skip_building_tests': False, 'cmake_args': None, 'cmake_clean_cache': False, 'cmake_clean_first': False, 'cmake_force_configure': False, 'cmake_target': None, 'cmake_target_skip_unavailable': False, 'install_base': '/home/hexapod/ros2_ws/install/hexapod_bringup', 'merge_install': False, 'path': '/home/hexapod/ros2_ws/src/hexapod_bringup', 'symlink_install': False, 'test_result_base': None}
[0.565s] Level 5:colcon.colcon_core.verb:set package 'hexapod_custom_msgs' build argument 'cmake_args' from command line to 'None'
[0.565s] Level 5:colcon.colcon_core.verb:set package 'hexapod_custom_msgs' build argument 'cmake_target' from command line to 'None'
[0.565s] Level 5:colcon.colcon_core.verb:set package 'hexapod_custom_msgs' build argument 'cmake_target_skip_unavailable' from command line to 'False'
[0.565s] Level 5:colcon.colcon_core.verb:set package 'hexapod_custom_msgs' build argument 'cmake_clean_cache' from command line to 'False'
[0.565s] Level 5:colcon.colcon_core.verb:set package 'hexapod_custom_msgs' build argument 'cmake_clean_first' from command line to 'False'
[0.565s] Level 5:colcon.colcon_core.verb:set package 'hexapod_custom_msgs' build argument 'cmake_force_configure' from command line to 'False'
[0.565s] Level 5:colcon.colcon_core.verb:set package 'hexapod_custom_msgs' build argument 'ament_cmake_args' from command line to 'None'
[0.565s] Level 5:colcon.colcon_core.verb:set package 'hexapod_custom_msgs' build argument 'catkin_cmake_args' from command line to 'None'
[0.565s] Level 5:colcon.colcon_core.verb:set package 'hexapod_custom_msgs' build argument 'catkin_skip_building_tests' from command line to 'False'
[0.565s] DEBUG:colcon.colcon_core.verb:Building package 'hexapod_custom_msgs' with the following arguments: {'ament_cmake_args': None, 'build_base': '/home/hexapod/ros2_ws/build/hexapod_custom_msgs', 'catkin_cmake_args': None, 'catkin_skip_building_tests': False, 'cmake_args': None, 'cmake_clean_cache': False, 'cmake_clean_first': False, 'cmake_force_configure': False, 'cmake_target': None, 'cmake_target_skip_unavailable': False, 'install_base': '/home/hexapod/ros2_ws/install/hexapod_custom_msgs', 'merge_install': False, 'path': '/home/hexapod/ros2_ws/src/hexapod_custom_msgs', 'symlink_install': False, 'test_result_base': None}
[0.566s] Level 5:colcon.colcon_core.verb:set package 'hexapod_description' build argument 'cmake_args' from command line to 'None'
[0.566s] Level 5:colcon.colcon_core.verb:set package 'hexapod_description' build argument 'cmake_target' from command line to 'None'
[0.566s] Level 5:colcon.colcon_core.verb:set package 'hexapod_description' build argument 'cmake_target_skip_unavailable' from command line to 'False'
[0.566s] Level 5:colcon.colcon_core.verb:set package 'hexapod_description' build argument 'cmake_clean_cache' from command line to 'False'
[0.566s] Level 5:colcon.colcon_core.verb:set package 'hexapod_description' build argument 'cmake_clean_first' from command line to 'False'
[0.566s] Level 5:colcon.colcon_core.verb:set package 'hexapod_description' build argument 'cmake_force_configure' from command line to 'False'
[0.566s] Level 5:colcon.colcon_core.verb:set package 'hexapod_description' build argument 'ament_cmake_args' from command line to 'None'
[0.566s] Level 5:colcon.colcon_core.verb:set package 'hexapod_description' build argument 'catkin_cmake_args' from command line to 'None'
[0.566s] Level 5:colcon.colcon_core.verb:set package 'hexapod_description' build argument 'catkin_skip_building_tests' from command line to 'False'
[0.566s] DEBUG:colcon.colcon_core.verb:Building package 'hexapod_description' with the following arguments: {'ament_cmake_args': None, 'build_base': '/home/hexapod/ros2_ws/build/hexapod_description', 'catkin_cmake_args': None, 'catkin_skip_building_tests': False, 'cmake_args': None, 'cmake_clean_cache': False, 'cmake_clean_first': False, 'cmake_force_configure': False, 'cmake_target': None, 'cmake_target_skip_unavailable': False, 'install_base': '/home/hexapod/ros2_ws/install/hexapod_description', 'merge_install': False, 'path': '/home/hexapod/ros2_ws/src/hexapod_description', 'symlink_install': False, 'test_result_base': None}
[0.566s] Level 5:colcon.colcon_core.verb:set package 'hexapod_control' build argument 'cmake_args' from command line to 'None'
[0.566s] Level 5:colcon.colcon_core.verb:set package 'hexapod_control' build argument 'cmake_target' from command line to 'None'
[0.566s] Level 5:colcon.colcon_core.verb:set package 'hexapod_control' build argument 'cmake_target_skip_unavailable' from command line to 'False'
[0.566s] Level 5:colcon.colcon_core.verb:set package 'hexapod_control' build argument 'cmake_clean_cache' from command line to 'False'
[0.566s] Level 5:colcon.colcon_core.verb:set package 'hexapod_control' build argument 'cmake_clean_first' from command line to 'False'
[0.566s] Level 5:colcon.colcon_core.verb:set package 'hexapod_control' build argument 'cmake_force_configure' from command line to 'False'
[0.566s] Level 5:colcon.colcon_core.verb:set package 'hexapod_control' build argument 'ament_cmake_args' from command line to 'None'
[0.566s] Level 5:colcon.colcon_core.verb:set package 'hexapod_control' build argument 'catkin_cmake_args' from command line to 'None'
[0.567s] Level 5:colcon.colcon_core.verb:set package 'hexapod_control' build argument 'catkin_skip_building_tests' from command line to 'False'
[0.567s] DEBUG:colcon.colcon_core.verb:Building package 'hexapod_control' with the following arguments: {'ament_cmake_args': None, 'build_base': '/home/hexapod/ros2_ws/build/hexapod_control', 'catkin_cmake_args': None, 'catkin_skip_building_tests': False, 'cmake_args': None, 'cmake_clean_cache': False, 'cmake_clean_first': False, 'cmake_force_configure': False, 'cmake_target': None, 'cmake_target_skip_unavailable': False, 'install_base': '/home/hexapod/ros2_ws/install/hexapod_control', 'merge_install': False, 'path': '/home/hexapod/ros2_ws/src/hexapod_control', 'symlink_install': False, 'test_result_base': None}
[0.567s] Level 5:colcon.colcon_core.verb:set package 'hexapod_hardware' build argument 'cmake_args' from command line to 'None'
[0.567s] Level 5:colcon.colcon_core.verb:set package 'hexapod_hardware' build argument 'cmake_target' from command line to 'None'
[0.567s] Level 5:colcon.colcon_core.verb:set package 'hexapod_hardware' build argument 'cmake_target_skip_unavailable' from command line to 'False'
[0.567s] Level 5:colcon.colcon_core.verb:set package 'hexapod_hardware' build argument 'cmake_clean_cache' from command line to 'False'
[0.567s] Level 5:colcon.colcon_core.verb:set package 'hexapod_hardware' build argument 'cmake_clean_first' from command line to 'False'
[0.567s] Level 5:colcon.colcon_core.verb:set package 'hexapod_hardware' build argument 'cmake_force_configure' from command line to 'False'
[0.567s] Level 5:colcon.colcon_core.verb:set package 'hexapod_hardware' build argument 'ament_cmake_args' from command line to 'None'
[0.567s] Level 5:colcon.colcon_core.verb:set package 'hexapod_hardware' build argument 'catkin_cmake_args' from command line to 'None'
[0.567s] Level 5:colcon.colcon_core.verb:set package 'hexapod_hardware' build argument 'catkin_skip_building_tests' from command line to 'False'
[0.567s] DEBUG:colcon.colcon_core.verb:Building package 'hexapod_hardware' with the following arguments: {'ament_cmake_args': None, 'build_base': '/home/hexapod/ros2_ws/build/hexapod_hardware', 'catkin_cmake_args': None, 'catkin_skip_building_tests': False, 'cmake_args': None, 'cmake_clean_cache': False, 'cmake_clean_first': False, 'cmake_force_configure': False, 'cmake_target': None, 'cmake_target_skip_unavailable': False, 'install_base': '/home/hexapod/ros2_ws/install/hexapod_hardware', 'merge_install': False, 'path': '/home/hexapod/ros2_ws/src/hexapod_hardware', 'symlink_install': False, 'test_result_base': None}
[0.568s] Level 5:colcon.colcon_core.verb:set package 'hexapod_teleop' build argument 'cmake_args' from command line to 'None'
[0.568s] Level 5:colcon.colcon_core.verb:set package 'hexapod_teleop' build argument 'cmake_target' from command line to 'None'
[0.568s] Level 5:colcon.colcon_core.verb:set package 'hexapod_teleop' build argument 'cmake_target_skip_unavailable' from command line to 'False'
[0.568s] Level 5:colcon.colcon_core.verb:set package 'hexapod_teleop' build argument 'cmake_clean_cache' from command line to 'False'
[0.568s] Level 5:colcon.colcon_core.verb:set package 'hexapod_teleop' build argument 'cmake_clean_first' from command line to 'False'
[0.568s] Level 5:colcon.colcon_core.verb:set package 'hexapod_teleop' build argument 'cmake_force_configure' from command line to 'False'
[0.568s] Level 5:colcon.colcon_core.verb:set package 'hexapod_teleop' build argument 'ament_cmake_args' from command line to 'None'
[0.568s] Level 5:colcon.colcon_core.verb:set package 'hexapod_teleop' build argument 'catkin_cmake_args' from command line to 'None'
[0.568s] Level 5:colcon.colcon_core.verb:set package 'hexapod_teleop' build argument 'catkin_skip_building_tests' from command line to 'False'
[0.568s] DEBUG:colcon.colcon_core.verb:Building package 'hexapod_teleop' with the following arguments: {'ament_cmake_args': None, 'build_base': '/home/hexapod/ros2_ws/build/hexapod_teleop', 'catkin_cmake_args': None, 'catkin_skip_building_tests': False, 'cmake_args': None, 'cmake_clean_cache': False, 'cmake_clean_first': False, 'cmake_force_configure': False, 'cmake_target': None, 'cmake_target_skip_unavailable': False, 'install_base': '/home/hexapod/ros2_ws/install/hexapod_teleop', 'merge_install': False, 'path': '/home/hexapod/ros2_ws/src/hexapod_teleop', 'symlink_install': False, 'test_result_base': None}
[0.568s] INFO:colcon.colcon_core.executor:Executing jobs using 'parallel' executor
[0.569s] DEBUG:colcon.colcon_parallel_executor.executor.parallel:run_until_complete
[0.570s] INFO:colcon.colcon_ros.task.ament_cmake.build:Building ROS package in '/home/hexapod/ros2_ws/src/hexapod_custom_msgs' with build type 'ament_cmake'
[0.570s] INFO:colcon.colcon_cmake.task.cmake.build:Building CMake package in '/home/hexapod/ros2_ws/src/hexapod_custom_msgs'
[0.578s] INFO:colcon.colcon_core.plugin_system:Skipping extension 'colcon_core.shell.bat': Not used on non-Windows systems
[0.578s] DEBUG:colcon.colcon_core.shell:Skip shell extension 'dsv' for command environment
[0.580s] WARNING:colcon.colcon_ros.prefix_path.ament:The path '/home/hexapod/ros2_ws/install/hexapod_core' in the environment variable AMENT_PREFIX_PATH doesn't exist
[0.581s] WARNING:colcon.colcon_ros.prefix_path.catkin:The path '/home/hexapod/ros2_ws/install/hexapod_core' in the environment variable CMAKE_PREFIX_PATH doesn't exist
[0.589s] INFO:colcon.colcon_ros.task.ament_cmake.build:Building ROS package in '/home/hexapod/ros2_ws/src/hexapod_bringup' with build type 'ament_cmake'
[0.590s] INFO:colcon.colcon_cmake.task.cmake.build:Building CMake package in '/home/hexapod/ros2_ws/src/hexapod_bringup'
[0.590s] DEBUG:colcon.colcon_core.shell:Skip shell extension 'dsv' for command environment
[0.594s] INFO:colcon.colcon_ros.task.ament_cmake.build:Building ROS package in '/home/hexapod/ros2_ws/src/hexapod_description' with build type 'ament_cmake'
[0.595s] INFO:colcon.colcon_cmake.task.cmake.build:Building CMake package in '/home/hexapod/ros2_ws/src/hexapod_description'
[0.595s] DEBUG:colcon.colcon_core.shell:Skip shell extension 'dsv' for command environment
[0.604s] DEBUG:colcon.colcon_core.event_handler.log_command:Invoking command in '/home/hexapod/ros2_ws/build/hexapod_custom_msgs': CMAKE_PREFIX_PATH=${CMAKE_PREFIX_PATH}:/opt/ros/jazzy /usr/bin/cmake /home/hexapod/ros2_ws/src/hexapod_custom_msgs -DCMAKE_INSTALL_PREFIX=/home/hexapod/ros2_ws/install/hexapod_custom_msgs
[0.612s] DEBUG:colcon.colcon_core.event_handler.log_command:Invoking command in '/home/hexapod/ros2_ws/build/hexapod_bringup': CMAKE_PREFIX_PATH=${CMAKE_PREFIX_PATH}:/opt/ros/jazzy /usr/bin/cmake /home/hexapod/ros2_ws/src/hexapod_bringup -DCMAKE_INSTALL_PREFIX=/home/hexapod/ros2_ws/install/hexapod_bringup
[0.624s] DEBUG:colcon.colcon_core.event_handler.log_command:Invoking command in '/home/hexapod/ros2_ws/build/hexapod_description': CMAKE_PREFIX_PATH=${CMAKE_PREFIX_PATH}:/opt/ros/jazzy /usr/bin/cmake /home/hexapod/ros2_ws/src/hexapod_description -DCMAKE_INSTALL_PREFIX=/home/hexapod/ros2_ws/install/hexapod_description
[1.469s] DEBUG:colcon.colcon_core.event_handler.log_command:Invoked command in '/home/hexapod/ros2_ws/build/hexapod_description' returned '0': CMAKE_PREFIX_PATH=${CMAKE_PREFIX_PATH}:/opt/ros/jazzy /usr/bin/cmake /home/hexapod/ros2_ws/src/hexapod_description -DCMAKE_INSTALL_PREFIX=/home/hexapod/ros2_ws/install/hexapod_description
[1.469s] DEBUG:colcon.colcon_core.event_handler.log_command:Invoking command in '/home/hexapod/ros2_ws/build/hexapod_description': CMAKE_PREFIX_PATH=${CMAKE_PREFIX_PATH}:/opt/ros/jazzy /usr/bin/cmake --build /home/hexapod/ros2_ws/build/hexapod_description -- -j4 -l4
[1.563s] DEBUG:colcon.colcon_core.event_handler.log_command:Invoked command in '/home/hexapod/ros2_ws/build/hexapod_description' returned '0': CMAKE_PREFIX_PATH=${CMAKE_PREFIX_PATH}:/opt/ros/jazzy /usr/bin/cmake --build /home/hexapod/ros2_ws/build/hexapod_description -- -j4 -l4
[1.583s] DEBUG:colcon.colcon_core.event_handler.log_command:Invoking command in '/home/hexapod/ros2_ws/build/hexapod_description': CMAKE_PREFIX_PATH=${CMAKE_PREFIX_PATH}:/opt/ros/jazzy /usr/bin/cmake --install /home/hexapod/ros2_ws/build/hexapod_description
[1.630s] Level 1:colcon.colcon_core.environment:create_environment_scripts_only(hexapod_description)
[1.633s] DEBUG:colcon.colcon_core.event_handler.log_command:Invoked command in '/home/hexapod/ros2_ws/build/hexapod_description' returned '0': CMAKE_PREFIX_PATH=${CMAKE_PREFIX_PATH}:/opt/ros/jazzy /usr/bin/cmake --install /home/hexapod/ros2_ws/build/hexapod_description
[1.651s] Level 1:colcon.colcon_core.environment:checking '/home/hexapod/ros2_ws/install/hexapod_description' for CMake module files
[1.652s] Level 1:colcon.colcon_core.environment:checking '/home/hexapod/ros2_ws/install/hexapod_description' for CMake config files
[1.653s] Level 1:colcon.colcon_core.shell:create_environment_hook('hexapod_description', 'cmake_prefix_path')
[1.653s] INFO:colcon.colcon_core.shell:Creating environment descriptor '/home/hexapod/ros2_ws/install/hexapod_description/share/hexapod_description/hook/cmake_prefix_path.dsv'
[1.654s] INFO:colcon.colcon_core.shell:Creating environment hook '/home/hexapod/ros2_ws/install/hexapod_description/share/hexapod_description/hook/cmake_prefix_path.sh'
[1.656s] Level 1:colcon.colcon_core.environment:checking '/home/hexapod/ros2_ws/install/hexapod_description/bin'
[1.656s] Level 1:colcon.colcon_core.environment:checking '/home/hexapod/ros2_ws/install/hexapod_description/lib/pkgconfig/hexapod_description.pc'
[1.661s] Level 1:colcon.colcon_core.environment:checking '/home/hexapod/ros2_ws/install/hexapod_description/lib/python3.12/site-packages'
[1.662s] Level 1:colcon.colcon_core.environment:checking '/home/hexapod/ros2_ws/install/hexapod_description/bin'
[1.663s] INFO:colcon.colcon_core.shell:Creating package descriptor '/home/hexapod/ros2_ws/install/hexapod_description/share/hexapod_description/package.dsv'
[1.664s] INFO:colcon.colcon_core.shell:Creating package script '/home/hexapod/ros2_ws/install/hexapod_description/share/hexapod_description/package.sh'
[1.666s] INFO:colcon.colcon_core.shell:Creating package script '/home/hexapod/ros2_ws/install/hexapod_description/share/hexapod_description/package.bash'
[1.669s] INFO:colcon.colcon_core.shell:Creating package script '/home/hexapod/ros2_ws/install/hexapod_description/share/hexapod_description/package.zsh'
[1.670s] Level 1:colcon.colcon_core.environment:create_file_with_runtime_dependencies(/home/hexapod/ros2_ws/install/hexapod_description/share/colcon-core/packages/hexapod_description)
[1.672s] Level 1:colcon.colcon_core.environment:create_environment_scripts_only(hexapod_description)
[1.672s] Level 1:colcon.colcon_core.environment:checking '/home/hexapod/ros2_ws/install/hexapod_description' for CMake module files
[1.673s] Level 1:colcon.colcon_core.environment:checking '/home/hexapod/ros2_ws/install/hexapod_description' for CMake config files
[1.674s] Level 1:colcon.colcon_core.shell:create_environment_hook('hexapod_description', 'cmake_prefix_path')
[1.675s] INFO:colcon.colcon_core.shell:Creating environment descriptor '/home/hexapod/ros2_ws/install/hexapod_description/share/hexapod_description/hook/cmake_prefix_path.dsv'
[1.676s] INFO:colcon.colcon_core.shell:Creating environment hook '/home/hexapod/ros2_ws/install/hexapod_description/share/hexapod_description/hook/cmake_prefix_path.sh'
[1.678s] Level 1:colcon.colcon_core.environment:checking '/home/hexapod/ros2_ws/install/hexapod_description/bin'
[1.678s] Level 1:colcon.colcon_core.environment:checking '/home/hexapod/ros2_ws/install/hexapod_description/lib/pkgconfig/hexapod_description.pc'
[1.678s] Level 1:colcon.colcon_core.environment:checking '/home/hexapod/ros2_ws/install/hexapod_description/lib/python3.12/site-packages'
[1.679s] Level 1:colcon.colcon_core.environment:checking '/home/hexapod/ros2_ws/install/hexapod_description/bin'
[1.680s] INFO:colcon.colcon_core.shell:Creating package descriptor '/home/hexapod/ros2_ws/install/hexapod_description/share/hexapod_description/package.dsv'
[1.684s] INFO:colcon.colcon_core.shell:Creating package script '/home/hexapod/ros2_ws/install/hexapod_description/share/hexapod_description/package.sh'
[1.685s] INFO:colcon.colcon_core.shell:Creating package script '/home/hexapod/ros2_ws/install/hexapod_description/share/hexapod_description/package.bash'
[1.686s] INFO:colcon.colcon_core.shell:Creating package script '/home/hexapod/ros2_ws/install/hexapod_description/share/hexapod_description/package.zsh'
[1.688s] Level 1:colcon.colcon_core.environment:create_file_with_runtime_dependencies(/home/hexapod/ros2_ws/install/hexapod_description/share/colcon-core/packages/hexapod_description)
[3.022s] DEBUG:colcon.colcon_core.event_handler.log_command:Invoked command in '/home/hexapod/ros2_ws/build/hexapod_bringup' returned '0': CMAKE_PREFIX_PATH=${CMAKE_PREFIX_PATH}:/opt/ros/jazzy /usr/bin/cmake /home/hexapod/ros2_ws/src/hexapod_bringup -DCMAKE_INSTALL_PREFIX=/home/hexapod/ros2_ws/install/hexapod_bringup
[3.023s] DEBUG:colcon.colcon_core.event_handler.log_command:Invoking command in '/home/hexapod/ros2_ws/build/hexapod_bringup': CMAKE_PREFIX_PATH=${CMAKE_PREFIX_PATH}:/opt/ros/jazzy /usr/bin/cmake --build /home/hexapod/ros2_ws/build/hexapod_bringup -- -j4 -l4
[3.116s] DEBUG:colcon.colcon_core.event_handler.log_command:Invoked command in '/home/hexapod/ros2_ws/build/hexapod_bringup' returned '0': CMAKE_PREFIX_PATH=${CMAKE_PREFIX_PATH}:/opt/ros/jazzy /usr/bin/cmake --build /home/hexapod/ros2_ws/build/hexapod_bringup -- -j4 -l4
[3.118s] DEBUG:colcon.colcon_core.event_handler.log_command:Invoking command in '/home/hexapod/ros2_ws/build/hexapod_bringup': CMAKE_PREFIX_PATH=${CMAKE_PREFIX_PATH}:/opt/ros/jazzy /usr/bin/cmake --install /home/hexapod/ros2_ws/build/hexapod_bringup
[3.139s] Level 1:colcon.colcon_core.environment:create_environment_scripts_only(hexapod_bringup)
[3.139s] Level 1:colcon.colcon_core.environment:checking '/home/hexapod/ros2_ws/install/hexapod_bringup' for CMake module files
[3.140s] DEBUG:colcon.colcon_core.event_handler.log_command:Invoked command in '/home/hexapod/ros2_ws/build/hexapod_bringup' returned '0': CMAKE_PREFIX_PATH=${CMAKE_PREFIX_PATH}:/opt/ros/jazzy /usr/bin/cmake --install /home/hexapod/ros2_ws/build/hexapod_bringup
[3.140s] Level 1:colcon.colcon_core.environment:checking '/home/hexapod/ros2_ws/install/hexapod_bringup' for CMake config files
[3.141s] Level 1:colcon.colcon_core.shell:create_environment_hook('hexapod_bringup', 'cmake_prefix_path')
[3.141s] INFO:colcon.colcon_core.shell:Creating environment descriptor '/home/hexapod/ros2_ws/install/hexapod_bringup/share/hexapod_bringup/hook/cmake_prefix_path.dsv'
[3.141s] INFO:colcon.colcon_core.shell:Creating environment hook '/home/hexapod/ros2_ws/install/hexapod_bringup/share/hexapod_bringup/hook/cmake_prefix_path.sh'
[3.142s] Level 1:colcon.colcon_core.environment:checking '/home/hexapod/ros2_ws/install/hexapod_bringup/bin'
[3.142s] Level 1:colcon.colcon_core.environment:checking '/home/hexapod/ros2_ws/install/hexapod_bringup/lib/pkgconfig/hexapod_bringup.pc'
[3.142s] Level 1:colcon.colcon_core.environment:checking '/home/hexapod/ros2_ws/install/hexapod_bringup/lib/python3.12/site-packages'
[3.143s] Level 1:colcon.colcon_core.environment:checking '/home/hexapod/ros2_ws/install/hexapod_bringup/bin'
[3.143s] INFO:colcon.colcon_core.shell:Creating package descriptor '/home/hexapod/ros2_ws/install/hexapod_bringup/share/hexapod_bringup/package.dsv'
[3.144s] INFO:colcon.colcon_core.shell:Creating package script '/home/hexapod/ros2_ws/install/hexapod_bringup/share/hexapod_bringup/package.sh'
[3.144s] INFO:colcon.colcon_core.shell:Creating package script '/home/hexapod/ros2_ws/install/hexapod_bringup/share/hexapod_bringup/package.bash'
[3.145s] INFO:colcon.colcon_core.shell:Creating package script '/home/hexapod/ros2_ws/install/hexapod_bringup/share/hexapod_bringup/package.zsh'
[3.145s] Level 1:colcon.colcon_core.environment:create_file_with_runtime_dependencies(/home/hexapod/ros2_ws/install/hexapod_bringup/share/colcon-core/packages/hexapod_bringup)
[3.146s] Level 1:colcon.colcon_core.environment:create_environment_scripts_only(hexapod_bringup)
[3.146s] Level 1:colcon.colcon_core.environment:checking '/home/hexapod/ros2_ws/install/hexapod_bringup' for CMake module files
[3.146s] Level 1:colcon.colcon_core.environment:checking '/home/hexapod/ros2_ws/install/hexapod_bringup' for CMake config files
[3.147s] Level 1:colcon.colcon_core.shell:create_environment_hook('hexapod_bringup', 'cmake_prefix_path')
[3.147s] INFO:colcon.colcon_core.shell:Creating environment descriptor '/home/hexapod/ros2_ws/install/hexapod_bringup/share/hexapod_bringup/hook/cmake_prefix_path.dsv'
[3.149s] INFO:colcon.colcon_core.shell:Creating environment hook '/home/hexapod/ros2_ws/install/hexapod_bringup/share/hexapod_bringup/hook/cmake_prefix_path.sh'
[3.149s] Level 1:colcon.colcon_core.environment:checking '/home/hexapod/ros2_ws/install/hexapod_bringup/bin'
[3.149s] Level 1:colcon.colcon_core.environment:checking '/home/hexapod/ros2_ws/install/hexapod_bringup/lib/pkgconfig/hexapod_bringup.pc'
[3.150s] Level 1:colcon.colcon_core.environment:checking '/home/hexapod/ros2_ws/install/hexapod_bringup/lib/python3.12/site-packages'
[3.150s] Level 1:colcon.colcon_core.environment:checking '/home/hexapod/ros2_ws/install/hexapod_bringup/bin'
[3.151s] INFO:colcon.colcon_core.shell:Creating package descriptor '/home/hexapod/ros2_ws/install/hexapod_bringup/share/hexapod_bringup/package.dsv'
[3.151s] INFO:colcon.colcon_core.shell:Creating package script '/home/hexapod/ros2_ws/install/hexapod_bringup/share/hexapod_bringup/package.sh'
[3.152s] INFO:colcon.colcon_core.shell:Creating package script '/home/hexapod/ros2_ws/install/hexapod_bringup/share/hexapod_bringup/package.bash'
[3.153s] INFO:colcon.colcon_core.shell:Creating package script '/home/hexapod/ros2_ws/install/hexapod_bringup/share/hexapod_bringup/package.zsh'
[3.154s] Level 1:colcon.colcon_core.environment:create_file_with_runtime_dependencies(/home/hexapod/ros2_ws/install/hexapod_bringup/share/colcon-core/packages/hexapod_bringup)
[3.715s] DEBUG:colcon.colcon_core.event_handler.log_command:Invoked command in '/home/hexapod/ros2_ws/build/hexapod_custom_msgs' returned '0': CMAKE_PREFIX_PATH=${CMAKE_PREFIX_PATH}:/opt/ros/jazzy /usr/bin/cmake /home/hexapod/ros2_ws/src/hexapod_custom_msgs -DCMAKE_INSTALL_PREFIX=/home/hexapod/ros2_ws/install/hexapod_custom_msgs
[3.717s] DEBUG:colcon.colcon_core.event_handler.log_command:Invoking command in '/home/hexapod/ros2_ws/build/hexapod_custom_msgs': CMAKE_PREFIX_PATH=${CMAKE_PREFIX_PATH}:/opt/ros/jazzy /usr/bin/cmake --build /home/hexapod/ros2_ws/build/hexapod_custom_msgs -- -j4 -l4
[13.280s] DEBUG:colcon.colcon_core.event_handler.log_command:Invoked command in '/home/hexapod/ros2_ws/build/hexapod_custom_msgs' returned '0': CMAKE_PREFIX_PATH=${CMAKE_PREFIX_PATH}:/opt/ros/jazzy /usr/bin/cmake --build /home/hexapod/ros2_ws/build/hexapod_custom_msgs -- -j4 -l4
[13.282s] DEBUG:colcon.colcon_core.event_handler.log_command:Invoking command in '/home/hexapod/ros2_ws/build/hexapod_custom_msgs': CMAKE_PREFIX_PATH=${CMAKE_PREFIX_PATH}:/opt/ros/jazzy /usr/bin/cmake --install /home/hexapod/ros2_ws/build/hexapod_custom_msgs
[13.728s] Level 1:colcon.colcon_core.environment:create_environment_scripts_only(hexapod_custom_msgs)
[13.729s] Level 1:colcon.colcon_core.environment:checking '/home/hexapod/ros2_ws/install/hexapod_custom_msgs' for CMake module files
[13.729s] DEBUG:colcon.colcon_core.event_handler.log_command:Invoked command in '/home/hexapod/ros2_ws/build/hexapod_custom_msgs' returned '0': CMAKE_PREFIX_PATH=${CMAKE_PREFIX_PATH}:/opt/ros/jazzy /usr/bin/cmake --install /home/hexapod/ros2_ws/build/hexapod_custom_msgs
[13.730s] Level 1:colcon.colcon_core.environment:checking '/home/hexapod/ros2_ws/install/hexapod_custom_msgs' for CMake config files
[13.732s] Level 1:colcon.colcon_core.shell:create_environment_hook('hexapod_custom_msgs', 'cmake_prefix_path')
[13.733s] INFO:colcon.colcon_core.shell:Creating environment descriptor '/home/hexapod/ros2_ws/install/hexapod_custom_msgs/share/hexapod_custom_msgs/hook/cmake_prefix_path.dsv'
[13.734s] INFO:colcon.colcon_core.shell:Creating environment hook '/home/hexapod/ros2_ws/install/hexapod_custom_msgs/share/hexapod_custom_msgs/hook/cmake_prefix_path.sh'
[13.735s] Level 1:colcon.colcon_core.environment:checking '/home/hexapod/ros2_ws/install/hexapod_custom_msgs/lib'
[13.735s] Level 1:colcon.colcon_core.shell:create_environment_hook('hexapod_custom_msgs', 'ld_library_path_lib')
[13.736s] INFO:colcon.colcon_core.shell:Creating environment descriptor '/home/hexapod/ros2_ws/install/hexapod_custom_msgs/share/hexapod_custom_msgs/hook/ld_library_path_lib.dsv'
[13.736s] INFO:colcon.colcon_core.shell:Creating environment hook '/home/hexapod/ros2_ws/install/hexapod_custom_msgs/share/hexapod_custom_msgs/hook/ld_library_path_lib.sh'
[13.737s] Level 1:colcon.colcon_core.environment:checking '/home/hexapod/ros2_ws/install/hexapod_custom_msgs/bin'
[13.737s] Level 1:colcon.colcon_core.environment:checking '/home/hexapod/ros2_ws/install/hexapod_custom_msgs/lib/pkgconfig/hexapod_custom_msgs.pc'
[13.738s] Level 1:colcon.colcon_core.environment:checking '/home/hexapod/ros2_ws/install/hexapod_custom_msgs/lib/python3.12/site-packages'
[13.738s] Level 1:colcon.colcon_core.shell:create_environment_hook('hexapod_custom_msgs', 'pythonpath')
[13.738s] INFO:colcon.colcon_core.shell:Creating environment descriptor '/home/hexapod/ros2_ws/install/hexapod_custom_msgs/share/hexapod_custom_msgs/hook/pythonpath.dsv'
[13.739s] INFO:colcon.colcon_core.shell:Creating environment hook '/home/hexapod/ros2_ws/install/hexapod_custom_msgs/share/hexapod_custom_msgs/hook/pythonpath.sh'
[13.740s] Level 1:colcon.colcon_core.environment:checking '/home/hexapod/ros2_ws/install/hexapod_custom_msgs/bin'
[13.740s] INFO:colcon.colcon_core.shell:Creating package descriptor '/home/hexapod/ros2_ws/install/hexapod_custom_msgs/share/hexapod_custom_msgs/package.dsv'
[13.741s] INFO:colcon.colcon_core.shell:Creating package script '/home/hexapod/ros2_ws/install/hexapod_custom_msgs/share/hexapod_custom_msgs/package.sh'
[13.742s] INFO:colcon.colcon_core.shell:Creating package script '/home/hexapod/ros2_ws/install/hexapod_custom_msgs/share/hexapod_custom_msgs/package.bash'
[13.743s] INFO:colcon.colcon_core.shell:Creating package script '/home/hexapod/ros2_ws/install/hexapod_custom_msgs/share/hexapod_custom_msgs/package.zsh'
[13.743s] Level 1:colcon.colcon_core.environment:create_file_with_runtime_dependencies(/home/hexapod/ros2_ws/install/hexapod_custom_msgs/share/colcon-core/packages/hexapod_custom_msgs)
[13.744s] Level 1:colcon.colcon_core.environment:create_environment_scripts_only(hexapod_custom_msgs)
[13.744s] Level 1:colcon.colcon_core.environment:checking '/home/hexapod/ros2_ws/install/hexapod_custom_msgs' for CMake module files
[13.745s] Level 1:colcon.colcon_core.environment:checking '/home/hexapod/ros2_ws/install/hexapod_custom_msgs' for CMake config files
[13.747s] Level 1:colcon.colcon_core.shell:create_environment_hook('hexapod_custom_msgs', 'cmake_prefix_path')
[13.747s] INFO:colcon.colcon_core.shell:Creating environment descriptor '/home/hexapod/ros2_ws/install/hexapod_custom_msgs/share/hexapod_custom_msgs/hook/cmake_prefix_path.dsv'
[13.748s] INFO:colcon.colcon_core.shell:Creating environment hook '/home/hexapod/ros2_ws/install/hexapod_custom_msgs/share/hexapod_custom_msgs/hook/cmake_prefix_path.sh'
[13.749s] Level 1:colcon.colcon_core.environment:checking '/home/hexapod/ros2_ws/install/hexapod_custom_msgs/lib'
[13.749s] Level 1:colcon.colcon_core.shell:create_environment_hook('hexapod_custom_msgs', 'ld_library_path_lib')
[13.749s] INFO:colcon.colcon_core.shell:Creating environment descriptor '/home/hexapod/ros2_ws/install/hexapod_custom_msgs/share/hexapod_custom_msgs/hook/ld_library_path_lib.dsv'
[13.749s] INFO:colcon.colcon_core.shell:Creating environment hook '/home/hexapod/ros2_ws/install/hexapod_custom_msgs/share/hexapod_custom_msgs/hook/ld_library_path_lib.sh'
[13.750s] Level 1:colcon.colcon_core.environment:checking '/home/hexapod/ros2_ws/install/hexapod_custom_msgs/bin'
[13.750s] Level 1:colcon.colcon_core.environment:checking '/home/hexapod/ros2_ws/install/hexapod_custom_msgs/lib/pkgconfig/hexapod_custom_msgs.pc'
[13.750s] Level 1:colcon.colcon_core.environment:checking '/home/hexapod/ros2_ws/install/hexapod_custom_msgs/lib/python3.12/site-packages'
[13.750s] Level 1:colcon.colcon_core.shell:create_environment_hook('hexapod_custom_msgs', 'pythonpath')
[13.751s] INFO:colcon.colcon_core.shell:Creating environment descriptor '/home/hexapod/ros2_ws/install/hexapod_custom_msgs/share/hexapod_custom_msgs/hook/pythonpath.dsv'
[13.751s] INFO:colcon.colcon_core.shell:Creating environment hook '/home/hexapod/ros2_ws/install/hexapod_custom_msgs/share/hexapod_custom_msgs/hook/pythonpath.sh'
[13.752s] Level 1:colcon.colcon_core.environment:checking '/home/hexapod/ros2_ws/install/hexapod_custom_msgs/bin'
[13.752s] INFO:colcon.colcon_core.shell:Creating package descriptor '/home/hexapod/ros2_ws/install/hexapod_custom_msgs/share/hexapod_custom_msgs/package.dsv'
[13.753s] INFO:colcon.colcon_core.shell:Creating package script '/home/hexapod/ros2_ws/install/hexapod_custom_msgs/share/hexapod_custom_msgs/package.sh'
[13.754s] INFO:colcon.colcon_core.shell:Creating package script '/home/hexapod/ros2_ws/install/hexapod_custom_msgs/share/hexapod_custom_msgs/package.bash'
[13.754s] INFO:colcon.colcon_core.shell:Creating package script '/home/hexapod/ros2_ws/install/hexapod_custom_msgs/share/hexapod_custom_msgs/package.zsh'
[13.755s] Level 1:colcon.colcon_core.environment:create_file_with_runtime_dependencies(/home/hexapod/ros2_ws/install/hexapod_custom_msgs/share/colcon-core/packages/hexapod_custom_msgs)
[13.755s] INFO:colcon.colcon_ros.task.ament_cmake.build:Building ROS package in '/home/hexapod/ros2_ws/src/hexapod_control' with build type 'ament_cmake'
[13.756s] INFO:colcon.colcon_cmake.task.cmake.build:Building CMake package in '/home/hexapod/ros2_ws/src/hexapod_control'
[13.756s] DEBUG:colcon.colcon_core.shell:Skip shell extension 'dsv' for command environment
[13.761s] INFO:colcon.colcon_ros.task.ament_cmake.build:Building ROS package in '/home/hexapod/ros2_ws/src/hexapod_hardware' with build type 'ament_cmake'
[13.761s] INFO:colcon.colcon_cmake.task.cmake.build:Building CMake package in '/home/hexapod/ros2_ws/src/hexapod_hardware'
[13.761s] DEBUG:colcon.colcon_core.shell:Skip shell extension 'dsv' for command environment
[13.766s] INFO:colcon.colcon_ros.task.ament_cmake.build:Building ROS package in '/home/hexapod/ros2_ws/src/hexapod_teleop' with build type 'ament_cmake'
[13.767s] INFO:colcon.colcon_cmake.task.cmake.build:Building CMake package in '/home/hexapod/ros2_ws/src/hexapod_teleop'
[13.767s] DEBUG:colcon.colcon_core.shell:Skip shell extension 'dsv' for command environment
[13.779s] DEBUG:colcon.colcon_core.event_handler.log_command:Invoking command in '/home/hexapod/ros2_ws/build/hexapod_control': AMENT_PREFIX_PATH=/home/hexapod/ros2_ws/install/hexapod_custom_msgs:${AMENT_PREFIX_PATH} CMAKE_PREFIX_PATH=/home/hexapod/ros2_ws/install/hexapod_custom_msgs:/home/hexapod/ros2_ws/install/hexapod_control:/home/hexapod/ros2_ws/install/hexapod_teleop:/home/hexapod/ros2_ws/install/hexapod_hardware:/home/hexapod/ros2_ws/install/hexapod_description:/home/hexapod/ros2_ws/install/hexapod_core:/opt/ros/jazzy LD_LIBRARY_PATH=/home/hexapod/ros2_ws/install/hexapod_custom_msgs/lib:${LD_LIBRARY_PATH} PYTHONPATH=/home/hexapod/ros2_ws/install/hexapod_custom_msgs/lib/python3.12/site-packages:${PYTHONPATH} /usr/bin/cmake /home/hexapod/ros2_ws/src/hexapod_control -DCMAKE_INSTALL_PREFIX=/home/hexapod/ros2_ws/install/hexapod_control
[13.785s] DEBUG:colcon.colcon_core.event_handler.log_command:Invoking command in '/home/hexapod/ros2_ws/build/hexapod_hardware': AMENT_PREFIX_PATH=/home/hexapod/ros2_ws/install/hexapod_custom_msgs:${AMENT_PREFIX_PATH} CMAKE_PREFIX_PATH=/home/hexapod/ros2_ws/install/hexapod_custom_msgs:/home/hexapod/ros2_ws/install/hexapod_control:/home/hexapod/ros2_ws/install/hexapod_teleop:/home/hexapod/ros2_ws/install/hexapod_hardware:/home/hexapod/ros2_ws/install/hexapod_description:/home/hexapod/ros2_ws/install/hexapod_core:/opt/ros/jazzy LD_LIBRARY_PATH=/home/hexapod/ros2_ws/install/hexapod_custom_msgs/lib:${LD_LIBRARY_PATH} PYTHONPATH=/home/hexapod/ros2_ws/install/hexapod_custom_msgs/lib/python3.12/site-packages:${PYTHONPATH} /usr/bin/cmake /home/hexapod/ros2_ws/src/hexapod_hardware -DCMAKE_INSTALL_PREFIX=/home/hexapod/ros2_ws/install/hexapod_hardware
[13.793s] DEBUG:colcon.colcon_core.event_handler.log_command:Invoking command in '/home/hexapod/ros2_ws/build/hexapod_teleop': AMENT_PREFIX_PATH=/home/hexapod/ros2_ws/install/hexapod_custom_msgs:${AMENT_PREFIX_PATH} CMAKE_PREFIX_PATH=/home/hexapod/ros2_ws/install/hexapod_custom_msgs:/home/hexapod/ros2_ws/install/hexapod_control:/home/hexapod/ros2_ws/install/hexapod_teleop:/home/hexapod/ros2_ws/install/hexapod_hardware:/home/hexapod/ros2_ws/install/hexapod_description:/home/hexapod/ros2_ws/install/hexapod_core:/opt/ros/jazzy LD_LIBRARY_PATH=/home/hexapod/ros2_ws/install/hexapod_custom_msgs/lib:${LD_LIBRARY_PATH} PYTHONPATH=/home/hexapod/ros2_ws/install/hexapod_custom_msgs/lib/python3.12/site-packages:${PYTHONPATH} /usr/bin/cmake /home/hexapod/ros2_ws/src/hexapod_teleop -DCMAKE_INSTALL_PREFIX=/home/hexapod/ros2_ws/install/hexapod_teleop
[15.386s] DEBUG:colcon.colcon_core.event_handler.log_command:Invoked command in '/home/hexapod/ros2_ws/build/hexapod_hardware' returned '0': AMENT_PREFIX_PATH=/home/hexapod/ros2_ws/install/hexapod_custom_msgs:${AMENT_PREFIX_PATH} CMAKE_PREFIX_PATH=/home/hexapod/ros2_ws/install/hexapod_custom_msgs:/home/hexapod/ros2_ws/install/hexapod_control:/home/hexapod/ros2_ws/install/hexapod_teleop:/home/hexapod/ros2_ws/install/hexapod_hardware:/home/hexapod/ros2_ws/install/hexapod_description:/home/hexapod/ros2_ws/install/hexapod_core:/opt/ros/jazzy LD_LIBRARY_PATH=/home/hexapod/ros2_ws/install/hexapod_custom_msgs/lib:${LD_LIBRARY_PATH} PYTHONPATH=/home/hexapod/ros2_ws/install/hexapod_custom_msgs/lib/python3.12/site-packages:${PYTHONPATH} /usr/bin/cmake /home/hexapod/ros2_ws/src/hexapod_hardware -DCMAKE_INSTALL_PREFIX=/home/hexapod/ros2_ws/install/hexapod_hardware
[15.390s] DEBUG:colcon.colcon_core.event_handler.log_command:Invoking command in '/home/hexapod/ros2_ws/build/hexapod_hardware': AMENT_PREFIX_PATH=/home/hexapod/ros2_ws/install/hexapod_custom_msgs:${AMENT_PREFIX_PATH} CMAKE_PREFIX_PATH=/home/hexapod/ros2_ws/install/hexapod_custom_msgs:/home/hexapod/ros2_ws/install/hexapod_control:/home/hexapod/ros2_ws/install/hexapod_teleop:/home/hexapod/ros2_ws/install/hexapod_hardware:/home/hexapod/ros2_ws/install/hexapod_description:/home/hexapod/ros2_ws/install/hexapod_core:/opt/ros/jazzy LD_LIBRARY_PATH=/home/hexapod/ros2_ws/install/hexapod_custom_msgs/lib:${LD_LIBRARY_PATH} PYTHONPATH=/home/hexapod/ros2_ws/install/hexapod_custom_msgs/lib/python3.12/site-packages:${PYTHONPATH} /usr/bin/cmake --build /home/hexapod/ros2_ws/build/hexapod_hardware -- -j4 -l4
[15.461s] DEBUG:colcon.colcon_core.event_handler.log_command:Invoked command in '/home/hexapod/ros2_ws/build/hexapod_control' returned '0': AMENT_PREFIX_PATH=/home/hexapod/ros2_ws/install/hexapod_custom_msgs:${AMENT_PREFIX_PATH} CMAKE_PREFIX_PATH=/home/hexapod/ros2_ws/install/hexapod_custom_msgs:/home/hexapod/ros2_ws/install/hexapod_control:/home/hexapod/ros2_ws/install/hexapod_teleop:/home/hexapod/ros2_ws/install/hexapod_hardware:/home/hexapod/ros2_ws/install/hexapod_description:/home/hexapod/ros2_ws/install/hexapod_core:/opt/ros/jazzy LD_LIBRARY_PATH=/home/hexapod/ros2_ws/install/hexapod_custom_msgs/lib:${LD_LIBRARY_PATH} PYTHONPATH=/home/hexapod/ros2_ws/install/hexapod_custom_msgs/lib/python3.12/site-packages:${PYTHONPATH} /usr/bin/cmake /home/hexapod/ros2_ws/src/hexapod_control -DCMAKE_INSTALL_PREFIX=/home/hexapod/ros2_ws/install/hexapod_control
[15.464s] DEBUG:colcon.colcon_core.event_handler.log_command:Invoking command in '/home/hexapod/ros2_ws/build/hexapod_control': AMENT_PREFIX_PATH=/home/hexapod/ros2_ws/install/hexapod_custom_msgs:${AMENT_PREFIX_PATH} CMAKE_PREFIX_PATH=/home/hexapod/ros2_ws/install/hexapod_custom_msgs:/home/hexapod/ros2_ws/install/hexapod_control:/home/hexapod/ros2_ws/install/hexapod_teleop:/home/hexapod/ros2_ws/install/hexapod_hardware:/home/hexapod/ros2_ws/install/hexapod_description:/home/hexapod/ros2_ws/install/hexapod_core:/opt/ros/jazzy LD_LIBRARY_PATH=/home/hexapod/ros2_ws/install/hexapod_custom_msgs/lib:${LD_LIBRARY_PATH} PYTHONPATH=/home/hexapod/ros2_ws/install/hexapod_custom_msgs/lib/python3.12/site-packages:${PYTHONPATH} /usr/bin/cmake --build /home/hexapod/ros2_ws/build/hexapod_control -- -j4 -l4
[15.533s] DEBUG:colcon.colcon_core.event_handler.log_command:Invoked command in '/home/hexapod/ros2_ws/build/hexapod_teleop' returned '0': AMENT_PREFIX_PATH=/home/hexapod/ros2_ws/install/hexapod_custom_msgs:${AMENT_PREFIX_PATH} CMAKE_PREFIX_PATH=/home/hexapod/ros2_ws/install/hexapod_custom_msgs:/home/hexapod/ros2_ws/install/hexapod_control:/home/hexapod/ros2_ws/install/hexapod_teleop:/home/hexapod/ros2_ws/install/hexapod_hardware:/home/hexapod/ros2_ws/install/hexapod_description:/home/hexapod/ros2_ws/install/hexapod_core:/opt/ros/jazzy LD_LIBRARY_PATH=/home/hexapod/ros2_ws/install/hexapod_custom_msgs/lib:${LD_LIBRARY_PATH} PYTHONPATH=/home/hexapod/ros2_ws/install/hexapod_custom_msgs/lib/python3.12/site-packages:${PYTHONPATH} /usr/bin/cmake /home/hexapod/ros2_ws/src/hexapod_teleop -DCMAKE_INSTALL_PREFIX=/home/hexapod/ros2_ws/install/hexapod_teleop
[15.534s] DEBUG:colcon.colcon_core.event_handler.log_command:Invoking command in '/home/hexapod/ros2_ws/build/hexapod_teleop': AMENT_PREFIX_PATH=/home/hexapod/ros2_ws/install/hexapod_custom_msgs:${AMENT_PREFIX_PATH} CMAKE_PREFIX_PATH=/home/hexapod/ros2_ws/install/hexapod_custom_msgs:/home/hexapod/ros2_ws/install/hexapod_control:/home/hexapod/ros2_ws/install/hexapod_teleop:/home/hexapod/ros2_ws/install/hexapod_hardware:/home/hexapod/ros2_ws/install/hexapod_description:/home/hexapod/ros2_ws/install/hexapod_core:/opt/ros/jazzy LD_LIBRARY_PATH=/home/hexapod/ros2_ws/install/hexapod_custom_msgs/lib:${LD_LIBRARY_PATH} PYTHONPATH=/home/hexapod/ros2_ws/install/hexapod_custom_msgs/lib/python3.12/site-packages:${PYTHONPATH} /usr/bin/cmake --build /home/hexapod/ros2_ws/build/hexapod_teleop -- -j4 -l4
[35.805s] DEBUG:colcon.colcon_core.event_handler.log_command:Invoked command in '/home/hexapod/ros2_ws/build/hexapod_hardware' returned '0': AMENT_PREFIX_PATH=/home/hexapod/ros2_ws/install/hexapod_custom_msgs:${AMENT_PREFIX_PATH} CMAKE_PREFIX_PATH=/home/hexapod/ros2_ws/install/hexapod_custom_msgs:/home/hexapod/ros2_ws/install/hexapod_control:/home/hexapod/ros2_ws/install/hexapod_teleop:/home/hexapod/ros2_ws/install/hexapod_hardware:/home/hexapod/ros2_ws/install/hexapod_description:/home/hexapod/ros2_ws/install/hexapod_core:/opt/ros/jazzy LD_LIBRARY_PATH=/home/hexapod/ros2_ws/install/hexapod_custom_msgs/lib:${LD_LIBRARY_PATH} PYTHONPATH=/home/hexapod/ros2_ws/install/hexapod_custom_msgs/lib/python3.12/site-packages:${PYTHONPATH} /usr/bin/cmake --build /home/hexapod/ros2_ws/build/hexapod_hardware -- -j4 -l4
[35.806s] DEBUG:colcon.colcon_core.event_handler.log_command:Invoking command in '/home/hexapod/ros2_ws/build/hexapod_hardware': AMENT_PREFIX_PATH=/home/hexapod/ros2_ws/install/hexapod_custom_msgs:${AMENT_PREFIX_PATH} CMAKE_PREFIX_PATH=/home/hexapod/ros2_ws/install/hexapod_custom_msgs:/home/hexapod/ros2_ws/install/hexapod_control:/home/hexapod/ros2_ws/install/hexapod_teleop:/home/hexapod/ros2_ws/install/hexapod_hardware:/home/hexapod/ros2_ws/install/hexapod_description:/home/hexapod/ros2_ws/install/hexapod_core:/opt/ros/jazzy LD_LIBRARY_PATH=/home/hexapod/ros2_ws/install/hexapod_custom_msgs/lib:${LD_LIBRARY_PATH} PYTHONPATH=/home/hexapod/ros2_ws/install/hexapod_custom_msgs/lib/python3.12/site-packages:${PYTHONPATH} /usr/bin/cmake --install /home/hexapod/ros2_ws/build/hexapod_hardware
[35.829s] DEBUG:colcon.colcon_core.event_handler.log_command:Invoked command in '/home/hexapod/ros2_ws/build/hexapod_teleop' returned '0': AMENT_PREFIX_PATH=/home/hexapod/ros2_ws/install/hexapod_custom_msgs:${AMENT_PREFIX_PATH} CMAKE_PREFIX_PATH=/home/hexapod/ros2_ws/install/hexapod_custom_msgs:/home/hexapod/ros2_ws/install/hexapod_control:/home/hexapod/ros2_ws/install/hexapod_teleop:/home/hexapod/ros2_ws/install/hexapod_hardware:/home/hexapod/ros2_ws/install/hexapod_description:/home/hexapod/ros2_ws/install/hexapod_core:/opt/ros/jazzy LD_LIBRARY_PATH=/home/hexapod/ros2_ws/install/hexapod_custom_msgs/lib:${LD_LIBRARY_PATH} PYTHONPATH=/home/hexapod/ros2_ws/install/hexapod_custom_msgs/lib/python3.12/site-packages:${PYTHONPATH} /usr/bin/cmake --build /home/hexapod/ros2_ws/build/hexapod_teleop -- -j4 -l4
[35.836s] DEBUG:colcon.colcon_core.event_handler.log_command:Invoking command in '/home/hexapod/ros2_ws/build/hexapod_teleop': AMENT_PREFIX_PATH=/home/hexapod/ros2_ws/install/hexapod_custom_msgs:${AMENT_PREFIX_PATH} CMAKE_PREFIX_PATH=/home/hexapod/ros2_ws/install/hexapod_custom_msgs:/home/hexapod/ros2_ws/install/hexapod_control:/home/hexapod/ros2_ws/install/hexapod_teleop:/home/hexapod/ros2_ws/install/hexapod_hardware:/home/hexapod/ros2_ws/install/hexapod_description:/home/hexapod/ros2_ws/install/hexapod_core:/opt/ros/jazzy LD_LIBRARY_PATH=/home/hexapod/ros2_ws/install/hexapod_custom_msgs/lib:${LD_LIBRARY_PATH} PYTHONPATH=/home/hexapod/ros2_ws/install/hexapod_custom_msgs/lib/python3.12/site-packages:${PYTHONPATH} /usr/bin/cmake --install /home/hexapod/ros2_ws/build/hexapod_teleop
[35.881s] Level 1:colcon.colcon_core.environment:create_environment_scripts_only(hexapod_hardware)
[35.882s] Level 1:colcon.colcon_core.environment:checking '/home/hexapod/ros2_ws/install/hexapod_hardware' for CMake module files
[35.883s] Level 1:colcon.colcon_core.environment:checking '/home/hexapod/ros2_ws/install/hexapod_hardware' for CMake config files
[35.883s] Level 1:colcon.colcon_core.shell:create_environment_hook('hexapod_hardware', 'cmake_prefix_path')
[35.883s] INFO:colcon.colcon_core.shell:Creating environment descriptor '/home/hexapod/ros2_ws/install/hexapod_hardware/share/hexapod_hardware/hook/cmake_prefix_path.dsv'
[35.884s] DEBUG:colcon.colcon_core.event_handler.log_command:Invoked command in '/home/hexapod/ros2_ws/build/hexapod_hardware' returned '0': AMENT_PREFIX_PATH=/home/hexapod/ros2_ws/install/hexapod_custom_msgs:${AMENT_PREFIX_PATH} CMAKE_PREFIX_PATH=/home/hexapod/ros2_ws/install/hexapod_custom_msgs:/home/hexapod/ros2_ws/install/hexapod_control:/home/hexapod/ros2_ws/install/hexapod_teleop:/home/hexapod/ros2_ws/install/hexapod_hardware:/home/hexapod/ros2_ws/install/hexapod_description:/home/hexapod/ros2_ws/install/hexapod_core:/opt/ros/jazzy LD_LIBRARY_PATH=/home/hexapod/ros2_ws/install/hexapod_custom_msgs/lib:${LD_LIBRARY_PATH} PYTHONPATH=/home/hexapod/ros2_ws/install/hexapod_custom_msgs/lib/python3.12/site-packages:${PYTHONPATH} /usr/bin/cmake --install /home/hexapod/ros2_ws/build/hexapod_hardware
[35.885s] INFO:colcon.colcon_core.shell:Creating environment hook '/home/hexapod/ros2_ws/install/hexapod_hardware/share/hexapod_hardware/hook/cmake_prefix_path.sh'
[35.887s] Level 1:colcon.colcon_core.environment:checking '/home/hexapod/ros2_ws/install/hexapod_hardware/lib'
[35.887s] Level 1:colcon.colcon_core.environment:checking '/home/hexapod/ros2_ws/install/hexapod_hardware/bin'
[35.887s] Level 1:colcon.colcon_core.environment:checking '/home/hexapod/ros2_ws/install/hexapod_hardware/lib/pkgconfig/hexapod_hardware.pc'
[35.888s] Level 1:colcon.colcon_core.environment:checking '/home/hexapod/ros2_ws/install/hexapod_hardware/lib/python3.12/site-packages'
[35.888s] Level 1:colcon.colcon_core.environment:checking '/home/hexapod/ros2_ws/install/hexapod_hardware/bin'
[35.889s] INFO:colcon.colcon_core.shell:Creating package descriptor '/home/hexapod/ros2_ws/install/hexapod_hardware/share/hexapod_hardware/package.dsv'
[35.889s] INFO:colcon.colcon_core.shell:Creating package script '/home/hexapod/ros2_ws/install/hexapod_hardware/share/hexapod_hardware/package.sh'
[35.890s] INFO:colcon.colcon_core.shell:Creating package script '/home/hexapod/ros2_ws/install/hexapod_hardware/share/hexapod_hardware/package.bash'
[35.891s] INFO:colcon.colcon_core.shell:Creating package script '/home/hexapod/ros2_ws/install/hexapod_hardware/share/hexapod_hardware/package.zsh'
[35.892s] Level 1:colcon.colcon_core.environment:create_file_with_runtime_dependencies(/home/hexapod/ros2_ws/install/hexapod_hardware/share/colcon-core/packages/hexapod_hardware)
[35.893s] Level 1:colcon.colcon_core.environment:create_environment_scripts_only(hexapod_hardware)
[35.894s] Level 1:colcon.colcon_core.environment:checking '/home/hexapod/ros2_ws/install/hexapod_hardware' for CMake module files
[35.895s] Level 1:colcon.colcon_core.environment:checking '/home/hexapod/ros2_ws/install/hexapod_hardware' for CMake config files
[35.895s] Level 1:colcon.colcon_core.shell:create_environment_hook('hexapod_hardware', 'cmake_prefix_path')
[35.896s] INFO:colcon.colcon_core.shell:Creating environment descriptor '/home/hexapod/ros2_ws/install/hexapod_hardware/share/hexapod_hardware/hook/cmake_prefix_path.dsv'
[35.897s] INFO:colcon.colcon_core.shell:Creating environment hook '/home/hexapod/ros2_ws/install/hexapod_hardware/share/hexapod_hardware/hook/cmake_prefix_path.sh'
[35.899s] Level 1:colcon.colcon_core.environment:checking '/home/hexapod/ros2_ws/install/hexapod_hardware/lib'
[35.899s] Level 1:colcon.colcon_core.environment:checking '/home/hexapod/ros2_ws/install/hexapod_hardware/bin'
[35.899s] Level 1:colcon.colcon_core.environment:checking '/home/hexapod/ros2_ws/install/hexapod_hardware/lib/pkgconfig/hexapod_hardware.pc'
[35.899s] Level 1:colcon.colcon_core.environment:checking '/home/hexapod/ros2_ws/install/hexapod_hardware/lib/python3.12/site-packages'
[35.900s] Level 1:colcon.colcon_core.environment:checking '/home/hexapod/ros2_ws/install/hexapod_hardware/bin'
[35.900s] INFO:colcon.colcon_core.shell:Creating package descriptor '/home/hexapod/ros2_ws/install/hexapod_hardware/share/hexapod_hardware/package.dsv'
[35.901s] INFO:colcon.colcon_core.shell:Creating package script '/home/hexapod/ros2_ws/install/hexapod_hardware/share/hexapod_hardware/package.sh'
[35.902s] INFO:colcon.colcon_core.shell:Creating package script '/home/hexapod/ros2_ws/install/hexapod_hardware/share/hexapod_hardware/package.bash'
[35.903s] INFO:colcon.colcon_core.shell:Creating package script '/home/hexapod/ros2_ws/install/hexapod_hardware/share/hexapod_hardware/package.zsh'
[35.904s] Level 1:colcon.colcon_core.environment:create_file_with_runtime_dependencies(/home/hexapod/ros2_ws/install/hexapod_hardware/share/colcon-core/packages/hexapod_hardware)
[35.906s] Level 1:colcon.colcon_core.environment:create_environment_scripts_only(hexapod_teleop)
[35.906s] Level 1:colcon.colcon_core.environment:checking '/home/hexapod/ros2_ws/install/hexapod_teleop' for CMake module files
[35.907s] Level 1:colcon.colcon_core.environment:checking '/home/hexapod/ros2_ws/install/hexapod_teleop' for CMake config files
[35.908s] Level 1:colcon.colcon_core.shell:create_environment_hook('hexapod_teleop', 'cmake_prefix_path')
[35.908s] INFO:colcon.colcon_core.shell:Creating environment descriptor '/home/hexapod/ros2_ws/install/hexapod_teleop/share/hexapod_teleop/hook/cmake_prefix_path.dsv'
[35.909s] INFO:colcon.colcon_core.shell:Creating environment hook '/home/hexapod/ros2_ws/install/hexapod_teleop/share/hexapod_teleop/hook/cmake_prefix_path.sh'
[35.911s] DEBUG:colcon.colcon_core.event_handler.log_command:Invoked command in '/home/hexapod/ros2_ws/build/hexapod_teleop' returned '0': AMENT_PREFIX_PATH=/home/hexapod/ros2_ws/install/hexapod_custom_msgs:${AMENT_PREFIX_PATH} CMAKE_PREFIX_PATH=/home/hexapod/ros2_ws/install/hexapod_custom_msgs:/home/hexapod/ros2_ws/install/hexapod_control:/home/hexapod/ros2_ws/install/hexapod_teleop:/home/hexapod/ros2_ws/install/hexapod_hardware:/home/hexapod/ros2_ws/install/hexapod_description:/home/hexapod/ros2_ws/install/hexapod_core:/opt/ros/jazzy LD_LIBRARY_PATH=/home/hexapod/ros2_ws/install/hexapod_custom_msgs/lib:${LD_LIBRARY_PATH} PYTHONPATH=/home/hexapod/ros2_ws/install/hexapod_custom_msgs/lib/python3.12/site-packages:${PYTHONPATH} /usr/bin/cmake --install /home/hexapod/ros2_ws/build/hexapod_teleop
[35.912s] Level 1:colcon.colcon_core.environment:checking '/home/hexapod/ros2_ws/install/hexapod_teleop/lib'
[35.912s] Level 1:colcon.colcon_core.environment:checking '/home/hexapod/ros2_ws/install/hexapod_teleop/bin'
[35.912s] Level 1:colcon.colcon_core.environment:checking '/home/hexapod/ros2_ws/install/hexapod_teleop/lib/pkgconfig/hexapod_teleop.pc'
[35.912s] Level 1:colcon.colcon_core.environment:checking '/home/hexapod/ros2_ws/install/hexapod_teleop/lib/python3.12/site-packages'
[35.913s] Level 1:colcon.colcon_core.environment:checking '/home/hexapod/ros2_ws/install/hexapod_teleop/bin'
[35.913s] INFO:colcon.colcon_core.shell:Creating package descriptor '/home/hexapod/ros2_ws/install/hexapod_teleop/share/hexapod_teleop/package.dsv'
[35.915s] INFO:colcon.colcon_core.shell:Creating package script '/home/hexapod/ros2_ws/install/hexapod_teleop/share/hexapod_teleop/package.sh'
[35.916s] INFO:colcon.colcon_core.shell:Creating package script '/home/hexapod/ros2_ws/install/hexapod_teleop/share/hexapod_teleop/package.bash'
[35.916s] INFO:colcon.colcon_core.shell:Creating package script '/home/hexapod/ros2_ws/install/hexapod_teleop/share/hexapod_teleop/package.zsh'
[35.917s] Level 1:colcon.colcon_core.environment:create_file_with_runtime_dependencies(/home/hexapod/ros2_ws/install/hexapod_teleop/share/colcon-core/packages/hexapod_teleop)
[35.919s] Level 1:colcon.colcon_core.environment:create_environment_scripts_only(hexapod_teleop)
[35.919s] Level 1:colcon.colcon_core.environment:checking '/home/hexapod/ros2_ws/install/hexapod_teleop' for CMake module files
[35.920s] Level 1:colcon.colcon_core.environment:checking '/home/hexapod/ros2_ws/install/hexapod_teleop' for CMake config files
[35.921s] Level 1:colcon.colcon_core.shell:create_environment_hook('hexapod_teleop', 'cmake_prefix_path')
[35.921s] INFO:colcon.colcon_core.shell:Creating environment descriptor '/home/hexapod/ros2_ws/install/hexapod_teleop/share/hexapod_teleop/hook/cmake_prefix_path.dsv'
[35.922s] INFO:colcon.colcon_core.shell:Creating environment hook '/home/hexapod/ros2_ws/install/hexapod_teleop/share/hexapod_teleop/hook/cmake_prefix_path.sh'
[35.924s] Level 1:colcon.colcon_core.environment:checking '/home/hexapod/ros2_ws/install/hexapod_teleop/lib'
[35.924s] Level 1:colcon.colcon_core.environment:checking '/home/hexapod/ros2_ws/install/hexapod_teleop/bin'
[35.925s] Level 1:colcon.colcon_core.environment:checking '/home/hexapod/ros2_ws/install/hexapod_teleop/lib/pkgconfig/hexapod_teleop.pc'
[35.925s] Level 1:colcon.colcon_core.environment:checking '/home/hexapod/ros2_ws/install/hexapod_teleop/lib/python3.12/site-packages'
[35.926s] Level 1:colcon.colcon_core.environment:checking '/home/hexapod/ros2_ws/install/hexapod_teleop/bin'
[35.926s] INFO:colcon.colcon_core.shell:Creating package descriptor '/home/hexapod/ros2_ws/install/hexapod_teleop/share/hexapod_teleop/package.dsv'
[35.927s] INFO:colcon.colcon_core.shell:Creating package script '/home/hexapod/ros2_ws/install/hexapod_teleop/share/hexapod_teleop/package.sh'
[35.929s] INFO:colcon.colcon_core.shell:Creating package script '/home/hexapod/ros2_ws/install/hexapod_teleop/share/hexapod_teleop/package.bash'
[35.930s] INFO:colcon.colcon_core.shell:Creating package script '/home/hexapod/ros2_ws/install/hexapod_teleop/share/hexapod_teleop/package.zsh'
[35.930s] Level 1:colcon.colcon_core.environment:create_file_with_runtime_dependencies(/home/hexapod/ros2_ws/install/hexapod_teleop/share/colcon-core/packages/hexapod_teleop)
[37.731s] DEBUG:colcon.colcon_core.event_handler.log_command:Invoked command in '/home/hexapod/ros2_ws/build/hexapod_control' returned '2': AMENT_PREFIX_PATH=/home/hexapod/ros2_ws/install/hexapod_custom_msgs:${AMENT_PREFIX_PATH} CMAKE_PREFIX_PATH=/home/hexapod/ros2_ws/install/hexapod_custom_msgs:/home/hexapod/ros2_ws/install/hexapod_control:/home/hexapod/ros2_ws/install/hexapod_teleop:/home/hexapod/ros2_ws/install/hexapod_hardware:/home/hexapod/ros2_ws/install/hexapod_description:/home/hexapod/ros2_ws/install/hexapod_core:/opt/ros/jazzy LD_LIBRARY_PATH=/home/hexapod/ros2_ws/install/hexapod_custom_msgs/lib:${LD_LIBRARY_PATH} PYTHONPATH=/home/hexapod/ros2_ws/install/hexapod_custom_msgs/lib/python3.12/site-packages:${PYTHONPATH} /usr/bin/cmake --build /home/hexapod/ros2_ws/build/hexapod_control -- -j4 -l4
[37.732s] Level 1:colcon.colcon_core.environment:create_environment_scripts_only(hexapod_control)
[37.733s] Level 1:colcon.colcon_core.environment:checking '/home/hexapod/ros2_ws/install/hexapod_control' for CMake module files
[37.733s] Level 1:colcon.colcon_core.environment:checking '/home/hexapod/ros2_ws/install/hexapod_control' for CMake config files
[37.734s] Level 1:colcon.colcon_core.shell:create_environment_hook('hexapod_control', 'cmake_prefix_path')
[37.734s] INFO:colcon.colcon_core.shell:Creating environment descriptor '/home/hexapod/ros2_ws/install/hexapod_control/share/hexapod_control/hook/cmake_prefix_path.dsv'
[37.735s] INFO:colcon.colcon_core.shell:Creating environment hook '/home/hexapod/ros2_ws/install/hexapod_control/share/hexapod_control/hook/cmake_prefix_path.sh'
[37.736s] Level 1:colcon.colcon_core.environment:checking '/home/hexapod/ros2_ws/install/hexapod_control/lib'
[37.736s] Level 1:colcon.colcon_core.environment:checking '/home/hexapod/ros2_ws/install/hexapod_control/bin'
[37.736s] Level 1:colcon.colcon_core.environment:checking '/home/hexapod/ros2_ws/install/hexapod_control/lib/pkgconfig/hexapod_control.pc'
[37.736s] Level 1:colcon.colcon_core.environment:checking '/home/hexapod/ros2_ws/install/hexapod_control/lib/python3.12/site-packages'
[37.737s] Level 1:colcon.colcon_core.environment:checking '/home/hexapod/ros2_ws/install/hexapod_control/bin'
[37.737s] INFO:colcon.colcon_core.shell:Creating package descriptor '/home/hexapod/ros2_ws/install/hexapod_control/share/hexapod_control/package.dsv'
[37.738s] INFO:colcon.colcon_core.shell:Creating package script '/home/hexapod/ros2_ws/install/hexapod_control/share/hexapod_control/package.sh'
[37.738s] INFO:colcon.colcon_core.shell:Creating package script '/home/hexapod/ros2_ws/install/hexapod_control/share/hexapod_control/package.bash'
[37.739s] INFO:colcon.colcon_core.shell:Creating package script '/home/hexapod/ros2_ws/install/hexapod_control/share/hexapod_control/package.zsh'
[37.739s] Level 1:colcon.colcon_core.environment:create_file_with_runtime_dependencies(/home/hexapod/ros2_ws/install/hexapod_control/share/colcon-core/packages/hexapod_control)
[37.750s] DEBUG:colcon.colcon_parallel_executor.executor.parallel:closing loop
[37.750s] DEBUG:colcon.colcon_parallel_executor.executor.parallel:loop closed
[37.751s] DEBUG:colcon.colcon_parallel_executor.executor.parallel:run_until_complete finished with '2'
[37.751s] DEBUG:colcon.colcon_core.event_reactor:joining thread
[37.752s] DEBUG:colcon.colcon_core.event_reactor:joined thread
[37.753s] INFO:colcon.colcon_core.shell:Creating prefix script '/home/hexapod/ros2_ws/install/local_setup.sh'
[37.756s] INFO:colcon.colcon_core.shell:Creating prefix util module '/home/hexapod/ros2_ws/install/_local_setup_util_sh.py'
[37.759s] INFO:colcon.colcon_core.shell:Creating prefix chain script '/home/hexapod/ros2_ws/install/setup.sh'
[37.762s] INFO:colcon.colcon_core.shell:Creating prefix script '/home/hexapod/ros2_ws/install/local_setup.bash'
[37.763s] INFO:colcon.colcon_core.shell:Creating prefix chain script '/home/hexapod/ros2_ws/install/setup.bash'
[37.764s] INFO:colcon.colcon_core.shell:Creating prefix script '/home/hexapod/ros2_ws/install/local_setup.zsh'
[37.765s] INFO:colcon.colcon_core.shell:Creating prefix chain script '/home/hexapod/ros2_ws/install/setup.zsh'
