[0.020s] Invoking command in '/home/hexapod/ros2_ws/build/hexapod_bringup': AMENT_PREFIX_PATH=/home/hexapod/ros2_ws/install/hexapod_custom_msgs:${AMENT_PREFIX_PATH} CMAKE_PREFIX_PATH=/home/hexapod/ros2_ws/install/hexapod_hardware:/home/hexapod/ros2_ws/install/hexapod_control:/home/hexapod/ros2_ws/install/hexapod_custom_msgs:/home/hexapod/ros2_ws/install/hexapod_teleop:/home/hexapod/ros2_ws/install/hexapod_description:/home/hexapod/ros2_ws/install/hexapod_core:/opt/ros/jazzy LD_LIBRARY_PATH=/home/hexapod/ros2_ws/install/hexapod_hardware/lib:/home/hexapod/ros2_ws/install/hexapod_control/lib:/home/hexapod/ros2_ws/install/hexapod_custom_msgs/lib:${LD_LIBRARY_PATH} PYTHONPATH=/home/hexapod/ros2_ws/install/hexapod_custom_msgs/lib/python3.12/site-packages:${PYTHONPATH} /usr/bin/cmake --build /home/hexapod/ros2_ws/build/hexapod_bringup -- -j4 -l4
[0.062s] -- Found ament_cmake: 2.5.6 (/opt/ros/jazzy/share/ament_cmake/cmake)
[0.401s] -- Found rclcpp: 28.1.21 (/opt/ros/jazzy/share/rclcpp/cmake)
[0.456s] -- Found rosidl_generator_c: 4.6.9 (/opt/ros/jazzy/share/rosidl_generator_c/cmake)
[0.475s] -- Found rosidl_generator_cpp: 4.6.9 (/opt/ros/jazzy/share/rosidl_generator_cpp/cmake)
[0.500s] -- Using all available rosidl_typesupport_c: rosidl_typesupport_fastrtps_c;rosidl_typesupport_introspection_c
[0.526s] -- Using all available rosidl_typesupport_cpp: rosidl_typesupport_fastrtps_cpp;rosidl_typesupport_introspection_cpp
[0.634s] -- Found rmw_implementation_cmake: 7.3.3 (/opt/ros/jazzy/share/rmw_implementation_cmake/cmake)
[0.638s] -- Found rmw_fastrtps_cpp: 8.4.4 (/opt/ros/jazzy/share/rmw_fastrtps_cpp/cmake)
[0.775s] -- Found OpenSSL: /usr/lib/aarch64-linux-gnu/libcrypto.so (found version "3.0.13")  
[0.800s] -- Found FastRTPS: /opt/ros/jazzy/include (Required is at least version "2.13") 
[0.836s] -- Using RMW implementation 'rmw_fastrtps_cpp' as default
[0.951s] -- Found hexapod_custom_msgs: 0.0.1 (/home/hexapod/ros2_ws/install/hexapod_custom_msgs/share/hexapod_custom_msgs/cmake)
[0.976s] -- Found hexapod_hardware: 0.0.1 (/home/hexapod/ros2_ws/install/hexapod_hardware/share/hexapod_hardware/cmake)
[1.003s] -- Found hexapod_control: 0.0.1 (/home/hexapod/ros2_ws/install/hexapod_control/share/hexapod_control/cmake)
[1.047s] -- Configuring incomplete, errors occurred!
[1.048s] [31mCMake Error at CMakeLists.txt:13 (find_package):
[1.048s]   By not providing "Findbluetooth_teleop.cmake" in CMAKE_MODULE_PATH this
[1.048s]   project has asked CMake to find a package configuration file provided by
[1.048s]   "bluetooth_teleop", but CMake did not find one.
[1.048s] 
[1.048s]   Could not find a package configuration file provided by "bluetooth_teleop"
[1.048s]   with any of the following names:
[1.048s] 
[1.048s]     bluetooth_teleopConfig.cmake
[1.048s]     bluetooth_teleop-config.cmake
[1.049s] 
[1.049s]   Add the installation prefix of "bluetooth_teleop" to CMAKE_PREFIX_PATH or
[1.049s]   set "bluetooth_teleop_DIR" to a directory containing one of the above
[1.049s]   files.  If "bluetooth_teleop" provides a separate development package or
[1.049s]   SDK, be sure it has been installed.
[1.049s] 
[1.049s] [0m
[1.063s] gmake: *** [Makefile:226: cmake_check_build_system] Error 1
[1.070s] Invoked command in '/home/hexapod/ros2_ws/build/hexapod_bringup' returned '2': AMENT_PREFIX_PATH=/home/hexapod/ros2_ws/install/hexapod_custom_msgs:${AMENT_PREFIX_PATH} CMAKE_PREFIX_PATH=/home/hexapod/ros2_ws/install/hexapod_hardware:/home/hexapod/ros2_ws/install/hexapod_control:/home/hexapod/ros2_ws/install/hexapod_custom_msgs:/home/hexapod/ros2_ws/install/hexapod_teleop:/home/hexapod/ros2_ws/install/hexapod_description:/home/hexapod/ros2_ws/install/hexapod_core:/opt/ros/jazzy LD_LIBRARY_PATH=/home/hexapod/ros2_ws/install/hexapod_hardware/lib:/home/hexapod/ros2_ws/install/hexapod_control/lib:/home/hexapod/ros2_ws/install/hexapod_custom_msgs/lib:${LD_LIBRARY_PATH} PYTHONPATH=/home/hexapod/ros2_ws/install/hexapod_custom_msgs/lib/python3.12/site-packages:${PYTHONPATH} /usr/bin/cmake --build /home/hexapod/ros2_ws/build/hexapod_bringup -- -j4 -l4
