[0.135s] DEBUG:colcon:Command line arguments: ['/usr/bin/colcon', 'build']
[0.135s] DEBUG:colcon:Parsed command line arguments: Namespace(log_base=None, log_level=None, verb_name='build', build_base='build', install_base='install', merge_install=False, symlink_install=False, test_result_base=None, continue_on_error=False, executor='parallel', parallel_workers=4, event_handlers=None, ignore_user_meta=False, metas=['./colcon.meta'], base_paths=['.'], packages_ignore=None, packages_ignore_regex=None, paths=None, packages_up_to=None, packages_up_to_regex=None, packages_above=None, packages_above_and_dependencies=None, packages_above_depth=None, packages_select_by_dep=None, packages_skip_by_dep=None, packages_skip_up_to=None, packages_select_build_failed=False, packages_skip_build_finished=False, packages_select_test_failures=False, packages_skip_test_passed=False, packages_select=None, packages_skip=None, packages_select_regex=None, packages_skip_regex=None, packages_start=None, packages_end=None, cmake_args=None, cmake_target=None, cmake_target_skip_unavailable=False, cmake_clean_cache=False, cmake_clean_first=False, cmake_force_configure=False, ament_cmake_args=None, catkin_cmake_args=None, catkin_skip_building_tests=False, verb_parser=<colcon_defaults.argument_parser.defaults.DefaultArgumentsDecorator object at 0xffffacb277a0>, verb_extension=<colcon_core.verb.build.BuildVerb object at 0xffffacb27680>, main=<bound method BuildVerb.main of <colcon_core.verb.build.BuildVerb object at 0xffffacb27680>>)
[0.193s] Level 1:colcon.colcon_core.package_discovery:discover_packages(colcon_meta) check parameters
[0.193s] Level 1:colcon.colcon_core.package_discovery:discover_packages(recursive) check parameters
[0.193s] Level 1:colcon.colcon_core.package_discovery:discover_packages(ignore) check parameters
[0.193s] Level 1:colcon.colcon_core.package_discovery:discover_packages(path) check parameters
[0.193s] Level 1:colcon.colcon_core.package_discovery:discover_packages(colcon_meta) discover
[0.194s] Level 1:colcon.colcon_core.package_discovery:discover_packages(recursive) discover
[0.194s] INFO:colcon.colcon_core.package_discovery:Crawling recursively for packages in '/home/hexapod/ros2_ws'
[0.194s] Level 1:colcon.colcon_core.package_identification:_identify(.) by extensions ['ignore', 'ignore_ament_install']
[0.194s] Level 1:colcon.colcon_core.package_identification:_identify(.) by extension 'ignore'
[0.194s] Level 1:colcon.colcon_core.package_identification:_identify(.) by extension 'ignore_ament_install'
[0.194s] Level 1:colcon.colcon_core.package_identification:_identify(.) by extensions ['colcon_pkg']
[0.194s] Level 1:colcon.colcon_core.package_identification:_identify(.) by extension 'colcon_pkg'
[0.194s] Level 1:colcon.colcon_core.package_identification:_identify(.) by extensions ['colcon_meta']
[0.194s] Level 1:colcon.colcon_core.package_identification:_identify(.) by extension 'colcon_meta'
[0.194s] Level 1:colcon.colcon_core.package_identification:_identify(.) by extensions ['ros']
[0.194s] Level 1:colcon.colcon_core.package_identification:_identify(.) by extension 'ros'
[0.230s] Level 1:colcon.colcon_core.package_identification:_identify(.) by extensions ['cmake', 'python']
[0.230s] Level 1:colcon.colcon_core.package_identification:_identify(.) by extension 'cmake'
[0.230s] Level 1:colcon.colcon_core.package_identification:_identify(.) by extension 'python'
[0.230s] Level 1:colcon.colcon_core.package_identification:_identify(.) by extensions ['python_setup_py']
[0.230s] Level 1:colcon.colcon_core.package_identification:_identify(.) by extension 'python_setup_py'
[0.231s] Level 1:colcon.colcon_core.package_identification:_identify(build) by extensions ['ignore', 'ignore_ament_install']
[0.231s] Level 1:colcon.colcon_core.package_identification:_identify(build) by extension 'ignore'
[0.231s] Level 1:colcon.colcon_core.package_identification:_identify(build) ignored
[0.231s] Level 1:colcon.colcon_core.package_identification:_identify(install) by extensions ['ignore', 'ignore_ament_install']
[0.231s] Level 1:colcon.colcon_core.package_identification:_identify(install) by extension 'ignore'
[0.231s] Level 1:colcon.colcon_core.package_identification:_identify(install) ignored
[0.231s] Level 1:colcon.colcon_core.package_identification:_identify(log) by extensions ['ignore', 'ignore_ament_install']
[0.231s] Level 1:colcon.colcon_core.package_identification:_identify(log) by extension 'ignore'
[0.231s] Level 1:colcon.colcon_core.package_identification:_identify(log) ignored
[0.231s] Level 1:colcon.colcon_core.package_identification:_identify(src) by extensions ['ignore', 'ignore_ament_install']
[0.232s] Level 1:colcon.colcon_core.package_identification:_identify(src) by extension 'ignore'
[0.232s] Level 1:colcon.colcon_core.package_identification:_identify(src) by extension 'ignore_ament_install'
[0.232s] Level 1:colcon.colcon_core.package_identification:_identify(src) by extensions ['colcon_pkg']
[0.232s] Level 1:colcon.colcon_core.package_identification:_identify(src) by extension 'colcon_pkg'
[0.232s] Level 1:colcon.colcon_core.package_identification:_identify(src) by extensions ['colcon_meta']
[0.232s] Level 1:colcon.colcon_core.package_identification:_identify(src) by extension 'colcon_meta'
[0.232s] Level 1:colcon.colcon_core.package_identification:_identify(src) by extensions ['ros']
[0.232s] Level 1:colcon.colcon_core.package_identification:_identify(src) by extension 'ros'
[0.232s] Level 1:colcon.colcon_core.package_identification:_identify(src) by extensions ['cmake', 'python']
[0.232s] Level 1:colcon.colcon_core.package_identification:_identify(src) by extension 'cmake'
[0.232s] Level 1:colcon.colcon_core.package_identification:_identify(src) by extension 'python'
[0.232s] Level 1:colcon.colcon_core.package_identification:_identify(src) by extensions ['python_setup_py']
[0.232s] Level 1:colcon.colcon_core.package_identification:_identify(src) by extension 'python_setup_py'
[0.232s] Level 1:colcon.colcon_core.package_identification:_identify(src/hexapod_bringup) by extensions ['ignore', 'ignore_ament_install']
[0.232s] Level 1:colcon.colcon_core.package_identification:_identify(src/hexapod_bringup) by extension 'ignore'
[0.232s] Level 1:colcon.colcon_core.package_identification:_identify(src/hexapod_bringup) by extension 'ignore_ament_install'
[0.232s] Level 1:colcon.colcon_core.package_identification:_identify(src/hexapod_bringup) by extensions ['colcon_pkg']
[0.232s] Level 1:colcon.colcon_core.package_identification:_identify(src/hexapod_bringup) by extension 'colcon_pkg'
[0.232s] Level 1:colcon.colcon_core.package_identification:_identify(src/hexapod_bringup) by extensions ['colcon_meta']
[0.232s] Level 1:colcon.colcon_core.package_identification:_identify(src/hexapod_bringup) by extension 'colcon_meta'
[0.233s] Level 1:colcon.colcon_core.package_identification:_identify(src/hexapod_bringup) by extensions ['ros']
[0.233s] Level 1:colcon.colcon_core.package_identification:_identify(src/hexapod_bringup) by extension 'ros'
[0.236s] DEBUG:colcon.colcon_core.package_identification:Package 'src/hexapod_bringup' with type 'ros.ament_cmake' and name 'hexapod_bringup'
[0.237s] Level 1:colcon.colcon_core.package_identification:_identify(src/hexapod_control) by extensions ['ignore', 'ignore_ament_install']
[0.237s] Level 1:colcon.colcon_core.package_identification:_identify(src/hexapod_control) by extension 'ignore'
[0.237s] Level 1:colcon.colcon_core.package_identification:_identify(src/hexapod_control) by extension 'ignore_ament_install'
[0.237s] Level 1:colcon.colcon_core.package_identification:_identify(src/hexapod_control) by extensions ['colcon_pkg']
[0.237s] Level 1:colcon.colcon_core.package_identification:_identify(src/hexapod_control) by extension 'colcon_pkg'
[0.237s] Level 1:colcon.colcon_core.package_identification:_identify(src/hexapod_control) by extensions ['colcon_meta']
[0.237s] Level 1:colcon.colcon_core.package_identification:_identify(src/hexapod_control) by extension 'colcon_meta'
[0.237s] Level 1:colcon.colcon_core.package_identification:_identify(src/hexapod_control) by extensions ['ros']
[0.237s] Level 1:colcon.colcon_core.package_identification:_identify(src/hexapod_control) by extension 'ros'
[0.238s] DEBUG:colcon.colcon_core.package_identification:Package 'src/hexapod_control' with type 'ros.ament_cmake' and name 'hexapod_control'
[0.238s] Level 1:colcon.colcon_core.package_identification:_identify(src/hexapod_custom_msgs) by extensions ['ignore', 'ignore_ament_install']
[0.238s] Level 1:colcon.colcon_core.package_identification:_identify(src/hexapod_custom_msgs) by extension 'ignore'
[0.239s] Level 1:colcon.colcon_core.package_identification:_identify(src/hexapod_custom_msgs) by extension 'ignore_ament_install'
[0.239s] Level 1:colcon.colcon_core.package_identification:_identify(src/hexapod_custom_msgs) by extensions ['colcon_pkg']
[0.239s] Level 1:colcon.colcon_core.package_identification:_identify(src/hexapod_custom_msgs) by extension 'colcon_pkg'
[0.239s] Level 1:colcon.colcon_core.package_identification:_identify(src/hexapod_custom_msgs) by extensions ['colcon_meta']
[0.239s] Level 1:colcon.colcon_core.package_identification:_identify(src/hexapod_custom_msgs) by extension 'colcon_meta'
[0.239s] Level 1:colcon.colcon_core.package_identification:_identify(src/hexapod_custom_msgs) by extensions ['ros']
[0.239s] Level 1:colcon.colcon_core.package_identification:_identify(src/hexapod_custom_msgs) by extension 'ros'
[0.239s] DEBUG:colcon.colcon_core.package_identification:Package 'src/hexapod_custom_msgs' with type 'ros.ament_cmake' and name 'hexapod_custom_msgs'
[0.239s] Level 1:colcon.colcon_core.package_identification:_identify(src/hexapod_description) by extensions ['ignore', 'ignore_ament_install']
[0.239s] Level 1:colcon.colcon_core.package_identification:_identify(src/hexapod_description) by extension 'ignore'
[0.240s] Level 1:colcon.colcon_core.package_identification:_identify(src/hexapod_description) by extension 'ignore_ament_install'
[0.240s] Level 1:colcon.colcon_core.package_identification:_identify(src/hexapod_description) by extensions ['colcon_pkg']
[0.240s] Level 1:colcon.colcon_core.package_identification:_identify(src/hexapod_description) by extension 'colcon_pkg'
[0.240s] Level 1:colcon.colcon_core.package_identification:_identify(src/hexapod_description) by extensions ['colcon_meta']
[0.240s] Level 1:colcon.colcon_core.package_identification:_identify(src/hexapod_description) by extension 'colcon_meta'
[0.240s] Level 1:colcon.colcon_core.package_identification:_identify(src/hexapod_description) by extensions ['ros']
[0.240s] Level 1:colcon.colcon_core.package_identification:_identify(src/hexapod_description) by extension 'ros'
[0.240s] DEBUG:colcon.colcon_core.package_identification:Package 'src/hexapod_description' with type 'ros.ament_cmake' and name 'hexapod_description'
[0.240s] Level 1:colcon.colcon_core.package_identification:_identify(src/hexapod_hardware) by extensions ['ignore', 'ignore_ament_install']
[0.240s] Level 1:colcon.colcon_core.package_identification:_identify(src/hexapod_hardware) by extension 'ignore'
[0.241s] Level 1:colcon.colcon_core.package_identification:_identify(src/hexapod_hardware) by extension 'ignore_ament_install'
[0.241s] Level 1:colcon.colcon_core.package_identification:_identify(src/hexapod_hardware) by extensions ['colcon_pkg']
[0.241s] Level 1:colcon.colcon_core.package_identification:_identify(src/hexapod_hardware) by extension 'colcon_pkg'
[0.241s] Level 1:colcon.colcon_core.package_identification:_identify(src/hexapod_hardware) by extensions ['colcon_meta']
[0.241s] Level 1:colcon.colcon_core.package_identification:_identify(src/hexapod_hardware) by extension 'colcon_meta'
[0.241s] Level 1:colcon.colcon_core.package_identification:_identify(src/hexapod_hardware) by extensions ['ros']
[0.241s] Level 1:colcon.colcon_core.package_identification:_identify(src/hexapod_hardware) by extension 'ros'
[0.244s] DEBUG:colcon.colcon_core.package_identification:Package 'src/hexapod_hardware' with type 'ros.ament_cmake' and name 'hexapod_hardware'
[0.244s] Level 1:colcon.colcon_core.package_identification:_identify(src/hexapod_teleop) by extensions ['ignore', 'ignore_ament_install']
[0.244s] Level 1:colcon.colcon_core.package_identification:_identify(src/hexapod_teleop) by extension 'ignore'
[0.244s] Level 1:colcon.colcon_core.package_identification:_identify(src/hexapod_teleop) by extension 'ignore_ament_install'
[0.244s] Level 1:colcon.colcon_core.package_identification:_identify(src/hexapod_teleop) by extensions ['colcon_pkg']
[0.244s] Level 1:colcon.colcon_core.package_identification:_identify(src/hexapod_teleop) by extension 'colcon_pkg'
[0.244s] Level 1:colcon.colcon_core.package_identification:_identify(src/hexapod_teleop) by extensions ['colcon_meta']
[0.244s] Level 1:colcon.colcon_core.package_identification:_identify(src/hexapod_teleop) by extension 'colcon_meta'
[0.244s] Level 1:colcon.colcon_core.package_identification:_identify(src/hexapod_teleop) by extensions ['ros']
[0.244s] Level 1:colcon.colcon_core.package_identification:_identify(src/hexapod_teleop) by extension 'ros'
[0.245s] DEBUG:colcon.colcon_core.package_identification:Package 'src/hexapod_teleop' with type 'ros.ament_cmake' and name 'hexapod_teleop'
[0.245s] Level 1:colcon.colcon_core.package_discovery:discover_packages(recursive) using defaults
[0.245s] Level 1:colcon.colcon_core.package_discovery:discover_packages(ignore) discover
[0.245s] Level 1:colcon.colcon_core.package_discovery:discover_packages(ignore) using defaults
[0.245s] Level 1:colcon.colcon_core.package_discovery:discover_packages(path) discover
[0.245s] Level 1:colcon.colcon_core.package_discovery:discover_packages(path) using defaults
[0.270s] Level 5:colcon.colcon_core.verb:set package 'hexapod_custom_msgs' build argument 'cmake_args' from command line to 'None'
[0.270s] Level 5:colcon.colcon_core.verb:set package 'hexapod_custom_msgs' build argument 'cmake_target' from command line to 'None'
[0.270s] Level 5:colcon.colcon_core.verb:set package 'hexapod_custom_msgs' build argument 'cmake_target_skip_unavailable' from command line to 'False'
[0.270s] Level 5:colcon.colcon_core.verb:set package 'hexapod_custom_msgs' build argument 'cmake_clean_cache' from command line to 'False'
[0.270s] Level 5:colcon.colcon_core.verb:set package 'hexapod_custom_msgs' build argument 'cmake_clean_first' from command line to 'False'
[0.270s] Level 5:colcon.colcon_core.verb:set package 'hexapod_custom_msgs' build argument 'cmake_force_configure' from command line to 'False'
[0.270s] Level 5:colcon.colcon_core.verb:set package 'hexapod_custom_msgs' build argument 'ament_cmake_args' from command line to 'None'
[0.270s] Level 5:colcon.colcon_core.verb:set package 'hexapod_custom_msgs' build argument 'catkin_cmake_args' from command line to 'None'
[0.270s] Level 5:colcon.colcon_core.verb:set package 'hexapod_custom_msgs' build argument 'catkin_skip_building_tests' from command line to 'False'
[0.270s] DEBUG:colcon.colcon_core.verb:Building package 'hexapod_custom_msgs' with the following arguments: {'ament_cmake_args': None, 'build_base': '/home/hexapod/ros2_ws/build/hexapod_custom_msgs', 'catkin_cmake_args': None, 'catkin_skip_building_tests': False, 'cmake_args': None, 'cmake_clean_cache': False, 'cmake_clean_first': False, 'cmake_force_configure': False, 'cmake_target': None, 'cmake_target_skip_unavailable': False, 'install_base': '/home/hexapod/ros2_ws/install/hexapod_custom_msgs', 'merge_install': False, 'path': '/home/hexapod/ros2_ws/src/hexapod_custom_msgs', 'symlink_install': False, 'test_result_base': None}
[0.271s] Level 5:colcon.colcon_core.verb:set package 'hexapod_description' build argument 'cmake_args' from command line to 'None'
[0.271s] Level 5:colcon.colcon_core.verb:set package 'hexapod_description' build argument 'cmake_target' from command line to 'None'
[0.271s] Level 5:colcon.colcon_core.verb:set package 'hexapod_description' build argument 'cmake_target_skip_unavailable' from command line to 'False'
[0.271s] Level 5:colcon.colcon_core.verb:set package 'hexapod_description' build argument 'cmake_clean_cache' from command line to 'False'
[0.271s] Level 5:colcon.colcon_core.verb:set package 'hexapod_description' build argument 'cmake_clean_first' from command line to 'False'
[0.271s] Level 5:colcon.colcon_core.verb:set package 'hexapod_description' build argument 'cmake_force_configure' from command line to 'False'
[0.271s] Level 5:colcon.colcon_core.verb:set package 'hexapod_description' build argument 'ament_cmake_args' from command line to 'None'
[0.271s] Level 5:colcon.colcon_core.verb:set package 'hexapod_description' build argument 'catkin_cmake_args' from command line to 'None'
[0.271s] Level 5:colcon.colcon_core.verb:set package 'hexapod_description' build argument 'catkin_skip_building_tests' from command line to 'False'
[0.271s] DEBUG:colcon.colcon_core.verb:Building package 'hexapod_description' with the following arguments: {'ament_cmake_args': None, 'build_base': '/home/hexapod/ros2_ws/build/hexapod_description', 'catkin_cmake_args': None, 'catkin_skip_building_tests': False, 'cmake_args': None, 'cmake_clean_cache': False, 'cmake_clean_first': False, 'cmake_force_configure': False, 'cmake_target': None, 'cmake_target_skip_unavailable': False, 'install_base': '/home/hexapod/ros2_ws/install/hexapod_description', 'merge_install': False, 'path': '/home/hexapod/ros2_ws/src/hexapod_description', 'symlink_install': False, 'test_result_base': None}
[0.271s] Level 5:colcon.colcon_core.verb:set package 'hexapod_control' build argument 'cmake_args' from command line to 'None'
[0.271s] Level 5:colcon.colcon_core.verb:set package 'hexapod_control' build argument 'cmake_target' from command line to 'None'
[0.271s] Level 5:colcon.colcon_core.verb:set package 'hexapod_control' build argument 'cmake_target_skip_unavailable' from command line to 'False'
[0.271s] Level 5:colcon.colcon_core.verb:set package 'hexapod_control' build argument 'cmake_clean_cache' from command line to 'False'
[0.271s] Level 5:colcon.colcon_core.verb:set package 'hexapod_control' build argument 'cmake_clean_first' from command line to 'False'
[0.271s] Level 5:colcon.colcon_core.verb:set package 'hexapod_control' build argument 'cmake_force_configure' from command line to 'False'
[0.271s] Level 5:colcon.colcon_core.verb:set package 'hexapod_control' build argument 'ament_cmake_args' from command line to 'None'
[0.271s] Level 5:colcon.colcon_core.verb:set package 'hexapod_control' build argument 'catkin_cmake_args' from command line to 'None'
[0.271s] Level 5:colcon.colcon_core.verb:set package 'hexapod_control' build argument 'catkin_skip_building_tests' from command line to 'False'
[0.271s] DEBUG:colcon.colcon_core.verb:Building package 'hexapod_control' with the following arguments: {'ament_cmake_args': None, 'build_base': '/home/hexapod/ros2_ws/build/hexapod_control', 'catkin_cmake_args': None, 'catkin_skip_building_tests': False, 'cmake_args': None, 'cmake_clean_cache': False, 'cmake_clean_first': False, 'cmake_force_configure': False, 'cmake_target': None, 'cmake_target_skip_unavailable': False, 'install_base': '/home/hexapod/ros2_ws/install/hexapod_control', 'merge_install': False, 'path': '/home/hexapod/ros2_ws/src/hexapod_control', 'symlink_install': False, 'test_result_base': None}
[0.272s] Level 5:colcon.colcon_core.verb:set package 'hexapod_hardware' build argument 'cmake_args' from command line to 'None'
[0.272s] Level 5:colcon.colcon_core.verb:set package 'hexapod_hardware' build argument 'cmake_target' from command line to 'None'
[0.272s] Level 5:colcon.colcon_core.verb:set package 'hexapod_hardware' build argument 'cmake_target_skip_unavailable' from command line to 'False'
[0.272s] Level 5:colcon.colcon_core.verb:set package 'hexapod_hardware' build argument 'cmake_clean_cache' from command line to 'False'
[0.272s] Level 5:colcon.colcon_core.verb:set package 'hexapod_hardware' build argument 'cmake_clean_first' from command line to 'False'
[0.272s] Level 5:colcon.colcon_core.verb:set package 'hexapod_hardware' build argument 'cmake_force_configure' from command line to 'False'
[0.272s] Level 5:colcon.colcon_core.verb:set package 'hexapod_hardware' build argument 'ament_cmake_args' from command line to 'None'
[0.272s] Level 5:colcon.colcon_core.verb:set package 'hexapod_hardware' build argument 'catkin_cmake_args' from command line to 'None'
[0.272s] Level 5:colcon.colcon_core.verb:set package 'hexapod_hardware' build argument 'catkin_skip_building_tests' from command line to 'False'
[0.272s] DEBUG:colcon.colcon_core.verb:Building package 'hexapod_hardware' with the following arguments: {'ament_cmake_args': None, 'build_base': '/home/hexapod/ros2_ws/build/hexapod_hardware', 'catkin_cmake_args': None, 'catkin_skip_building_tests': False, 'cmake_args': None, 'cmake_clean_cache': False, 'cmake_clean_first': False, 'cmake_force_configure': False, 'cmake_target': None, 'cmake_target_skip_unavailable': False, 'install_base': '/home/hexapod/ros2_ws/install/hexapod_hardware', 'merge_install': False, 'path': '/home/hexapod/ros2_ws/src/hexapod_hardware', 'symlink_install': False, 'test_result_base': None}
[0.272s] Level 5:colcon.colcon_core.verb:set package 'hexapod_teleop' build argument 'cmake_args' from command line to 'None'
[0.272s] Level 5:colcon.colcon_core.verb:set package 'hexapod_teleop' build argument 'cmake_target' from command line to 'None'
[0.272s] Level 5:colcon.colcon_core.verb:set package 'hexapod_teleop' build argument 'cmake_target_skip_unavailable' from command line to 'False'
[0.272s] Level 5:colcon.colcon_core.verb:set package 'hexapod_teleop' build argument 'cmake_clean_cache' from command line to 'False'
[0.272s] Level 5:colcon.colcon_core.verb:set package 'hexapod_teleop' build argument 'cmake_clean_first' from command line to 'False'
[0.272s] Level 5:colcon.colcon_core.verb:set package 'hexapod_teleop' build argument 'cmake_force_configure' from command line to 'False'
[0.272s] Level 5:colcon.colcon_core.verb:set package 'hexapod_teleop' build argument 'ament_cmake_args' from command line to 'None'
[0.272s] Level 5:colcon.colcon_core.verb:set package 'hexapod_teleop' build argument 'catkin_cmake_args' from command line to 'None'
[0.272s] Level 5:colcon.colcon_core.verb:set package 'hexapod_teleop' build argument 'catkin_skip_building_tests' from command line to 'False'
[0.273s] DEBUG:colcon.colcon_core.verb:Building package 'hexapod_teleop' with the following arguments: {'ament_cmake_args': None, 'build_base': '/home/hexapod/ros2_ws/build/hexapod_teleop', 'catkin_cmake_args': None, 'catkin_skip_building_tests': False, 'cmake_args': None, 'cmake_clean_cache': False, 'cmake_clean_first': False, 'cmake_force_configure': False, 'cmake_target': None, 'cmake_target_skip_unavailable': False, 'install_base': '/home/hexapod/ros2_ws/install/hexapod_teleop', 'merge_install': False, 'path': '/home/hexapod/ros2_ws/src/hexapod_teleop', 'symlink_install': False, 'test_result_base': None}
[0.273s] Level 5:colcon.colcon_core.verb:set package 'hexapod_bringup' build argument 'cmake_args' from command line to 'None'
[0.273s] Level 5:colcon.colcon_core.verb:set package 'hexapod_bringup' build argument 'cmake_target' from command line to 'None'
[0.273s] Level 5:colcon.colcon_core.verb:set package 'hexapod_bringup' build argument 'cmake_target_skip_unavailable' from command line to 'False'
[0.273s] Level 5:colcon.colcon_core.verb:set package 'hexapod_bringup' build argument 'cmake_clean_cache' from command line to 'False'
[0.273s] Level 5:colcon.colcon_core.verb:set package 'hexapod_bringup' build argument 'cmake_clean_first' from command line to 'False'
[0.273s] Level 5:colcon.colcon_core.verb:set package 'hexapod_bringup' build argument 'cmake_force_configure' from command line to 'False'
[0.273s] Level 5:colcon.colcon_core.verb:set package 'hexapod_bringup' build argument 'ament_cmake_args' from command line to 'None'
[0.273s] Level 5:colcon.colcon_core.verb:set package 'hexapod_bringup' build argument 'catkin_cmake_args' from command line to 'None'
[0.273s] Level 5:colcon.colcon_core.verb:set package 'hexapod_bringup' build argument 'catkin_skip_building_tests' from command line to 'False'
[0.273s] DEBUG:colcon.colcon_core.verb:Building package 'hexapod_bringup' with the following arguments: {'ament_cmake_args': None, 'build_base': '/home/hexapod/ros2_ws/build/hexapod_bringup', 'catkin_cmake_args': None, 'catkin_skip_building_tests': False, 'cmake_args': None, 'cmake_clean_cache': False, 'cmake_clean_first': False, 'cmake_force_configure': False, 'cmake_target': None, 'cmake_target_skip_unavailable': False, 'install_base': '/home/hexapod/ros2_ws/install/hexapod_bringup', 'merge_install': False, 'path': '/home/hexapod/ros2_ws/src/hexapod_bringup', 'symlink_install': False, 'test_result_base': None}
[0.273s] INFO:colcon.colcon_core.executor:Executing jobs using 'parallel' executor
[0.274s] DEBUG:colcon.colcon_parallel_executor.executor.parallel:run_until_complete
[0.275s] INFO:colcon.colcon_ros.task.ament_cmake.build:Building ROS package in '/home/hexapod/ros2_ws/src/hexapod_custom_msgs' with build type 'ament_cmake'
[0.275s] INFO:colcon.colcon_cmake.task.cmake.build:Building CMake package in '/home/hexapod/ros2_ws/src/hexapod_custom_msgs'
[0.278s] INFO:colcon.colcon_core.plugin_system:Skipping extension 'colcon_core.shell.bat': Not used on non-Windows systems
[0.278s] DEBUG:colcon.colcon_core.shell:Skip shell extension 'dsv' for command environment
[0.279s] WARNING:colcon.colcon_ros.prefix_path.ament:The path '/home/hexapod/ros2_ws/install/hexapod_core' in the environment variable AMENT_PREFIX_PATH doesn't exist
[0.279s] WARNING:colcon.colcon_ros.prefix_path.catkin:The path '/home/hexapod/ros2_ws/install/hexapod_core' in the environment variable CMAKE_PREFIX_PATH doesn't exist
[0.326s] INFO:colcon.colcon_ros.task.ament_cmake.build:Building ROS package in '/home/hexapod/ros2_ws/src/hexapod_description' with build type 'ament_cmake'
[0.327s] INFO:colcon.colcon_cmake.task.cmake.build:Building CMake package in '/home/hexapod/ros2_ws/src/hexapod_description'
[0.327s] DEBUG:colcon.colcon_core.shell:Skip shell extension 'dsv' for command environment
[0.337s] DEBUG:colcon.colcon_core.event_handler.log_command:Invoking command in '/home/hexapod/ros2_ws/build/hexapod_custom_msgs': CMAKE_PREFIX_PATH=${CMAKE_PREFIX_PATH}:/opt/ros/jazzy /usr/bin/cmake --build /home/hexapod/ros2_ws/build/hexapod_custom_msgs -- -j4 -l4
[0.344s] DEBUG:colcon.colcon_core.event_handler.log_command:Invoking command in '/home/hexapod/ros2_ws/build/hexapod_description': CMAKE_PREFIX_PATH=${CMAKE_PREFIX_PATH}:/opt/ros/jazzy /usr/bin/cmake --build /home/hexapod/ros2_ws/build/hexapod_description -- -j4 -l4
[0.437s] DEBUG:colcon.colcon_core.event_handler.log_command:Invoked command in '/home/hexapod/ros2_ws/build/hexapod_description' returned '0': CMAKE_PREFIX_PATH=${CMAKE_PREFIX_PATH}:/opt/ros/jazzy /usr/bin/cmake --build /home/hexapod/ros2_ws/build/hexapod_description -- -j4 -l4
[0.471s] DEBUG:colcon.colcon_core.event_handler.log_command:Invoking command in '/home/hexapod/ros2_ws/build/hexapod_description': CMAKE_PREFIX_PATH=${CMAKE_PREFIX_PATH}:/opt/ros/jazzy /usr/bin/cmake --install /home/hexapod/ros2_ws/build/hexapod_description
[0.535s] Level 1:colcon.colcon_core.environment:create_environment_scripts_only(hexapod_description)
[0.539s] DEBUG:colcon.colcon_core.event_handler.log_command:Invoked command in '/home/hexapod/ros2_ws/build/hexapod_description' returned '0': CMAKE_PREFIX_PATH=${CMAKE_PREFIX_PATH}:/opt/ros/jazzy /usr/bin/cmake --install /home/hexapod/ros2_ws/build/hexapod_description
[0.542s] Level 1:colcon.colcon_core.environment:checking '/home/hexapod/ros2_ws/install/hexapod_description' for CMake module files
[0.543s] Level 1:colcon.colcon_core.environment:checking '/home/hexapod/ros2_ws/install/hexapod_description' for CMake config files
[0.544s] Level 1:colcon.colcon_core.shell:create_environment_hook('hexapod_description', 'cmake_prefix_path')
[0.544s] INFO:colcon.colcon_core.shell:Creating environment descriptor '/home/hexapod/ros2_ws/install/hexapod_description/share/hexapod_description/hook/cmake_prefix_path.dsv'
[0.545s] INFO:colcon.colcon_core.shell:Creating environment hook '/home/hexapod/ros2_ws/install/hexapod_description/share/hexapod_description/hook/cmake_prefix_path.sh'
[0.547s] Level 1:colcon.colcon_core.environment:checking '/home/hexapod/ros2_ws/install/hexapod_description/bin'
[0.547s] Level 1:colcon.colcon_core.environment:checking '/home/hexapod/ros2_ws/install/hexapod_description/lib/pkgconfig/hexapod_description.pc'
[0.552s] Level 1:colcon.colcon_core.environment:checking '/home/hexapod/ros2_ws/install/hexapod_description/lib/python3.12/site-packages'
[0.553s] Level 1:colcon.colcon_core.environment:checking '/home/hexapod/ros2_ws/install/hexapod_description/bin'
[0.553s] INFO:colcon.colcon_core.shell:Creating package descriptor '/home/hexapod/ros2_ws/install/hexapod_description/share/hexapod_description/package.dsv'
[0.554s] INFO:colcon.colcon_core.shell:Creating package script '/home/hexapod/ros2_ws/install/hexapod_description/share/hexapod_description/package.sh'
[0.556s] INFO:colcon.colcon_core.shell:Creating package script '/home/hexapod/ros2_ws/install/hexapod_description/share/hexapod_description/package.bash'
[0.557s] INFO:colcon.colcon_core.shell:Creating package script '/home/hexapod/ros2_ws/install/hexapod_description/share/hexapod_description/package.zsh'
[0.558s] Level 1:colcon.colcon_core.environment:create_file_with_runtime_dependencies(/home/hexapod/ros2_ws/install/hexapod_description/share/colcon-core/packages/hexapod_description)
[0.559s] Level 1:colcon.colcon_core.environment:create_environment_scripts_only(hexapod_description)
[0.560s] Level 1:colcon.colcon_core.environment:checking '/home/hexapod/ros2_ws/install/hexapod_description' for CMake module files
[0.562s] Level 1:colcon.colcon_core.environment:checking '/home/hexapod/ros2_ws/install/hexapod_description' for CMake config files
[0.563s] Level 1:colcon.colcon_core.shell:create_environment_hook('hexapod_description', 'cmake_prefix_path')
[0.563s] INFO:colcon.colcon_core.shell:Creating environment descriptor '/home/hexapod/ros2_ws/install/hexapod_description/share/hexapod_description/hook/cmake_prefix_path.dsv'
[0.564s] INFO:colcon.colcon_core.shell:Creating environment hook '/home/hexapod/ros2_ws/install/hexapod_description/share/hexapod_description/hook/cmake_prefix_path.sh'
[0.565s] Level 1:colcon.colcon_core.environment:checking '/home/hexapod/ros2_ws/install/hexapod_description/bin'
[0.565s] Level 1:colcon.colcon_core.environment:checking '/home/hexapod/ros2_ws/install/hexapod_description/lib/pkgconfig/hexapod_description.pc'
[0.569s] Level 1:colcon.colcon_core.environment:checking '/home/hexapod/ros2_ws/install/hexapod_description/lib/python3.12/site-packages'
[0.569s] Level 1:colcon.colcon_core.environment:checking '/home/hexapod/ros2_ws/install/hexapod_description/bin'
[0.570s] INFO:colcon.colcon_core.shell:Creating package descriptor '/home/hexapod/ros2_ws/install/hexapod_description/share/hexapod_description/package.dsv'
[0.571s] INFO:colcon.colcon_core.shell:Creating package script '/home/hexapod/ros2_ws/install/hexapod_description/share/hexapod_description/package.sh'
[0.574s] INFO:colcon.colcon_core.shell:Creating package script '/home/hexapod/ros2_ws/install/hexapod_description/share/hexapod_description/package.bash'
[0.575s] INFO:colcon.colcon_core.shell:Creating package script '/home/hexapod/ros2_ws/install/hexapod_description/share/hexapod_description/package.zsh'
[0.576s] Level 1:colcon.colcon_core.environment:create_file_with_runtime_dependencies(/home/hexapod/ros2_ws/install/hexapod_description/share/colcon-core/packages/hexapod_description)
[1.082s] DEBUG:colcon.colcon_core.event_handler.log_command:Invoked command in '/home/hexapod/ros2_ws/build/hexapod_custom_msgs' returned '0': CMAKE_PREFIX_PATH=${CMAKE_PREFIX_PATH}:/opt/ros/jazzy /usr/bin/cmake --build /home/hexapod/ros2_ws/build/hexapod_custom_msgs -- -j4 -l4
[1.084s] DEBUG:colcon.colcon_core.event_handler.log_command:Invoking command in '/home/hexapod/ros2_ws/build/hexapod_custom_msgs': CMAKE_PREFIX_PATH=${CMAKE_PREFIX_PATH}:/opt/ros/jazzy /usr/bin/cmake --install /home/hexapod/ros2_ws/build/hexapod_custom_msgs
[1.221s] Level 1:colcon.colcon_core.environment:create_environment_scripts_only(hexapod_custom_msgs)
[1.222s] Level 1:colcon.colcon_core.environment:checking '/home/hexapod/ros2_ws/install/hexapod_custom_msgs' for CMake module files
[1.222s] DEBUG:colcon.colcon_core.event_handler.log_command:Invoked command in '/home/hexapod/ros2_ws/build/hexapod_custom_msgs' returned '0': CMAKE_PREFIX_PATH=${CMAKE_PREFIX_PATH}:/opt/ros/jazzy /usr/bin/cmake --install /home/hexapod/ros2_ws/build/hexapod_custom_msgs
[1.223s] Level 1:colcon.colcon_core.environment:checking '/home/hexapod/ros2_ws/install/hexapod_custom_msgs' for CMake config files
[1.225s] Level 1:colcon.colcon_core.shell:create_environment_hook('hexapod_custom_msgs', 'cmake_prefix_path')
[1.225s] INFO:colcon.colcon_core.shell:Creating environment descriptor '/home/hexapod/ros2_ws/install/hexapod_custom_msgs/share/hexapod_custom_msgs/hook/cmake_prefix_path.dsv'
[1.226s] INFO:colcon.colcon_core.shell:Creating environment hook '/home/hexapod/ros2_ws/install/hexapod_custom_msgs/share/hexapod_custom_msgs/hook/cmake_prefix_path.sh'
[1.227s] Level 1:colcon.colcon_core.environment:checking '/home/hexapod/ros2_ws/install/hexapod_custom_msgs/lib'
[1.228s] Level 1:colcon.colcon_core.shell:create_environment_hook('hexapod_custom_msgs', 'ld_library_path_lib')
[1.228s] INFO:colcon.colcon_core.shell:Creating environment descriptor '/home/hexapod/ros2_ws/install/hexapod_custom_msgs/share/hexapod_custom_msgs/hook/ld_library_path_lib.dsv'
[1.228s] INFO:colcon.colcon_core.shell:Creating environment hook '/home/hexapod/ros2_ws/install/hexapod_custom_msgs/share/hexapod_custom_msgs/hook/ld_library_path_lib.sh'
[1.229s] Level 1:colcon.colcon_core.environment:checking '/home/hexapod/ros2_ws/install/hexapod_custom_msgs/bin'
[1.229s] Level 1:colcon.colcon_core.environment:checking '/home/hexapod/ros2_ws/install/hexapod_custom_msgs/lib/pkgconfig/hexapod_custom_msgs.pc'
[1.229s] Level 1:colcon.colcon_core.environment:checking '/home/hexapod/ros2_ws/install/hexapod_custom_msgs/lib/python3.12/site-packages'
[1.229s] Level 1:colcon.colcon_core.shell:create_environment_hook('hexapod_custom_msgs', 'pythonpath')
[1.230s] INFO:colcon.colcon_core.shell:Creating environment descriptor '/home/hexapod/ros2_ws/install/hexapod_custom_msgs/share/hexapod_custom_msgs/hook/pythonpath.dsv'
[1.230s] INFO:colcon.colcon_core.shell:Creating environment hook '/home/hexapod/ros2_ws/install/hexapod_custom_msgs/share/hexapod_custom_msgs/hook/pythonpath.sh'
[1.231s] Level 1:colcon.colcon_core.environment:checking '/home/hexapod/ros2_ws/install/hexapod_custom_msgs/bin'
[1.231s] INFO:colcon.colcon_core.shell:Creating package descriptor '/home/hexapod/ros2_ws/install/hexapod_custom_msgs/share/hexapod_custom_msgs/package.dsv'
[1.232s] INFO:colcon.colcon_core.shell:Creating package script '/home/hexapod/ros2_ws/install/hexapod_custom_msgs/share/hexapod_custom_msgs/package.sh'
[1.233s] INFO:colcon.colcon_core.shell:Creating package script '/home/hexapod/ros2_ws/install/hexapod_custom_msgs/share/hexapod_custom_msgs/package.bash'
[1.233s] INFO:colcon.colcon_core.shell:Creating package script '/home/hexapod/ros2_ws/install/hexapod_custom_msgs/share/hexapod_custom_msgs/package.zsh'
[1.233s] Level 1:colcon.colcon_core.environment:create_file_with_runtime_dependencies(/home/hexapod/ros2_ws/install/hexapod_custom_msgs/share/colcon-core/packages/hexapod_custom_msgs)
[1.234s] Level 1:colcon.colcon_core.environment:create_environment_scripts_only(hexapod_custom_msgs)
[1.234s] Level 1:colcon.colcon_core.environment:checking '/home/hexapod/ros2_ws/install/hexapod_custom_msgs' for CMake module files
[1.235s] Level 1:colcon.colcon_core.environment:checking '/home/hexapod/ros2_ws/install/hexapod_custom_msgs' for CMake config files
[1.237s] Level 1:colcon.colcon_core.shell:create_environment_hook('hexapod_custom_msgs', 'cmake_prefix_path')
[1.237s] INFO:colcon.colcon_core.shell:Creating environment descriptor '/home/hexapod/ros2_ws/install/hexapod_custom_msgs/share/hexapod_custom_msgs/hook/cmake_prefix_path.dsv'
[1.238s] INFO:colcon.colcon_core.shell:Creating environment hook '/home/hexapod/ros2_ws/install/hexapod_custom_msgs/share/hexapod_custom_msgs/hook/cmake_prefix_path.sh'
[1.238s] Level 1:colcon.colcon_core.environment:checking '/home/hexapod/ros2_ws/install/hexapod_custom_msgs/lib'
[1.239s] Level 1:colcon.colcon_core.shell:create_environment_hook('hexapod_custom_msgs', 'ld_library_path_lib')
[1.239s] INFO:colcon.colcon_core.shell:Creating environment descriptor '/home/hexapod/ros2_ws/install/hexapod_custom_msgs/share/hexapod_custom_msgs/hook/ld_library_path_lib.dsv'
[1.239s] INFO:colcon.colcon_core.shell:Creating environment hook '/home/hexapod/ros2_ws/install/hexapod_custom_msgs/share/hexapod_custom_msgs/hook/ld_library_path_lib.sh'
[1.240s] Level 1:colcon.colcon_core.environment:checking '/home/hexapod/ros2_ws/install/hexapod_custom_msgs/bin'
[1.240s] Level 1:colcon.colcon_core.environment:checking '/home/hexapod/ros2_ws/install/hexapod_custom_msgs/lib/pkgconfig/hexapod_custom_msgs.pc'
[1.240s] Level 1:colcon.colcon_core.environment:checking '/home/hexapod/ros2_ws/install/hexapod_custom_msgs/lib/python3.12/site-packages'
[1.240s] Level 1:colcon.colcon_core.shell:create_environment_hook('hexapod_custom_msgs', 'pythonpath')
[1.240s] INFO:colcon.colcon_core.shell:Creating environment descriptor '/home/hexapod/ros2_ws/install/hexapod_custom_msgs/share/hexapod_custom_msgs/hook/pythonpath.dsv'
[1.241s] INFO:colcon.colcon_core.shell:Creating environment hook '/home/hexapod/ros2_ws/install/hexapod_custom_msgs/share/hexapod_custom_msgs/hook/pythonpath.sh'
[1.242s] Level 1:colcon.colcon_core.environment:checking '/home/hexapod/ros2_ws/install/hexapod_custom_msgs/bin'
[1.242s] INFO:colcon.colcon_core.shell:Creating package descriptor '/home/hexapod/ros2_ws/install/hexapod_custom_msgs/share/hexapod_custom_msgs/package.dsv'
[1.243s] INFO:colcon.colcon_core.shell:Creating package script '/home/hexapod/ros2_ws/install/hexapod_custom_msgs/share/hexapod_custom_msgs/package.sh'
[1.243s] INFO:colcon.colcon_core.shell:Creating package script '/home/hexapod/ros2_ws/install/hexapod_custom_msgs/share/hexapod_custom_msgs/package.bash'
[1.244s] INFO:colcon.colcon_core.shell:Creating package script '/home/hexapod/ros2_ws/install/hexapod_custom_msgs/share/hexapod_custom_msgs/package.zsh'
[1.244s] Level 1:colcon.colcon_core.environment:create_file_with_runtime_dependencies(/home/hexapod/ros2_ws/install/hexapod_custom_msgs/share/colcon-core/packages/hexapod_custom_msgs)
[1.245s] INFO:colcon.colcon_ros.task.ament_cmake.build:Building ROS package in '/home/hexapod/ros2_ws/src/hexapod_control' with build type 'ament_cmake'
[1.245s] INFO:colcon.colcon_cmake.task.cmake.build:Building CMake package in '/home/hexapod/ros2_ws/src/hexapod_control'
[1.245s] DEBUG:colcon.colcon_core.shell:Skip shell extension 'dsv' for command environment
[1.250s] INFO:colcon.colcon_ros.task.ament_cmake.build:Building ROS package in '/home/hexapod/ros2_ws/src/hexapod_hardware' with build type 'ament_cmake'
[1.250s] INFO:colcon.colcon_cmake.task.cmake.build:Building CMake package in '/home/hexapod/ros2_ws/src/hexapod_hardware'
[1.251s] DEBUG:colcon.colcon_core.shell:Skip shell extension 'dsv' for command environment
[1.257s] INFO:colcon.colcon_ros.task.ament_cmake.build:Building ROS package in '/home/hexapod/ros2_ws/src/hexapod_teleop' with build type 'ament_cmake'
[1.258s] INFO:colcon.colcon_cmake.task.cmake.build:Building CMake package in '/home/hexapod/ros2_ws/src/hexapod_teleop'
[1.258s] DEBUG:colcon.colcon_core.shell:Skip shell extension 'dsv' for command environment
[1.274s] DEBUG:colcon.colcon_core.event_handler.log_command:Invoking command in '/home/hexapod/ros2_ws/build/hexapod_control': CMAKE_PREFIX_PATH=/home/hexapod/ros2_ws/install/hexapod_custom_msgs:/home/hexapod/ros2_ws/install/hexapod_bringup:/home/hexapod/ros2_ws/install/hexapod_control:/home/hexapod/ros2_ws/install/hexapod_teleop:/home/hexapod/ros2_ws/install/hexapod_hardware:/home/hexapod/ros2_ws/install/hexapod_description:/home/hexapod/ros2_ws/install/hexapod_core:/opt/ros/jazzy LD_LIBRARY_PATH=/home/hexapod/ros2_ws/install/hexapod_custom_msgs/lib:/home/hexapod/ros2_ws/install/hexapod_teleop/lib:/home/hexapod/ros2_ws/install/hexapod_hardware/lib:/home/hexapod/ros2_ws/install/hexapod_control/lib:/opt/ros/jazzy/lib/aarch64-linux-gnu:/opt/ros/jazzy/lib /usr/bin/cmake --build /home/hexapod/ros2_ws/build/hexapod_control -- -j4 -l4
[1.278s] DEBUG:colcon.colcon_core.event_handler.log_command:Invoking command in '/home/hexapod/ros2_ws/build/hexapod_hardware': CMAKE_PREFIX_PATH=/home/hexapod/ros2_ws/install/hexapod_custom_msgs:/home/hexapod/ros2_ws/install/hexapod_bringup:/home/hexapod/ros2_ws/install/hexapod_control:/home/hexapod/ros2_ws/install/hexapod_teleop:/home/hexapod/ros2_ws/install/hexapod_hardware:/home/hexapod/ros2_ws/install/hexapod_description:/home/hexapod/ros2_ws/install/hexapod_core:/opt/ros/jazzy LD_LIBRARY_PATH=/home/hexapod/ros2_ws/install/hexapod_custom_msgs/lib:/home/hexapod/ros2_ws/install/hexapod_teleop/lib:/home/hexapod/ros2_ws/install/hexapod_hardware/lib:/home/hexapod/ros2_ws/install/hexapod_control/lib:/opt/ros/jazzy/lib/aarch64-linux-gnu:/opt/ros/jazzy/lib /usr/bin/cmake --build /home/hexapod/ros2_ws/build/hexapod_hardware -- -j4 -l4
[1.287s] DEBUG:colcon.colcon_core.event_handler.log_command:Invoking command in '/home/hexapod/ros2_ws/build/hexapod_teleop': CMAKE_PREFIX_PATH=/home/hexapod/ros2_ws/install/hexapod_custom_msgs:/home/hexapod/ros2_ws/install/hexapod_bringup:/home/hexapod/ros2_ws/install/hexapod_control:/home/hexapod/ros2_ws/install/hexapod_teleop:/home/hexapod/ros2_ws/install/hexapod_hardware:/home/hexapod/ros2_ws/install/hexapod_description:/home/hexapod/ros2_ws/install/hexapod_core:/opt/ros/jazzy LD_LIBRARY_PATH=/home/hexapod/ros2_ws/install/hexapod_custom_msgs/lib:/home/hexapod/ros2_ws/install/hexapod_teleop/lib:/home/hexapod/ros2_ws/install/hexapod_hardware/lib:/home/hexapod/ros2_ws/install/hexapod_control/lib:/opt/ros/jazzy/lib/aarch64-linux-gnu:/opt/ros/jazzy/lib /usr/bin/cmake --build /home/hexapod/ros2_ws/build/hexapod_teleop -- -j4 -l4
[1.485s] DEBUG:colcon.colcon_core.event_handler.log_command:Invoked command in '/home/hexapod/ros2_ws/build/hexapod_hardware' returned '0': CMAKE_PREFIX_PATH=/home/hexapod/ros2_ws/install/hexapod_custom_msgs:/home/hexapod/ros2_ws/install/hexapod_bringup:/home/hexapod/ros2_ws/install/hexapod_control:/home/hexapod/ros2_ws/install/hexapod_teleop:/home/hexapod/ros2_ws/install/hexapod_hardware:/home/hexapod/ros2_ws/install/hexapod_description:/home/hexapod/ros2_ws/install/hexapod_core:/opt/ros/jazzy LD_LIBRARY_PATH=/home/hexapod/ros2_ws/install/hexapod_custom_msgs/lib:/home/hexapod/ros2_ws/install/hexapod_teleop/lib:/home/hexapod/ros2_ws/install/hexapod_hardware/lib:/home/hexapod/ros2_ws/install/hexapod_control/lib:/opt/ros/jazzy/lib/aarch64-linux-gnu:/opt/ros/jazzy/lib /usr/bin/cmake --build /home/hexapod/ros2_ws/build/hexapod_hardware -- -j4 -l4
[1.497s] DEBUG:colcon.colcon_core.event_handler.log_command:Invoking command in '/home/hexapod/ros2_ws/build/hexapod_hardware': CMAKE_PREFIX_PATH=/home/hexapod/ros2_ws/install/hexapod_custom_msgs:/home/hexapod/ros2_ws/install/hexapod_bringup:/home/hexapod/ros2_ws/install/hexapod_control:/home/hexapod/ros2_ws/install/hexapod_teleop:/home/hexapod/ros2_ws/install/hexapod_hardware:/home/hexapod/ros2_ws/install/hexapod_description:/home/hexapod/ros2_ws/install/hexapod_core:/opt/ros/jazzy LD_LIBRARY_PATH=/home/hexapod/ros2_ws/install/hexapod_custom_msgs/lib:/home/hexapod/ros2_ws/install/hexapod_teleop/lib:/home/hexapod/ros2_ws/install/hexapod_hardware/lib:/home/hexapod/ros2_ws/install/hexapod_control/lib:/opt/ros/jazzy/lib/aarch64-linux-gnu:/opt/ros/jazzy/lib /usr/bin/cmake --install /home/hexapod/ros2_ws/build/hexapod_hardware
[1.505s] DEBUG:colcon.colcon_core.event_handler.log_command:Invoked command in '/home/hexapod/ros2_ws/build/hexapod_teleop' returned '0': CMAKE_PREFIX_PATH=/home/hexapod/ros2_ws/install/hexapod_custom_msgs:/home/hexapod/ros2_ws/install/hexapod_bringup:/home/hexapod/ros2_ws/install/hexapod_control:/home/hexapod/ros2_ws/install/hexapod_teleop:/home/hexapod/ros2_ws/install/hexapod_hardware:/home/hexapod/ros2_ws/install/hexapod_description:/home/hexapod/ros2_ws/install/hexapod_core:/opt/ros/jazzy LD_LIBRARY_PATH=/home/hexapod/ros2_ws/install/hexapod_custom_msgs/lib:/home/hexapod/ros2_ws/install/hexapod_teleop/lib:/home/hexapod/ros2_ws/install/hexapod_hardware/lib:/home/hexapod/ros2_ws/install/hexapod_control/lib:/opt/ros/jazzy/lib/aarch64-linux-gnu:/opt/ros/jazzy/lib /usr/bin/cmake --build /home/hexapod/ros2_ws/build/hexapod_teleop -- -j4 -l4
[1.506s] DEBUG:colcon.colcon_core.event_handler.log_command:Invoking command in '/home/hexapod/ros2_ws/build/hexapod_teleop': CMAKE_PREFIX_PATH=/home/hexapod/ros2_ws/install/hexapod_custom_msgs:/home/hexapod/ros2_ws/install/hexapod_bringup:/home/hexapod/ros2_ws/install/hexapod_control:/home/hexapod/ros2_ws/install/hexapod_teleop:/home/hexapod/ros2_ws/install/hexapod_hardware:/home/hexapod/ros2_ws/install/hexapod_description:/home/hexapod/ros2_ws/install/hexapod_core:/opt/ros/jazzy LD_LIBRARY_PATH=/home/hexapod/ros2_ws/install/hexapod_custom_msgs/lib:/home/hexapod/ros2_ws/install/hexapod_teleop/lib:/home/hexapod/ros2_ws/install/hexapod_hardware/lib:/home/hexapod/ros2_ws/install/hexapod_control/lib:/opt/ros/jazzy/lib/aarch64-linux-gnu:/opt/ros/jazzy/lib /usr/bin/cmake --install /home/hexapod/ros2_ws/build/hexapod_teleop
[1.575s] Level 1:colcon.colcon_core.environment:create_environment_scripts_only(hexapod_teleop)
[1.575s] Level 1:colcon.colcon_core.environment:checking '/home/hexapod/ros2_ws/install/hexapod_teleop' for CMake module files
[1.576s] Level 1:colcon.colcon_core.environment:checking '/home/hexapod/ros2_ws/install/hexapod_teleop' for CMake config files
[1.577s] Level 1:colcon.colcon_core.shell:create_environment_hook('hexapod_teleop', 'cmake_prefix_path')
[1.581s] INFO:colcon.colcon_core.shell:Creating environment descriptor '/home/hexapod/ros2_ws/install/hexapod_teleop/share/hexapod_teleop/hook/cmake_prefix_path.dsv'
[1.582s] INFO:colcon.colcon_core.shell:Creating environment hook '/home/hexapod/ros2_ws/install/hexapod_teleop/share/hexapod_teleop/hook/cmake_prefix_path.sh'
[1.583s] DEBUG:colcon.colcon_core.event_handler.log_command:Invoked command in '/home/hexapod/ros2_ws/build/hexapod_teleop' returned '0': CMAKE_PREFIX_PATH=/home/hexapod/ros2_ws/install/hexapod_custom_msgs:/home/hexapod/ros2_ws/install/hexapod_bringup:/home/hexapod/ros2_ws/install/hexapod_control:/home/hexapod/ros2_ws/install/hexapod_teleop:/home/hexapod/ros2_ws/install/hexapod_hardware:/home/hexapod/ros2_ws/install/hexapod_description:/home/hexapod/ros2_ws/install/hexapod_core:/opt/ros/jazzy LD_LIBRARY_PATH=/home/hexapod/ros2_ws/install/hexapod_custom_msgs/lib:/home/hexapod/ros2_ws/install/hexapod_teleop/lib:/home/hexapod/ros2_ws/install/hexapod_hardware/lib:/home/hexapod/ros2_ws/install/hexapod_control/lib:/opt/ros/jazzy/lib/aarch64-linux-gnu:/opt/ros/jazzy/lib /usr/bin/cmake --install /home/hexapod/ros2_ws/build/hexapod_teleop
[1.590s] Level 1:colcon.colcon_core.environment:checking '/home/hexapod/ros2_ws/install/hexapod_teleop/lib'
[1.590s] Level 1:colcon.colcon_core.shell:create_environment_hook('hexapod_teleop', 'ld_library_path_lib')
[1.590s] INFO:colcon.colcon_core.shell:Creating environment descriptor '/home/hexapod/ros2_ws/install/hexapod_teleop/share/hexapod_teleop/hook/ld_library_path_lib.dsv'
[1.591s] INFO:colcon.colcon_core.shell:Creating environment hook '/home/hexapod/ros2_ws/install/hexapod_teleop/share/hexapod_teleop/hook/ld_library_path_lib.sh'
[1.592s] Level 1:colcon.colcon_core.environment:checking '/home/hexapod/ros2_ws/install/hexapod_teleop/bin'
[1.592s] Level 1:colcon.colcon_core.environment:checking '/home/hexapod/ros2_ws/install/hexapod_teleop/lib/pkgconfig/hexapod_teleop.pc'
[1.593s] Level 1:colcon.colcon_core.environment:checking '/home/hexapod/ros2_ws/install/hexapod_teleop/lib/python3.12/site-packages'
[1.594s] Level 1:colcon.colcon_core.environment:checking '/home/hexapod/ros2_ws/install/hexapod_teleop/bin'
[1.595s] INFO:colcon.colcon_core.shell:Creating package descriptor '/home/hexapod/ros2_ws/install/hexapod_teleop/share/hexapod_teleop/package.dsv'
[1.596s] INFO:colcon.colcon_core.shell:Creating package script '/home/hexapod/ros2_ws/install/hexapod_teleop/share/hexapod_teleop/package.sh'
[1.600s] INFO:colcon.colcon_core.shell:Creating package script '/home/hexapod/ros2_ws/install/hexapod_teleop/share/hexapod_teleop/package.bash'
[1.601s] INFO:colcon.colcon_core.shell:Creating package script '/home/hexapod/ros2_ws/install/hexapod_teleop/share/hexapod_teleop/package.zsh'
[1.601s] Level 1:colcon.colcon_core.environment:create_file_with_runtime_dependencies(/home/hexapod/ros2_ws/install/hexapod_teleop/share/colcon-core/packages/hexapod_teleop)
[1.607s] Level 1:colcon.colcon_core.environment:create_environment_scripts_only(hexapod_teleop)
[1.607s] Level 1:colcon.colcon_core.environment:checking '/home/hexapod/ros2_ws/install/hexapod_teleop' for CMake module files
[1.608s] Level 1:colcon.colcon_core.environment:checking '/home/hexapod/ros2_ws/install/hexapod_teleop' for CMake config files
[1.609s] Level 1:colcon.colcon_core.shell:create_environment_hook('hexapod_teleop', 'cmake_prefix_path')
[1.610s] INFO:colcon.colcon_core.shell:Creating environment descriptor '/home/hexapod/ros2_ws/install/hexapod_teleop/share/hexapod_teleop/hook/cmake_prefix_path.dsv'
[1.612s] INFO:colcon.colcon_core.shell:Creating environment hook '/home/hexapod/ros2_ws/install/hexapod_teleop/share/hexapod_teleop/hook/cmake_prefix_path.sh'
[1.613s] Level 1:colcon.colcon_core.environment:checking '/home/hexapod/ros2_ws/install/hexapod_teleop/lib'
[1.613s] Level 1:colcon.colcon_core.shell:create_environment_hook('hexapod_teleop', 'ld_library_path_lib')
[1.614s] INFO:colcon.colcon_core.shell:Creating environment descriptor '/home/hexapod/ros2_ws/install/hexapod_teleop/share/hexapod_teleop/hook/ld_library_path_lib.dsv'
[1.615s] INFO:colcon.colcon_core.shell:Creating environment hook '/home/hexapod/ros2_ws/install/hexapod_teleop/share/hexapod_teleop/hook/ld_library_path_lib.sh'
[1.616s] Level 1:colcon.colcon_core.environment:checking '/home/hexapod/ros2_ws/install/hexapod_teleop/bin'
[1.616s] Level 1:colcon.colcon_core.environment:checking '/home/hexapod/ros2_ws/install/hexapod_teleop/lib/pkgconfig/hexapod_teleop.pc'
[1.617s] Level 1:colcon.colcon_core.environment:checking '/home/hexapod/ros2_ws/install/hexapod_teleop/lib/python3.12/site-packages'
[1.617s] Level 1:colcon.colcon_core.environment:checking '/home/hexapod/ros2_ws/install/hexapod_teleop/bin'
[1.618s] INFO:colcon.colcon_core.shell:Creating package descriptor '/home/hexapod/ros2_ws/install/hexapod_teleop/share/hexapod_teleop/package.dsv'
[1.619s] INFO:colcon.colcon_core.shell:Creating package script '/home/hexapod/ros2_ws/install/hexapod_teleop/share/hexapod_teleop/package.sh'
[1.620s] INFO:colcon.colcon_core.shell:Creating package script '/home/hexapod/ros2_ws/install/hexapod_teleop/share/hexapod_teleop/package.bash'
[1.622s] INFO:colcon.colcon_core.shell:Creating package script '/home/hexapod/ros2_ws/install/hexapod_teleop/share/hexapod_teleop/package.zsh'
[1.624s] Level 1:colcon.colcon_core.environment:create_file_with_runtime_dependencies(/home/hexapod/ros2_ws/install/hexapod_teleop/share/colcon-core/packages/hexapod_teleop)
[1.628s] Level 1:colcon.colcon_core.environment:create_environment_scripts_only(hexapod_hardware)
[1.629s] Level 1:colcon.colcon_core.environment:checking '/home/hexapod/ros2_ws/install/hexapod_hardware' for CMake module files
[1.629s] DEBUG:colcon.colcon_core.event_handler.log_command:Invoked command in '/home/hexapod/ros2_ws/build/hexapod_hardware' returned '0': CMAKE_PREFIX_PATH=/home/hexapod/ros2_ws/install/hexapod_custom_msgs:/home/hexapod/ros2_ws/install/hexapod_bringup:/home/hexapod/ros2_ws/install/hexapod_control:/home/hexapod/ros2_ws/install/hexapod_teleop:/home/hexapod/ros2_ws/install/hexapod_hardware:/home/hexapod/ros2_ws/install/hexapod_description:/home/hexapod/ros2_ws/install/hexapod_core:/opt/ros/jazzy LD_LIBRARY_PATH=/home/hexapod/ros2_ws/install/hexapod_custom_msgs/lib:/home/hexapod/ros2_ws/install/hexapod_teleop/lib:/home/hexapod/ros2_ws/install/hexapod_hardware/lib:/home/hexapod/ros2_ws/install/hexapod_control/lib:/opt/ros/jazzy/lib/aarch64-linux-gnu:/opt/ros/jazzy/lib /usr/bin/cmake --install /home/hexapod/ros2_ws/build/hexapod_hardware
[1.630s] Level 1:colcon.colcon_core.environment:checking '/home/hexapod/ros2_ws/install/hexapod_hardware' for CMake config files
[1.631s] Level 1:colcon.colcon_core.shell:create_environment_hook('hexapod_hardware', 'cmake_prefix_path')
[1.631s] INFO:colcon.colcon_core.shell:Creating environment descriptor '/home/hexapod/ros2_ws/install/hexapod_hardware/share/hexapod_hardware/hook/cmake_prefix_path.dsv'
[1.632s] INFO:colcon.colcon_core.shell:Creating environment hook '/home/hexapod/ros2_ws/install/hexapod_hardware/share/hexapod_hardware/hook/cmake_prefix_path.sh'
[1.634s] Level 1:colcon.colcon_core.environment:checking '/home/hexapod/ros2_ws/install/hexapod_hardware/lib'
[1.634s] Level 1:colcon.colcon_core.shell:create_environment_hook('hexapod_hardware', 'ld_library_path_lib')
[1.635s] INFO:colcon.colcon_core.shell:Creating environment descriptor '/home/hexapod/ros2_ws/install/hexapod_hardware/share/hexapod_hardware/hook/ld_library_path_lib.dsv'
[1.636s] INFO:colcon.colcon_core.shell:Creating environment hook '/home/hexapod/ros2_ws/install/hexapod_hardware/share/hexapod_hardware/hook/ld_library_path_lib.sh'
[1.636s] Level 1:colcon.colcon_core.environment:checking '/home/hexapod/ros2_ws/install/hexapod_hardware/bin'
[1.636s] Level 1:colcon.colcon_core.environment:checking '/home/hexapod/ros2_ws/install/hexapod_hardware/lib/pkgconfig/hexapod_hardware.pc'
[1.637s] Level 1:colcon.colcon_core.environment:checking '/home/hexapod/ros2_ws/install/hexapod_hardware/lib/python3.12/site-packages'
[1.637s] Level 1:colcon.colcon_core.environment:checking '/home/hexapod/ros2_ws/install/hexapod_hardware/bin'
[1.638s] INFO:colcon.colcon_core.shell:Creating package descriptor '/home/hexapod/ros2_ws/install/hexapod_hardware/share/hexapod_hardware/package.dsv'
[1.639s] INFO:colcon.colcon_core.shell:Creating package script '/home/hexapod/ros2_ws/install/hexapod_hardware/share/hexapod_hardware/package.sh'
[1.640s] INFO:colcon.colcon_core.shell:Creating package script '/home/hexapod/ros2_ws/install/hexapod_hardware/share/hexapod_hardware/package.bash'
[1.640s] INFO:colcon.colcon_core.shell:Creating package script '/home/hexapod/ros2_ws/install/hexapod_hardware/share/hexapod_hardware/package.zsh'
[1.641s] Level 1:colcon.colcon_core.environment:create_file_with_runtime_dependencies(/home/hexapod/ros2_ws/install/hexapod_hardware/share/colcon-core/packages/hexapod_hardware)
[1.642s] Level 1:colcon.colcon_core.environment:create_environment_scripts_only(hexapod_hardware)
[1.642s] Level 1:colcon.colcon_core.environment:checking '/home/hexapod/ros2_ws/install/hexapod_hardware' for CMake module files
[1.643s] Level 1:colcon.colcon_core.environment:checking '/home/hexapod/ros2_ws/install/hexapod_hardware' for CMake config files
[1.644s] Level 1:colcon.colcon_core.shell:create_environment_hook('hexapod_hardware', 'cmake_prefix_path')
[1.644s] INFO:colcon.colcon_core.shell:Creating environment descriptor '/home/hexapod/ros2_ws/install/hexapod_hardware/share/hexapod_hardware/hook/cmake_prefix_path.dsv'
[1.645s] INFO:colcon.colcon_core.shell:Creating environment hook '/home/hexapod/ros2_ws/install/hexapod_hardware/share/hexapod_hardware/hook/cmake_prefix_path.sh'
[1.646s] Level 1:colcon.colcon_core.environment:checking '/home/hexapod/ros2_ws/install/hexapod_hardware/lib'
[1.646s] Level 1:colcon.colcon_core.shell:create_environment_hook('hexapod_hardware', 'ld_library_path_lib')
[1.646s] INFO:colcon.colcon_core.shell:Creating environment descriptor '/home/hexapod/ros2_ws/install/hexapod_hardware/share/hexapod_hardware/hook/ld_library_path_lib.dsv'
[1.647s] INFO:colcon.colcon_core.shell:Creating environment hook '/home/hexapod/ros2_ws/install/hexapod_hardware/share/hexapod_hardware/hook/ld_library_path_lib.sh'
[1.648s] Level 1:colcon.colcon_core.environment:checking '/home/hexapod/ros2_ws/install/hexapod_hardware/bin'
[1.648s] Level 1:colcon.colcon_core.environment:checking '/home/hexapod/ros2_ws/install/hexapod_hardware/lib/pkgconfig/hexapod_hardware.pc'
[1.649s] Level 1:colcon.colcon_core.environment:checking '/home/hexapod/ros2_ws/install/hexapod_hardware/lib/python3.12/site-packages'
[1.649s] Level 1:colcon.colcon_core.environment:checking '/home/hexapod/ros2_ws/install/hexapod_hardware/bin'
[1.650s] INFO:colcon.colcon_core.shell:Creating package descriptor '/home/hexapod/ros2_ws/install/hexapod_hardware/share/hexapod_hardware/package.dsv'
[1.651s] INFO:colcon.colcon_core.shell:Creating package script '/home/hexapod/ros2_ws/install/hexapod_hardware/share/hexapod_hardware/package.sh'
[1.652s] INFO:colcon.colcon_core.shell:Creating package script '/home/hexapod/ros2_ws/install/hexapod_hardware/share/hexapod_hardware/package.bash'
[1.652s] INFO:colcon.colcon_core.shell:Creating package script '/home/hexapod/ros2_ws/install/hexapod_hardware/share/hexapod_hardware/package.zsh'
[1.653s] Level 1:colcon.colcon_core.environment:create_file_with_runtime_dependencies(/home/hexapod/ros2_ws/install/hexapod_hardware/share/colcon-core/packages/hexapod_hardware)
[8.773s] DEBUG:colcon.colcon_core.event_handler.log_command:Invoked command in '/home/hexapod/ros2_ws/build/hexapod_control' returned '0': CMAKE_PREFIX_PATH=/home/hexapod/ros2_ws/install/hexapod_custom_msgs:/home/hexapod/ros2_ws/install/hexapod_bringup:/home/hexapod/ros2_ws/install/hexapod_control:/home/hexapod/ros2_ws/install/hexapod_teleop:/home/hexapod/ros2_ws/install/hexapod_hardware:/home/hexapod/ros2_ws/install/hexapod_description:/home/hexapod/ros2_ws/install/hexapod_core:/opt/ros/jazzy LD_LIBRARY_PATH=/home/hexapod/ros2_ws/install/hexapod_custom_msgs/lib:/home/hexapod/ros2_ws/install/hexapod_teleop/lib:/home/hexapod/ros2_ws/install/hexapod_hardware/lib:/home/hexapod/ros2_ws/install/hexapod_control/lib:/opt/ros/jazzy/lib/aarch64-linux-gnu:/opt/ros/jazzy/lib /usr/bin/cmake --build /home/hexapod/ros2_ws/build/hexapod_control -- -j4 -l4
[8.773s] DEBUG:colcon.colcon_core.event_handler.log_command:Invoking command in '/home/hexapod/ros2_ws/build/hexapod_control': CMAKE_PREFIX_PATH=/home/hexapod/ros2_ws/install/hexapod_custom_msgs:/home/hexapod/ros2_ws/install/hexapod_bringup:/home/hexapod/ros2_ws/install/hexapod_control:/home/hexapod/ros2_ws/install/hexapod_teleop:/home/hexapod/ros2_ws/install/hexapod_hardware:/home/hexapod/ros2_ws/install/hexapod_description:/home/hexapod/ros2_ws/install/hexapod_core:/opt/ros/jazzy LD_LIBRARY_PATH=/home/hexapod/ros2_ws/install/hexapod_custom_msgs/lib:/home/hexapod/ros2_ws/install/hexapod_teleop/lib:/home/hexapod/ros2_ws/install/hexapod_hardware/lib:/home/hexapod/ros2_ws/install/hexapod_control/lib:/opt/ros/jazzy/lib/aarch64-linux-gnu:/opt/ros/jazzy/lib /usr/bin/cmake --install /home/hexapod/ros2_ws/build/hexapod_control
[8.816s] Level 1:colcon.colcon_core.environment:create_environment_scripts_only(hexapod_control)
[8.816s] Level 1:colcon.colcon_core.environment:checking '/home/hexapod/ros2_ws/install/hexapod_control' for CMake module files
[8.817s] DEBUG:colcon.colcon_core.event_handler.log_command:Invoked command in '/home/hexapod/ros2_ws/build/hexapod_control' returned '0': CMAKE_PREFIX_PATH=/home/hexapod/ros2_ws/install/hexapod_custom_msgs:/home/hexapod/ros2_ws/install/hexapod_bringup:/home/hexapod/ros2_ws/install/hexapod_control:/home/hexapod/ros2_ws/install/hexapod_teleop:/home/hexapod/ros2_ws/install/hexapod_hardware:/home/hexapod/ros2_ws/install/hexapod_description:/home/hexapod/ros2_ws/install/hexapod_core:/opt/ros/jazzy LD_LIBRARY_PATH=/home/hexapod/ros2_ws/install/hexapod_custom_msgs/lib:/home/hexapod/ros2_ws/install/hexapod_teleop/lib:/home/hexapod/ros2_ws/install/hexapod_hardware/lib:/home/hexapod/ros2_ws/install/hexapod_control/lib:/opt/ros/jazzy/lib/aarch64-linux-gnu:/opt/ros/jazzy/lib /usr/bin/cmake --install /home/hexapod/ros2_ws/build/hexapod_control
[8.817s] Level 1:colcon.colcon_core.environment:checking '/home/hexapod/ros2_ws/install/hexapod_control' for CMake config files
[8.818s] Level 1:colcon.colcon_core.shell:create_environment_hook('hexapod_control', 'cmake_prefix_path')
[8.818s] INFO:colcon.colcon_core.shell:Creating environment descriptor '/home/hexapod/ros2_ws/install/hexapod_control/share/hexapod_control/hook/cmake_prefix_path.dsv'
[8.819s] INFO:colcon.colcon_core.shell:Creating environment hook '/home/hexapod/ros2_ws/install/hexapod_control/share/hexapod_control/hook/cmake_prefix_path.sh'
[8.820s] Level 1:colcon.colcon_core.environment:checking '/home/hexapod/ros2_ws/install/hexapod_control/lib'
[8.821s] Level 1:colcon.colcon_core.shell:create_environment_hook('hexapod_control', 'ld_library_path_lib')
[8.821s] INFO:colcon.colcon_core.shell:Creating environment descriptor '/home/hexapod/ros2_ws/install/hexapod_control/share/hexapod_control/hook/ld_library_path_lib.dsv'
[8.822s] INFO:colcon.colcon_core.shell:Creating environment hook '/home/hexapod/ros2_ws/install/hexapod_control/share/hexapod_control/hook/ld_library_path_lib.sh'
[8.822s] Level 1:colcon.colcon_core.environment:checking '/home/hexapod/ros2_ws/install/hexapod_control/bin'
[8.822s] Level 1:colcon.colcon_core.environment:checking '/home/hexapod/ros2_ws/install/hexapod_control/lib/pkgconfig/hexapod_control.pc'
[8.823s] Level 1:colcon.colcon_core.environment:checking '/home/hexapod/ros2_ws/install/hexapod_control/lib/python3.12/site-packages'
[8.823s] Level 1:colcon.colcon_core.environment:checking '/home/hexapod/ros2_ws/install/hexapod_control/bin'
[8.824s] INFO:colcon.colcon_core.shell:Creating package descriptor '/home/hexapod/ros2_ws/install/hexapod_control/share/hexapod_control/package.dsv'
[8.824s] INFO:colcon.colcon_core.shell:Creating package script '/home/hexapod/ros2_ws/install/hexapod_control/share/hexapod_control/package.sh'
[8.825s] INFO:colcon.colcon_core.shell:Creating package script '/home/hexapod/ros2_ws/install/hexapod_control/share/hexapod_control/package.bash'
[8.825s] INFO:colcon.colcon_core.shell:Creating package script '/home/hexapod/ros2_ws/install/hexapod_control/share/hexapod_control/package.zsh'
[8.826s] Level 1:colcon.colcon_core.environment:create_file_with_runtime_dependencies(/home/hexapod/ros2_ws/install/hexapod_control/share/colcon-core/packages/hexapod_control)
[8.827s] Level 1:colcon.colcon_core.environment:create_environment_scripts_only(hexapod_control)
[8.827s] Level 1:colcon.colcon_core.environment:checking '/home/hexapod/ros2_ws/install/hexapod_control' for CMake module files
[8.828s] Level 1:colcon.colcon_core.environment:checking '/home/hexapod/ros2_ws/install/hexapod_control' for CMake config files
[8.829s] Level 1:colcon.colcon_core.shell:create_environment_hook('hexapod_control', 'cmake_prefix_path')
[8.829s] INFO:colcon.colcon_core.shell:Creating environment descriptor '/home/hexapod/ros2_ws/install/hexapod_control/share/hexapod_control/hook/cmake_prefix_path.dsv'
[8.830s] INFO:colcon.colcon_core.shell:Creating environment hook '/home/hexapod/ros2_ws/install/hexapod_control/share/hexapod_control/hook/cmake_prefix_path.sh'
[8.831s] Level 1:colcon.colcon_core.environment:checking '/home/hexapod/ros2_ws/install/hexapod_control/lib'
[8.831s] Level 1:colcon.colcon_core.shell:create_environment_hook('hexapod_control', 'ld_library_path_lib')
[8.831s] INFO:colcon.colcon_core.shell:Creating environment descriptor '/home/hexapod/ros2_ws/install/hexapod_control/share/hexapod_control/hook/ld_library_path_lib.dsv'
[8.831s] INFO:colcon.colcon_core.shell:Creating environment hook '/home/hexapod/ros2_ws/install/hexapod_control/share/hexapod_control/hook/ld_library_path_lib.sh'
[8.832s] Level 1:colcon.colcon_core.environment:checking '/home/hexapod/ros2_ws/install/hexapod_control/bin'
[8.832s] Level 1:colcon.colcon_core.environment:checking '/home/hexapod/ros2_ws/install/hexapod_control/lib/pkgconfig/hexapod_control.pc'
[8.833s] Level 1:colcon.colcon_core.environment:checking '/home/hexapod/ros2_ws/install/hexapod_control/lib/python3.12/site-packages'
[8.833s] Level 1:colcon.colcon_core.environment:checking '/home/hexapod/ros2_ws/install/hexapod_control/bin'
[8.834s] INFO:colcon.colcon_core.shell:Creating package descriptor '/home/hexapod/ros2_ws/install/hexapod_control/share/hexapod_control/package.dsv'
[8.834s] INFO:colcon.colcon_core.shell:Creating package script '/home/hexapod/ros2_ws/install/hexapod_control/share/hexapod_control/package.sh'
[8.835s] INFO:colcon.colcon_core.shell:Creating package script '/home/hexapod/ros2_ws/install/hexapod_control/share/hexapod_control/package.bash'
[8.836s] INFO:colcon.colcon_core.shell:Creating package script '/home/hexapod/ros2_ws/install/hexapod_control/share/hexapod_control/package.zsh'
[8.837s] Level 1:colcon.colcon_core.environment:create_file_with_runtime_dependencies(/home/hexapod/ros2_ws/install/hexapod_control/share/colcon-core/packages/hexapod_control)
[8.837s] INFO:colcon.colcon_ros.task.ament_cmake.build:Building ROS package in '/home/hexapod/ros2_ws/src/hexapod_bringup' with build type 'ament_cmake'
[8.837s] INFO:colcon.colcon_cmake.task.cmake.build:Building CMake package in '/home/hexapod/ros2_ws/src/hexapod_bringup'
[8.838s] DEBUG:colcon.colcon_core.shell:Skip shell extension 'dsv' for command environment
[8.862s] DEBUG:colcon.colcon_core.event_handler.log_command:Invoking command in '/home/hexapod/ros2_ws/build/hexapod_bringup': CMAKE_PREFIX_PATH=/home/hexapod/ros2_ws/install/hexapod_teleop:/home/hexapod/ros2_ws/install/hexapod_hardware:/home/hexapod/ros2_ws/install/hexapod_control:/home/hexapod/ros2_ws/install/hexapod_custom_msgs:/home/hexapod/ros2_ws/install/hexapod_bringup:/home/hexapod/ros2_ws/install/hexapod_description:/home/hexapod/ros2_ws/install/hexapod_core:/opt/ros/jazzy /usr/bin/cmake --build /home/hexapod/ros2_ws/build/hexapod_bringup -- -j4 -l4
[8.975s] DEBUG:colcon.colcon_core.event_handler.log_command:Invoked command in '/home/hexapod/ros2_ws/build/hexapod_bringup' returned '0': CMAKE_PREFIX_PATH=/home/hexapod/ros2_ws/install/hexapod_teleop:/home/hexapod/ros2_ws/install/hexapod_hardware:/home/hexapod/ros2_ws/install/hexapod_control:/home/hexapod/ros2_ws/install/hexapod_custom_msgs:/home/hexapod/ros2_ws/install/hexapod_bringup:/home/hexapod/ros2_ws/install/hexapod_description:/home/hexapod/ros2_ws/install/hexapod_core:/opt/ros/jazzy /usr/bin/cmake --build /home/hexapod/ros2_ws/build/hexapod_bringup -- -j4 -l4
[8.977s] DEBUG:colcon.colcon_core.event_handler.log_command:Invoking command in '/home/hexapod/ros2_ws/build/hexapod_bringup': CMAKE_PREFIX_PATH=/home/hexapod/ros2_ws/install/hexapod_teleop:/home/hexapod/ros2_ws/install/hexapod_hardware:/home/hexapod/ros2_ws/install/hexapod_control:/home/hexapod/ros2_ws/install/hexapod_custom_msgs:/home/hexapod/ros2_ws/install/hexapod_bringup:/home/hexapod/ros2_ws/install/hexapod_description:/home/hexapod/ros2_ws/install/hexapod_core:/opt/ros/jazzy /usr/bin/cmake --install /home/hexapod/ros2_ws/build/hexapod_bringup
[8.995s] Level 1:colcon.colcon_core.environment:create_environment_scripts_only(hexapod_bringup)
[8.995s] Level 1:colcon.colcon_core.environment:checking '/home/hexapod/ros2_ws/install/hexapod_bringup' for CMake module files
[8.996s] DEBUG:colcon.colcon_core.event_handler.log_command:Invoked command in '/home/hexapod/ros2_ws/build/hexapod_bringup' returned '0': CMAKE_PREFIX_PATH=/home/hexapod/ros2_ws/install/hexapod_teleop:/home/hexapod/ros2_ws/install/hexapod_hardware:/home/hexapod/ros2_ws/install/hexapod_control:/home/hexapod/ros2_ws/install/hexapod_custom_msgs:/home/hexapod/ros2_ws/install/hexapod_bringup:/home/hexapod/ros2_ws/install/hexapod_description:/home/hexapod/ros2_ws/install/hexapod_core:/opt/ros/jazzy /usr/bin/cmake --install /home/hexapod/ros2_ws/build/hexapod_bringup
[8.996s] Level 1:colcon.colcon_core.environment:checking '/home/hexapod/ros2_ws/install/hexapod_bringup' for CMake config files
[8.997s] Level 1:colcon.colcon_core.shell:create_environment_hook('hexapod_bringup', 'cmake_prefix_path')
[8.997s] INFO:colcon.colcon_core.shell:Creating environment descriptor '/home/hexapod/ros2_ws/install/hexapod_bringup/share/hexapod_bringup/hook/cmake_prefix_path.dsv'
[8.997s] INFO:colcon.colcon_core.shell:Creating environment hook '/home/hexapod/ros2_ws/install/hexapod_bringup/share/hexapod_bringup/hook/cmake_prefix_path.sh'
[8.998s] Level 1:colcon.colcon_core.environment:checking '/home/hexapod/ros2_ws/install/hexapod_bringup/lib'
[8.998s] Level 1:colcon.colcon_core.environment:checking '/home/hexapod/ros2_ws/install/hexapod_bringup/bin'
[8.998s] Level 1:colcon.colcon_core.environment:checking '/home/hexapod/ros2_ws/install/hexapod_bringup/lib/pkgconfig/hexapod_bringup.pc'
[8.999s] Level 1:colcon.colcon_core.environment:checking '/home/hexapod/ros2_ws/install/hexapod_bringup/lib/python3.12/site-packages'
[8.999s] Level 1:colcon.colcon_core.environment:checking '/home/hexapod/ros2_ws/install/hexapod_bringup/bin'
[8.999s] INFO:colcon.colcon_core.shell:Creating package descriptor '/home/hexapod/ros2_ws/install/hexapod_bringup/share/hexapod_bringup/package.dsv'
[9.000s] INFO:colcon.colcon_core.shell:Creating package script '/home/hexapod/ros2_ws/install/hexapod_bringup/share/hexapod_bringup/package.sh'
[9.000s] INFO:colcon.colcon_core.shell:Creating package script '/home/hexapod/ros2_ws/install/hexapod_bringup/share/hexapod_bringup/package.bash'
[9.001s] INFO:colcon.colcon_core.shell:Creating package script '/home/hexapod/ros2_ws/install/hexapod_bringup/share/hexapod_bringup/package.zsh'
[9.001s] Level 1:colcon.colcon_core.environment:create_file_with_runtime_dependencies(/home/hexapod/ros2_ws/install/hexapod_bringup/share/colcon-core/packages/hexapod_bringup)
[9.002s] Level 1:colcon.colcon_core.environment:create_environment_scripts_only(hexapod_bringup)
[9.002s] Level 1:colcon.colcon_core.environment:checking '/home/hexapod/ros2_ws/install/hexapod_bringup' for CMake module files
[9.003s] Level 1:colcon.colcon_core.environment:checking '/home/hexapod/ros2_ws/install/hexapod_bringup' for CMake config files
[9.003s] Level 1:colcon.colcon_core.shell:create_environment_hook('hexapod_bringup', 'cmake_prefix_path')
[9.003s] INFO:colcon.colcon_core.shell:Creating environment descriptor '/home/hexapod/ros2_ws/install/hexapod_bringup/share/hexapod_bringup/hook/cmake_prefix_path.dsv'
[9.005s] INFO:colcon.colcon_core.shell:Creating environment hook '/home/hexapod/ros2_ws/install/hexapod_bringup/share/hexapod_bringup/hook/cmake_prefix_path.sh'
[9.006s] Level 1:colcon.colcon_core.environment:checking '/home/hexapod/ros2_ws/install/hexapod_bringup/lib'
[9.006s] Level 1:colcon.colcon_core.environment:checking '/home/hexapod/ros2_ws/install/hexapod_bringup/bin'
[9.006s] Level 1:colcon.colcon_core.environment:checking '/home/hexapod/ros2_ws/install/hexapod_bringup/lib/pkgconfig/hexapod_bringup.pc'
[9.007s] Level 1:colcon.colcon_core.environment:checking '/home/hexapod/ros2_ws/install/hexapod_bringup/lib/python3.12/site-packages'
[9.007s] Level 1:colcon.colcon_core.environment:checking '/home/hexapod/ros2_ws/install/hexapod_bringup/bin'
[9.008s] INFO:colcon.colcon_core.shell:Creating package descriptor '/home/hexapod/ros2_ws/install/hexapod_bringup/share/hexapod_bringup/package.dsv'
[9.008s] INFO:colcon.colcon_core.shell:Creating package script '/home/hexapod/ros2_ws/install/hexapod_bringup/share/hexapod_bringup/package.sh'
[9.009s] INFO:colcon.colcon_core.shell:Creating package script '/home/hexapod/ros2_ws/install/hexapod_bringup/share/hexapod_bringup/package.bash'
[9.009s] INFO:colcon.colcon_core.shell:Creating package script '/home/hexapod/ros2_ws/install/hexapod_bringup/share/hexapod_bringup/package.zsh'
[9.010s] Level 1:colcon.colcon_core.environment:create_file_with_runtime_dependencies(/home/hexapod/ros2_ws/install/hexapod_bringup/share/colcon-core/packages/hexapod_bringup)
[9.010s] DEBUG:colcon.colcon_parallel_executor.executor.parallel:closing loop
[9.010s] DEBUG:colcon.colcon_parallel_executor.executor.parallel:loop closed
[9.011s] DEBUG:colcon.colcon_parallel_executor.executor.parallel:run_until_complete finished with '0'
[9.011s] DEBUG:colcon.colcon_core.event_reactor:joining thread
[9.012s] DEBUG:colcon.colcon_core.event_reactor:joined thread
[9.012s] INFO:colcon.colcon_core.shell:Creating prefix script '/home/hexapod/ros2_ws/install/local_setup.sh'
[9.013s] INFO:colcon.colcon_core.shell:Creating prefix util module '/home/hexapod/ros2_ws/install/_local_setup_util_sh.py'
[9.014s] INFO:colcon.colcon_core.shell:Creating prefix chain script '/home/hexapod/ros2_ws/install/setup.sh'
[9.016s] INFO:colcon.colcon_core.shell:Creating prefix script '/home/hexapod/ros2_ws/install/local_setup.bash'
[9.016s] INFO:colcon.colcon_core.shell:Creating prefix chain script '/home/hexapod/ros2_ws/install/setup.bash'
[9.018s] INFO:colcon.colcon_core.shell:Creating prefix script '/home/hexapod/ros2_ws/install/local_setup.zsh'
[9.019s] INFO:colcon.colcon_core.shell:Creating prefix chain script '/home/hexapod/ros2_ws/install/setup.zsh'
