[ 50%] [32mBuilding CXX object CMakeFiles/hexapod_shared_process.dir/src/main.cpp.o[0m
[100%] [32m[1mLinking CXX executable hexapod_shared_process[0m
[100%] Built target hexapod_shared_process
-- Install configuration: ""
-- Installing: /home/hexapod/ros2_ws/install/hexapod_bringup/lib/hexapod_bringup/hexapod_shared_process
-- Set non-toolchain portion of runtime path of "/home/hexapod/ros2_ws/install/hexapod_bringup/lib/hexapod_bringup/hexapod_shared_process" to ""
-- Up-to-date: /home/hexapod/ros2_ws/install/hexapod_bringup/share/ament_index/resource_index/package_run_dependencies/hexapod_bringup
-- Up-to-date: /home/hexapod/ros2_ws/install/hexapod_bringup/share/ament_index/resource_index/parent_prefix_path/hexapod_bringup
-- Up-to-date: /home/hexapod/ros2_ws/install/hexapod_bringup/share/hexapod_bringup/environment/ament_prefix_path.sh
-- Up-to-date: /home/hexapod/ros2_ws/install/hexapod_bringup/share/hexapod_bringup/environment/ament_prefix_path.dsv
-- Up-to-date: /home/hexapod/ros2_ws/install/hexapod_bringup/share/hexapod_bringup/environment/path.sh
-- Up-to-date: /home/hexapod/ros2_ws/install/hexapod_bringup/share/hexapod_bringup/environment/path.dsv
-- Up-to-date: /home/hexapod/ros2_ws/install/hexapod_bringup/share/hexapod_bringup/local_setup.bash
-- Up-to-date: /home/hexapod/ros2_ws/install/hexapod_bringup/share/hexapod_bringup/local_setup.sh
-- Up-to-date: /home/hexapod/ros2_ws/install/hexapod_bringup/share/hexapod_bringup/local_setup.zsh
-- Up-to-date: /home/hexapod/ros2_ws/install/hexapod_bringup/share/hexapod_bringup/local_setup.dsv
-- Installing: /home/hexapod/ros2_ws/install/hexapod_bringup/share/hexapod_bringup/package.dsv
-- Up-to-date: /home/hexapod/ros2_ws/install/hexapod_bringup/share/ament_index/resource_index/packages/hexapod_bringup
-- Up-to-date: /home/hexapod/ros2_ws/install/hexapod_bringup/share/hexapod_bringup/cmake/hexapod_bringupConfig.cmake
-- Up-to-date: /home/hexapod/ros2_ws/install/hexapod_bringup/share/hexapod_bringup/cmake/hexapod_bringupConfig-version.cmake
-- Up-to-date: /home/hexapod/ros2_ws/install/hexapod_bringup/share/hexapod_bringup/package.xml
