[0.033s] Invoking command in '/home/hexapod/ros2_ws/build/hexapod_teleop': AMENT_PREFIX_PATH=/home/hexapod/ros2_ws/install/hexapod_custom_msgs:${AMENT_PREFIX_PATH} CMAKE_PREFIX_PATH=/home/hexapod/ros2_ws/install/hexapod_custom_msgs:/home/hexapod/ros2_ws/install/hexapod_control:/home/hexapod/ros2_ws/install/hexapod_teleop:/home/hexapod/ros2_ws/install/hexapod_hardware:/home/hexapod/ros2_ws/install/hexapod_description:/home/hexapod/ros2_ws/install/hexapod_core:/opt/ros/jazzy LD_LIBRARY_PATH=/home/hexapod/ros2_ws/install/hexapod_custom_msgs/lib:${LD_LIBRARY_PATH} PYTHONPATH=/home/hexapod/ros2_ws/install/hexapod_custom_msgs/lib/python3.12/site-packages:${PYTHONPATH} /usr/bin/cmake /home/hexapod/ros2_ws/src/hexapod_teleop -DAMENT_CMAKE_SYMLINK_INSTALL=1 -DCMAKE_INSTALL_PREFIX=/home/hexapod/ros2_ws/install/hexapod_teleop
[0.170s] -- The C compiler identification is GNU 13.3.0
[0.312s] -- The CXX compiler identification is GNU 13.3.0
[0.349s] -- Detecting C compiler ABI info
[0.600s] -- Detecting C compiler ABI info - done
[0.621s] -- Check for working C compiler: /usr/bin/cc - skipped
[0.621s] -- Detecting C compile features
[0.622s] -- Detecting C compile features - done
[0.649s] -- Detecting CXX compiler ABI info
[0.904s] -- Detecting CXX compiler ABI info - done
[0.922s] -- Check for working CXX compiler: /usr/bin/c++ - skipped
[0.922s] -- Detecting CXX compile features
[0.923s] -- Detecting CXX compile features - done
[0.925s] -- Found ament_cmake: 2.5.6 (/opt/ros/jazzy/share/ament_cmake/cmake)
[1.284s] -- Found Python3: /usr/bin/python3 (found version "3.12.3") found components: Interpreter 
[1.440s] -- Override CMake install command with custom implementation using symlinks instead of copying resources
[1.478s] -- Found rclcpp: 28.1.21 (/opt/ros/jazzy/share/rclcpp/cmake)
[1.522s] -- Found rosidl_generator_c: 4.6.9 (/opt/ros/jazzy/share/rosidl_generator_c/cmake)
[1.547s] -- Found rosidl_generator_cpp: 4.6.9 (/opt/ros/jazzy/share/rosidl_generator_cpp/cmake)
[1.573s] -- Using all available rosidl_typesupport_c: rosidl_typesupport_fastrtps_c;rosidl_typesupport_introspection_c
[1.599s] -- Using all available rosidl_typesupport_cpp: rosidl_typesupport_fastrtps_cpp;rosidl_typesupport_introspection_cpp
[1.703s] -- Found rmw_implementation_cmake: 7.3.3 (/opt/ros/jazzy/share/rmw_implementation_cmake/cmake)
[1.707s] -- Found rmw_fastrtps_cpp: 8.4.4 (/opt/ros/jazzy/share/rmw_fastrtps_cpp/cmake)
[1.851s] -- Found OpenSSL: /usr/lib/aarch64-linux-gnu/libcrypto.so (found version "3.0.13")  
[1.874s] -- Found FastRTPS: /opt/ros/jazzy/include (Required is at least version "2.13") 
[1.913s] -- Using RMW implementation 'rmw_fastrtps_cpp' as default
[2.018s] -- Found geometry_msgs: 5.3.8 (/opt/ros/jazzy/share/geometry_msgs/cmake)
[2.073s] -- Found tf2: 0.36.21 (/opt/ros/jazzy/share/tf2/cmake)
[2.082s] -- Found hexapod_custom_msgs: 0.0.1 (/home/hexapod/ros2_ws/install/hexapod_custom_msgs/share/hexapod_custom_msgs/cmake)
[2.106s] -- Found ament_lint_auto: 0.17.5 (/opt/ros/jazzy/share/ament_lint_auto/cmake)
[2.339s] -- Added test 'cppcheck' to perform static code analysis on C / C++ code
[2.340s] -- Configured cppcheck include dirs: $<BUILD_INTERFACE:/home/hexapod/ros2_ws/src/hexapod_teleop/include>
[2.340s] -- Configured cppcheck exclude dirs and/or files: 
[2.341s] -- Added test 'flake8' to check Python code syntax and style conventions
[2.341s] -- Configured 'flake8' exclude dirs and/or files: 
[2.342s] -- Added test 'lint_cmake' to check CMake code style
[2.343s] -- Added test 'pep257' to check Python code against some of the docstring style conventions in PEP 257
[2.345s] -- Added test 'uncrustify' to check C / C++ code style
[2.345s] -- Configured uncrustify additional arguments: 
[2.346s] -- Added test 'xmllint' to check XML markup files
[2.349s] -- Configuring done (2.3s)
[2.388s] -- Generating done (0.0s)
[2.400s] -- Build files have been written to: /home/hexapod/ros2_ws/build/hexapod_teleop
[2.425s] Invoked command in '/home/hexapod/ros2_ws/build/hexapod_teleop' returned '0': AMENT_PREFIX_PATH=/home/hexapod/ros2_ws/install/hexapod_custom_msgs:${AMENT_PREFIX_PATH} CMAKE_PREFIX_PATH=/home/hexapod/ros2_ws/install/hexapod_custom_msgs:/home/hexapod/ros2_ws/install/hexapod_control:/home/hexapod/ros2_ws/install/hexapod_teleop:/home/hexapod/ros2_ws/install/hexapod_hardware:/home/hexapod/ros2_ws/install/hexapod_description:/home/hexapod/ros2_ws/install/hexapod_core:/opt/ros/jazzy LD_LIBRARY_PATH=/home/hexapod/ros2_ws/install/hexapod_custom_msgs/lib:${LD_LIBRARY_PATH} PYTHONPATH=/home/hexapod/ros2_ws/install/hexapod_custom_msgs/lib/python3.12/site-packages:${PYTHONPATH} /usr/bin/cmake /home/hexapod/ros2_ws/src/hexapod_teleop -DAMENT_CMAKE_SYMLINK_INSTALL=1 -DCMAKE_INSTALL_PREFIX=/home/hexapod/ros2_ws/install/hexapod_teleop
[2.426s] Invoking command in '/home/hexapod/ros2_ws/build/hexapod_teleop': AMENT_PREFIX_PATH=/home/hexapod/ros2_ws/install/hexapod_custom_msgs:${AMENT_PREFIX_PATH} CMAKE_PREFIX_PATH=/home/hexapod/ros2_ws/install/hexapod_custom_msgs:/home/hexapod/ros2_ws/install/hexapod_control:/home/hexapod/ros2_ws/install/hexapod_teleop:/home/hexapod/ros2_ws/install/hexapod_hardware:/home/hexapod/ros2_ws/install/hexapod_description:/home/hexapod/ros2_ws/install/hexapod_core:/opt/ros/jazzy LD_LIBRARY_PATH=/home/hexapod/ros2_ws/install/hexapod_custom_msgs/lib:${LD_LIBRARY_PATH} PYTHONPATH=/home/hexapod/ros2_ws/install/hexapod_custom_msgs/lib/python3.12/site-packages:${PYTHONPATH} /usr/bin/cmake --build /home/hexapod/ros2_ws/build/hexapod_teleop -- -j4 -l4
[2.533s] [ 33%] [32mBuilding CXX object CMakeFiles/bluetooth_teleop_node.dir/src/main.cpp.o[0m
[2.534s] [ 66%] [32mBuilding CXX object CMakeFiles/bluetooth_teleop_node.dir/src/bluetooth_teleop_node.cpp.o[0m
[3.429s] [01m[K/home/hexapod/ros2_ws/src/hexapod_teleop/src/bluetooth_teleop_node.cpp:10:10:[m[K [01;31m[Kfatal error: [m[Khexapod_interfaces/msg/teleop_event.hpp: No such file or directory
[3.429s]    10 | #include [01;31m[K"hexapod_interfaces/msg/teleop_event.hpp"[m[K
[3.429s]       |          [01;31m[K^~~~~~~~~~~~~~~~~~~~~~~~~~~~~~~~~~~~~~~~~[m[K
[3.430s] compilation terminated.
[3.439s] gmake[2]: *** [CMakeFiles/bluetooth_teleop_node.dir/build.make:90: CMakeFiles/bluetooth_teleop_node.dir/src/bluetooth_teleop_node.cpp.o] Error 1
[3.439s] gmake[2]: *** Waiting for unfinished jobs....
[9.516s] gmake[1]: *** [CMakeFiles/Makefile2:137: CMakeFiles/bluetooth_teleop_node.dir/all] Error 2
[9.517s] gmake: *** [Makefile:146: all] Error 2
[9.523s] Invoked command in '/home/hexapod/ros2_ws/build/hexapod_teleop' returned '2': AMENT_PREFIX_PATH=/home/hexapod/ros2_ws/install/hexapod_custom_msgs:${AMENT_PREFIX_PATH} CMAKE_PREFIX_PATH=/home/hexapod/ros2_ws/install/hexapod_custom_msgs:/home/hexapod/ros2_ws/install/hexapod_control:/home/hexapod/ros2_ws/install/hexapod_teleop:/home/hexapod/ros2_ws/install/hexapod_hardware:/home/hexapod/ros2_ws/install/hexapod_description:/home/hexapod/ros2_ws/install/hexapod_core:/opt/ros/jazzy LD_LIBRARY_PATH=/home/hexapod/ros2_ws/install/hexapod_custom_msgs/lib:${LD_LIBRARY_PATH} PYTHONPATH=/home/hexapod/ros2_ws/install/hexapod_custom_msgs/lib/python3.12/site-packages:${PYTHONPATH} /usr/bin/cmake --build /home/hexapod/ros2_ws/build/hexapod_teleop -- -j4 -l4
