[0.030s] Invoking command in '/home/hexapod/ros2_ws/build/hexapod_description': CMAKE_PREFIX_PATH=${CMAKE_PREFIX_PATH}:/opt/ros/jazzy /usr/bin/cmake --build /home/hexapod/ros2_ws/build/hexapod_description -- -j4 -l4
[0.184s] Invoked command in '/home/hexapod/ros2_ws/build/hexapod_description' returned '0': CMAKE_PREFIX_PATH=${CMAKE_PREFIX_PATH}:/opt/ros/jazzy /usr/bin/cmake --build /home/hexapod/ros2_ws/build/hexapod_description -- -j4 -l4
[0.225s] Invoking command in '/home/hexapod/ros2_ws/build/hexapod_description': CMAKE_PREFIX_PATH=${CMAKE_PREFIX_PATH}:/opt/ros/jazzy /usr/bin/cmake --install /home/hexapod/ros2_ws/build/hexapod_description
[0.257s] -- Install configuration: ""
[0.259s] -- Execute custom install script
[0.261s] -- Up-to-date symlink: /home/hexapod/ros2_ws/install/hexapod_description/share/hexapod_description/urdf/hexapod.urdf.xacro
[0.261s] -- Up-to-date symlink: /home/hexapod/ros2_ws/install/hexapod_description/share/hexapod_description/launch/display.launch.py
[0.264s] -- Up-to-date symlink: /home/hexapod/ros2_ws/install/hexapod_description/share/ament_index/resource_index/package_run_dependencies/hexapod_description
[0.264s] -- Up-to-date symlink: /home/hexapod/ros2_ws/install/hexapod_description/share/ament_index/resource_index/parent_prefix_path/hexapod_description
[0.265s] -- Up-to-date symlink: /home/hexapod/ros2_ws/install/hexapod_description/share/hexapod_description/environment/ament_prefix_path.sh
[0.266s] -- Up-to-date symlink: /home/hexapod/ros2_ws/install/hexapod_description/share/hexapod_description/environment/ament_prefix_path.dsv
[0.268s] -- Up-to-date symlink: /home/hexapod/ros2_ws/install/hexapod_description/share/hexapod_description/environment/path.sh
[0.269s] -- Up-to-date symlink: /home/hexapod/ros2_ws/install/hexapod_description/share/hexapod_description/environment/path.dsv
[0.271s] -- Up-to-date symlink: /home/hexapod/ros2_ws/install/hexapod_description/share/hexapod_description/local_setup.bash
[0.272s] -- Up-to-date symlink: /home/hexapod/ros2_ws/install/hexapod_description/share/hexapod_description/local_setup.sh
[0.274s] -- Up-to-date symlink: /home/hexapod/ros2_ws/install/hexapod_description/share/hexapod_description/local_setup.zsh
[0.274s] -- Up-to-date symlink: /home/hexapod/ros2_ws/install/hexapod_description/share/hexapod_description/local_setup.dsv
[0.275s] -- Symlinking: /home/hexapod/ros2_ws/install/hexapod_description/share/hexapod_description/package.dsv
[0.314s] -- Up-to-date symlink: /home/hexapod/ros2_ws/install/hexapod_description/share/ament_index/resource_index/packages/hexapod_description
[0.314s] -- Up-to-date symlink: /home/hexapod/ros2_ws/install/hexapod_description/share/hexapod_description/cmake/hexapod_descriptionConfig.cmake
[0.321s] -- Up-to-date symlink: /home/hexapod/ros2_ws/install/hexapod_description/share/hexapod_description/cmake/hexapod_descriptionConfig-version.cmake
[0.324s] -- Up-to-date symlink: /home/hexapod/ros2_ws/install/hexapod_description/share/hexapod_description/package.xml
[0.351s] Invoked command in '/home/hexapod/ros2_ws/build/hexapod_description' returned '0': CMAKE_PREFIX_PATH=${CMAKE_PREFIX_PATH}:/opt/ros/jazzy /usr/bin/cmake --install /home/hexapod/ros2_ws/build/hexapod_description
