[0.036s] Invoking command in '/home/hexapod/ros2_ws/build/hexapod_teleop': AMENT_PREFIX_PATH=/home/hexapod/ros2_ws/install/hexapod_custom_msgs:${AMENT_PREFIX_PATH} CMAKE_PREFIX_PATH=/home/hexapod/ros2_ws/install/hexapod_custom_msgs:/home/hexapod/ros2_ws/install/hexapod_control:/home/hexapod/ros2_ws/install/hexapod_teleop:/home/hexapod/ros2_ws/install/hexapod_hardware:/home/hexapod/ros2_ws/install/hexapod_description:/home/hexapod/ros2_ws/install/hexapod_core:/opt/ros/jazzy LD_LIBRARY_PATH=/home/hexapod/ros2_ws/install/hexapod_custom_msgs/lib:${LD_LIBRARY_PATH} PYTHONPATH=/home/hexapod/ros2_ws/install/hexapod_custom_msgs/lib/python3.12/site-packages:${PYTHONPATH} /usr/bin/cmake --build /home/hexapod/ros2_ws/build/hexapod_teleop -- -j4 -l4
[0.282s] [100%] Built target bluetooth_teleop_node
[0.393s] Invoked command in '/home/hexapod/ros2_ws/build/hexapod_teleop' returned '0': AMENT_PREFIX_PATH=/home/hexapod/ros2_ws/install/hexapod_custom_msgs:${AMENT_PREFIX_PATH} CMAKE_PREFIX_PATH=/home/hexapod/ros2_ws/install/hexapod_custom_msgs:/home/hexapod/ros2_ws/install/hexapod_control:/home/hexapod/ros2_ws/install/hexapod_teleop:/home/hexapod/ros2_ws/install/hexapod_hardware:/home/hexapod/ros2_ws/install/hexapod_description:/home/hexapod/ros2_ws/install/hexapod_core:/opt/ros/jazzy LD_LIBRARY_PATH=/home/hexapod/ros2_ws/install/hexapod_custom_msgs/lib:${LD_LIBRARY_PATH} PYTHONPATH=/home/hexapod/ros2_ws/install/hexapod_custom_msgs/lib/python3.12/site-packages:${PYTHONPATH} /usr/bin/cmake --build /home/hexapod/ros2_ws/build/hexapod_teleop -- -j4 -l4
[0.393s] Invoking command in '/home/hexapod/ros2_ws/build/hexapod_teleop': AMENT_PREFIX_PATH=/home/hexapod/ros2_ws/install/hexapod_custom_msgs:${AMENT_PREFIX_PATH} CMAKE_PREFIX_PATH=/home/hexapod/ros2_ws/install/hexapod_custom_msgs:/home/hexapod/ros2_ws/install/hexapod_control:/home/hexapod/ros2_ws/install/hexapod_teleop:/home/hexapod/ros2_ws/install/hexapod_hardware:/home/hexapod/ros2_ws/install/hexapod_description:/home/hexapod/ros2_ws/install/hexapod_core:/opt/ros/jazzy LD_LIBRARY_PATH=/home/hexapod/ros2_ws/install/hexapod_custom_msgs/lib:${LD_LIBRARY_PATH} PYTHONPATH=/home/hexapod/ros2_ws/install/hexapod_custom_msgs/lib/python3.12/site-packages:${PYTHONPATH} /usr/bin/cmake --install /home/hexapod/ros2_ws/build/hexapod_teleop
[0.413s] -- Install configuration: ""
[0.414s] -- Execute custom install script
[0.414s] -- Up-to-date symlink: /home/hexapod/ros2_ws/install/hexapod_teleop/lib/hexapod_teleop/bluetooth_teleop_node
[0.414s] -- Up-to-date symlink: /home/hexapod/ros2_ws/install/hexapod_teleop/share/hexapod_teleop/launch/hexapod_teleop.launch.py
[0.415s] -- Up-to-date symlink: /home/hexapod/ros2_ws/install/hexapod_teleop/share/ament_index/resource_index/package_run_dependencies/hexapod_teleop
[0.416s] -- Up-to-date symlink: /home/hexapod/ros2_ws/install/hexapod_teleop/share/ament_index/resource_index/parent_prefix_path/hexapod_teleop
[0.416s] -- Up-to-date symlink: /home/hexapod/ros2_ws/install/hexapod_teleop/share/hexapod_teleop/environment/ament_prefix_path.sh
[0.418s] -- Up-to-date symlink: /home/hexapod/ros2_ws/install/hexapod_teleop/share/hexapod_teleop/environment/ament_prefix_path.dsv
[0.419s] -- Up-to-date symlink: /home/hexapod/ros2_ws/install/hexapod_teleop/share/hexapod_teleop/environment/path.sh
[0.419s] -- Up-to-date symlink: /home/hexapod/ros2_ws/install/hexapod_teleop/share/hexapod_teleop/environment/path.dsv
[0.419s] -- Up-to-date symlink: /home/hexapod/ros2_ws/install/hexapod_teleop/share/hexapod_teleop/local_setup.bash
[0.419s] -- Up-to-date symlink: /home/hexapod/ros2_ws/install/hexapod_teleop/share/hexapod_teleop/local_setup.sh
[0.421s] -- Up-to-date symlink: /home/hexapod/ros2_ws/install/hexapod_teleop/share/hexapod_teleop/local_setup.zsh
[0.422s] -- Up-to-date symlink: /home/hexapod/ros2_ws/install/hexapod_teleop/share/hexapod_teleop/local_setup.dsv
[0.422s] -- Symlinking: /home/hexapod/ros2_ws/install/hexapod_teleop/share/hexapod_teleop/package.dsv
[0.445s] -- Up-to-date symlink: /home/hexapod/ros2_ws/install/hexapod_teleop/share/ament_index/resource_index/packages/hexapod_teleop
[0.446s] -- Up-to-date symlink: /home/hexapod/ros2_ws/install/hexapod_teleop/share/hexapod_teleop/cmake/hexapod_teleopConfig.cmake
[0.446s] -- Up-to-date symlink: /home/hexapod/ros2_ws/install/hexapod_teleop/share/hexapod_teleop/cmake/hexapod_teleopConfig-version.cmake
[0.446s] -- Up-to-date symlink: /home/hexapod/ros2_ws/install/hexapod_teleop/share/hexapod_teleop/package.xml
[0.456s] Invoked command in '/home/hexapod/ros2_ws/build/hexapod_teleop' returned '0': AMENT_PREFIX_PATH=/home/hexapod/ros2_ws/install/hexapod_custom_msgs:${AMENT_PREFIX_PATH} CMAKE_PREFIX_PATH=/home/hexapod/ros2_ws/install/hexapod_custom_msgs:/home/hexapod/ros2_ws/install/hexapod_control:/home/hexapod/ros2_ws/install/hexapod_teleop:/home/hexapod/ros2_ws/install/hexapod_hardware:/home/hexapod/ros2_ws/install/hexapod_description:/home/hexapod/ros2_ws/install/hexapod_core:/opt/ros/jazzy LD_LIBRARY_PATH=/home/hexapod/ros2_ws/install/hexapod_custom_msgs/lib:${LD_LIBRARY_PATH} PYTHONPATH=/home/hexapod/ros2_ws/install/hexapod_custom_msgs/lib/python3.12/site-packages:${PYTHONPATH} /usr/bin/cmake --install /home/hexapod/ros2_ws/build/hexapod_teleop
