[0.174s] DEBUG:colcon:Command line arguments: ['/usr/bin/colcon', 'build']
[0.174s] DEBUG:colcon:Parsed command line arguments: Namespace(log_base=None, log_level=None, verb_name='build', build_base='build', install_base='install', merge_install=False, symlink_install=False, test_result_base=None, continue_on_error=False, executor='parallel', parallel_workers=4, event_handlers=None, ignore_user_meta=False, metas=['./colcon.meta'], base_paths=['.'], packages_ignore=None, packages_ignore_regex=None, paths=None, packages_up_to=None, packages_up_to_regex=None, packages_above=None, packages_above_and_dependencies=None, packages_above_depth=None, packages_select_by_dep=None, packages_skip_by_dep=None, packages_skip_up_to=None, packages_select_build_failed=False, packages_skip_build_finished=False, packages_select_test_failures=False, packages_skip_test_passed=False, packages_select=None, packages_skip=None, packages_select_regex=None, packages_skip_regex=None, packages_start=None, packages_end=None, cmake_args=None, cmake_target=None, cmake_target_skip_unavailable=False, cmake_clean_cache=False, cmake_clean_first=False, cmake_force_configure=False, ament_cmake_args=None, catkin_cmake_args=None, catkin_skip_building_tests=False, verb_parser=<colcon_defaults.argument_parser.defaults.DefaultArgumentsDecorator object at 0xffff9fe6b3b0>, verb_extension=<colcon_core.verb.build.BuildVerb object at 0xffff9fe6b410>, main=<bound method BuildVerb.main of <colcon_core.verb.build.BuildVerb object at 0xffff9fe6b410>>)
[0.245s] Level 1:colcon.colcon_core.package_discovery:discover_packages(colcon_meta) check parameters
[0.245s] Level 1:colcon.colcon_core.package_discovery:discover_packages(recursive) check parameters
[0.245s] Level 1:colcon.colcon_core.package_discovery:discover_packages(ignore) check parameters
[0.245s] Level 1:colcon.colcon_core.package_discovery:discover_packages(path) check parameters
[0.245s] Level 1:colcon.colcon_core.package_discovery:discover_packages(colcon_meta) discover
[0.245s] Level 1:colcon.colcon_core.package_discovery:discover_packages(recursive) discover
[0.245s] INFO:colcon.colcon_core.package_discovery:Crawling recursively for packages in '/home/hexapod/ros2_ws'
[0.246s] Level 1:colcon.colcon_core.package_identification:_identify(.) by extensions ['ignore', 'ignore_ament_install']
[0.246s] Level 1:colcon.colcon_core.package_identification:_identify(.) by extension 'ignore'
[0.246s] Level 1:colcon.colcon_core.package_identification:_identify(.) by extension 'ignore_ament_install'
[0.246s] Level 1:colcon.colcon_core.package_identification:_identify(.) by extensions ['colcon_pkg']
[0.246s] Level 1:colcon.colcon_core.package_identification:_identify(.) by extension 'colcon_pkg'
[0.246s] Level 1:colcon.colcon_core.package_identification:_identify(.) by extensions ['colcon_meta']
[0.246s] Level 1:colcon.colcon_core.package_identification:_identify(.) by extension 'colcon_meta'
[0.246s] Level 1:colcon.colcon_core.package_identification:_identify(.) by extensions ['ros']
[0.246s] Level 1:colcon.colcon_core.package_identification:_identify(.) by extension 'ros'
[0.290s] Level 1:colcon.colcon_core.package_identification:_identify(.) by extensions ['cmake', 'python']
[0.291s] Level 1:colcon.colcon_core.package_identification:_identify(.) by extension 'cmake'
[0.291s] Level 1:colcon.colcon_core.package_identification:_identify(.) by extension 'python'
[0.291s] Level 1:colcon.colcon_core.package_identification:_identify(.) by extensions ['python_setup_py']
[0.291s] Level 1:colcon.colcon_core.package_identification:_identify(.) by extension 'python_setup_py'
[0.291s] Level 1:colcon.colcon_core.package_identification:_identify(build) by extensions ['ignore', 'ignore_ament_install']
[0.291s] Level 1:colcon.colcon_core.package_identification:_identify(build) by extension 'ignore'
[0.291s] Level 1:colcon.colcon_core.package_identification:_identify(build) ignored
[0.291s] Level 1:colcon.colcon_core.package_identification:_identify(install) by extensions ['ignore', 'ignore_ament_install']
[0.292s] Level 1:colcon.colcon_core.package_identification:_identify(install) by extension 'ignore'
[0.292s] Level 1:colcon.colcon_core.package_identification:_identify(install) ignored
[0.292s] Level 1:colcon.colcon_core.package_identification:_identify(log) by extensions ['ignore', 'ignore_ament_install']
[0.292s] Level 1:colcon.colcon_core.package_identification:_identify(log) by extension 'ignore'
[0.292s] Level 1:colcon.colcon_core.package_identification:_identify(log) ignored
[0.292s] Level 1:colcon.colcon_core.package_identification:_identify(src) by extensions ['ignore', 'ignore_ament_install']
[0.292s] Level 1:colcon.colcon_core.package_identification:_identify(src) by extension 'ignore'
[0.292s] Level 1:colcon.colcon_core.package_identification:_identify(src) by extension 'ignore_ament_install'
[0.292s] Level 1:colcon.colcon_core.package_identification:_identify(src) by extensions ['colcon_pkg']
[0.292s] Level 1:colcon.colcon_core.package_identification:_identify(src) by extension 'colcon_pkg'
[0.292s] Level 1:colcon.colcon_core.package_identification:_identify(src) by extensions ['colcon_meta']
[0.292s] Level 1:colcon.colcon_core.package_identification:_identify(src) by extension 'colcon_meta'
[0.293s] Level 1:colcon.colcon_core.package_identification:_identify(src) by extensions ['ros']
[0.293s] Level 1:colcon.colcon_core.package_identification:_identify(src) by extension 'ros'
[0.293s] Level 1:colcon.colcon_core.package_identification:_identify(src) by extensions ['cmake', 'python']
[0.293s] Level 1:colcon.colcon_core.package_identification:_identify(src) by extension 'cmake'
[0.293s] Level 1:colcon.colcon_core.package_identification:_identify(src) by extension 'python'
[0.293s] Level 1:colcon.colcon_core.package_identification:_identify(src) by extensions ['python_setup_py']
[0.293s] Level 1:colcon.colcon_core.package_identification:_identify(src) by extension 'python_setup_py'
[0.293s] Level 1:colcon.colcon_core.package_identification:_identify(src/hexapod_bringup) by extensions ['ignore', 'ignore_ament_install']
[0.293s] Level 1:colcon.colcon_core.package_identification:_identify(src/hexapod_bringup) by extension 'ignore'
[0.293s] Level 1:colcon.colcon_core.package_identification:_identify(src/hexapod_bringup) by extension 'ignore_ament_install'
[0.293s] Level 1:colcon.colcon_core.package_identification:_identify(src/hexapod_bringup) by extensions ['colcon_pkg']
[0.293s] Level 1:colcon.colcon_core.package_identification:_identify(src/hexapod_bringup) by extension 'colcon_pkg'
[0.293s] Level 1:colcon.colcon_core.package_identification:_identify(src/hexapod_bringup) by extensions ['colcon_meta']
[0.293s] Level 1:colcon.colcon_core.package_identification:_identify(src/hexapod_bringup) by extension 'colcon_meta'
[0.293s] Level 1:colcon.colcon_core.package_identification:_identify(src/hexapod_bringup) by extensions ['ros']
[0.293s] Level 1:colcon.colcon_core.package_identification:_identify(src/hexapod_bringup) by extension 'ros'
[0.297s] DEBUG:colcon.colcon_core.package_identification:Package 'src/hexapod_bringup' with type 'ros.ament_cmake' and name 'hexapod_bringup'
[0.298s] Level 1:colcon.colcon_core.package_identification:_identify(src/hexapod_control) by extensions ['ignore', 'ignore_ament_install']
[0.298s] Level 1:colcon.colcon_core.package_identification:_identify(src/hexapod_control) by extension 'ignore'
[0.298s] Level 1:colcon.colcon_core.package_identification:_identify(src/hexapod_control) by extension 'ignore_ament_install'
[0.298s] Level 1:colcon.colcon_core.package_identification:_identify(src/hexapod_control) by extensions ['colcon_pkg']
[0.298s] Level 1:colcon.colcon_core.package_identification:_identify(src/hexapod_control) by extension 'colcon_pkg'
[0.298s] Level 1:colcon.colcon_core.package_identification:_identify(src/hexapod_control) by extensions ['colcon_meta']
[0.298s] Level 1:colcon.colcon_core.package_identification:_identify(src/hexapod_control) by extension 'colcon_meta'
[0.298s] Level 1:colcon.colcon_core.package_identification:_identify(src/hexapod_control) by extensions ['ros']
[0.298s] Level 1:colcon.colcon_core.package_identification:_identify(src/hexapod_control) by extension 'ros'
[0.299s] DEBUG:colcon.colcon_core.package_identification:Package 'src/hexapod_control' with type 'ros.ament_cmake' and name 'hexapod_control'
[0.300s] Level 1:colcon.colcon_core.package_identification:_identify(src/hexapod_custom_msgs) by extensions ['ignore', 'ignore_ament_install']
[0.300s] Level 1:colcon.colcon_core.package_identification:_identify(src/hexapod_custom_msgs) by extension 'ignore'
[0.300s] Level 1:colcon.colcon_core.package_identification:_identify(src/hexapod_custom_msgs) by extension 'ignore_ament_install'
[0.300s] Level 1:colcon.colcon_core.package_identification:_identify(src/hexapod_custom_msgs) by extensions ['colcon_pkg']
[0.300s] Level 1:colcon.colcon_core.package_identification:_identify(src/hexapod_custom_msgs) by extension 'colcon_pkg'
[0.300s] Level 1:colcon.colcon_core.package_identification:_identify(src/hexapod_custom_msgs) by extensions ['colcon_meta']
[0.300s] Level 1:colcon.colcon_core.package_identification:_identify(src/hexapod_custom_msgs) by extension 'colcon_meta'
[0.300s] Level 1:colcon.colcon_core.package_identification:_identify(src/hexapod_custom_msgs) by extensions ['ros']
[0.300s] Level 1:colcon.colcon_core.package_identification:_identify(src/hexapod_custom_msgs) by extension 'ros'
[0.301s] DEBUG:colcon.colcon_core.package_identification:Package 'src/hexapod_custom_msgs' with type 'ros.ament_cmake' and name 'hexapod_custom_msgs'
[0.301s] Level 1:colcon.colcon_core.package_identification:_identify(src/hexapod_description) by extensions ['ignore', 'ignore_ament_install']
[0.301s] Level 1:colcon.colcon_core.package_identification:_identify(src/hexapod_description) by extension 'ignore'
[0.301s] Level 1:colcon.colcon_core.package_identification:_identify(src/hexapod_description) by extension 'ignore_ament_install'
[0.301s] Level 1:colcon.colcon_core.package_identification:_identify(src/hexapod_description) by extensions ['colcon_pkg']
[0.301s] Level 1:colcon.colcon_core.package_identification:_identify(src/hexapod_description) by extension 'colcon_pkg'
[0.302s] Level 1:colcon.colcon_core.package_identification:_identify(src/hexapod_description) by extensions ['colcon_meta']
[0.302s] Level 1:colcon.colcon_core.package_identification:_identify(src/hexapod_description) by extension 'colcon_meta'
[0.302s] Level 1:colcon.colcon_core.package_identification:_identify(src/hexapod_description) by extensions ['ros']
[0.302s] Level 1:colcon.colcon_core.package_identification:_identify(src/hexapod_description) by extension 'ros'
[0.302s] DEBUG:colcon.colcon_core.package_identification:Package 'src/hexapod_description' with type 'ros.ament_cmake' and name 'hexapod_description'
[0.302s] Level 1:colcon.colcon_core.package_identification:_identify(src/hexapod_hardware) by extensions ['ignore', 'ignore_ament_install']
[0.303s] Level 1:colcon.colcon_core.package_identification:_identify(src/hexapod_hardware) by extension 'ignore'
[0.303s] Level 1:colcon.colcon_core.package_identification:_identify(src/hexapod_hardware) by extension 'ignore_ament_install'
[0.303s] Level 1:colcon.colcon_core.package_identification:_identify(src/hexapod_hardware) by extensions ['colcon_pkg']
[0.303s] Level 1:colcon.colcon_core.package_identification:_identify(src/hexapod_hardware) by extension 'colcon_pkg'
[0.303s] Level 1:colcon.colcon_core.package_identification:_identify(src/hexapod_hardware) by extensions ['colcon_meta']
[0.303s] Level 1:colcon.colcon_core.package_identification:_identify(src/hexapod_hardware) by extension 'colcon_meta'
[0.303s] Level 1:colcon.colcon_core.package_identification:_identify(src/hexapod_hardware) by extensions ['ros']
[0.303s] Level 1:colcon.colcon_core.package_identification:_identify(src/hexapod_hardware) by extension 'ros'
[0.306s] DEBUG:colcon.colcon_core.package_identification:Package 'src/hexapod_hardware' with type 'ros.ament_cmake' and name 'hexapod_hardware'
[0.306s] Level 1:colcon.colcon_core.package_identification:_identify(src/hexapod_teleop) by extensions ['ignore', 'ignore_ament_install']
[0.306s] Level 1:colcon.colcon_core.package_identification:_identify(src/hexapod_teleop) by extension 'ignore'
[0.307s] Level 1:colcon.colcon_core.package_identification:_identify(src/hexapod_teleop) by extension 'ignore_ament_install'
[0.307s] Level 1:colcon.colcon_core.package_identification:_identify(src/hexapod_teleop) by extensions ['colcon_pkg']
[0.307s] Level 1:colcon.colcon_core.package_identification:_identify(src/hexapod_teleop) by extension 'colcon_pkg'
[0.307s] Level 1:colcon.colcon_core.package_identification:_identify(src/hexapod_teleop) by extensions ['colcon_meta']
[0.307s] Level 1:colcon.colcon_core.package_identification:_identify(src/hexapod_teleop) by extension 'colcon_meta'
[0.307s] Level 1:colcon.colcon_core.package_identification:_identify(src/hexapod_teleop) by extensions ['ros']
[0.307s] Level 1:colcon.colcon_core.package_identification:_identify(src/hexapod_teleop) by extension 'ros'
[0.308s] DEBUG:colcon.colcon_core.package_identification:Package 'src/hexapod_teleop' with type 'ros.ament_cmake' and name 'hexapod_teleop'
[0.308s] Level 1:colcon.colcon_core.package_discovery:discover_packages(recursive) using defaults
[0.308s] Level 1:colcon.colcon_core.package_discovery:discover_packages(ignore) discover
[0.308s] Level 1:colcon.colcon_core.package_discovery:discover_packages(ignore) using defaults
[0.308s] Level 1:colcon.colcon_core.package_discovery:discover_packages(path) discover
[0.308s] Level 1:colcon.colcon_core.package_discovery:discover_packages(path) using defaults
[0.337s] Level 5:colcon.colcon_core.verb:set package 'hexapod_custom_msgs' build argument 'cmake_args' from command line to 'None'
[0.337s] Level 5:colcon.colcon_core.verb:set package 'hexapod_custom_msgs' build argument 'cmake_target' from command line to 'None'
[0.337s] Level 5:colcon.colcon_core.verb:set package 'hexapod_custom_msgs' build argument 'cmake_target_skip_unavailable' from command line to 'False'
[0.337s] Level 5:colcon.colcon_core.verb:set package 'hexapod_custom_msgs' build argument 'cmake_clean_cache' from command line to 'False'
[0.337s] Level 5:colcon.colcon_core.verb:set package 'hexapod_custom_msgs' build argument 'cmake_clean_first' from command line to 'False'
[0.337s] Level 5:colcon.colcon_core.verb:set package 'hexapod_custom_msgs' build argument 'cmake_force_configure' from command line to 'False'
[0.337s] Level 5:colcon.colcon_core.verb:set package 'hexapod_custom_msgs' build argument 'ament_cmake_args' from command line to 'None'
[0.337s] Level 5:colcon.colcon_core.verb:set package 'hexapod_custom_msgs' build argument 'catkin_cmake_args' from command line to 'None'
[0.337s] Level 5:colcon.colcon_core.verb:set package 'hexapod_custom_msgs' build argument 'catkin_skip_building_tests' from command line to 'False'
[0.337s] DEBUG:colcon.colcon_core.verb:Building package 'hexapod_custom_msgs' with the following arguments: {'ament_cmake_args': None, 'build_base': '/home/hexapod/ros2_ws/build/hexapod_custom_msgs', 'catkin_cmake_args': None, 'catkin_skip_building_tests': False, 'cmake_args': None, 'cmake_clean_cache': False, 'cmake_clean_first': False, 'cmake_force_configure': False, 'cmake_target': None, 'cmake_target_skip_unavailable': False, 'install_base': '/home/hexapod/ros2_ws/install/hexapod_custom_msgs', 'merge_install': False, 'path': '/home/hexapod/ros2_ws/src/hexapod_custom_msgs', 'symlink_install': False, 'test_result_base': None}
[0.338s] Level 5:colcon.colcon_core.verb:set package 'hexapod_description' build argument 'cmake_args' from command line to 'None'
[0.338s] Level 5:colcon.colcon_core.verb:set package 'hexapod_description' build argument 'cmake_target' from command line to 'None'
[0.338s] Level 5:colcon.colcon_core.verb:set package 'hexapod_description' build argument 'cmake_target_skip_unavailable' from command line to 'False'
[0.338s] Level 5:colcon.colcon_core.verb:set package 'hexapod_description' build argument 'cmake_clean_cache' from command line to 'False'
[0.338s] Level 5:colcon.colcon_core.verb:set package 'hexapod_description' build argument 'cmake_clean_first' from command line to 'False'
[0.338s] Level 5:colcon.colcon_core.verb:set package 'hexapod_description' build argument 'cmake_force_configure' from command line to 'False'
[0.338s] Level 5:colcon.colcon_core.verb:set package 'hexapod_description' build argument 'ament_cmake_args' from command line to 'None'
[0.338s] Level 5:colcon.colcon_core.verb:set package 'hexapod_description' build argument 'catkin_cmake_args' from command line to 'None'
[0.338s] Level 5:colcon.colcon_core.verb:set package 'hexapod_description' build argument 'catkin_skip_building_tests' from command line to 'False'
[0.338s] DEBUG:colcon.colcon_core.verb:Building package 'hexapod_description' with the following arguments: {'ament_cmake_args': None, 'build_base': '/home/hexapod/ros2_ws/build/hexapod_description', 'catkin_cmake_args': None, 'catkin_skip_building_tests': False, 'cmake_args': None, 'cmake_clean_cache': False, 'cmake_clean_first': False, 'cmake_force_configure': False, 'cmake_target': None, 'cmake_target_skip_unavailable': False, 'install_base': '/home/hexapod/ros2_ws/install/hexapod_description', 'merge_install': False, 'path': '/home/hexapod/ros2_ws/src/hexapod_description', 'symlink_install': False, 'test_result_base': None}
[0.339s] Level 5:colcon.colcon_core.verb:set package 'hexapod_control' build argument 'cmake_args' from command line to 'None'
[0.339s] Level 5:colcon.colcon_core.verb:set package 'hexapod_control' build argument 'cmake_target' from command line to 'None'
[0.339s] Level 5:colcon.colcon_core.verb:set package 'hexapod_control' build argument 'cmake_target_skip_unavailable' from command line to 'False'
[0.339s] Level 5:colcon.colcon_core.verb:set package 'hexapod_control' build argument 'cmake_clean_cache' from command line to 'False'
[0.339s] Level 5:colcon.colcon_core.verb:set package 'hexapod_control' build argument 'cmake_clean_first' from command line to 'False'
[0.339s] Level 5:colcon.colcon_core.verb:set package 'hexapod_control' build argument 'cmake_force_configure' from command line to 'False'
[0.339s] Level 5:colcon.colcon_core.verb:set package 'hexapod_control' build argument 'ament_cmake_args' from command line to 'None'
[0.339s] Level 5:colcon.colcon_core.verb:set package 'hexapod_control' build argument 'catkin_cmake_args' from command line to 'None'
[0.339s] Level 5:colcon.colcon_core.verb:set package 'hexapod_control' build argument 'catkin_skip_building_tests' from command line to 'False'
[0.339s] DEBUG:colcon.colcon_core.verb:Building package 'hexapod_control' with the following arguments: {'ament_cmake_args': None, 'build_base': '/home/hexapod/ros2_ws/build/hexapod_control', 'catkin_cmake_args': None, 'catkin_skip_building_tests': False, 'cmake_args': None, 'cmake_clean_cache': False, 'cmake_clean_first': False, 'cmake_force_configure': False, 'cmake_target': None, 'cmake_target_skip_unavailable': False, 'install_base': '/home/hexapod/ros2_ws/install/hexapod_control', 'merge_install': False, 'path': '/home/hexapod/ros2_ws/src/hexapod_control', 'symlink_install': False, 'test_result_base': None}
[0.339s] Level 5:colcon.colcon_core.verb:set package 'hexapod_hardware' build argument 'cmake_args' from command line to 'None'
[0.339s] Level 5:colcon.colcon_core.verb:set package 'hexapod_hardware' build argument 'cmake_target' from command line to 'None'
[0.339s] Level 5:colcon.colcon_core.verb:set package 'hexapod_hardware' build argument 'cmake_target_skip_unavailable' from command line to 'False'
[0.340s] Level 5:colcon.colcon_core.verb:set package 'hexapod_hardware' build argument 'cmake_clean_cache' from command line to 'False'
[0.340s] Level 5:colcon.colcon_core.verb:set package 'hexapod_hardware' build argument 'cmake_clean_first' from command line to 'False'
[0.340s] Level 5:colcon.colcon_core.verb:set package 'hexapod_hardware' build argument 'cmake_force_configure' from command line to 'False'
[0.340s] Level 5:colcon.colcon_core.verb:set package 'hexapod_hardware' build argument 'ament_cmake_args' from command line to 'None'
[0.340s] Level 5:colcon.colcon_core.verb:set package 'hexapod_hardware' build argument 'catkin_cmake_args' from command line to 'None'
[0.340s] Level 5:colcon.colcon_core.verb:set package 'hexapod_hardware' build argument 'catkin_skip_building_tests' from command line to 'False'
[0.340s] DEBUG:colcon.colcon_core.verb:Building package 'hexapod_hardware' with the following arguments: {'ament_cmake_args': None, 'build_base': '/home/hexapod/ros2_ws/build/hexapod_hardware', 'catkin_cmake_args': None, 'catkin_skip_building_tests': False, 'cmake_args': None, 'cmake_clean_cache': False, 'cmake_clean_first': False, 'cmake_force_configure': False, 'cmake_target': None, 'cmake_target_skip_unavailable': False, 'install_base': '/home/hexapod/ros2_ws/install/hexapod_hardware', 'merge_install': False, 'path': '/home/hexapod/ros2_ws/src/hexapod_hardware', 'symlink_install': False, 'test_result_base': None}
[0.340s] Level 5:colcon.colcon_core.verb:set package 'hexapod_teleop' build argument 'cmake_args' from command line to 'None'
[0.340s] Level 5:colcon.colcon_core.verb:set package 'hexapod_teleop' build argument 'cmake_target' from command line to 'None'
[0.340s] Level 5:colcon.colcon_core.verb:set package 'hexapod_teleop' build argument 'cmake_target_skip_unavailable' from command line to 'False'
[0.340s] Level 5:colcon.colcon_core.verb:set package 'hexapod_teleop' build argument 'cmake_clean_cache' from command line to 'False'
[0.340s] Level 5:colcon.colcon_core.verb:set package 'hexapod_teleop' build argument 'cmake_clean_first' from command line to 'False'
[0.340s] Level 5:colcon.colcon_core.verb:set package 'hexapod_teleop' build argument 'cmake_force_configure' from command line to 'False'
[0.340s] Level 5:colcon.colcon_core.verb:set package 'hexapod_teleop' build argument 'ament_cmake_args' from command line to 'None'
[0.340s] Level 5:colcon.colcon_core.verb:set package 'hexapod_teleop' build argument 'catkin_cmake_args' from command line to 'None'
[0.340s] Level 5:colcon.colcon_core.verb:set package 'hexapod_teleop' build argument 'catkin_skip_building_tests' from command line to 'False'
[0.340s] DEBUG:colcon.colcon_core.verb:Building package 'hexapod_teleop' with the following arguments: {'ament_cmake_args': None, 'build_base': '/home/hexapod/ros2_ws/build/hexapod_teleop', 'catkin_cmake_args': None, 'catkin_skip_building_tests': False, 'cmake_args': None, 'cmake_clean_cache': False, 'cmake_clean_first': False, 'cmake_force_configure': False, 'cmake_target': None, 'cmake_target_skip_unavailable': False, 'install_base': '/home/hexapod/ros2_ws/install/hexapod_teleop', 'merge_install': False, 'path': '/home/hexapod/ros2_ws/src/hexapod_teleop', 'symlink_install': False, 'test_result_base': None}
[0.341s] Level 5:colcon.colcon_core.verb:set package 'hexapod_bringup' build argument 'cmake_args' from command line to 'None'
[0.341s] Level 5:colcon.colcon_core.verb:set package 'hexapod_bringup' build argument 'cmake_target' from command line to 'None'
[0.341s] Level 5:colcon.colcon_core.verb:set package 'hexapod_bringup' build argument 'cmake_target_skip_unavailable' from command line to 'False'
[0.341s] Level 5:colcon.colcon_core.verb:set package 'hexapod_bringup' build argument 'cmake_clean_cache' from command line to 'False'
[0.341s] Level 5:colcon.colcon_core.verb:set package 'hexapod_bringup' build argument 'cmake_clean_first' from command line to 'False'
[0.342s] Level 5:colcon.colcon_core.verb:set package 'hexapod_bringup' build argument 'cmake_force_configure' from command line to 'False'
[0.342s] Level 5:colcon.colcon_core.verb:set package 'hexapod_bringup' build argument 'ament_cmake_args' from command line to 'None'
[0.342s] Level 5:colcon.colcon_core.verb:set package 'hexapod_bringup' build argument 'catkin_cmake_args' from command line to 'None'
[0.342s] Level 5:colcon.colcon_core.verb:set package 'hexapod_bringup' build argument 'catkin_skip_building_tests' from command line to 'False'
[0.342s] DEBUG:colcon.colcon_core.verb:Building package 'hexapod_bringup' with the following arguments: {'ament_cmake_args': None, 'build_base': '/home/hexapod/ros2_ws/build/hexapod_bringup', 'catkin_cmake_args': None, 'catkin_skip_building_tests': False, 'cmake_args': None, 'cmake_clean_cache': False, 'cmake_clean_first': False, 'cmake_force_configure': False, 'cmake_target': None, 'cmake_target_skip_unavailable': False, 'install_base': '/home/hexapod/ros2_ws/install/hexapod_bringup', 'merge_install': False, 'path': '/home/hexapod/ros2_ws/src/hexapod_bringup', 'symlink_install': False, 'test_result_base': None}
[0.342s] INFO:colcon.colcon_core.executor:Executing jobs using 'parallel' executor
[0.344s] DEBUG:colcon.colcon_parallel_executor.executor.parallel:run_until_complete
[0.346s] INFO:colcon.colcon_ros.task.ament_cmake.build:Building ROS package in '/home/hexapod/ros2_ws/src/hexapod_custom_msgs' with build type 'ament_cmake'
[0.346s] INFO:colcon.colcon_cmake.task.cmake.build:Building CMake package in '/home/hexapod/ros2_ws/src/hexapod_custom_msgs'
[0.350s] INFO:colcon.colcon_core.plugin_system:Skipping extension 'colcon_core.shell.bat': Not used on non-Windows systems
[0.351s] DEBUG:colcon.colcon_core.shell:Skip shell extension 'dsv' for command environment
[0.353s] WARNING:colcon.colcon_ros.prefix_path.ament:The path '/home/hexapod/ros2_ws/install/hexapod_core' in the environment variable AMENT_PREFIX_PATH doesn't exist
[0.354s] WARNING:colcon.colcon_ros.prefix_path.catkin:The path '/home/hexapod/ros2_ws/install/hexapod_core' in the environment variable CMAKE_PREFIX_PATH doesn't exist
[0.362s] INFO:colcon.colcon_ros.task.ament_cmake.build:Building ROS package in '/home/hexapod/ros2_ws/src/hexapod_description' with build type 'ament_cmake'
[0.363s] INFO:colcon.colcon_cmake.task.cmake.build:Building CMake package in '/home/hexapod/ros2_ws/src/hexapod_description'
[0.363s] DEBUG:colcon.colcon_core.shell:Skip shell extension 'dsv' for command environment
[0.382s] DEBUG:colcon.colcon_core.event_handler.log_command:Invoking command in '/home/hexapod/ros2_ws/build/hexapod_custom_msgs': CMAKE_PREFIX_PATH=${CMAKE_PREFIX_PATH}:/opt/ros/jazzy /usr/bin/cmake --build /home/hexapod/ros2_ws/build/hexapod_custom_msgs -- -j4 -l4
[0.393s] DEBUG:colcon.colcon_core.event_handler.log_command:Invoking command in '/home/hexapod/ros2_ws/build/hexapod_description': CMAKE_PREFIX_PATH=${CMAKE_PREFIX_PATH}:/opt/ros/jazzy /usr/bin/cmake --build /home/hexapod/ros2_ws/build/hexapod_description -- -j4 -l4
[0.547s] DEBUG:colcon.colcon_core.event_handler.log_command:Invoked command in '/home/hexapod/ros2_ws/build/hexapod_description' returned '0': CMAKE_PREFIX_PATH=${CMAKE_PREFIX_PATH}:/opt/ros/jazzy /usr/bin/cmake --build /home/hexapod/ros2_ws/build/hexapod_description -- -j4 -l4
[0.589s] DEBUG:colcon.colcon_core.event_handler.log_command:Invoking command in '/home/hexapod/ros2_ws/build/hexapod_description': CMAKE_PREFIX_PATH=${CMAKE_PREFIX_PATH}:/opt/ros/jazzy /usr/bin/cmake --install /home/hexapod/ros2_ws/build/hexapod_description
[0.696s] Level 1:colcon.colcon_core.environment:create_environment_scripts_only(hexapod_description)
[0.707s] Level 1:colcon.colcon_core.environment:checking '/home/hexapod/ros2_ws/install/hexapod_description' for CMake module files
[0.708s] Level 1:colcon.colcon_core.environment:checking '/home/hexapod/ros2_ws/install/hexapod_description' for CMake config files
[0.708s] Level 1:colcon.colcon_core.shell:create_environment_hook('hexapod_description', 'cmake_prefix_path')
[0.709s] INFO:colcon.colcon_core.shell:Creating environment descriptor '/home/hexapod/ros2_ws/install/hexapod_description/share/hexapod_description/hook/cmake_prefix_path.dsv'
[0.715s] DEBUG:colcon.colcon_core.event_handler.log_command:Invoked command in '/home/hexapod/ros2_ws/build/hexapod_description' returned '0': CMAKE_PREFIX_PATH=${CMAKE_PREFIX_PATH}:/opt/ros/jazzy /usr/bin/cmake --install /home/hexapod/ros2_ws/build/hexapod_description
[0.716s] INFO:colcon.colcon_core.shell:Creating environment hook '/home/hexapod/ros2_ws/install/hexapod_description/share/hexapod_description/hook/cmake_prefix_path.sh'
[0.724s] Level 1:colcon.colcon_core.environment:checking '/home/hexapod/ros2_ws/install/hexapod_description/bin'
[0.728s] Level 1:colcon.colcon_core.environment:checking '/home/hexapod/ros2_ws/install/hexapod_description/lib/pkgconfig/hexapod_description.pc'
[0.745s] Level 1:colcon.colcon_core.environment:checking '/home/hexapod/ros2_ws/install/hexapod_description/lib/python3.12/site-packages'
[0.745s] Level 1:colcon.colcon_core.environment:checking '/home/hexapod/ros2_ws/install/hexapod_description/bin'
[0.746s] INFO:colcon.colcon_core.shell:Creating package descriptor '/home/hexapod/ros2_ws/install/hexapod_description/share/hexapod_description/package.dsv'
[0.751s] INFO:colcon.colcon_core.shell:Creating package script '/home/hexapod/ros2_ws/install/hexapod_description/share/hexapod_description/package.sh'
[0.753s] INFO:colcon.colcon_core.shell:Creating package script '/home/hexapod/ros2_ws/install/hexapod_description/share/hexapod_description/package.bash'
[0.755s] INFO:colcon.colcon_core.shell:Creating package script '/home/hexapod/ros2_ws/install/hexapod_description/share/hexapod_description/package.zsh'
[0.761s] Level 1:colcon.colcon_core.environment:create_file_with_runtime_dependencies(/home/hexapod/ros2_ws/install/hexapod_description/share/colcon-core/packages/hexapod_description)
[0.762s] Level 1:colcon.colcon_core.environment:create_environment_scripts_only(hexapod_description)
[0.762s] Level 1:colcon.colcon_core.environment:checking '/home/hexapod/ros2_ws/install/hexapod_description' for CMake module files
[0.764s] Level 1:colcon.colcon_core.environment:checking '/home/hexapod/ros2_ws/install/hexapod_description' for CMake config files
[0.766s] Level 1:colcon.colcon_core.shell:create_environment_hook('hexapod_description', 'cmake_prefix_path')
[0.768s] INFO:colcon.colcon_core.shell:Creating environment descriptor '/home/hexapod/ros2_ws/install/hexapod_description/share/hexapod_description/hook/cmake_prefix_path.dsv'
[0.770s] INFO:colcon.colcon_core.shell:Creating environment hook '/home/hexapod/ros2_ws/install/hexapod_description/share/hexapod_description/hook/cmake_prefix_path.sh'
[0.775s] Level 1:colcon.colcon_core.environment:checking '/home/hexapod/ros2_ws/install/hexapod_description/bin'
[0.775s] Level 1:colcon.colcon_core.environment:checking '/home/hexapod/ros2_ws/install/hexapod_description/lib/pkgconfig/hexapod_description.pc'
[0.776s] Level 1:colcon.colcon_core.environment:checking '/home/hexapod/ros2_ws/install/hexapod_description/lib/python3.12/site-packages'
[0.777s] Level 1:colcon.colcon_core.environment:checking '/home/hexapod/ros2_ws/install/hexapod_description/bin'
[0.777s] INFO:colcon.colcon_core.shell:Creating package descriptor '/home/hexapod/ros2_ws/install/hexapod_description/share/hexapod_description/package.dsv'
[0.782s] INFO:colcon.colcon_core.shell:Creating package script '/home/hexapod/ros2_ws/install/hexapod_description/share/hexapod_description/package.sh'
[0.783s] INFO:colcon.colcon_core.shell:Creating package script '/home/hexapod/ros2_ws/install/hexapod_description/share/hexapod_description/package.bash'
[0.785s] INFO:colcon.colcon_core.shell:Creating package script '/home/hexapod/ros2_ws/install/hexapod_description/share/hexapod_description/package.zsh'
[0.788s] Level 1:colcon.colcon_core.environment:create_file_with_runtime_dependencies(/home/hexapod/ros2_ws/install/hexapod_description/share/colcon-core/packages/hexapod_description)
[1.318s] DEBUG:colcon.colcon_core.event_handler.log_command:Invoked command in '/home/hexapod/ros2_ws/build/hexapod_custom_msgs' returned '0': CMAKE_PREFIX_PATH=${CMAKE_PREFIX_PATH}:/opt/ros/jazzy /usr/bin/cmake --build /home/hexapod/ros2_ws/build/hexapod_custom_msgs -- -j4 -l4
[1.318s] DEBUG:colcon.colcon_core.event_handler.log_command:Invoking command in '/home/hexapod/ros2_ws/build/hexapod_custom_msgs': CMAKE_PREFIX_PATH=${CMAKE_PREFIX_PATH}:/opt/ros/jazzy /usr/bin/cmake --install /home/hexapod/ros2_ws/build/hexapod_custom_msgs
[1.513s] Level 1:colcon.colcon_core.environment:create_environment_scripts_only(hexapod_custom_msgs)
[1.514s] Level 1:colcon.colcon_core.environment:checking '/home/hexapod/ros2_ws/install/hexapod_custom_msgs' for CMake module files
[1.514s] DEBUG:colcon.colcon_core.event_handler.log_command:Invoked command in '/home/hexapod/ros2_ws/build/hexapod_custom_msgs' returned '0': CMAKE_PREFIX_PATH=${CMAKE_PREFIX_PATH}:/opt/ros/jazzy /usr/bin/cmake --install /home/hexapod/ros2_ws/build/hexapod_custom_msgs
[1.515s] Level 1:colcon.colcon_core.environment:checking '/home/hexapod/ros2_ws/install/hexapod_custom_msgs' for CMake config files
[1.517s] Level 1:colcon.colcon_core.shell:create_environment_hook('hexapod_custom_msgs', 'cmake_prefix_path')
[1.517s] INFO:colcon.colcon_core.shell:Creating environment descriptor '/home/hexapod/ros2_ws/install/hexapod_custom_msgs/share/hexapod_custom_msgs/hook/cmake_prefix_path.dsv'
[1.518s] INFO:colcon.colcon_core.shell:Creating environment hook '/home/hexapod/ros2_ws/install/hexapod_custom_msgs/share/hexapod_custom_msgs/hook/cmake_prefix_path.sh'
[1.519s] Level 1:colcon.colcon_core.environment:checking '/home/hexapod/ros2_ws/install/hexapod_custom_msgs/lib'
[1.519s] Level 1:colcon.colcon_core.shell:create_environment_hook('hexapod_custom_msgs', 'ld_library_path_lib')
[1.519s] INFO:colcon.colcon_core.shell:Creating environment descriptor '/home/hexapod/ros2_ws/install/hexapod_custom_msgs/share/hexapod_custom_msgs/hook/ld_library_path_lib.dsv'
[1.520s] INFO:colcon.colcon_core.shell:Creating environment hook '/home/hexapod/ros2_ws/install/hexapod_custom_msgs/share/hexapod_custom_msgs/hook/ld_library_path_lib.sh'
[1.521s] Level 1:colcon.colcon_core.environment:checking '/home/hexapod/ros2_ws/install/hexapod_custom_msgs/bin'
[1.521s] Level 1:colcon.colcon_core.environment:checking '/home/hexapod/ros2_ws/install/hexapod_custom_msgs/lib/pkgconfig/hexapod_custom_msgs.pc'
[1.521s] Level 1:colcon.colcon_core.environment:checking '/home/hexapod/ros2_ws/install/hexapod_custom_msgs/lib/python3.12/site-packages'
[1.521s] Level 1:colcon.colcon_core.shell:create_environment_hook('hexapod_custom_msgs', 'pythonpath')
[1.522s] INFO:colcon.colcon_core.shell:Creating environment descriptor '/home/hexapod/ros2_ws/install/hexapod_custom_msgs/share/hexapod_custom_msgs/hook/pythonpath.dsv'
[1.522s] INFO:colcon.colcon_core.shell:Creating environment hook '/home/hexapod/ros2_ws/install/hexapod_custom_msgs/share/hexapod_custom_msgs/hook/pythonpath.sh'
[1.524s] Level 1:colcon.colcon_core.environment:checking '/home/hexapod/ros2_ws/install/hexapod_custom_msgs/bin'
[1.524s] INFO:colcon.colcon_core.shell:Creating package descriptor '/home/hexapod/ros2_ws/install/hexapod_custom_msgs/share/hexapod_custom_msgs/package.dsv'
[1.525s] INFO:colcon.colcon_core.shell:Creating package script '/home/hexapod/ros2_ws/install/hexapod_custom_msgs/share/hexapod_custom_msgs/package.sh'
[1.526s] INFO:colcon.colcon_core.shell:Creating package script '/home/hexapod/ros2_ws/install/hexapod_custom_msgs/share/hexapod_custom_msgs/package.bash'
[1.527s] INFO:colcon.colcon_core.shell:Creating package script '/home/hexapod/ros2_ws/install/hexapod_custom_msgs/share/hexapod_custom_msgs/package.zsh'
[1.527s] Level 1:colcon.colcon_core.environment:create_file_with_runtime_dependencies(/home/hexapod/ros2_ws/install/hexapod_custom_msgs/share/colcon-core/packages/hexapod_custom_msgs)
[1.528s] Level 1:colcon.colcon_core.environment:create_environment_scripts_only(hexapod_custom_msgs)
[1.528s] Level 1:colcon.colcon_core.environment:checking '/home/hexapod/ros2_ws/install/hexapod_custom_msgs' for CMake module files
[1.529s] Level 1:colcon.colcon_core.environment:checking '/home/hexapod/ros2_ws/install/hexapod_custom_msgs' for CMake config files
[1.531s] Level 1:colcon.colcon_core.shell:create_environment_hook('hexapod_custom_msgs', 'cmake_prefix_path')
[1.531s] INFO:colcon.colcon_core.shell:Creating environment descriptor '/home/hexapod/ros2_ws/install/hexapod_custom_msgs/share/hexapod_custom_msgs/hook/cmake_prefix_path.dsv'
[1.532s] INFO:colcon.colcon_core.shell:Creating environment hook '/home/hexapod/ros2_ws/install/hexapod_custom_msgs/share/hexapod_custom_msgs/hook/cmake_prefix_path.sh'
[1.534s] Level 1:colcon.colcon_core.environment:checking '/home/hexapod/ros2_ws/install/hexapod_custom_msgs/lib'
[1.534s] Level 1:colcon.colcon_core.shell:create_environment_hook('hexapod_custom_msgs', 'ld_library_path_lib')
[1.534s] INFO:colcon.colcon_core.shell:Creating environment descriptor '/home/hexapod/ros2_ws/install/hexapod_custom_msgs/share/hexapod_custom_msgs/hook/ld_library_path_lib.dsv'
[1.535s] INFO:colcon.colcon_core.shell:Creating environment hook '/home/hexapod/ros2_ws/install/hexapod_custom_msgs/share/hexapod_custom_msgs/hook/ld_library_path_lib.sh'
[1.536s] Level 1:colcon.colcon_core.environment:checking '/home/hexapod/ros2_ws/install/hexapod_custom_msgs/bin'
[1.536s] Level 1:colcon.colcon_core.environment:checking '/home/hexapod/ros2_ws/install/hexapod_custom_msgs/lib/pkgconfig/hexapod_custom_msgs.pc'
[1.536s] Level 1:colcon.colcon_core.environment:checking '/home/hexapod/ros2_ws/install/hexapod_custom_msgs/lib/python3.12/site-packages'
[1.536s] Level 1:colcon.colcon_core.shell:create_environment_hook('hexapod_custom_msgs', 'pythonpath')
[1.537s] INFO:colcon.colcon_core.shell:Creating environment descriptor '/home/hexapod/ros2_ws/install/hexapod_custom_msgs/share/hexapod_custom_msgs/hook/pythonpath.dsv'
[1.537s] INFO:colcon.colcon_core.shell:Creating environment hook '/home/hexapod/ros2_ws/install/hexapod_custom_msgs/share/hexapod_custom_msgs/hook/pythonpath.sh'
[1.538s] Level 1:colcon.colcon_core.environment:checking '/home/hexapod/ros2_ws/install/hexapod_custom_msgs/bin'
[1.539s] INFO:colcon.colcon_core.shell:Creating package descriptor '/home/hexapod/ros2_ws/install/hexapod_custom_msgs/share/hexapod_custom_msgs/package.dsv'
[1.540s] INFO:colcon.colcon_core.shell:Creating package script '/home/hexapod/ros2_ws/install/hexapod_custom_msgs/share/hexapod_custom_msgs/package.sh'
[1.541s] INFO:colcon.colcon_core.shell:Creating package script '/home/hexapod/ros2_ws/install/hexapod_custom_msgs/share/hexapod_custom_msgs/package.bash'
[1.542s] INFO:colcon.colcon_core.shell:Creating package script '/home/hexapod/ros2_ws/install/hexapod_custom_msgs/share/hexapod_custom_msgs/package.zsh'
[1.543s] Level 1:colcon.colcon_core.environment:create_file_with_runtime_dependencies(/home/hexapod/ros2_ws/install/hexapod_custom_msgs/share/colcon-core/packages/hexapod_custom_msgs)
[1.543s] INFO:colcon.colcon_ros.task.ament_cmake.build:Building ROS package in '/home/hexapod/ros2_ws/src/hexapod_control' with build type 'ament_cmake'
[1.544s] INFO:colcon.colcon_cmake.task.cmake.build:Building CMake package in '/home/hexapod/ros2_ws/src/hexapod_control'
[1.544s] DEBUG:colcon.colcon_core.shell:Skip shell extension 'dsv' for command environment
[1.552s] INFO:colcon.colcon_ros.task.ament_cmake.build:Building ROS package in '/home/hexapod/ros2_ws/src/hexapod_hardware' with build type 'ament_cmake'
[1.552s] INFO:colcon.colcon_cmake.task.cmake.build:Building CMake package in '/home/hexapod/ros2_ws/src/hexapod_hardware'
[1.552s] DEBUG:colcon.colcon_core.shell:Skip shell extension 'dsv' for command environment
[1.561s] INFO:colcon.colcon_ros.task.ament_cmake.build:Building ROS package in '/home/hexapod/ros2_ws/src/hexapod_teleop' with build type 'ament_cmake'
[1.563s] INFO:colcon.colcon_cmake.task.cmake.build:Building CMake package in '/home/hexapod/ros2_ws/src/hexapod_teleop'
[1.563s] DEBUG:colcon.colcon_core.shell:Skip shell extension 'dsv' for command environment
[1.576s] DEBUG:colcon.colcon_core.event_handler.log_command:Invoking command in '/home/hexapod/ros2_ws/build/hexapod_control': CMAKE_PREFIX_PATH=/home/hexapod/ros2_ws/install/hexapod_custom_msgs:/home/hexapod/ros2_ws/install/hexapod_bringup:/home/hexapod/ros2_ws/install/hexapod_control:/home/hexapod/ros2_ws/install/hexapod_teleop:/home/hexapod/ros2_ws/install/hexapod_hardware:/home/hexapod/ros2_ws/install/hexapod_description:/home/hexapod/ros2_ws/install/hexapod_core:/opt/ros/jazzy LD_LIBRARY_PATH=/home/hexapod/ros2_ws/install/hexapod_custom_msgs/lib:/home/hexapod/ros2_ws/install/hexapod_teleop/lib:/home/hexapod/ros2_ws/install/hexapod_hardware/lib:/home/hexapod/ros2_ws/install/hexapod_control/lib:/opt/ros/jazzy/lib/aarch64-linux-gnu:/opt/ros/jazzy/lib /usr/bin/cmake --build /home/hexapod/ros2_ws/build/hexapod_control -- -j4 -l4
[1.583s] DEBUG:colcon.colcon_core.event_handler.log_command:Invoking command in '/home/hexapod/ros2_ws/build/hexapod_hardware': CMAKE_PREFIX_PATH=/home/hexapod/ros2_ws/install/hexapod_custom_msgs:/home/hexapod/ros2_ws/install/hexapod_bringup:/home/hexapod/ros2_ws/install/hexapod_control:/home/hexapod/ros2_ws/install/hexapod_teleop:/home/hexapod/ros2_ws/install/hexapod_hardware:/home/hexapod/ros2_ws/install/hexapod_description:/home/hexapod/ros2_ws/install/hexapod_core:/opt/ros/jazzy LD_LIBRARY_PATH=/home/hexapod/ros2_ws/install/hexapod_custom_msgs/lib:/home/hexapod/ros2_ws/install/hexapod_teleop/lib:/home/hexapod/ros2_ws/install/hexapod_hardware/lib:/home/hexapod/ros2_ws/install/hexapod_control/lib:/opt/ros/jazzy/lib/aarch64-linux-gnu:/opt/ros/jazzy/lib /usr/bin/cmake --build /home/hexapod/ros2_ws/build/hexapod_hardware -- -j4 -l4
[1.598s] DEBUG:colcon.colcon_core.event_handler.log_command:Invoking command in '/home/hexapod/ros2_ws/build/hexapod_teleop': CMAKE_PREFIX_PATH=/home/hexapod/ros2_ws/install/hexapod_custom_msgs:/home/hexapod/ros2_ws/install/hexapod_bringup:/home/hexapod/ros2_ws/install/hexapod_control:/home/hexapod/ros2_ws/install/hexapod_teleop:/home/hexapod/ros2_ws/install/hexapod_hardware:/home/hexapod/ros2_ws/install/hexapod_description:/home/hexapod/ros2_ws/install/hexapod_core:/opt/ros/jazzy LD_LIBRARY_PATH=/home/hexapod/ros2_ws/install/hexapod_custom_msgs/lib:/home/hexapod/ros2_ws/install/hexapod_teleop/lib:/home/hexapod/ros2_ws/install/hexapod_hardware/lib:/home/hexapod/ros2_ws/install/hexapod_control/lib:/opt/ros/jazzy/lib/aarch64-linux-gnu:/opt/ros/jazzy/lib /usr/bin/cmake --build /home/hexapod/ros2_ws/build/hexapod_teleop -- -j4 -l4
[3.022s] Level 1:colcon.colcon_core.environment:create_environment_scripts_only(hexapod_control)
[3.023s] Level 1:colcon.colcon_core.environment:checking '/home/hexapod/ros2_ws/install/hexapod_control' for CMake module files
[3.023s] DEBUG:colcon.colcon_core.event_handler.log_command:Invoked command in '/home/hexapod/ros2_ws/build/hexapod_control' returned '2': CMAKE_PREFIX_PATH=/home/hexapod/ros2_ws/install/hexapod_custom_msgs:/home/hexapod/ros2_ws/install/hexapod_bringup:/home/hexapod/ros2_ws/install/hexapod_control:/home/hexapod/ros2_ws/install/hexapod_teleop:/home/hexapod/ros2_ws/install/hexapod_hardware:/home/hexapod/ros2_ws/install/hexapod_description:/home/hexapod/ros2_ws/install/hexapod_core:/opt/ros/jazzy LD_LIBRARY_PATH=/home/hexapod/ros2_ws/install/hexapod_custom_msgs/lib:/home/hexapod/ros2_ws/install/hexapod_teleop/lib:/home/hexapod/ros2_ws/install/hexapod_hardware/lib:/home/hexapod/ros2_ws/install/hexapod_control/lib:/opt/ros/jazzy/lib/aarch64-linux-gnu:/opt/ros/jazzy/lib /usr/bin/cmake --build /home/hexapod/ros2_ws/build/hexapod_control -- -j4 -l4
[3.024s] Level 1:colcon.colcon_core.environment:checking '/home/hexapod/ros2_ws/install/hexapod_control' for CMake config files
[3.025s] Level 1:colcon.colcon_core.shell:create_environment_hook('hexapod_control', 'cmake_prefix_path')
[3.025s] INFO:colcon.colcon_core.shell:Creating environment descriptor '/home/hexapod/ros2_ws/install/hexapod_control/share/hexapod_control/hook/cmake_prefix_path.dsv'
[3.026s] INFO:colcon.colcon_core.shell:Creating environment hook '/home/hexapod/ros2_ws/install/hexapod_control/share/hexapod_control/hook/cmake_prefix_path.sh'
[3.028s] Level 1:colcon.colcon_core.environment:checking '/home/hexapod/ros2_ws/install/hexapod_control/lib'
[3.028s] Level 1:colcon.colcon_core.shell:create_environment_hook('hexapod_control', 'ld_library_path_lib')
[3.028s] INFO:colcon.colcon_core.shell:Creating environment descriptor '/home/hexapod/ros2_ws/install/hexapod_control/share/hexapod_control/hook/ld_library_path_lib.dsv'
[3.029s] INFO:colcon.colcon_core.shell:Creating environment hook '/home/hexapod/ros2_ws/install/hexapod_control/share/hexapod_control/hook/ld_library_path_lib.sh'
[3.031s] Level 1:colcon.colcon_core.environment:checking '/home/hexapod/ros2_ws/install/hexapod_control/bin'
[3.031s] Level 1:colcon.colcon_core.environment:checking '/home/hexapod/ros2_ws/install/hexapod_control/lib/pkgconfig/hexapod_control.pc'
[3.031s] Level 1:colcon.colcon_core.environment:checking '/home/hexapod/ros2_ws/install/hexapod_control/lib/python3.12/site-packages'
[3.032s] Level 1:colcon.colcon_core.environment:checking '/home/hexapod/ros2_ws/install/hexapod_control/bin'
[3.032s] INFO:colcon.colcon_core.shell:Creating package descriptor '/home/hexapod/ros2_ws/install/hexapod_control/share/hexapod_control/package.dsv'
[3.033s] INFO:colcon.colcon_core.shell:Creating package script '/home/hexapod/ros2_ws/install/hexapod_control/share/hexapod_control/package.sh'
[3.034s] INFO:colcon.colcon_core.shell:Creating package script '/home/hexapod/ros2_ws/install/hexapod_control/share/hexapod_control/package.bash'
[3.035s] INFO:colcon.colcon_core.shell:Creating package script '/home/hexapod/ros2_ws/install/hexapod_control/share/hexapod_control/package.zsh'
[3.036s] Level 1:colcon.colcon_core.environment:create_file_with_runtime_dependencies(/home/hexapod/ros2_ws/install/hexapod_control/share/colcon-core/packages/hexapod_control)
[9.624s] DEBUG:colcon.colcon_parallel_executor.executor.parallel:closing loop
[9.625s] DEBUG:colcon.colcon_parallel_executor.executor.parallel:loop closed
[9.625s] DEBUG:colcon.colcon_parallel_executor.executor.parallel:run_until_complete finished with '2'
[9.625s] DEBUG:colcon.colcon_core.event_reactor:joining thread
[9.628s] DEBUG:colcon.colcon_core.event_reactor:joined thread
[9.629s] INFO:colcon.colcon_core.shell:Creating prefix script '/home/hexapod/ros2_ws/install/local_setup.sh'
[9.630s] INFO:colcon.colcon_core.shell:Creating prefix util module '/home/hexapod/ros2_ws/install/_local_setup_util_sh.py'
[9.635s] INFO:colcon.colcon_core.shell:Creating prefix chain script '/home/hexapod/ros2_ws/install/setup.sh'
[9.639s] INFO:colcon.colcon_core.shell:Creating prefix script '/home/hexapod/ros2_ws/install/local_setup.bash'
[9.640s] INFO:colcon.colcon_core.shell:Creating prefix chain script '/home/hexapod/ros2_ws/install/setup.bash'
[9.646s] INFO:colcon.colcon_core.shell:Creating prefix script '/home/hexapod/ros2_ws/install/local_setup.zsh'
[9.647s] INFO:colcon.colcon_core.shell:Creating prefix chain script '/home/hexapod/ros2_ws/install/setup.zsh'
