[0.024s] Invoking command in '/home/hexapod/ros2_ws/build/hexapod_teleop': AMENT_PREFIX_PATH=/home/hexapod/ros2_ws/install/hexapod_custom_msgs:${AMENT_PREFIX_PATH} CMAKE_PREFIX_PATH=/home/hexapod/ros2_ws/install/hexapod_custom_msgs:/home/hexapod/ros2_ws/install/hexapod_control:/home/hexapod/ros2_ws/install/hexapod_teleop:/home/hexapod/ros2_ws/install/hexapod_hardware:/home/hexapod/ros2_ws/install/hexapod_description:/home/hexapod/ros2_ws/install/hexapod_core:/opt/ros/jazzy LD_LIBRARY_PATH=/home/hexapod/ros2_ws/install/hexapod_custom_msgs/lib:${LD_LIBRARY_PATH} PYTHONPATH=/home/hexapod/ros2_ws/install/hexapod_custom_msgs/lib/python3.12/site-packages:${PYTHONPATH} /usr/bin/cmake --build /home/hexapod/ros2_ws/build/hexapod_teleop -- -j4 -l4
[0.144s] [100%] Built target bluetooth_teleop_node
[0.168s] Invoked command in '/home/hexapod/ros2_ws/build/hexapod_teleop' returned '0': AMENT_PREFIX_PATH=/home/hexapod/ros2_ws/install/hexapod_custom_msgs:${AMENT_PREFIX_PATH} CMAKE_PREFIX_PATH=/home/hexapod/ros2_ws/install/hexapod_custom_msgs:/home/hexapod/ros2_ws/install/hexapod_control:/home/hexapod/ros2_ws/install/hexapod_teleop:/home/hexapod/ros2_ws/install/hexapod_hardware:/home/hexapod/ros2_ws/install/hexapod_description:/home/hexapod/ros2_ws/install/hexapod_core:/opt/ros/jazzy LD_LIBRARY_PATH=/home/hexapod/ros2_ws/install/hexapod_custom_msgs/lib:${LD_LIBRARY_PATH} PYTHONPATH=/home/hexapod/ros2_ws/install/hexapod_custom_msgs/lib/python3.12/site-packages:${PYTHONPATH} /usr/bin/cmake --build /home/hexapod/ros2_ws/build/hexapod_teleop -- -j4 -l4
[0.171s] Invoking command in '/home/hexapod/ros2_ws/build/hexapod_teleop': AMENT_PREFIX_PATH=/home/hexapod/ros2_ws/install/hexapod_custom_msgs:${AMENT_PREFIX_PATH} CMAKE_PREFIX_PATH=/home/hexapod/ros2_ws/install/hexapod_custom_msgs:/home/hexapod/ros2_ws/install/hexapod_control:/home/hexapod/ros2_ws/install/hexapod_teleop:/home/hexapod/ros2_ws/install/hexapod_hardware:/home/hexapod/ros2_ws/install/hexapod_description:/home/hexapod/ros2_ws/install/hexapod_core:/opt/ros/jazzy LD_LIBRARY_PATH=/home/hexapod/ros2_ws/install/hexapod_custom_msgs/lib:${LD_LIBRARY_PATH} PYTHONPATH=/home/hexapod/ros2_ws/install/hexapod_custom_msgs/lib/python3.12/site-packages:${PYTHONPATH} /usr/bin/cmake --install /home/hexapod/ros2_ws/build/hexapod_teleop
[0.187s] -- Install configuration: ""
[0.188s] -- Execute custom install script
[0.188s] -- Up-to-date symlink: /home/hexapod/ros2_ws/install/hexapod_teleop/share/hexapod_teleop/environment/library_path.sh
[0.188s] -- Up-to-date symlink: /home/hexapod/ros2_ws/install/hexapod_teleop/share/hexapod_teleop/environment/library_path.dsv
[0.189s] -- Up-to-date symlink: /home/hexapod/ros2_ws/install/hexapod_teleop/lib/libbluetooth_teleop_node.so
[0.190s] -- Up-to-date symlink: /home/hexapod/ros2_ws/install/hexapod_teleop/include/bluetooth_teleop_node/bluetooth_teleop_node.hpp
[0.190s] -- Up-to-date symlink: /home/hexapod/ros2_ws/install/hexapod_teleop/share/hexapod_teleop/launch/hexapod_teleop.launch.py
[0.191s] -- Up-to-date symlink: /home/hexapod/ros2_ws/install/hexapod_teleop/share/ament_index/resource_index/package_run_dependencies/hexapod_teleop
[0.191s] -- Up-to-date symlink: /home/hexapod/ros2_ws/install/hexapod_teleop/share/ament_index/resource_index/parent_prefix_path/hexapod_teleop
[0.192s] -- Up-to-date symlink: /home/hexapod/ros2_ws/install/hexapod_teleop/share/hexapod_teleop/environment/ament_prefix_path.sh
[0.193s] -- Up-to-date symlink: /home/hexapod/ros2_ws/install/hexapod_teleop/share/hexapod_teleop/environment/ament_prefix_path.dsv
[0.193s] -- Up-to-date symlink: /home/hexapod/ros2_ws/install/hexapod_teleop/share/hexapod_teleop/environment/path.sh
[0.193s] -- Up-to-date symlink: /home/hexapod/ros2_ws/install/hexapod_teleop/share/hexapod_teleop/environment/path.dsv
[0.194s] -- Up-to-date symlink: /home/hexapod/ros2_ws/install/hexapod_teleop/share/hexapod_teleop/local_setup.bash
[0.194s] -- Up-to-date symlink: /home/hexapod/ros2_ws/install/hexapod_teleop/share/hexapod_teleop/local_setup.sh
[0.194s] -- Up-to-date symlink: /home/hexapod/ros2_ws/install/hexapod_teleop/share/hexapod_teleop/local_setup.zsh
[0.195s] -- Up-to-date symlink: /home/hexapod/ros2_ws/install/hexapod_teleop/share/hexapod_teleop/local_setup.dsv
[0.195s] -- Symlinking: /home/hexapod/ros2_ws/install/hexapod_teleop/share/hexapod_teleop/package.dsv
[0.214s] -- Up-to-date symlink: /home/hexapod/ros2_ws/install/hexapod_teleop/share/ament_index/resource_index/packages/hexapod_teleop
[0.214s] -- Up-to-date symlink: /home/hexapod/ros2_ws/install/hexapod_teleop/share/hexapod_teleop/cmake/ament_cmake_export_include_directories-extras.cmake
[0.215s] -- Up-to-date symlink: /home/hexapod/ros2_ws/install/hexapod_teleop/share/hexapod_teleop/cmake/ament_cmake_export_libraries-extras.cmake
[0.215s] -- Up-to-date symlink: /home/hexapod/ros2_ws/install/hexapod_teleop/share/hexapod_teleop/cmake/ament_cmake_export_dependencies-extras.cmake
[0.215s] -- Up-to-date symlink: /home/hexapod/ros2_ws/install/hexapod_teleop/share/hexapod_teleop/cmake/hexapod_teleopConfig.cmake
[0.215s] -- Up-to-date symlink: /home/hexapod/ros2_ws/install/hexapod_teleop/share/hexapod_teleop/cmake/hexapod_teleopConfig-version.cmake
[0.215s] -- Up-to-date symlink: /home/hexapod/ros2_ws/install/hexapod_teleop/share/hexapod_teleop/package.xml
[0.245s] Invoked command in '/home/hexapod/ros2_ws/build/hexapod_teleop' returned '0': AMENT_PREFIX_PATH=/home/hexapod/ros2_ws/install/hexapod_custom_msgs:${AMENT_PREFIX_PATH} CMAKE_PREFIX_PATH=/home/hexapod/ros2_ws/install/hexapod_custom_msgs:/home/hexapod/ros2_ws/install/hexapod_control:/home/hexapod/ros2_ws/install/hexapod_teleop:/home/hexapod/ros2_ws/install/hexapod_hardware:/home/hexapod/ros2_ws/install/hexapod_description:/home/hexapod/ros2_ws/install/hexapod_core:/opt/ros/jazzy LD_LIBRARY_PATH=/home/hexapod/ros2_ws/install/hexapod_custom_msgs/lib:${LD_LIBRARY_PATH} PYTHONPATH=/home/hexapod/ros2_ws/install/hexapod_custom_msgs/lib/python3.12/site-packages:${PYTHONPATH} /usr/bin/cmake --install /home/hexapod/ros2_ws/build/hexapod_teleop
