[0.018s] Invoking command in '/home/hexapod/ros2_ws/build/hexapod_description': CMAKE_PREFIX_PATH=${CMAKE_PREFIX_PATH}:/opt/ros/jazzy /usr/bin/cmake /home/hexapod/ros2_ws/src/hexapod_description -DAMENT_CMAKE_SYMLINK_INSTALL=1 -DCMAKE_INSTALL_PREFIX=/home/hexapod/ros2_ws/install/hexapod_description
[0.432s] -- The C compiler identification is GNU 13.3.0
[0.553s] -- The CXX compiler identification is GNU 13.3.0
[0.594s] -- Detecting C compiler ABI info
[0.797s] -- Detecting C compiler ABI info - done
[0.814s] -- Check for working C compiler: /usr/bin/cc - skipped
[0.819s] -- Detecting C compile features
[0.819s] -- Detecting C compile features - done
[0.834s] -- Detecting CXX compiler ABI info
[1.070s] -- Detecting CXX compiler ABI info - done
[1.085s] -- Check for working CXX compiler: /usr/bin/c++ - skipped
[1.087s] -- Detecting CXX compile features
[1.087s] -- Detecting CXX compile features - done
[1.105s] -- Found ament_cmake: 2.5.6 (/opt/ros/jazzy/share/ament_cmake/cmake)
[1.483s] -- Found Python3: /usr/bin/python3 (found version "3.12.3") found components: Interpreter 
[1.616s] -- Override CMake install command with custom implementation using symlinks instead of copying resources
[1.652s] -- Found ament_lint_auto: 0.17.5 (/opt/ros/jazzy/share/ament_lint_auto/cmake)
[1.859s] -- Added test 'flake8' to check Python code syntax and style conventions
[1.860s] -- Configured 'flake8' exclude dirs and/or files: 
[1.860s] -- Added test 'lint_cmake' to check CMake code style
[1.861s] -- Added test 'pep257' to check Python code against some of the docstring style conventions in PEP 257
[1.863s] -- Added test 'xmllint' to check XML markup files
[1.866s] -- Configuring done (1.8s)
[1.871s] -- Generating done (0.0s)
[1.874s] -- Build files have been written to: /home/hexapod/ros2_ws/build/hexapod_description
