[0.020s] Invoking command in '/home/hexapod/ros2_ws/build/hexapod_hardware': CMAKE_PREFIX_PATH=/home/hexapod/ros2_ws/install/hexapod_custom_msgs:/home/hexapod/ros2_ws/install/hexapod_bringup:/home/hexapod/ros2_ws/install/hexapod_control:/home/hexapod/ros2_ws/install/hexapod_teleop:/home/hexapod/ros2_ws/install/hexapod_hardware:/home/hexapod/ros2_ws/install/hexapod_description:/home/hexapod/ros2_ws/install/hexapod_core:/opt/ros/jazzy LD_LIBRARY_PATH=/home/hexapod/ros2_ws/install/hexapod_custom_msgs/lib:/home/hexapod/ros2_ws/install/hexapod_teleop/lib:/home/hexapod/ros2_ws/install/hexapod_hardware/lib:/home/hexapod/ros2_ws/install/hexapod_control/lib:/opt/ros/jazzy/lib/aarch64-linux-gnu:/opt/ros/jazzy/lib /usr/bin/cmake --build /home/hexapod/ros2_ws/build/hexapod_hardware -- -j4 -l4
[0.163s] [ 25%] [32mBuilding CXX object CMakeFiles/buzzer_driver_node.dir/src/buzzer_driver_node.cpp.o[0m
[14.919s] [ 50%] [32m[1mLinking CXX shared library libbuzzer_driver_node.so[0m
[15.866s] [ 50%] Built target buzzer_driver_node
[15.943s] [ 75%] [32m[1mLinking CXX executable buzzer_driver_node_standalone[0m
[16.406s] [100%] Built target buzzer_driver_node_standalone
[16.426s] Invoked command in '/home/hexapod/ros2_ws/build/hexapod_hardware' returned '0': CMAKE_PREFIX_PATH=/home/hexapod/ros2_ws/install/hexapod_custom_msgs:/home/hexapod/ros2_ws/install/hexapod_bringup:/home/hexapod/ros2_ws/install/hexapod_control:/home/hexapod/ros2_ws/install/hexapod_teleop:/home/hexapod/ros2_ws/install/hexapod_hardware:/home/hexapod/ros2_ws/install/hexapod_description:/home/hexapod/ros2_ws/install/hexapod_core:/opt/ros/jazzy LD_LIBRARY_PATH=/home/hexapod/ros2_ws/install/hexapod_custom_msgs/lib:/home/hexapod/ros2_ws/install/hexapod_teleop/lib:/home/hexapod/ros2_ws/install/hexapod_hardware/lib:/home/hexapod/ros2_ws/install/hexapod_control/lib:/opt/ros/jazzy/lib/aarch64-linux-gnu:/opt/ros/jazzy/lib /usr/bin/cmake --build /home/hexapod/ros2_ws/build/hexapod_hardware -- -j4 -l4
[16.429s] Invoking command in '/home/hexapod/ros2_ws/build/hexapod_hardware': CMAKE_PREFIX_PATH=/home/hexapod/ros2_ws/install/hexapod_custom_msgs:/home/hexapod/ros2_ws/install/hexapod_bringup:/home/hexapod/ros2_ws/install/hexapod_control:/home/hexapod/ros2_ws/install/hexapod_teleop:/home/hexapod/ros2_ws/install/hexapod_hardware:/home/hexapod/ros2_ws/install/hexapod_description:/home/hexapod/ros2_ws/install/hexapod_core:/opt/ros/jazzy LD_LIBRARY_PATH=/home/hexapod/ros2_ws/install/hexapod_custom_msgs/lib:/home/hexapod/ros2_ws/install/hexapod_teleop/lib:/home/hexapod/ros2_ws/install/hexapod_hardware/lib:/home/hexapod/ros2_ws/install/hexapod_control/lib:/opt/ros/jazzy/lib/aarch64-linux-gnu:/opt/ros/jazzy/lib /usr/bin/cmake --install /home/hexapod/ros2_ws/build/hexapod_hardware
[16.442s] -- Install configuration: ""
[16.443s] -- Execute custom install script
[16.444s] -- Up-to-date symlink: /home/hexapod/ros2_ws/install/hexapod_hardware/share/hexapod_hardware/environment/library_path.sh
[16.444s] -- Up-to-date symlink: /home/hexapod/ros2_ws/install/hexapod_hardware/share/hexapod_hardware/environment/library_path.dsv
[16.445s] -- Up-to-date symlink: /home/hexapod/ros2_ws/install/hexapod_hardware/lib/libbuzzer_driver_node.so
[16.445s] -- Up-to-date symlink: /home/hexapod/ros2_ws/install/hexapod_hardware/lib/hexapod_hardware/buzzer_driver_node_standalone
[16.446s] -- Up-to-date symlink: /home/hexapod/ros2_ws/install/hexapod_hardware/include/hexapod_hardware/buzzer_driver_node.hpp
[16.446s] -- Up-to-date symlink: /home/hexapod/ros2_ws/install/hexapod_hardware/include/hexapod_hardware/notes.hpp
[16.447s] -- Up-to-date symlink: /home/hexapod/ros2_ws/install/hexapod_hardware/share/hexapod_hardware/launch/buzzer.launch.py
[16.447s] -- Up-to-date symlink: /home/hexapod/ros2_ws/install/hexapod_hardware/share/ament_index/resource_index/package_run_dependencies/hexapod_hardware
[16.448s] -- Up-to-date symlink: /home/hexapod/ros2_ws/install/hexapod_hardware/share/ament_index/resource_index/parent_prefix_path/hexapod_hardware
[16.448s] -- Up-to-date symlink: /home/hexapod/ros2_ws/install/hexapod_hardware/share/hexapod_hardware/environment/ament_prefix_path.sh
[16.449s] -- Up-to-date symlink: /home/hexapod/ros2_ws/install/hexapod_hardware/share/hexapod_hardware/environment/ament_prefix_path.dsv
[16.449s] -- Up-to-date symlink: /home/hexapod/ros2_ws/install/hexapod_hardware/share/hexapod_hardware/environment/path.sh
[16.449s] -- Up-to-date symlink: /home/hexapod/ros2_ws/install/hexapod_hardware/share/hexapod_hardware/environment/path.dsv
[16.449s] -- Up-to-date symlink: /home/hexapod/ros2_ws/install/hexapod_hardware/share/hexapod_hardware/local_setup.bash
[16.449s] -- Up-to-date symlink: /home/hexapod/ros2_ws/install/hexapod_hardware/share/hexapod_hardware/local_setup.sh
[16.450s] -- Up-to-date symlink: /home/hexapod/ros2_ws/install/hexapod_hardware/share/hexapod_hardware/local_setup.zsh
[16.450s] -- Up-to-date symlink: /home/hexapod/ros2_ws/install/hexapod_hardware/share/hexapod_hardware/local_setup.dsv
[16.451s] -- Symlinking: /home/hexapod/ros2_ws/install/hexapod_hardware/share/hexapod_hardware/package.dsv
[16.468s] -- Up-to-date symlink: /home/hexapod/ros2_ws/install/hexapod_hardware/share/ament_index/resource_index/packages/hexapod_hardware
[16.468s] -- Up-to-date symlink: /home/hexapod/ros2_ws/install/hexapod_hardware/share/hexapod_hardware/cmake/ament_cmake_export_include_directories-extras.cmake
[16.469s] -- Up-to-date symlink: /home/hexapod/ros2_ws/install/hexapod_hardware/share/hexapod_hardware/cmake/ament_cmake_export_libraries-extras.cmake
[16.469s] -- Up-to-date symlink: /home/hexapod/ros2_ws/install/hexapod_hardware/share/hexapod_hardware/cmake/ament_cmake_export_dependencies-extras.cmake
[16.469s] -- Up-to-date symlink: /home/hexapod/ros2_ws/install/hexapod_hardware/share/hexapod_hardware/cmake/hexapod_hardwareConfig.cmake
[16.469s] -- Up-to-date symlink: /home/hexapod/ros2_ws/install/hexapod_hardware/share/hexapod_hardware/cmake/hexapod_hardwareConfig-version.cmake
[16.469s] -- Up-to-date symlink: /home/hexapod/ros2_ws/install/hexapod_hardware/share/hexapod_hardware/package.xml
[16.473s] Invoked command in '/home/hexapod/ros2_ws/build/hexapod_hardware' returned '0': CMAKE_PREFIX_PATH=/home/hexapod/ros2_ws/install/hexapod_custom_msgs:/home/hexapod/ros2_ws/install/hexapod_bringup:/home/hexapod/ros2_ws/install/hexapod_control:/home/hexapod/ros2_ws/install/hexapod_teleop:/home/hexapod/ros2_ws/install/hexapod_hardware:/home/hexapod/ros2_ws/install/hexapod_description:/home/hexapod/ros2_ws/install/hexapod_core:/opt/ros/jazzy LD_LIBRARY_PATH=/home/hexapod/ros2_ws/install/hexapod_custom_msgs/lib:/home/hexapod/ros2_ws/install/hexapod_teleop/lib:/home/hexapod/ros2_ws/install/hexapod_hardware/lib:/home/hexapod/ros2_ws/install/hexapod_control/lib:/opt/ros/jazzy/lib/aarch64-linux-gnu:/opt/ros/jazzy/lib /usr/bin/cmake --install /home/hexapod/ros2_ws/build/hexapod_hardware
