[ 33%] [32mBuilding CXX object CMakeFiles/hexapod_brain_node.dir/src/hexapod_brain_node.cpp.o[0m
[ 66%] [32m[1mLinking CXX executable hexapod_brain_node[0m
[100%] Built target hexapod_brain_node
-- Install configuration: ""
-- Execute custom install script
-- Symlinking: /home/hexapod/ros2_ws/install/hexapod_control/lib/hexapod_control/hexapod_brain_node
-- Symlinking: /home/hexapod/ros2_ws/install/hexapod_control/share/ament_index/resource_index/package_run_dependencies/hexapod_control
-- Symlinking: /home/hexapod/ros2_ws/install/hexapod_control/share/ament_index/resource_index/parent_prefix_path/hexapod_control
-- Symlinking: /home/hexapod/ros2_ws/install/hexapod_control/share/hexapod_control/environment/ament_prefix_path.sh
-- Symlinking: /home/hexapod/ros2_ws/install/hexapod_control/share/hexapod_control/environment/ament_prefix_path.dsv
-- Symlinking: /home/hexapod/ros2_ws/install/hexapod_control/share/hexapod_control/environment/path.sh
-- Symlinking: /home/hexapod/ros2_ws/install/hexapod_control/share/hexapod_control/environment/path.dsv
-- Symlinking: /home/hexapod/ros2_ws/install/hexapod_control/share/hexapod_control/local_setup.bash
-- Symlinking: /home/hexapod/ros2_ws/install/hexapod_control/share/hexapod_control/local_setup.sh
-- Symlinking: /home/hexapod/ros2_ws/install/hexapod_control/share/hexapod_control/local_setup.zsh
-- Symlinking: /home/hexapod/ros2_ws/install/hexapod_control/share/hexapod_control/local_setup.dsv
-- Symlinking: /home/hexapod/ros2_ws/install/hexapod_control/share/hexapod_control/package.dsv
-- Symlinking: /home/hexapod/ros2_ws/install/hexapod_control/share/ament_index/resource_index/packages/hexapod_control
-- Symlinking: /home/hexapod/ros2_ws/install/hexapod_control/share/hexapod_control/cmake/hexapod_controlConfig.cmake
-- Symlinking: /home/hexapod/ros2_ws/install/hexapod_control/share/hexapod_control/cmake/hexapod_controlConfig-version.cmake
-- Symlinking: /home/hexapod/ros2_ws/install/hexapod_control/share/hexapod_control/package.xml
