[0.024s] Invoking command in '/home/hexapod/ros2_ws/build/hexapod_description': CMAKE_PREFIX_PATH=${CMAKE_PREFIX_PATH}:/opt/ros/jazzy /usr/bin/cmake --build /home/hexapod/ros2_ws/build/hexapod_description -- -j4 -l4
[0.156s] Invoked command in '/home/hexapod/ros2_ws/build/hexapod_description' returned '0': CMAKE_PREFIX_PATH=${CMAKE_PREFIX_PATH}:/opt/ros/jazzy /usr/bin/cmake --build /home/hexapod/ros2_ws/build/hexapod_description -- -j4 -l4
[0.174s] Invoking command in '/home/hexapod/ros2_ws/build/hexapod_description': CMAKE_PREFIX_PATH=${CMAKE_PREFIX_PATH}:/opt/ros/jazzy /usr/bin/cmake --install /home/hexapod/ros2_ws/build/hexapod_description
[0.195s] -- Install configuration: ""
[0.197s] -- Execute custom install script
[0.200s] -- Up-to-date symlink: /home/hexapod/ros2_ws/install/hexapod_description/share/hexapod_description/urdf/hexapod.urdf.xacro
[0.201s] -- Up-to-date symlink: /home/hexapod/ros2_ws/install/hexapod_description/share/hexapod_description/launch/display.launch.py
[0.201s] -- Up-to-date symlink: /home/hexapod/ros2_ws/install/hexapod_description/share/ament_index/resource_index/package_run_dependencies/hexapod_description
[0.207s] -- Up-to-date symlink: /home/hexapod/ros2_ws/install/hexapod_description/share/ament_index/resource_index/parent_prefix_path/hexapod_description
[0.207s] -- Up-to-date symlink: /home/hexapod/ros2_ws/install/hexapod_description/share/hexapod_description/environment/ament_prefix_path.sh
[0.208s] -- Up-to-date symlink: /home/hexapod/ros2_ws/install/hexapod_description/share/hexapod_description/environment/ament_prefix_path.dsv
[0.208s] -- Up-to-date symlink: /home/hexapod/ros2_ws/install/hexapod_description/share/hexapod_description/environment/path.sh
[0.208s] -- Up-to-date symlink: /home/hexapod/ros2_ws/install/hexapod_description/share/hexapod_description/environment/path.dsv
[0.210s] -- Up-to-date symlink: /home/hexapod/ros2_ws/install/hexapod_description/share/hexapod_description/local_setup.bash
[0.210s] -- Up-to-date symlink: /home/hexapod/ros2_ws/install/hexapod_description/share/hexapod_description/local_setup.sh
[0.218s] -- Up-to-date symlink: /home/hexapod/ros2_ws/install/hexapod_description/share/hexapod_description/local_setup.zsh
[0.218s] -- Up-to-date symlink: /home/hexapod/ros2_ws/install/hexapod_description/share/hexapod_description/local_setup.dsv
[0.221s] -- Symlinking: /home/hexapod/ros2_ws/install/hexapod_description/share/hexapod_description/package.dsv
[0.238s] -- Up-to-date symlink: /home/hexapod/ros2_ws/install/hexapod_description/share/ament_index/resource_index/packages/hexapod_description
[0.238s] -- Up-to-date symlink: /home/hexapod/ros2_ws/install/hexapod_description/share/hexapod_description/cmake/hexapod_descriptionConfig.cmake
[0.238s] -- Up-to-date symlink: /home/hexapod/ros2_ws/install/hexapod_description/share/hexapod_description/cmake/hexapod_descriptionConfig-version.cmake
[0.239s] -- Up-to-date symlink: /home/hexapod/ros2_ws/install/hexapod_description/share/hexapod_description/package.xml
[0.243s] Invoked command in '/home/hexapod/ros2_ws/build/hexapod_description' returned '0': CMAKE_PREFIX_PATH=${CMAKE_PREFIX_PATH}:/opt/ros/jazzy /usr/bin/cmake --install /home/hexapod/ros2_ws/build/hexapod_description
