[  1%] Built target hexapod_custom_msgs__rs
[  3%] Built target hexapod_custom_msgs__rosidl_generator_type_description
[  3%] Built target ament_cmake_python_symlink_hexapod_custom_msgs
[  4%] Built target hexapod_custom_msgs__cpp
[ 26%] Built target hexapod_custom_msgs__rosidl_generator_c
[ 35%] Built target hexapod_custom_msgs__rosidl_typesupport_introspection_c
[ 44%] Built target hexapod_custom_msgs__rosidl_typesupport_fastrtps_cpp
[ 53%] Built target hexapod_custom_msgs__rosidl_typesupport_introspection_cpp
[ 63%] Built target hexapod_custom_msgs__rosidl_typesupport_cpp
[ 72%] Built target hexapod_custom_msgs__rosidl_typesupport_c
[ 81%] Built target hexapod_custom_msgs__rosidl_typesupport_fastrtps_c
[ 81%] Built target hexapod_custom_msgs
[ 83%] Built target hexapod_custom_msgs__py
running egg_info
[ 90%] Built target hexapod_custom_msgs__rosidl_generator_py
writing hexapod_custom_msgs.egg-info/PKG-INFO
writing dependency_links to hexapod_custom_msgs.egg-info/dependency_links.txt
writing top-level names to hexapod_custom_msgs.egg-info/top_level.txt
[ 93%] Built target hexapod_custom_msgs_s__rosidl_typesupport_fastrtps_c
[ 96%] Built target hexapod_custom_msgs_s__rosidl_typesupport_introspection_c
[100%] Built target hexapod_custom_msgs_s__rosidl_typesupport_c
reading manifest file 'hexapod_custom_msgs.egg-info/SOURCES.txt'
writing manifest file 'hexapod_custom_msgs.egg-info/SOURCES.txt'
[100%] Built target ament_cmake_python_build_hexapod_custom_msgs_egg
-- Install configuration: ""
-- Execute custom install script
-- Up-to-date symlink: /home/hexapod/ros2_ws/install/hexapod_custom_msgs/share/ament_index/resource_index/rosidl_interfaces/hexapod_custom_msgs
-- Up-to-date symlink: /home/hexapod/ros2_ws/install/hexapod_custom_msgs/share/hexapod_custom_msgs/msg/TeleopEvent.json
-- Up-to-date symlink: /home/hexapod/ros2_ws/install/hexapod_custom_msgs/share/hexapod_custom_msgs/msg/BuzzerCommand.json
-- Up-to-date symlink: /home/hexapod/ros2_ws/install/hexapod_custom_msgs/share/hexapod_custom_msgs/msg/LocomotionState.json
-- Up-to-date symlink: /home/hexapod/ros2_ws/install/hexapod_custom_msgs/share/hexapod_custom_msgs/msg/LocomotionCommand.json
-- Up-to-date symlink: /home/hexapod/ros2_ws/install/hexapod_custom_msgs/include/hexapod_custom_msgs/hexapod_custom_msgs/msg/buzzer_command.h
-- Up-to-date symlink: /home/hexapod/ros2_ws/install/hexapod_custom_msgs/include/hexapod_custom_msgs/hexapod_custom_msgs/msg/detail/buzzer_command__functions.h
-- Up-to-date symlink: /home/hexapod/ros2_ws/install/hexapod_custom_msgs/include/hexapod_custom_msgs/hexapod_custom_msgs/msg/detail/buzzer_command__struct.h
-- Up-to-date symlink: /home/hexapod/ros2_ws/install/hexapod_custom_msgs/include/hexapod_custom_msgs/hexapod_custom_msgs/msg/detail/buzzer_command__type_support.h
-- Up-to-date symlink: /home/hexapod/ros2_ws/install/hexapod_custom_msgs/include/hexapod_custom_msgs/hexapod_custom_msgs/msg/detail/locomotion_command__functions.h
-- Up-to-date symlink: /home/hexapod/ros2_ws/install/hexapod_custom_msgs/include/hexapod_custom_msgs/hexapod_custom_msgs/msg/detail/locomotion_command__struct.h
-- Up-to-date symlink: /home/hexapod/ros2_ws/install/hexapod_custom_msgs/include/hexapod_custom_msgs/hexapod_custom_msgs/msg/detail/locomotion_command__type_support.h
-- Up-to-date symlink: /home/hexapod/ros2_ws/install/hexapod_custom_msgs/include/hexapod_custom_msgs/hexapod_custom_msgs/msg/detail/locomotion_state__functions.h
-- Up-to-date symlink: /home/hexapod/ros2_ws/install/hexapod_custom_msgs/include/hexapod_custom_msgs/hexapod_custom_msgs/msg/detail/locomotion_state__struct.h
-- Up-to-date symlink: /home/hexapod/ros2_ws/install/hexapod_custom_msgs/include/hexapod_custom_msgs/hexapod_custom_msgs/msg/detail/locomotion_state__type_support.h
-- Up-to-date symlink: /home/hexapod/ros2_ws/install/hexapod_custom_msgs/include/hexapod_custom_msgs/hexapod_custom_msgs/msg/detail/teleop_event__functions.h
-- Up-to-date symlink: /home/hexapod/ros2_ws/install/hexapod_custom_msgs/include/hexapod_custom_msgs/hexapod_custom_msgs/msg/detail/teleop_event__struct.h
-- Up-to-date symlink: /home/hexapod/ros2_ws/install/hexapod_custom_msgs/include/hexapod_custom_msgs/hexapod_custom_msgs/msg/detail/teleop_event__type_support.h
-- Up-to-date symlink: /home/hexapod/ros2_ws/install/hexapod_custom_msgs/include/hexapod_custom_msgs/hexapod_custom_msgs/msg/locomotion_command.h
-- Up-to-date symlink: /home/hexapod/ros2_ws/install/hexapod_custom_msgs/include/hexapod_custom_msgs/hexapod_custom_msgs/msg/locomotion_state.h
-- Up-to-date symlink: /home/hexapod/ros2_ws/install/hexapod_custom_msgs/include/hexapod_custom_msgs/hexapod_custom_msgs/msg/rosidl_generator_c__visibility_control.h
-- Up-to-date symlink: /home/hexapod/ros2_ws/install/hexapod_custom_msgs/include/hexapod_custom_msgs/hexapod_custom_msgs/msg/teleop_event.h
-- Up-to-date symlink: /home/hexapod/ros2_ws/install/hexapod_custom_msgs/share/hexapod_custom_msgs/environment/library_path.sh
-- Up-to-date symlink: /home/hexapod/ros2_ws/install/hexapod_custom_msgs/share/hexapod_custom_msgs/environment/library_path.dsv
-- Up-to-date symlink: /home/hexapod/ros2_ws/install/hexapod_custom_msgs/include/hexapod_custom_msgs/hexapod_custom_msgs/msg/detail/buzzer_command__rosidl_typesupport_fastrtps_c.h
-- Up-to-date symlink: /home/hexapod/ros2_ws/install/hexapod_custom_msgs/include/hexapod_custom_msgs/hexapod_custom_msgs/msg/detail/locomotion_command__rosidl_typesupport_fastrtps_c.h
-- Up-to-date symlink: /home/hexapod/ros2_ws/install/hexapod_custom_msgs/include/hexapod_custom_msgs/hexapod_custom_msgs/msg/detail/locomotion_state__rosidl_typesupport_fastrtps_c.h
-- Up-to-date symlink: /home/hexapod/ros2_ws/install/hexapod_custom_msgs/include/hexapod_custom_msgs/hexapod_custom_msgs/msg/detail/teleop_event__rosidl_typesupport_fastrtps_c.h
-- Up-to-date symlink: /home/hexapod/ros2_ws/install/hexapod_custom_msgs/include/hexapod_custom_msgs/hexapod_custom_msgs/msg/rosidl_typesupport_fastrtps_c__visibility_control.h
-- Up-to-date symlink: /home/hexapod/ros2_ws/install/hexapod_custom_msgs/include/hexapod_custom_msgs/hexapod_custom_msgs/msg/detail/buzzer_command__rosidl_typesupport_introspection_c.h
-- Up-to-date symlink: /home/hexapod/ros2_ws/install/hexapod_custom_msgs/include/hexapod_custom_msgs/hexapod_custom_msgs/msg/detail/locomotion_command__rosidl_typesupport_introspection_c.h
-- Up-to-date symlink: /home/hexapod/ros2_ws/install/hexapod_custom_msgs/include/hexapod_custom_msgs/hexapod_custom_msgs/msg/detail/locomotion_state__rosidl_typesupport_introspection_c.h
-- Up-to-date symlink: /home/hexapod/ros2_ws/install/hexapod_custom_msgs/include/hexapod_custom_msgs/hexapod_custom_msgs/msg/detail/teleop_event__rosidl_typesupport_introspection_c.h
-- Up-to-date symlink: /home/hexapod/ros2_ws/install/hexapod_custom_msgs/include/hexapod_custom_msgs/hexapod_custom_msgs/msg/rosidl_typesupport_introspection_c__visibility_control.h
-- Up-to-date symlink: /home/hexapod/ros2_ws/install/hexapod_custom_msgs/include/hexapod_custom_msgs/hexapod_custom_msgs/msg/buzzer_command.hpp
-- Up-to-date symlink: /home/hexapod/ros2_ws/install/hexapod_custom_msgs/include/hexapod_custom_msgs/hexapod_custom_msgs/msg/detail/buzzer_command__builder.hpp
-- Up-to-date symlink: /home/hexapod/ros2_ws/install/hexapod_custom_msgs/include/hexapod_custom_msgs/hexapod_custom_msgs/msg/detail/buzzer_command__struct.hpp
-- Up-to-date symlink: /home/hexapod/ros2_ws/install/hexapod_custom_msgs/include/hexapod_custom_msgs/hexapod_custom_msgs/msg/detail/buzzer_command__traits.hpp
-- Up-to-date symlink: /home/hexapod/ros2_ws/install/hexapod_custom_msgs/include/hexapod_custom_msgs/hexapod_custom_msgs/msg/detail/buzzer_command__type_support.hpp
-- Up-to-date symlink: /home/hexapod/ros2_ws/install/hexapod_custom_msgs/include/hexapod_custom_msgs/hexapod_custom_msgs/msg/detail/locomotion_command__builder.hpp
-- Up-to-date symlink: /home/hexapod/ros2_ws/install/hexapod_custom_msgs/include/hexapod_custom_msgs/hexapod_custom_msgs/msg/detail/locomotion_command__struct.hpp
-- Up-to-date symlink: /home/hexapod/ros2_ws/install/hexapod_custom_msgs/include/hexapod_custom_msgs/hexapod_custom_msgs/msg/detail/locomotion_command__traits.hpp
-- Up-to-date symlink: /home/hexapod/ros2_ws/install/hexapod_custom_msgs/include/hexapod_custom_msgs/hexapod_custom_msgs/msg/detail/locomotion_command__type_support.hpp
-- Up-to-date symlink: /home/hexapod/ros2_ws/install/hexapod_custom_msgs/include/hexapod_custom_msgs/hexapod_custom_msgs/msg/detail/locomotion_state__builder.hpp
-- Up-to-date symlink: /home/hexapod/ros2_ws/install/hexapod_custom_msgs/include/hexapod_custom_msgs/hexapod_custom_msgs/msg/detail/locomotion_state__struct.hpp
-- Up-to-date symlink: /home/hexapod/ros2_ws/install/hexapod_custom_msgs/include/hexapod_custom_msgs/hexapod_custom_msgs/msg/detail/locomotion_state__traits.hpp
-- Up-to-date symlink: /home/hexapod/ros2_ws/install/hexapod_custom_msgs/include/hexapod_custom_msgs/hexapod_custom_msgs/msg/detail/locomotion_state__type_support.hpp
-- Up-to-date symlink: /home/hexapod/ros2_ws/install/hexapod_custom_msgs/include/hexapod_custom_msgs/hexapod_custom_msgs/msg/detail/teleop_event__builder.hpp
-- Up-to-date symlink: /home/hexapod/ros2_ws/install/hexapod_custom_msgs/include/hexapod_custom_msgs/hexapod_custom_msgs/msg/detail/teleop_event__struct.hpp
-- Up-to-date symlink: /home/hexapod/ros2_ws/install/hexapod_custom_msgs/include/hexapod_custom_msgs/hexapod_custom_msgs/msg/detail/teleop_event__traits.hpp
-- Up-to-date symlink: /home/hexapod/ros2_ws/install/hexapod_custom_msgs/include/hexapod_custom_msgs/hexapod_custom_msgs/msg/detail/teleop_event__type_support.hpp
-- Up-to-date symlink: /home/hexapod/ros2_ws/install/hexapod_custom_msgs/include/hexapod_custom_msgs/hexapod_custom_msgs/msg/locomotion_command.hpp
-- Up-to-date symlink: /home/hexapod/ros2_ws/install/hexapod_custom_msgs/include/hexapod_custom_msgs/hexapod_custom_msgs/msg/locomotion_state.hpp
-- Up-to-date symlink: /home/hexapod/ros2_ws/install/hexapod_custom_msgs/include/hexapod_custom_msgs/hexapod_custom_msgs/msg/rosidl_generator_cpp__visibility_control.hpp
-- Up-to-date symlink: /home/hexapod/ros2_ws/install/hexapod_custom_msgs/include/hexapod_custom_msgs/hexapod_custom_msgs/msg/teleop_event.hpp
-- Up-to-date symlink: /home/hexapod/ros2_ws/install/hexapod_custom_msgs/include/hexapod_custom_msgs/hexapod_custom_msgs/msg/detail/buzzer_command__rosidl_typesupport_fastrtps_cpp.hpp
-- Up-to-date symlink: /home/hexapod/ros2_ws/install/hexapod_custom_msgs/include/hexapod_custom_msgs/hexapod_custom_msgs/msg/detail/locomotion_command__rosidl_typesupport_fastrtps_cpp.hpp
-- Up-to-date symlink: /home/hexapod/ros2_ws/install/hexapod_custom_msgs/include/hexapod_custom_msgs/hexapod_custom_msgs/msg/detail/locomotion_state__rosidl_typesupport_fastrtps_cpp.hpp
-- Up-to-date symlink: /home/hexapod/ros2_ws/install/hexapod_custom_msgs/include/hexapod_custom_msgs/hexapod_custom_msgs/msg/detail/teleop_event__rosidl_typesupport_fastrtps_cpp.hpp
-- Up-to-date symlink: /home/hexapod/ros2_ws/install/hexapod_custom_msgs/include/hexapod_custom_msgs/hexapod_custom_msgs/msg/rosidl_typesupport_fastrtps_cpp__visibility_control.h
-- Up-to-date symlink: /home/hexapod/ros2_ws/install/hexapod_custom_msgs/include/hexapod_custom_msgs/hexapod_custom_msgs/msg/detail/buzzer_command__rosidl_typesupport_introspection_cpp.hpp
-- Up-to-date symlink: /home/hexapod/ros2_ws/install/hexapod_custom_msgs/include/hexapod_custom_msgs/hexapod_custom_msgs/msg/detail/locomotion_command__rosidl_typesupport_introspection_cpp.hpp
-- Up-to-date symlink: /home/hexapod/ros2_ws/install/hexapod_custom_msgs/include/hexapod_custom_msgs/hexapod_custom_msgs/msg/detail/locomotion_state__rosidl_typesupport_introspection_cpp.hpp
-- Up-to-date symlink: /home/hexapod/ros2_ws/install/hexapod_custom_msgs/include/hexapod_custom_msgs/hexapod_custom_msgs/msg/detail/teleop_event__rosidl_typesupport_introspection_cpp.hpp
-- Up-to-date symlink: /home/hexapod/ros2_ws/install/hexapod_custom_msgs/share/hexapod_custom_msgs/environment/pythonpath.sh
-- Up-to-date symlink: /home/hexapod/ros2_ws/install/hexapod_custom_msgs/share/hexapod_custom_msgs/environment/pythonpath.dsv
-- Up-to-date symlink: /home/hexapod/ros2_ws/install/hexapod_custom_msgs/lib/python3.12/site-packages/hexapod_custom_msgs-0.0.1-py3.12.egg-info/PKG-INFO
-- Up-to-date symlink: /home/hexapod/ros2_ws/install/hexapod_custom_msgs/lib/python3.12/site-packages/hexapod_custom_msgs-0.0.1-py3.12.egg-info/SOURCES.txt
-- Up-to-date symlink: /home/hexapod/ros2_ws/install/hexapod_custom_msgs/lib/python3.12/site-packages/hexapod_custom_msgs-0.0.1-py3.12.egg-info/dependency_links.txt
-- Up-to-date symlink: /home/hexapod/ros2_ws/install/hexapod_custom_msgs/lib/python3.12/site-packages/hexapod_custom_msgs-0.0.1-py3.12.egg-info/top_level.txt
-- Up-to-date symlink: /home/hexapod/ros2_ws/install/hexapod_custom_msgs/lib/python3.12/site-packages/hexapod_custom_msgs/__init__.py
-- Up-to-date symlink: /home/hexapod/ros2_ws/install/hexapod_custom_msgs/lib/python3.12/site-packages/hexapod_custom_msgs/_hexapod_custom_msgs_s.ep.rosidl_typesupport_c.c
-- Up-to-date symlink: /home/hexapod/ros2_ws/install/hexapod_custom_msgs/lib/python3.12/site-packages/hexapod_custom_msgs/_hexapod_custom_msgs_s.ep.rosidl_typesupport_fastrtps_c.c
-- Up-to-date symlink: /home/hexapod/ros2_ws/install/hexapod_custom_msgs/lib/python3.12/site-packages/hexapod_custom_msgs/_hexapod_custom_msgs_s.ep.rosidl_typesupport_introspection_c.c
-- Up-to-date symlink: /home/hexapod/ros2_ws/install/hexapod_custom_msgs/lib/python3.12/site-packages/hexapod_custom_msgs/hexapod_custom_msgs_s__rosidl_typesupport_c.so
-- Up-to-date symlink: /home/hexapod/ros2_ws/install/hexapod_custom_msgs/lib/python3.12/site-packages/hexapod_custom_msgs/hexapod_custom_msgs_s__rosidl_typesupport_fastrtps_c.so
-- Up-to-date symlink: /home/hexapod/ros2_ws/install/hexapod_custom_msgs/lib/python3.12/site-packages/hexapod_custom_msgs/hexapod_custom_msgs_s__rosidl_typesupport_introspection_c.so
-- Up-to-date symlink: /home/hexapod/ros2_ws/install/hexapod_custom_msgs/lib/python3.12/site-packages/hexapod_custom_msgs/msg/__init__.py
-- Up-to-date symlink: /home/hexapod/ros2_ws/install/hexapod_custom_msgs/lib/python3.12/site-packages/hexapod_custom_msgs/msg/_buzzer_command.py
-- Up-to-date symlink: /home/hexapod/ros2_ws/install/hexapod_custom_msgs/lib/python3.12/site-packages/hexapod_custom_msgs/msg/_buzzer_command_s.c
-- Up-to-date symlink: /home/hexapod/ros2_ws/install/hexapod_custom_msgs/lib/python3.12/site-packages/hexapod_custom_msgs/msg/_locomotion_command.py
-- Up-to-date symlink: /home/hexapod/ros2_ws/install/hexapod_custom_msgs/lib/python3.12/site-packages/hexapod_custom_msgs/msg/_locomotion_command_s.c
-- Up-to-date symlink: /home/hexapod/ros2_ws/install/hexapod_custom_msgs/lib/python3.12/site-packages/hexapod_custom_msgs/msg/_locomotion_state.py
-- Up-to-date symlink: /home/hexapod/ros2_ws/install/hexapod_custom_msgs/lib/python3.12/site-packages/hexapod_custom_msgs/msg/_locomotion_state_s.c
-- Up-to-date symlink: /home/hexapod/ros2_ws/install/hexapod_custom_msgs/lib/python3.12/site-packages/hexapod_custom_msgs/msg/_teleop_event.py
-- Up-to-date symlink: /home/hexapod/ros2_ws/install/hexapod_custom_msgs/lib/python3.12/site-packages/hexapod_custom_msgs/msg/_teleop_event_s.c
-- Up-to-date symlink: /home/hexapod/ros2_ws/install/hexapod_custom_msgs/lib/python3.12/site-packages/hexapod_custom_msgs/hexapod_custom_msgs_s__rosidl_typesupport_fastrtps_c.so
-- Up-to-date symlink: /home/hexapod/ros2_ws/install/hexapod_custom_msgs/lib/python3.12/site-packages/hexapod_custom_msgs/hexapod_custom_msgs_s__rosidl_typesupport_introspection_c.so
-- Up-to-date symlink: /home/hexapod/ros2_ws/install/hexapod_custom_msgs/lib/python3.12/site-packages/hexapod_custom_msgs/hexapod_custom_msgs_s__rosidl_typesupport_c.so
-- Up-to-date symlink: /home/hexapod/ros2_ws/install/hexapod_custom_msgs/share/ament_index/resource_index/rust_packages/hexapod_custom_msgs
-- Up-to-date symlink: /home/hexapod/ros2_ws/install/hexapod_custom_msgs/share/hexapod_custom_msgs/rust/Cargo.toml
-- Up-to-date symlink: /home/hexapod/ros2_ws/install/hexapod_custom_msgs/share/hexapod_custom_msgs/rust/build.rs
-- Up-to-date symlink: /home/hexapod/ros2_ws/install/hexapod_custom_msgs/share/hexapod_custom_msgs/rust/src/lib.rs
-- Up-to-date symlink: /home/hexapod/ros2_ws/install/hexapod_custom_msgs/share/hexapod_custom_msgs/rust/src/msg.rs
-- Up-to-date symlink: /home/hexapod/ros2_ws/install/hexapod_custom_msgs/share/hexapod_custom_msgs/rust/src/msg/rmw.rs
-- Up-to-date symlink: /home/hexapod/ros2_ws/install/hexapod_custom_msgs/share/hexapod_custom_msgs/msg/TeleopEvent.idl
-- Up-to-date symlink: /home/hexapod/ros2_ws/install/hexapod_custom_msgs/share/hexapod_custom_msgs/msg/BuzzerCommand.idl
-- Up-to-date symlink: /home/hexapod/ros2_ws/install/hexapod_custom_msgs/share/hexapod_custom_msgs/msg/LocomotionState.idl
-- Up-to-date symlink: /home/hexapod/ros2_ws/install/hexapod_custom_msgs/share/hexapod_custom_msgs/msg/LocomotionCommand.idl
-- Up-to-date symlink: /home/hexapod/ros2_ws/install/hexapod_custom_msgs/share/hexapod_custom_msgs/msg/TeleopEvent.msg
-- Up-to-date symlink: /home/hexapod/ros2_ws/install/hexapod_custom_msgs/share/hexapod_custom_msgs/msg/BuzzerCommand.msg
-- Up-to-date symlink: /home/hexapod/ros2_ws/install/hexapod_custom_msgs/share/hexapod_custom_msgs/msg/LocomotionState.msg
-- Up-to-date symlink: /home/hexapod/ros2_ws/install/hexapod_custom_msgs/share/hexapod_custom_msgs/msg/LocomotionCommand.msg
-- Up-to-date symlink: /home/hexapod/ros2_ws/install/hexapod_custom_msgs/share/ament_index/resource_index/package_run_dependencies/hexapod_custom_msgs
-- Up-to-date symlink: /home/hexapod/ros2_ws/install/hexapod_custom_msgs/share/ament_index/resource_index/parent_prefix_path/hexapod_custom_msgs
-- Up-to-date symlink: /home/hexapod/ros2_ws/install/hexapod_custom_msgs/share/hexapod_custom_msgs/environment/ament_prefix_path.sh
-- Up-to-date symlink: /home/hexapod/ros2_ws/install/hexapod_custom_msgs/share/hexapod_custom_msgs/environment/ament_prefix_path.dsv
-- Up-to-date symlink: /home/hexapod/ros2_ws/install/hexapod_custom_msgs/share/hexapod_custom_msgs/environment/path.sh
-- Up-to-date symlink: /home/hexapod/ros2_ws/install/hexapod_custom_msgs/share/hexapod_custom_msgs/environment/path.dsv
-- Up-to-date symlink: /home/hexapod/ros2_ws/install/hexapod_custom_msgs/share/hexapod_custom_msgs/local_setup.bash
-- Up-to-date symlink: /home/hexapod/ros2_ws/install/hexapod_custom_msgs/share/hexapod_custom_msgs/local_setup.sh
-- Up-to-date symlink: /home/hexapod/ros2_ws/install/hexapod_custom_msgs/share/hexapod_custom_msgs/local_setup.zsh
-- Up-to-date symlink: /home/hexapod/ros2_ws/install/hexapod_custom_msgs/share/hexapod_custom_msgs/local_setup.dsv
-- Symlinking: /home/hexapod/ros2_ws/install/hexapod_custom_msgs/share/hexapod_custom_msgs/package.dsv
-- Up-to-date symlink: /home/hexapod/ros2_ws/install/hexapod_custom_msgs/share/ament_index/resource_index/packages/hexapod_custom_msgs
-- Up-to-date symlink: /home/hexapod/ros2_ws/install/hexapod_custom_msgs/share/hexapod_custom_msgs/cmake/rosidl_cmake-extras.cmake
-- Up-to-date symlink: /home/hexapod/ros2_ws/install/hexapod_custom_msgs/share/hexapod_custom_msgs/cmake/ament_cmake_export_include_directories-extras.cmake
-- Up-to-date symlink: /home/hexapod/ros2_ws/install/hexapod_custom_msgs/share/hexapod_custom_msgs/cmake/ament_cmake_export_libraries-extras.cmake
-- Up-to-date symlink: /home/hexapod/ros2_ws/install/hexapod_custom_msgs/share/hexapod_custom_msgs/cmake/ament_cmake_export_targets-extras.cmake
-- Up-to-date symlink: /home/hexapod/ros2_ws/install/hexapod_custom_msgs/share/hexapod_custom_msgs/cmake/rosidl_cmake_export_typesupport_targets-extras.cmake
-- Up-to-date symlink: /home/hexapod/ros2_ws/install/hexapod_custom_msgs/share/hexapod_custom_msgs/cmake/ament_cmake_export_dependencies-extras.cmake
-- Up-to-date symlink: /home/hexapod/ros2_ws/install/hexapod_custom_msgs/share/hexapod_custom_msgs/cmake/rosidl_cmake_export_typesupport_libraries-extras.cmake
-- Up-to-date symlink: /home/hexapod/ros2_ws/install/hexapod_custom_msgs/share/hexapod_custom_msgs/cmake/rosidl_cmake_aggregate_target-extras.cmake
-- Up-to-date symlink: /home/hexapod/ros2_ws/install/hexapod_custom_msgs/share/hexapod_custom_msgs/cmake/hexapod_custom_msgsConfig.cmake
-- Up-to-date symlink: /home/hexapod/ros2_ws/install/hexapod_custom_msgs/share/hexapod_custom_msgs/cmake/hexapod_custom_msgsConfig-version.cmake
-- Up-to-date symlink: /home/hexapod/ros2_ws/install/hexapod_custom_msgs/share/hexapod_custom_msgs/package.xml
-- Up-to-date: /home/hexapod/ros2_ws/install/hexapod_custom_msgs/lib/libhexapod_custom_msgs__rosidl_generator_c.so
-- Up-to-date: /home/hexapod/ros2_ws/install/hexapod_custom_msgs/lib/libhexapod_custom_msgs__rosidl_typesupport_fastrtps_c.so
-- Up-to-date: /home/hexapod/ros2_ws/install/hexapod_custom_msgs/lib/libhexapod_custom_msgs__rosidl_typesupport_introspection_c.so
-- Up-to-date: /home/hexapod/ros2_ws/install/hexapod_custom_msgs/lib/libhexapod_custom_msgs__rosidl_typesupport_c.so
-- Up-to-date: /home/hexapod/ros2_ws/install/hexapod_custom_msgs/lib/libhexapod_custom_msgs__rosidl_typesupport_fastrtps_cpp.so
-- Up-to-date: /home/hexapod/ros2_ws/install/hexapod_custom_msgs/lib/libhexapod_custom_msgs__rosidl_typesupport_introspection_cpp.so
-- Up-to-date: /home/hexapod/ros2_ws/install/hexapod_custom_msgs/lib/libhexapod_custom_msgs__rosidl_typesupport_cpp.so
Listing '/home/hexapod/ros2_ws/install/hexapod_custom_msgs/lib/python3.12/site-packages/hexapod_custom_msgs'...
Listing '/home/hexapod/ros2_ws/install/hexapod_custom_msgs/lib/python3.12/site-packages/hexapod_custom_msgs/msg'...
-- Up-to-date: /home/hexapod/ros2_ws/install/hexapod_custom_msgs/lib/libhexapod_custom_msgs__rosidl_generator_py.so
-- Up-to-date: /home/hexapod/ros2_ws/install/hexapod_custom_msgs/share/hexapod_custom_msgs/cmake/export_hexapod_custom_msgs__rosidl_generator_cExport.cmake
-- Up-to-date: /home/hexapod/ros2_ws/install/hexapod_custom_msgs/share/hexapod_custom_msgs/cmake/export_hexapod_custom_msgs__rosidl_generator_cExport-noconfig.cmake
-- Up-to-date: /home/hexapod/ros2_ws/install/hexapod_custom_msgs/share/hexapod_custom_msgs/cmake/export_hexapod_custom_msgs__rosidl_typesupport_fastrtps_cExport.cmake
-- Up-to-date: /home/hexapod/ros2_ws/install/hexapod_custom_msgs/share/hexapod_custom_msgs/cmake/export_hexapod_custom_msgs__rosidl_typesupport_fastrtps_cExport-noconfig.cmake
-- Up-to-date: /home/hexapod/ros2_ws/install/hexapod_custom_msgs/share/hexapod_custom_msgs/cmake/hexapod_custom_msgs__rosidl_typesupport_introspection_cExport.cmake
-- Up-to-date: /home/hexapod/ros2_ws/install/hexapod_custom_msgs/share/hexapod_custom_msgs/cmake/hexapod_custom_msgs__rosidl_typesupport_introspection_cExport-noconfig.cmake
-- Up-to-date: /home/hexapod/ros2_ws/install/hexapod_custom_msgs/share/hexapod_custom_msgs/cmake/hexapod_custom_msgs__rosidl_typesupport_cExport.cmake
-- Up-to-date: /home/hexapod/ros2_ws/install/hexapod_custom_msgs/share/hexapod_custom_msgs/cmake/hexapod_custom_msgs__rosidl_typesupport_cExport-noconfig.cmake
-- Up-to-date: /home/hexapod/ros2_ws/install/hexapod_custom_msgs/share/hexapod_custom_msgs/cmake/export_hexapod_custom_msgs__rosidl_generator_cppExport.cmake
-- Up-to-date: /home/hexapod/ros2_ws/install/hexapod_custom_msgs/share/hexapod_custom_msgs/cmake/export_hexapod_custom_msgs__rosidl_typesupport_fastrtps_cppExport.cmake
-- Up-to-date: /home/hexapod/ros2_ws/install/hexapod_custom_msgs/share/hexapod_custom_msgs/cmake/export_hexapod_custom_msgs__rosidl_typesupport_fastrtps_cppExport-noconfig.cmake
-- Up-to-date: /home/hexapod/ros2_ws/install/hexapod_custom_msgs/share/hexapod_custom_msgs/cmake/hexapod_custom_msgs__rosidl_typesupport_introspection_cppExport.cmake
-- Up-to-date: /home/hexapod/ros2_ws/install/hexapod_custom_msgs/share/hexapod_custom_msgs/cmake/hexapod_custom_msgs__rosidl_typesupport_introspection_cppExport-noconfig.cmake
-- Up-to-date: /home/hexapod/ros2_ws/install/hexapod_custom_msgs/share/hexapod_custom_msgs/cmake/hexapod_custom_msgs__rosidl_typesupport_cppExport.cmake
-- Up-to-date: /home/hexapod/ros2_ws/install/hexapod_custom_msgs/share/hexapod_custom_msgs/cmake/hexapod_custom_msgs__rosidl_typesupport_cppExport-noconfig.cmake
-- Up-to-date: /home/hexapod/ros2_ws/install/hexapod_custom_msgs/share/hexapod_custom_msgs/cmake/export_hexapod_custom_msgs__rosidl_generator_pyExport.cmake
-- Up-to-date: /home/hexapod/ros2_ws/install/hexapod_custom_msgs/share/hexapod_custom_msgs/cmake/export_hexapod_custom_msgs__rosidl_generator_pyExport-noconfig.cmake
