[0.023s] Invoking command in '/home/hexapod/ros2_ws/build/hexapod_teleop': AMENT_PREFIX_PATH=/home/hexapod/ros2_ws/install/hexapod_custom_msgs:${AMENT_PREFIX_PATH} CMAKE_PREFIX_PATH=/home/hexapod/ros2_ws/install/hexapod_custom_msgs:/home/hexapod/ros2_ws/install/hexapod_control:/home/hexapod/ros2_ws/install/hexapod_teleop:/home/hexapod/ros2_ws/install/hexapod_hardware:/home/hexapod/ros2_ws/install/hexapod_description:/home/hexapod/ros2_ws/install/hexapod_core:/opt/ros/jazzy LD_LIBRARY_PATH=/home/hexapod/ros2_ws/install/hexapod_custom_msgs/lib:${LD_LIBRARY_PATH} PYTHONPATH=/home/hexapod/ros2_ws/install/hexapod_custom_msgs/lib/python3.12/site-packages:${PYTHONPATH} /usr/bin/cmake --build /home/hexapod/ros2_ws/build/hexapod_teleop -- -j4 -l4
[0.069s] -- Found ament_cmake: 2.5.6 (/opt/ros/jazzy/share/ament_cmake/cmake)
[0.626s] -- Override CMake install command with custom implementation using symlinks instead of copying resources
[0.648s] -- Found rclcpp: 28.1.21 (/opt/ros/jazzy/share/rclcpp/cmake)
[0.699s] -- Found rosidl_generator_c: 4.6.9 (/opt/ros/jazzy/share/rosidl_generator_c/cmake)
[0.715s] -- Found rosidl_generator_cpp: 4.6.9 (/opt/ros/jazzy/share/rosidl_generator_cpp/cmake)
[0.734s] -- Using all available rosidl_typesupport_c: rosidl_typesupport_fastrtps_c;rosidl_typesupport_introspection_c
[0.769s] -- Using all available rosidl_typesupport_cpp: rosidl_typesupport_fastrtps_cpp;rosidl_typesupport_introspection_cpp
[0.862s] -- Found rmw_implementation_cmake: 7.3.3 (/opt/ros/jazzy/share/rmw_implementation_cmake/cmake)
[0.865s] -- Found rmw_fastrtps_cpp: 8.4.4 (/opt/ros/jazzy/share/rmw_fastrtps_cpp/cmake)
[0.997s] -- Using RMW implementation 'rmw_fastrtps_cpp' as default
[1.204s] -- Found geometry_msgs: 5.3.8 (/opt/ros/jazzy/share/geometry_msgs/cmake)
[1.315s] -- Found tf2: 0.36.21 (/opt/ros/jazzy/share/tf2/cmake)
[1.329s] -- Found hexapod_custom_msgs: 0.0.1 (/home/hexapod/ros2_ws/install/hexapod_custom_msgs/share/hexapod_custom_msgs/cmake)
[1.415s] -- Found ament_lint_auto: 0.17.5 (/opt/ros/jazzy/share/ament_lint_auto/cmake)
[1.806s] -- Added test 'cppcheck' to perform static code analysis on C / C++ code
[1.806s] -- Configured cppcheck include dirs: $<BUILD_INTERFACE:/home/hexapod/ros2_ws/src/hexapod_teleop/include>
[1.806s] -- Configured cppcheck exclude dirs and/or files: 
[1.808s] -- Added test 'flake8' to check Python code syntax and style conventions
[1.808s] -- Configured 'flake8' exclude dirs and/or files: 
[1.811s] -- Added test 'lint_cmake' to check CMake code style
[1.811s] -- Added test 'pep257' to check Python code against some of the docstring style conventions in PEP 257
[1.811s] -- Added test 'uncrustify' to check C / C++ code style
[1.812s] -- Configured uncrustify additional arguments: 
[1.814s] -- Added test 'xmllint' to check XML markup files
[1.823s] -- Configuring done (1.8s)
[1.879s] -- Generating done (0.0s)
[1.895s] -- Build files have been written to: /home/hexapod/ros2_ws/build/hexapod_teleop
[2.035s] [ 50%] [32mBuilding CXX object CMakeFiles/bluetooth_teleop_node.dir/src/bluetooth_teleop_node.cpp.o[0m
[14.887s] [100%] [32m[1mLinking CXX shared library libbluetooth_teleop_node.so[0m
[15.609s] [100%] Built target bluetooth_teleop_node
[15.647s] Invoked command in '/home/hexapod/ros2_ws/build/hexapod_teleop' returned '0': AMENT_PREFIX_PATH=/home/hexapod/ros2_ws/install/hexapod_custom_msgs:${AMENT_PREFIX_PATH} CMAKE_PREFIX_PATH=/home/hexapod/ros2_ws/install/hexapod_custom_msgs:/home/hexapod/ros2_ws/install/hexapod_control:/home/hexapod/ros2_ws/install/hexapod_teleop:/home/hexapod/ros2_ws/install/hexapod_hardware:/home/hexapod/ros2_ws/install/hexapod_description:/home/hexapod/ros2_ws/install/hexapod_core:/opt/ros/jazzy LD_LIBRARY_PATH=/home/hexapod/ros2_ws/install/hexapod_custom_msgs/lib:${LD_LIBRARY_PATH} PYTHONPATH=/home/hexapod/ros2_ws/install/hexapod_custom_msgs/lib/python3.12/site-packages:${PYTHONPATH} /usr/bin/cmake --build /home/hexapod/ros2_ws/build/hexapod_teleop -- -j4 -l4
[15.647s] Invoking command in '/home/hexapod/ros2_ws/build/hexapod_teleop': AMENT_PREFIX_PATH=/home/hexapod/ros2_ws/install/hexapod_custom_msgs:${AMENT_PREFIX_PATH} CMAKE_PREFIX_PATH=/home/hexapod/ros2_ws/install/hexapod_custom_msgs:/home/hexapod/ros2_ws/install/hexapod_control:/home/hexapod/ros2_ws/install/hexapod_teleop:/home/hexapod/ros2_ws/install/hexapod_hardware:/home/hexapod/ros2_ws/install/hexapod_description:/home/hexapod/ros2_ws/install/hexapod_core:/opt/ros/jazzy LD_LIBRARY_PATH=/home/hexapod/ros2_ws/install/hexapod_custom_msgs/lib:${LD_LIBRARY_PATH} PYTHONPATH=/home/hexapod/ros2_ws/install/hexapod_custom_msgs/lib/python3.12/site-packages:${PYTHONPATH} /usr/bin/cmake --install /home/hexapod/ros2_ws/build/hexapod_teleop
[15.665s] -- Install configuration: ""
[15.669s] -- Execute custom install script
[15.670s] -- Symlinking: /home/hexapod/ros2_ws/install/hexapod_teleop/share/hexapod_teleop/environment/library_path.sh
[15.684s] -- Symlinking: /home/hexapod/ros2_ws/install/hexapod_teleop/share/hexapod_teleop/environment/library_path.dsv
[15.705s] -- Symlinking: /home/hexapod/ros2_ws/install/hexapod_teleop/lib/libbluetooth_teleop_node.so
[15.727s] -- Symlinking: /home/hexapod/ros2_ws/install/hexapod_teleop/include/bluetooth_teleop_node/bluetooth_teleop_node.hpp
[15.747s] -- Up-to-date symlink: /home/hexapod/ros2_ws/install/hexapod_teleop/share/hexapod_teleop/launch/hexapod_teleop.launch.py
[15.749s] -- Up-to-date symlink: /home/hexapod/ros2_ws/install/hexapod_teleop/share/ament_index/resource_index/package_run_dependencies/hexapod_teleop
[15.749s] -- Up-to-date symlink: /home/hexapod/ros2_ws/install/hexapod_teleop/share/ament_index/resource_index/parent_prefix_path/hexapod_teleop
[15.749s] -- Up-to-date symlink: /home/hexapod/ros2_ws/install/hexapod_teleop/share/hexapod_teleop/environment/ament_prefix_path.sh
[15.750s] -- Up-to-date symlink: /home/hexapod/ros2_ws/install/hexapod_teleop/share/hexapod_teleop/environment/ament_prefix_path.dsv
[15.750s] -- Up-to-date symlink: /home/hexapod/ros2_ws/install/hexapod_teleop/share/hexapod_teleop/environment/path.sh
[15.750s] -- Up-to-date symlink: /home/hexapod/ros2_ws/install/hexapod_teleop/share/hexapod_teleop/environment/path.dsv
[15.750s] -- Up-to-date symlink: /home/hexapod/ros2_ws/install/hexapod_teleop/share/hexapod_teleop/local_setup.bash
[15.750s] -- Up-to-date symlink: /home/hexapod/ros2_ws/install/hexapod_teleop/share/hexapod_teleop/local_setup.sh
[15.750s] -- Up-to-date symlink: /home/hexapod/ros2_ws/install/hexapod_teleop/share/hexapod_teleop/local_setup.zsh
[15.750s] -- Up-to-date symlink: /home/hexapod/ros2_ws/install/hexapod_teleop/share/hexapod_teleop/local_setup.dsv
[15.754s] -- Symlinking: /home/hexapod/ros2_ws/install/hexapod_teleop/share/hexapod_teleop/package.dsv
[15.769s] -- Up-to-date symlink: /home/hexapod/ros2_ws/install/hexapod_teleop/share/ament_index/resource_index/packages/hexapod_teleop
[15.770s] -- Symlinking: /home/hexapod/ros2_ws/install/hexapod_teleop/share/hexapod_teleop/cmake/ament_cmake_export_include_directories-extras.cmake
[15.789s] -- Symlinking: /home/hexapod/ros2_ws/install/hexapod_teleop/share/hexapod_teleop/cmake/ament_cmake_export_libraries-extras.cmake
[15.809s] -- Symlinking: /home/hexapod/ros2_ws/install/hexapod_teleop/share/hexapod_teleop/cmake/ament_cmake_export_dependencies-extras.cmake
[15.828s] -- Up-to-date symlink: /home/hexapod/ros2_ws/install/hexapod_teleop/share/hexapod_teleop/cmake/hexapod_teleopConfig.cmake
[15.828s] -- Up-to-date symlink: /home/hexapod/ros2_ws/install/hexapod_teleop/share/hexapod_teleop/cmake/hexapod_teleopConfig-version.cmake
[15.828s] -- Up-to-date symlink: /home/hexapod/ros2_ws/install/hexapod_teleop/share/hexapod_teleop/package.xml
[15.834s] Invoked command in '/home/hexapod/ros2_ws/build/hexapod_teleop' returned '0': AMENT_PREFIX_PATH=/home/hexapod/ros2_ws/install/hexapod_custom_msgs:${AMENT_PREFIX_PATH} CMAKE_PREFIX_PATH=/home/hexapod/ros2_ws/install/hexapod_custom_msgs:/home/hexapod/ros2_ws/install/hexapod_control:/home/hexapod/ros2_ws/install/hexapod_teleop:/home/hexapod/ros2_ws/install/hexapod_hardware:/home/hexapod/ros2_ws/install/hexapod_description:/home/hexapod/ros2_ws/install/hexapod_core:/opt/ros/jazzy LD_LIBRARY_PATH=/home/hexapod/ros2_ws/install/hexapod_custom_msgs/lib:${LD_LIBRARY_PATH} PYTHONPATH=/home/hexapod/ros2_ws/install/hexapod_custom_msgs/lib/python3.12/site-packages:${PYTHONPATH} /usr/bin/cmake --install /home/hexapod/ros2_ws/build/hexapod_teleop
