[0.021s] Invoking command in '/home/hexapod/ros2_ws/build/hexapod_bringup': AMENT_PREFIX_PATH=/home/hexapod/ros2_ws/install/hexapod_custom_msgs:${AMENT_PREFIX_PATH} CMAKE_PREFIX_PATH=/home/hexapod/ros2_ws/install/hexapod_teleop:/home/hexapod/ros2_ws/install/hexapod_hardware:/home/hexapod/ros2_ws/install/hexapod_control:/home/hexapod/ros2_ws/install/hexapod_custom_msgs:/home/hexapod/ros2_ws/install/hexapod_description:/home/hexapod/ros2_ws/install/hexapod_core:/opt/ros/jazzy LD_LIBRARY_PATH=/home/hexapod/ros2_ws/install/hexapod_teleop/lib:/home/hexapod/ros2_ws/install/hexapod_hardware/lib:/home/hexapod/ros2_ws/install/hexapod_control/lib:/home/hexapod/ros2_ws/install/hexapod_custom_msgs/lib:${LD_LIBRARY_PATH} PYTHONPATH=/home/hexapod/ros2_ws/install/hexapod_custom_msgs/lib/python3.12/site-packages:${PYTHONPATH} /usr/bin/cmake --build /home/hexapod/ros2_ws/build/hexapod_bringup -- -j4 -l4
[0.124s] [100%] Built target hexapod_shared_process
[0.147s] Invoked command in '/home/hexapod/ros2_ws/build/hexapod_bringup' returned '0': AMENT_PREFIX_PATH=/home/hexapod/ros2_ws/install/hexapod_custom_msgs:${AMENT_PREFIX_PATH} CMAKE_PREFIX_PATH=/home/hexapod/ros2_ws/install/hexapod_teleop:/home/hexapod/ros2_ws/install/hexapod_hardware:/home/hexapod/ros2_ws/install/hexapod_control:/home/hexapod/ros2_ws/install/hexapod_custom_msgs:/home/hexapod/ros2_ws/install/hexapod_description:/home/hexapod/ros2_ws/install/hexapod_core:/opt/ros/jazzy LD_LIBRARY_PATH=/home/hexapod/ros2_ws/install/hexapod_teleop/lib:/home/hexapod/ros2_ws/install/hexapod_hardware/lib:/home/hexapod/ros2_ws/install/hexapod_control/lib:/home/hexapod/ros2_ws/install/hexapod_custom_msgs/lib:${LD_LIBRARY_PATH} PYTHONPATH=/home/hexapod/ros2_ws/install/hexapod_custom_msgs/lib/python3.12/site-packages:${PYTHONPATH} /usr/bin/cmake --build /home/hexapod/ros2_ws/build/hexapod_bringup -- -j4 -l4
[0.148s] Invoking command in '/home/hexapod/ros2_ws/build/hexapod_bringup': AMENT_PREFIX_PATH=/home/hexapod/ros2_ws/install/hexapod_custom_msgs:${AMENT_PREFIX_PATH} CMAKE_PREFIX_PATH=/home/hexapod/ros2_ws/install/hexapod_teleop:/home/hexapod/ros2_ws/install/hexapod_hardware:/home/hexapod/ros2_ws/install/hexapod_control:/home/hexapod/ros2_ws/install/hexapod_custom_msgs:/home/hexapod/ros2_ws/install/hexapod_description:/home/hexapod/ros2_ws/install/hexapod_core:/opt/ros/jazzy LD_LIBRARY_PATH=/home/hexapod/ros2_ws/install/hexapod_teleop/lib:/home/hexapod/ros2_ws/install/hexapod_hardware/lib:/home/hexapod/ros2_ws/install/hexapod_control/lib:/home/hexapod/ros2_ws/install/hexapod_custom_msgs/lib:${LD_LIBRARY_PATH} PYTHONPATH=/home/hexapod/ros2_ws/install/hexapod_custom_msgs/lib/python3.12/site-packages:${PYTHONPATH} /usr/bin/cmake --install /home/hexapod/ros2_ws/build/hexapod_bringup
[0.161s] -- Install configuration: ""
[0.161s] -- Up-to-date: /home/hexapod/ros2_ws/install/hexapod_bringup/lib/hexapod_bringup/hexapod_shared_process
[0.161s] -- Up-to-date: /home/hexapod/ros2_ws/install/hexapod_bringup/share/ament_index/resource_index/package_run_dependencies/hexapod_bringup
[0.162s] -- Up-to-date: /home/hexapod/ros2_ws/install/hexapod_bringup/share/ament_index/resource_index/parent_prefix_path/hexapod_bringup
[0.162s] -- Up-to-date: /home/hexapod/ros2_ws/install/hexapod_bringup/share/hexapod_bringup/environment/ament_prefix_path.sh
[0.162s] -- Up-to-date: /home/hexapod/ros2_ws/install/hexapod_bringup/share/hexapod_bringup/environment/ament_prefix_path.dsv
[0.162s] -- Up-to-date: /home/hexapod/ros2_ws/install/hexapod_bringup/share/hexapod_bringup/environment/path.sh
[0.162s] -- Up-to-date: /home/hexapod/ros2_ws/install/hexapod_bringup/share/hexapod_bringup/environment/path.dsv
[0.162s] -- Up-to-date: /home/hexapod/ros2_ws/install/hexapod_bringup/share/hexapod_bringup/local_setup.bash
[0.162s] -- Up-to-date: /home/hexapod/ros2_ws/install/hexapod_bringup/share/hexapod_bringup/local_setup.sh
[0.162s] -- Up-to-date: /home/hexapod/ros2_ws/install/hexapod_bringup/share/hexapod_bringup/local_setup.zsh
[0.163s] -- Up-to-date: /home/hexapod/ros2_ws/install/hexapod_bringup/share/hexapod_bringup/local_setup.dsv
[0.163s] -- Installing: /home/hexapod/ros2_ws/install/hexapod_bringup/share/hexapod_bringup/package.dsv
[0.163s] -- Up-to-date: /home/hexapod/ros2_ws/install/hexapod_bringup/share/ament_index/resource_index/packages/hexapod_bringup
[0.163s] -- Up-to-date: /home/hexapod/ros2_ws/install/hexapod_bringup/share/hexapod_bringup/cmake/hexapod_bringupConfig.cmake
[0.163s] -- Up-to-date: /home/hexapod/ros2_ws/install/hexapod_bringup/share/hexapod_bringup/cmake/hexapod_bringupConfig-version.cmake
[0.163s] -- Up-to-date: /home/hexapod/ros2_ws/install/hexapod_bringup/share/hexapod_bringup/package.xml
[0.166s] Invoked command in '/home/hexapod/ros2_ws/build/hexapod_bringup' returned '0': AMENT_PREFIX_PATH=/home/hexapod/ros2_ws/install/hexapod_custom_msgs:${AMENT_PREFIX_PATH} CMAKE_PREFIX_PATH=/home/hexapod/ros2_ws/install/hexapod_teleop:/home/hexapod/ros2_ws/install/hexapod_hardware:/home/hexapod/ros2_ws/install/hexapod_control:/home/hexapod/ros2_ws/install/hexapod_custom_msgs:/home/hexapod/ros2_ws/install/hexapod_description:/home/hexapod/ros2_ws/install/hexapod_core:/opt/ros/jazzy LD_LIBRARY_PATH=/home/hexapod/ros2_ws/install/hexapod_teleop/lib:/home/hexapod/ros2_ws/install/hexapod_hardware/lib:/home/hexapod/ros2_ws/install/hexapod_control/lib:/home/hexapod/ros2_ws/install/hexapod_custom_msgs/lib:${LD_LIBRARY_PATH} PYTHONPATH=/home/hexapod/ros2_ws/install/hexapod_custom_msgs/lib/python3.12/site-packages:${PYTHONPATH} /usr/bin/cmake --install /home/hexapod/ros2_ws/build/hexapod_bringup
