[0.020s] Invoking command in '/home/hexapod/ros2_ws/build/hexapod_control': AMENT_PREFIX_PATH=/home/hexapod/ros2_ws/install/hexapod_custom_msgs:${AMENT_PREFIX_PATH} CMAKE_PREFIX_PATH=/home/hexapod/ros2_ws/install/hexapod_custom_msgs:/home/hexapod/ros2_ws/install/hexapod_control:/home/hexapod/ros2_ws/install/hexapod_teleop:/home/hexapod/ros2_ws/install/hexapod_hardware:/home/hexapod/ros2_ws/install/hexapod_description:/home/hexapod/ros2_ws/install/hexapod_core:/opt/ros/jazzy LD_LIBRARY_PATH=/home/hexapod/ros2_ws/install/hexapod_custom_msgs/lib:${LD_LIBRARY_PATH} PYTHONPATH=/home/hexapod/ros2_ws/install/hexapod_custom_msgs/lib/python3.12/site-packages:${PYTHONPATH} /usr/bin/cmake /home/hexapod/ros2_ws/src/hexapod_control -DAMENT_CMAKE_SYMLINK_INSTALL=1 -DCMAKE_INSTALL_PREFIX=/home/hexapod/ros2_ws/install/hexapod_control
[0.157s] -- The C compiler identification is GNU 13.3.0
[0.314s] -- The CXX compiler identification is GNU 13.3.0
[0.355s] -- Detecting C compiler ABI info
[0.609s] -- Detecting C compiler ABI info - done
[0.630s] -- Check for working C compiler: /usr/bin/cc - skipped
[0.632s] -- Detecting C compile features
[0.632s] -- Detecting C compile features - done
[0.655s] -- Detecting CXX compiler ABI info
[0.895s] -- Detecting CXX compiler ABI info - done
[0.944s] -- Check for working CXX compiler: /usr/bin/c++ - skipped
[0.944s] -- Detecting CXX compile features
[0.945s] -- Detecting CXX compile features - done
[0.954s] -- Found ament_cmake: 2.5.6 (/opt/ros/jazzy/share/ament_cmake/cmake)
[1.312s] -- Found Python3: /usr/bin/python3 (found version "3.12.3") found components: Interpreter 
[1.470s] -- Override CMake install command with custom implementation using symlinks instead of copying resources
[1.503s] -- Found rclcpp: 28.1.21 (/opt/ros/jazzy/share/rclcpp/cmake)
[1.553s] -- Found rosidl_generator_c: 4.6.9 (/opt/ros/jazzy/share/rosidl_generator_c/cmake)
[1.569s] -- Found rosidl_generator_cpp: 4.6.9 (/opt/ros/jazzy/share/rosidl_generator_cpp/cmake)
[1.592s] -- Using all available rosidl_typesupport_c: rosidl_typesupport_fastrtps_c;rosidl_typesupport_introspection_c
[1.616s] -- Using all available rosidl_typesupport_cpp: rosidl_typesupport_fastrtps_cpp;rosidl_typesupport_introspection_cpp
[1.718s] -- Found rmw_implementation_cmake: 7.3.3 (/opt/ros/jazzy/share/rmw_implementation_cmake/cmake)
[1.723s] -- Found rmw_fastrtps_cpp: 8.4.4 (/opt/ros/jazzy/share/rmw_fastrtps_cpp/cmake)
[1.868s] -- Found OpenSSL: /usr/lib/aarch64-linux-gnu/libcrypto.so (found version "3.0.13")  
[1.893s] -- Found FastRTPS: /opt/ros/jazzy/include (Required is at least version "2.13") 
[1.928s] -- Using RMW implementation 'rmw_fastrtps_cpp' as default
[2.034s] -- Found geometry_msgs: 5.3.8 (/opt/ros/jazzy/share/geometry_msgs/cmake)
[2.081s] -- Found hexapod_custom_msgs: 0.0.1 (/home/hexapod/ros2_ws/install/hexapod_custom_msgs/share/hexapod_custom_msgs/cmake)
[2.104s] -- Found ament_lint_auto: 0.17.5 (/opt/ros/jazzy/share/ament_lint_auto/cmake)
[2.334s] -- Added test 'cppcheck' to perform static code analysis on C / C++ code
[2.335s] -- Configured cppcheck include dirs: $<BUILD_INTERFACE:/home/hexapod/ros2_ws/src/hexapod_control/include>
[2.335s] -- Configured cppcheck exclude dirs and/or files: 
[2.336s] -- Added test 'lint_cmake' to check CMake code style
[2.339s] -- Added test 'uncrustify' to check C / C++ code style
[2.339s] -- Configured uncrustify additional arguments: 
[2.339s] -- Added test 'xmllint' to check XML markup files
[2.342s] -- Configuring done (2.3s)
[2.368s] -- Generating done (0.0s)
[2.386s] -- Build files have been written to: /home/hexapod/ros2_ws/build/hexapod_control
[2.408s] Invoked command in '/home/hexapod/ros2_ws/build/hexapod_control' returned '0': AMENT_PREFIX_PATH=/home/hexapod/ros2_ws/install/hexapod_custom_msgs:${AMENT_PREFIX_PATH} CMAKE_PREFIX_PATH=/home/hexapod/ros2_ws/install/hexapod_custom_msgs:/home/hexapod/ros2_ws/install/hexapod_control:/home/hexapod/ros2_ws/install/hexapod_teleop:/home/hexapod/ros2_ws/install/hexapod_hardware:/home/hexapod/ros2_ws/install/hexapod_description:/home/hexapod/ros2_ws/install/hexapod_core:/opt/ros/jazzy LD_LIBRARY_PATH=/home/hexapod/ros2_ws/install/hexapod_custom_msgs/lib:${LD_LIBRARY_PATH} PYTHONPATH=/home/hexapod/ros2_ws/install/hexapod_custom_msgs/lib/python3.12/site-packages:${PYTHONPATH} /usr/bin/cmake /home/hexapod/ros2_ws/src/hexapod_control -DAMENT_CMAKE_SYMLINK_INSTALL=1 -DCMAKE_INSTALL_PREFIX=/home/hexapod/ros2_ws/install/hexapod_control
[2.412s] Invoking command in '/home/hexapod/ros2_ws/build/hexapod_control': AMENT_PREFIX_PATH=/home/hexapod/ros2_ws/install/hexapod_custom_msgs:${AMENT_PREFIX_PATH} CMAKE_PREFIX_PATH=/home/hexapod/ros2_ws/install/hexapod_custom_msgs:/home/hexapod/ros2_ws/install/hexapod_control:/home/hexapod/ros2_ws/install/hexapod_teleop:/home/hexapod/ros2_ws/install/hexapod_hardware:/home/hexapod/ros2_ws/install/hexapod_description:/home/hexapod/ros2_ws/install/hexapod_core:/opt/ros/jazzy LD_LIBRARY_PATH=/home/hexapod/ros2_ws/install/hexapod_custom_msgs/lib:${LD_LIBRARY_PATH} PYTHONPATH=/home/hexapod/ros2_ws/install/hexapod_custom_msgs/lib/python3.12/site-packages:${PYTHONPATH} /usr/bin/cmake --build /home/hexapod/ros2_ws/build/hexapod_control -- -j4 -l4
[2.522s] [ 33%] [32mBuilding CXX object CMakeFiles/hexapod_brain_node.dir/src/hexapod_brain_node.cpp.o[0m
[2.522s] [ 66%] [32mBuilding CXX object CMakeFiles/hexapod_brain_node.dir/src/main.cpp.o[0m
[3.047s] [01m[K/home/hexapod/ros2_ws/src/hexapod_control/src/hexapod_brain_node.cpp:5:10:[m[K [01;31m[Kfatal error: [m[Khexapod_interfaces/msg/teleop_event.hpp: No such file or directory
[3.047s]     5 | #include [01;31m[K"hexapod_interfaces/msg/teleop_event.hpp"[m[K
[3.047s]       |          [01;31m[K^~~~~~~~~~~~~~~~~~~~~~~~~~~~~~~~~~~~~~~~~[m[K
[3.048s] compilation terminated.
[3.066s] gmake[2]: *** [CMakeFiles/hexapod_brain_node.dir/build.make:90: CMakeFiles/hexapod_brain_node.dir/src/hexapod_brain_node.cpp.o] Error 1
[3.066s] gmake[2]: *** Waiting for unfinished jobs....
[9.926s] gmake[1]: *** [CMakeFiles/Makefile2:137: CMakeFiles/hexapod_brain_node.dir/all] Error 2
[9.927s] gmake: *** [Makefile:146: all] Error 2
