[0.021s] Invoking command in '/home/hexapod/ros2_ws/build/hexapod_custom_msgs': CMAKE_PREFIX_PATH=${CMAKE_PREFIX_PATH}:/opt/ros/jazzy /usr/bin/cmake /home/hexapod/ros2_ws/src/hexapod_custom_msgs -DAMENT_CMAKE_SYMLINK_INSTALL=1 -DCMAKE_INSTALL_PREFIX=/home/hexapod/ros2_ws/install/hexapod_custom_msgs
[0.440s] -- The C compiler identification is GNU 13.3.0
[0.583s] -- The CXX compiler identification is GNU 13.3.0
[0.612s] -- Detecting C compiler ABI info
[0.829s] -- Detecting C compiler ABI info - done
[0.844s] -- Check for working C compiler: /usr/bin/cc - skipped
[0.845s] -- Detecting C compile features
[0.848s] -- Detecting C compile features - done
[0.865s] -- Detecting CXX compiler ABI info
[1.079s] -- Detecting CXX compiler ABI info - done
[1.097s] -- Check for working CXX compiler: /usr/bin/c++ - skipped
[1.098s] -- Detecting CXX compile features
[1.099s] -- Detecting CXX compile features - done
[1.112s] -- Found ament_cmake: 2.5.6 (/opt/ros/jazzy/share/ament_cmake/cmake)
[1.419s] -- Found Python3: /usr/bin/python3 (found version "3.12.3") found components: Interpreter 
[1.557s] -- Override CMake install command with custom implementation using symlinks instead of copying resources
[1.597s] -- Found rosidl_default_generators: 1.6.1 (/opt/ros/jazzy/share/rosidl_default_generators/cmake)
[1.607s] -- Using all available rosidl_typesupport_c: rosidl_typesupport_fastrtps_c;rosidl_typesupport_introspection_c
[1.683s] -- Using all available rosidl_typesupport_cpp: rosidl_typesupport_fastrtps_cpp;rosidl_typesupport_introspection_cpp
[1.763s] -- Found rosidl_adapter: 4.6.9 (/opt/ros/jazzy/share/rosidl_adapter/cmake)
[1.770s] [31mCMake Error at /opt/ros/jazzy/share/rosidl_cmake/cmake/rosidl_generate_interfaces.cmake:95 (message):
[1.771s]   rosidl_generate_interfaces() the passed file 'msg/BuzzerCommand.msg'
[1.771s]   doesn't exist relative to the CMAKE_CURRENT_SOURCE_DIR
[1.771s]   '/home/hexapod/ros2_ws/src/hexapod_custom_msgs'
[1.771s] Call Stack (most recent call first):
[1.771s]   CMakeLists.txt:11 (rosidl_generate_interfaces)
[1.771s] -- Configuring incomplete, errors occurred!
[1.771s] 
[1.772s] [0m
[1.784s] Invoked command in '/home/hexapod/ros2_ws/build/hexapod_custom_msgs' returned '1': CMAKE_PREFIX_PATH=${CMAKE_PREFIX_PATH}:/opt/ros/jazzy /usr/bin/cmake /home/hexapod/ros2_ws/src/hexapod_custom_msgs -DAMENT_CMAKE_SYMLINK_INSTALL=1 -DCMAKE_INSTALL_PREFIX=/home/hexapod/ros2_ws/install/hexapod_custom_msgs
