[0.028s] Invoking command in '/home/hexapod/ros2_ws/build/hexapod_control': CMAKE_PREFIX_PATH=/home/hexapod/ros2_ws/install/hexapod_custom_msgs:/home/hexapod/ros2_ws/install/hexapod_bringup:/home/hexapod/ros2_ws/install/hexapod_control:/home/hexapod/ros2_ws/install/hexapod_teleop:/home/hexapod/ros2_ws/install/hexapod_hardware:/home/hexapod/ros2_ws/install/hexapod_description:/home/hexapod/ros2_ws/install/hexapod_core:/opt/ros/jazzy LD_LIBRARY_PATH=/home/hexapod/ros2_ws/install/hexapod_custom_msgs/lib:/home/hexapod/ros2_ws/install/hexapod_teleop/lib:/home/hexapod/ros2_ws/install/hexapod_hardware/lib:/home/hexapod/ros2_ws/install/hexapod_control/lib:/opt/ros/jazzy/lib/aarch64-linux-gnu:/opt/ros/jazzy/lib /usr/bin/cmake --build /home/hexapod/ros2_ws/build/hexapod_control -- -j4 -l4
[0.088s] -- Found ament_cmake: 2.5.6 (/opt/ros/jazzy/share/ament_cmake/cmake)
[0.700s] -- Override CMake install command with custom implementation using symlinks instead of copying resources
[0.711s] -- Found rclcpp: 28.1.21 (/opt/ros/jazzy/share/rclcpp/cmake)
[0.757s] -- Found rosidl_generator_c: 4.6.9 (/opt/ros/jazzy/share/rosidl_generator_c/cmake)
[0.773s] -- Found rosidl_generator_cpp: 4.6.9 (/opt/ros/jazzy/share/rosidl_generator_cpp/cmake)
[0.791s] -- Using all available rosidl_typesupport_c: rosidl_typesupport_fastrtps_c;rosidl_typesupport_introspection_c
[0.814s] -- Using all available rosidl_typesupport_cpp: rosidl_typesupport_fastrtps_cpp;rosidl_typesupport_introspection_cpp
[0.908s] -- Found rmw_implementation_cmake: 7.3.3 (/opt/ros/jazzy/share/rmw_implementation_cmake/cmake)
[0.910s] -- Found rmw_fastrtps_cpp: 8.4.4 (/opt/ros/jazzy/share/rmw_fastrtps_cpp/cmake)
[1.007s] -- Using RMW implementation 'rmw_fastrtps_cpp' as default
[1.098s] -- Found geometry_msgs: 5.3.8 (/opt/ros/jazzy/share/geometry_msgs/cmake)
[1.138s] -- Found hexapod_custom_msgs: 0.0.1 (/home/hexapod/ros2_ws/install/hexapod_custom_msgs/share/hexapod_custom_msgs/cmake)
[1.162s] -- Found ament_lint_auto: 0.17.5 (/opt/ros/jazzy/share/ament_lint_auto/cmake)
[1.337s] -- Added test 'cppcheck' to perform static code analysis on C / C++ code
[1.338s] -- Configured cppcheck include dirs: $<BUILD_INTERFACE:/home/hexapod/ros2_ws/src/hexapod_control/include>
[1.338s] -- Configured cppcheck exclude dirs and/or files: 
[1.338s] -- Added test 'lint_cmake' to check CMake code style
[1.340s] -- Added test 'uncrustify' to check C / C++ code style
[1.340s] -- Configured uncrustify additional arguments: 
[1.340s] -- Added test 'xmllint' to check XML markup files
[1.343s] -- Configuring done (1.3s)
[1.379s] -- Generating done (0.0s)
[1.390s] -- Build files have been written to: /home/hexapod/ros2_ws/build/hexapod_control
[1.467s] [ 50%] Built target hexapod_brain_node
[1.519s] [ 75%] [32mBuilding CXX object CMakeFiles/hexapod_brain_node_standalone.dir/src/main.cpp.o[0m
[6.349s] [100%] [32m[1mLinking CXX executable hexapod_brain_node_standalone[0m
[7.503s] [100%] Built target hexapod_brain_node_standalone
[7.527s] Invoked command in '/home/hexapod/ros2_ws/build/hexapod_control' returned '0': CMAKE_PREFIX_PATH=/home/hexapod/ros2_ws/install/hexapod_custom_msgs:/home/hexapod/ros2_ws/install/hexapod_bringup:/home/hexapod/ros2_ws/install/hexapod_control:/home/hexapod/ros2_ws/install/hexapod_teleop:/home/hexapod/ros2_ws/install/hexapod_hardware:/home/hexapod/ros2_ws/install/hexapod_description:/home/hexapod/ros2_ws/install/hexapod_core:/opt/ros/jazzy LD_LIBRARY_PATH=/home/hexapod/ros2_ws/install/hexapod_custom_msgs/lib:/home/hexapod/ros2_ws/install/hexapod_teleop/lib:/home/hexapod/ros2_ws/install/hexapod_hardware/lib:/home/hexapod/ros2_ws/install/hexapod_control/lib:/opt/ros/jazzy/lib/aarch64-linux-gnu:/opt/ros/jazzy/lib /usr/bin/cmake --build /home/hexapod/ros2_ws/build/hexapod_control -- -j4 -l4
[7.527s] Invoking command in '/home/hexapod/ros2_ws/build/hexapod_control': CMAKE_PREFIX_PATH=/home/hexapod/ros2_ws/install/hexapod_custom_msgs:/home/hexapod/ros2_ws/install/hexapod_bringup:/home/hexapod/ros2_ws/install/hexapod_control:/home/hexapod/ros2_ws/install/hexapod_teleop:/home/hexapod/ros2_ws/install/hexapod_hardware:/home/hexapod/ros2_ws/install/hexapod_description:/home/hexapod/ros2_ws/install/hexapod_core:/opt/ros/jazzy LD_LIBRARY_PATH=/home/hexapod/ros2_ws/install/hexapod_custom_msgs/lib:/home/hexapod/ros2_ws/install/hexapod_teleop/lib:/home/hexapod/ros2_ws/install/hexapod_hardware/lib:/home/hexapod/ros2_ws/install/hexapod_control/lib:/opt/ros/jazzy/lib/aarch64-linux-gnu:/opt/ros/jazzy/lib /usr/bin/cmake --install /home/hexapod/ros2_ws/build/hexapod_control
[7.543s] -- Install configuration: ""
[7.544s] -- Execute custom install script
[7.544s] -- Up-to-date symlink: /home/hexapod/ros2_ws/install/hexapod_control/share/hexapod_control/environment/library_path.sh
[7.545s] -- Up-to-date symlink: /home/hexapod/ros2_ws/install/hexapod_control/share/hexapod_control/environment/library_path.dsv
[7.545s] -- Up-to-date symlink: /home/hexapod/ros2_ws/install/hexapod_control/lib/libhexapod_brain_node.so
[7.545s] -- Up-to-date symlink: /home/hexapod/ros2_ws/install/hexapod_control/lib/hexapod_control/hexapod_brain_node_standalone
[7.545s] -- Up-to-date symlink: /home/hexapod/ros2_ws/install/hexapod_control/include/hexapod_control/hexapod_brain_node.hpp
[7.545s] -- Up-to-date symlink: /home/hexapod/ros2_ws/install/hexapod_control/share/ament_index/resource_index/package_run_dependencies/hexapod_control
[7.547s] -- Up-to-date symlink: /home/hexapod/ros2_ws/install/hexapod_control/share/ament_index/resource_index/parent_prefix_path/hexapod_control
[7.547s] -- Up-to-date symlink: /home/hexapod/ros2_ws/install/hexapod_control/share/hexapod_control/environment/ament_prefix_path.sh
[7.548s] -- Up-to-date symlink: /home/hexapod/ros2_ws/install/hexapod_control/share/hexapod_control/environment/ament_prefix_path.dsv
[7.548s] -- Up-to-date symlink: /home/hexapod/ros2_ws/install/hexapod_control/share/hexapod_control/environment/path.sh
[7.548s] -- Up-to-date symlink: /home/hexapod/ros2_ws/install/hexapod_control/share/hexapod_control/environment/path.dsv
[7.548s] -- Up-to-date symlink: /home/hexapod/ros2_ws/install/hexapod_control/share/hexapod_control/local_setup.bash
[7.548s] -- Up-to-date symlink: /home/hexapod/ros2_ws/install/hexapod_control/share/hexapod_control/local_setup.sh
[7.548s] -- Up-to-date symlink: /home/hexapod/ros2_ws/install/hexapod_control/share/hexapod_control/local_setup.zsh
[7.548s] -- Up-to-date symlink: /home/hexapod/ros2_ws/install/hexapod_control/share/hexapod_control/local_setup.dsv
[7.548s] -- Symlinking: /home/hexapod/ros2_ws/install/hexapod_control/share/hexapod_control/package.dsv
[7.564s] -- Up-to-date symlink: /home/hexapod/ros2_ws/install/hexapod_control/share/ament_index/resource_index/packages/hexapod_control
[7.565s] -- Up-to-date symlink: /home/hexapod/ros2_ws/install/hexapod_control/share/hexapod_control/cmake/ament_cmake_export_include_directories-extras.cmake
[7.565s] -- Up-to-date symlink: /home/hexapod/ros2_ws/install/hexapod_control/share/hexapod_control/cmake/ament_cmake_export_libraries-extras.cmake
[7.566s] -- Up-to-date symlink: /home/hexapod/ros2_ws/install/hexapod_control/share/hexapod_control/cmake/ament_cmake_export_dependencies-extras.cmake
[7.566s] -- Up-to-date symlink: /home/hexapod/ros2_ws/install/hexapod_control/share/hexapod_control/cmake/hexapod_controlConfig.cmake
[7.566s] -- Up-to-date symlink: /home/hexapod/ros2_ws/install/hexapod_control/share/hexapod_control/cmake/hexapod_controlConfig-version.cmake
[7.566s] -- Up-to-date symlink: /home/hexapod/ros2_ws/install/hexapod_control/share/hexapod_control/package.xml
[7.571s] Invoked command in '/home/hexapod/ros2_ws/build/hexapod_control' returned '0': CMAKE_PREFIX_PATH=/home/hexapod/ros2_ws/install/hexapod_custom_msgs:/home/hexapod/ros2_ws/install/hexapod_bringup:/home/hexapod/ros2_ws/install/hexapod_control:/home/hexapod/ros2_ws/install/hexapod_teleop:/home/hexapod/ros2_ws/install/hexapod_hardware:/home/hexapod/ros2_ws/install/hexapod_description:/home/hexapod/ros2_ws/install/hexapod_core:/opt/ros/jazzy LD_LIBRARY_PATH=/home/hexapod/ros2_ws/install/hexapod_custom_msgs/lib:/home/hexapod/ros2_ws/install/hexapod_teleop/lib:/home/hexapod/ros2_ws/install/hexapod_hardware/lib:/home/hexapod/ros2_ws/install/hexapod_control/lib:/opt/ros/jazzy/lib/aarch64-linux-gnu:/opt/ros/jazzy/lib /usr/bin/cmake --install /home/hexapod/ros2_ws/build/hexapod_control
