[100%] Built target buzzer_driver_node
-- Install configuration: ""
-- Execute custom install script
-- Up-to-date symlink: /home/hexapod/ros2_ws/install/hexapod_hardware/share/hexapod_hardware/environment/library_path.sh
-- Up-to-date symlink: /home/hexapod/ros2_ws/install/hexapod_hardware/share/hexapod_hardware/environment/library_path.dsv
-- Up-to-date symlink: /home/hexapod/ros2_ws/install/hexapod_hardware/lib/libbuzzer_driver_node.so
-- Up-to-date symlink: /home/hexapod/ros2_ws/install/hexapod_hardware/include/hexapod_hardware/buzzer_driver_node.hpp
-- Up-to-date symlink: /home/hexapod/ros2_ws/install/hexapod_hardware/include/hexapod_hardware/notes.hpp
-- Up-to-date symlink: /home/hexapod/ros2_ws/install/hexapod_hardware/share/hexapod_hardware/launch/buzzer.launch.py
-- Up-to-date symlink: /home/hexapod/ros2_ws/install/hexapod_hardware/share/ament_index/resource_index/package_run_dependencies/hexapod_hardware
-- Up-to-date symlink: /home/hexapod/ros2_ws/install/hexapod_hardware/share/ament_index/resource_index/parent_prefix_path/hexapod_hardware
-- Up-to-date symlink: /home/hexapod/ros2_ws/install/hexapod_hardware/share/hexapod_hardware/environment/ament_prefix_path.sh
-- Up-to-date symlink: /home/hexapod/ros2_ws/install/hexapod_hardware/share/hexapod_hardware/environment/ament_prefix_path.dsv
-- Up-to-date symlink: /home/hexapod/ros2_ws/install/hexapod_hardware/share/hexapod_hardware/environment/path.sh
-- Up-to-date symlink: /home/hexapod/ros2_ws/install/hexapod_hardware/share/hexapod_hardware/environment/path.dsv
-- Up-to-date symlink: /home/hexapod/ros2_ws/install/hexapod_hardware/share/hexapod_hardware/local_setup.bash
-- Up-to-date symlink: /home/hexapod/ros2_ws/install/hexapod_hardware/share/hexapod_hardware/local_setup.sh
-- Up-to-date symlink: /home/hexapod/ros2_ws/install/hexapod_hardware/share/hexapod_hardware/local_setup.zsh
-- Up-to-date symlink: /home/hexapod/ros2_ws/install/hexapod_hardware/share/hexapod_hardware/local_setup.dsv
-- Symlinking: /home/hexapod/ros2_ws/install/hexapod_hardware/share/hexapod_hardware/package.dsv
-- Up-to-date symlink: /home/hexapod/ros2_ws/install/hexapod_hardware/share/ament_index/resource_index/packages/hexapod_hardware
-- Up-to-date symlink: /home/hexapod/ros2_ws/install/hexapod_hardware/share/hexapod_hardware/cmake/ament_cmake_export_include_directories-extras.cmake
-- Up-to-date symlink: /home/hexapod/ros2_ws/install/hexapod_hardware/share/hexapod_hardware/cmake/ament_cmake_export_libraries-extras.cmake
-- Up-to-date symlink: /home/hexapod/ros2_ws/install/hexapod_hardware/share/hexapod_hardware/cmake/ament_cmake_export_dependencies-extras.cmake
-- Up-to-date symlink: /home/hexapod/ros2_ws/install/hexapod_hardware/share/hexapod_hardware/cmake/hexapod_hardwareConfig.cmake
-- Up-to-date symlink: /home/hexapod/ros2_ws/install/hexapod_hardware/share/hexapod_hardware/cmake/hexapod_hardwareConfig-version.cmake
-- Up-to-date symlink: /home/hexapod/ros2_ws/install/hexapod_hardware/share/hexapod_hardware/package.xml
