[0.020s] Invoking command in '/home/hexapod/ros2_ws/build/hexapod_hardware': AMENT_PREFIX_PATH=/home/hexapod/ros2_ws/install/hexapod_custom_msgs:${AMENT_PREFIX_PATH} CMAKE_PREFIX_PATH=/home/hexapod/ros2_ws/install/hexapod_custom_msgs:/home/hexapod/ros2_ws/install/hexapod_control:/home/hexapod/ros2_ws/install/hexapod_teleop:/home/hexapod/ros2_ws/install/hexapod_hardware:/home/hexapod/ros2_ws/install/hexapod_description:/home/hexapod/ros2_ws/install/hexapod_core:/opt/ros/jazzy LD_LIBRARY_PATH=/home/hexapod/ros2_ws/install/hexapod_custom_msgs/lib:${LD_LIBRARY_PATH} PYTHONPATH=/home/hexapod/ros2_ws/install/hexapod_custom_msgs/lib/python3.12/site-packages:${PYTHONPATH} /usr/bin/cmake --build /home/hexapod/ros2_ws/build/hexapod_hardware -- -j4 -l4
[0.134s] [100%] Built target buzzer_driver_node
[0.157s] Invoked command in '/home/hexapod/ros2_ws/build/hexapod_hardware' returned '0': AMENT_PREFIX_PATH=/home/hexapod/ros2_ws/install/hexapod_custom_msgs:${AMENT_PREFIX_PATH} CMAKE_PREFIX_PATH=/home/hexapod/ros2_ws/install/hexapod_custom_msgs:/home/hexapod/ros2_ws/install/hexapod_control:/home/hexapod/ros2_ws/install/hexapod_teleop:/home/hexapod/ros2_ws/install/hexapod_hardware:/home/hexapod/ros2_ws/install/hexapod_description:/home/hexapod/ros2_ws/install/hexapod_core:/opt/ros/jazzy LD_LIBRARY_PATH=/home/hexapod/ros2_ws/install/hexapod_custom_msgs/lib:${LD_LIBRARY_PATH} PYTHONPATH=/home/hexapod/ros2_ws/install/hexapod_custom_msgs/lib/python3.12/site-packages:${PYTHONPATH} /usr/bin/cmake --build /home/hexapod/ros2_ws/build/hexapod_hardware -- -j4 -l4
[0.159s] Invoking command in '/home/hexapod/ros2_ws/build/hexapod_hardware': AMENT_PREFIX_PATH=/home/hexapod/ros2_ws/install/hexapod_custom_msgs:${AMENT_PREFIX_PATH} CMAKE_PREFIX_PATH=/home/hexapod/ros2_ws/install/hexapod_custom_msgs:/home/hexapod/ros2_ws/install/hexapod_control:/home/hexapod/ros2_ws/install/hexapod_teleop:/home/hexapod/ros2_ws/install/hexapod_hardware:/home/hexapod/ros2_ws/install/hexapod_description:/home/hexapod/ros2_ws/install/hexapod_core:/opt/ros/jazzy LD_LIBRARY_PATH=/home/hexapod/ros2_ws/install/hexapod_custom_msgs/lib:${LD_LIBRARY_PATH} PYTHONPATH=/home/hexapod/ros2_ws/install/hexapod_custom_msgs/lib/python3.12/site-packages:${PYTHONPATH} /usr/bin/cmake --install /home/hexapod/ros2_ws/build/hexapod_hardware
[0.177s] -- Install configuration: ""
[0.177s] -- Execute custom install script
[0.178s] -- Up-to-date symlink: /home/hexapod/ros2_ws/install/hexapod_hardware/share/hexapod_hardware/environment/library_path.sh
[0.178s] -- Up-to-date symlink: /home/hexapod/ros2_ws/install/hexapod_hardware/share/hexapod_hardware/environment/library_path.dsv
[0.180s] -- Up-to-date symlink: /home/hexapod/ros2_ws/install/hexapod_hardware/lib/libbuzzer_driver_node.so
[0.181s] -- Up-to-date symlink: /home/hexapod/ros2_ws/install/hexapod_hardware/include/hexapod_hardware/buzzer_driver_node.hpp
[0.182s] -- Up-to-date symlink: /home/hexapod/ros2_ws/install/hexapod_hardware/include/hexapod_hardware/notes.hpp
[0.182s] -- Up-to-date symlink: /home/hexapod/ros2_ws/install/hexapod_hardware/share/hexapod_hardware/launch/buzzer.launch.py
[0.182s] -- Up-to-date symlink: /home/hexapod/ros2_ws/install/hexapod_hardware/share/ament_index/resource_index/package_run_dependencies/hexapod_hardware
[0.183s] -- Up-to-date symlink: /home/hexapod/ros2_ws/install/hexapod_hardware/share/ament_index/resource_index/parent_prefix_path/hexapod_hardware
[0.184s] -- Up-to-date symlink: /home/hexapod/ros2_ws/install/hexapod_hardware/share/hexapod_hardware/environment/ament_prefix_path.sh
[0.184s] -- Up-to-date symlink: /home/hexapod/ros2_ws/install/hexapod_hardware/share/hexapod_hardware/environment/ament_prefix_path.dsv
[0.186s] -- Up-to-date symlink: /home/hexapod/ros2_ws/install/hexapod_hardware/share/hexapod_hardware/environment/path.sh
[0.186s] -- Up-to-date symlink: /home/hexapod/ros2_ws/install/hexapod_hardware/share/hexapod_hardware/environment/path.dsv
[0.187s] -- Up-to-date symlink: /home/hexapod/ros2_ws/install/hexapod_hardware/share/hexapod_hardware/local_setup.bash
[0.187s] -- Up-to-date symlink: /home/hexapod/ros2_ws/install/hexapod_hardware/share/hexapod_hardware/local_setup.sh
[0.187s] -- Up-to-date symlink: /home/hexapod/ros2_ws/install/hexapod_hardware/share/hexapod_hardware/local_setup.zsh
[0.187s] -- Up-to-date symlink: /home/hexapod/ros2_ws/install/hexapod_hardware/share/hexapod_hardware/local_setup.dsv
[0.187s] -- Symlinking: /home/hexapod/ros2_ws/install/hexapod_hardware/share/hexapod_hardware/package.dsv
[0.205s] -- Up-to-date symlink: /home/hexapod/ros2_ws/install/hexapod_hardware/share/ament_index/resource_index/packages/hexapod_hardware
[0.205s] -- Up-to-date symlink: /home/hexapod/ros2_ws/install/hexapod_hardware/share/hexapod_hardware/cmake/ament_cmake_export_include_directories-extras.cmake
[0.205s] -- Up-to-date symlink: /home/hexapod/ros2_ws/install/hexapod_hardware/share/hexapod_hardware/cmake/ament_cmake_export_libraries-extras.cmake
[0.205s] -- Up-to-date symlink: /home/hexapod/ros2_ws/install/hexapod_hardware/share/hexapod_hardware/cmake/ament_cmake_export_dependencies-extras.cmake
[0.205s] -- Up-to-date symlink: /home/hexapod/ros2_ws/install/hexapod_hardware/share/hexapod_hardware/cmake/hexapod_hardwareConfig.cmake
[0.206s] -- Up-to-date symlink: /home/hexapod/ros2_ws/install/hexapod_hardware/share/hexapod_hardware/cmake/hexapod_hardwareConfig-version.cmake
[0.206s] -- Up-to-date symlink: /home/hexapod/ros2_ws/install/hexapod_hardware/share/hexapod_hardware/package.xml
[0.210s] Invoked command in '/home/hexapod/ros2_ws/build/hexapod_hardware' returned '0': AMENT_PREFIX_PATH=/home/hexapod/ros2_ws/install/hexapod_custom_msgs:${AMENT_PREFIX_PATH} CMAKE_PREFIX_PATH=/home/hexapod/ros2_ws/install/hexapod_custom_msgs:/home/hexapod/ros2_ws/install/hexapod_control:/home/hexapod/ros2_ws/install/hexapod_teleop:/home/hexapod/ros2_ws/install/hexapod_hardware:/home/hexapod/ros2_ws/install/hexapod_description:/home/hexapod/ros2_ws/install/hexapod_core:/opt/ros/jazzy LD_LIBRARY_PATH=/home/hexapod/ros2_ws/install/hexapod_custom_msgs/lib:${LD_LIBRARY_PATH} PYTHONPATH=/home/hexapod/ros2_ws/install/hexapod_custom_msgs/lib/python3.12/site-packages:${PYTHONPATH} /usr/bin/cmake --install /home/hexapod/ros2_ws/build/hexapod_hardware
