[0.021s] Invoking command in '/home/hexapod/ros2_ws/build/hexapod_control': CMAKE_PREFIX_PATH=/home/hexapod/ros2_ws/install/hexapod_custom_msgs:/home/hexapod/ros2_ws/install/hexapod_bringup:/home/hexapod/ros2_ws/install/hexapod_control:/home/hexapod/ros2_ws/install/hexapod_teleop:/home/hexapod/ros2_ws/install/hexapod_hardware:/home/hexapod/ros2_ws/install/hexapod_description:/home/hexapod/ros2_ws/install/hexapod_core:/opt/ros/jazzy LD_LIBRARY_PATH=/home/hexapod/ros2_ws/install/hexapod_custom_msgs/lib:/home/hexapod/ros2_ws/install/hexapod_teleop/lib:/home/hexapod/ros2_ws/install/hexapod_hardware/lib:/home/hexapod/ros2_ws/install/hexapod_control/lib:/opt/ros/jazzy/lib/aarch64-linux-gnu:/opt/ros/jazzy/lib /usr/bin/cmake --build /home/hexapod/ros2_ws/build/hexapod_control -- -j4 -l4
[0.170s] [ 25%] [32mBuilding CXX object CMakeFiles/hexapod_brain_node.dir/src/hexapod_brain_node.cpp.o[0m
[32.494s] [ 50%] [32m[1mLinking CXX shared library libhexapod_brain_node.so[0m
[34.264s] [ 50%] Built target hexapod_brain_node
[34.311s] [ 75%] [32mBuilding CXX object CMakeFiles/hexapod_brain_node_standalone.dir/src/main.cpp.o[0m
[39.017s] [100%] [32m[1mLinking CXX executable hexapod_brain_node_standalone[0m
[40.160s] [100%] Built target hexapod_brain_node_standalone
[40.181s] Invoked command in '/home/hexapod/ros2_ws/build/hexapod_control' returned '0': CMAKE_PREFIX_PATH=/home/hexapod/ros2_ws/install/hexapod_custom_msgs:/home/hexapod/ros2_ws/install/hexapod_bringup:/home/hexapod/ros2_ws/install/hexapod_control:/home/hexapod/ros2_ws/install/hexapod_teleop:/home/hexapod/ros2_ws/install/hexapod_hardware:/home/hexapod/ros2_ws/install/hexapod_description:/home/hexapod/ros2_ws/install/hexapod_core:/opt/ros/jazzy LD_LIBRARY_PATH=/home/hexapod/ros2_ws/install/hexapod_custom_msgs/lib:/home/hexapod/ros2_ws/install/hexapod_teleop/lib:/home/hexapod/ros2_ws/install/hexapod_hardware/lib:/home/hexapod/ros2_ws/install/hexapod_control/lib:/opt/ros/jazzy/lib/aarch64-linux-gnu:/opt/ros/jazzy/lib /usr/bin/cmake --build /home/hexapod/ros2_ws/build/hexapod_control -- -j4 -l4
[40.184s] Invoking command in '/home/hexapod/ros2_ws/build/hexapod_control': CMAKE_PREFIX_PATH=/home/hexapod/ros2_ws/install/hexapod_custom_msgs:/home/hexapod/ros2_ws/install/hexapod_bringup:/home/hexapod/ros2_ws/install/hexapod_control:/home/hexapod/ros2_ws/install/hexapod_teleop:/home/hexapod/ros2_ws/install/hexapod_hardware:/home/hexapod/ros2_ws/install/hexapod_description:/home/hexapod/ros2_ws/install/hexapod_core:/opt/ros/jazzy LD_LIBRARY_PATH=/home/hexapod/ros2_ws/install/hexapod_custom_msgs/lib:/home/hexapod/ros2_ws/install/hexapod_teleop/lib:/home/hexapod/ros2_ws/install/hexapod_hardware/lib:/home/hexapod/ros2_ws/install/hexapod_control/lib:/opt/ros/jazzy/lib/aarch64-linux-gnu:/opt/ros/jazzy/lib /usr/bin/cmake --install /home/hexapod/ros2_ws/build/hexapod_control
[40.199s] -- Install configuration: ""
[40.199s] -- Execute custom install script
[40.199s] -- Up-to-date symlink: /home/hexapod/ros2_ws/install/hexapod_control/share/hexapod_control/environment/library_path.sh
[40.200s] -- Up-to-date symlink: /home/hexapod/ros2_ws/install/hexapod_control/share/hexapod_control/environment/library_path.dsv
[40.200s] -- Up-to-date symlink: /home/hexapod/ros2_ws/install/hexapod_control/lib/libhexapod_brain_node.so
[40.200s] -- Up-to-date symlink: /home/hexapod/ros2_ws/install/hexapod_control/lib/hexapod_control/hexapod_brain_node_standalone
[40.200s] -- Up-to-date symlink: /home/hexapod/ros2_ws/install/hexapod_control/include/hexapod_control/hexapod_brain_node.hpp
[40.200s] -- Up-to-date symlink: /home/hexapod/ros2_ws/install/hexapod_control/share/ament_index/resource_index/package_run_dependencies/hexapod_control
[40.201s] -- Up-to-date symlink: /home/hexapod/ros2_ws/install/hexapod_control/share/ament_index/resource_index/parent_prefix_path/hexapod_control
[40.201s] -- Up-to-date symlink: /home/hexapod/ros2_ws/install/hexapod_control/share/hexapod_control/environment/ament_prefix_path.sh
[40.201s] -- Up-to-date symlink: /home/hexapod/ros2_ws/install/hexapod_control/share/hexapod_control/environment/ament_prefix_path.dsv
[40.201s] -- Up-to-date symlink: /home/hexapod/ros2_ws/install/hexapod_control/share/hexapod_control/environment/path.sh
[40.202s] -- Up-to-date symlink: /home/hexapod/ros2_ws/install/hexapod_control/share/hexapod_control/environment/path.dsv
[40.202s] -- Up-to-date symlink: /home/hexapod/ros2_ws/install/hexapod_control/share/hexapod_control/local_setup.bash
[40.202s] -- Up-to-date symlink: /home/hexapod/ros2_ws/install/hexapod_control/share/hexapod_control/local_setup.sh
[40.202s] -- Up-to-date symlink: /home/hexapod/ros2_ws/install/hexapod_control/share/hexapod_control/local_setup.zsh
[40.203s] -- Up-to-date symlink: /home/hexapod/ros2_ws/install/hexapod_control/share/hexapod_control/local_setup.dsv
[40.203s] -- Symlinking: /home/hexapod/ros2_ws/install/hexapod_control/share/hexapod_control/package.dsv
[40.222s] -- Up-to-date symlink: /home/hexapod/ros2_ws/install/hexapod_control/share/ament_index/resource_index/packages/hexapod_control
[40.222s] -- Up-to-date symlink: /home/hexapod/ros2_ws/install/hexapod_control/share/hexapod_control/cmake/ament_cmake_export_include_directories-extras.cmake
[40.222s] -- Up-to-date symlink: /home/hexapod/ros2_ws/install/hexapod_control/share/hexapod_control/cmake/ament_cmake_export_libraries-extras.cmake
[40.222s] -- Up-to-date symlink: /home/hexapod/ros2_ws/install/hexapod_control/share/hexapod_control/cmake/ament_cmake_export_dependencies-extras.cmake
[40.223s] -- Up-to-date symlink: /home/hexapod/ros2_ws/install/hexapod_control/share/hexapod_control/cmake/hexapod_controlConfig.cmake
[40.223s] -- Up-to-date symlink: /home/hexapod/ros2_ws/install/hexapod_control/share/hexapod_control/cmake/hexapod_controlConfig-version.cmake
[40.223s] -- Up-to-date symlink: /home/hexapod/ros2_ws/install/hexapod_control/share/hexapod_control/package.xml
[40.229s] Invoked command in '/home/hexapod/ros2_ws/build/hexapod_control' returned '0': CMAKE_PREFIX_PATH=/home/hexapod/ros2_ws/install/hexapod_custom_msgs:/home/hexapod/ros2_ws/install/hexapod_bringup:/home/hexapod/ros2_ws/install/hexapod_control:/home/hexapod/ros2_ws/install/hexapod_teleop:/home/hexapod/ros2_ws/install/hexapod_hardware:/home/hexapod/ros2_ws/install/hexapod_description:/home/hexapod/ros2_ws/install/hexapod_core:/opt/ros/jazzy LD_LIBRARY_PATH=/home/hexapod/ros2_ws/install/hexapod_custom_msgs/lib:/home/hexapod/ros2_ws/install/hexapod_teleop/lib:/home/hexapod/ros2_ws/install/hexapod_hardware/lib:/home/hexapod/ros2_ws/install/hexapod_control/lib:/opt/ros/jazzy/lib/aarch64-linux-gnu:/opt/ros/jazzy/lib /usr/bin/cmake --install /home/hexapod/ros2_ws/build/hexapod_control
