[0.020s] Invoking command in '/home/hexapod/ros2_ws/build/hexapod_description': CMAKE_PREFIX_PATH=${CMAKE_PREFIX_PATH}:/opt/ros/jazzy /usr/bin/cmake --build /home/hexapod/ros2_ws/build/hexapod_description -- -j4 -l4
[0.089s] Invoked command in '/home/hexapod/ros2_ws/build/hexapod_description' returned '0': CMAKE_PREFIX_PATH=${CMAKE_PREFIX_PATH}:/opt/ros/jazzy /usr/bin/cmake --build /home/hexapod/ros2_ws/build/hexapod_description -- -j4 -l4
[0.125s] Invoking command in '/home/hexapod/ros2_ws/build/hexapod_description': CMAKE_PREFIX_PATH=${CMAKE_PREFIX_PATH}:/opt/ros/jazzy /usr/bin/cmake --install /home/hexapod/ros2_ws/build/hexapod_description
[0.142s] -- Install configuration: ""
[0.143s] -- Execute custom install script
[0.145s] -- Up-to-date symlink: /home/hexapod/ros2_ws/install/hexapod_description/share/hexapod_description/urdf/hexapod.urdf.xacro
[0.146s] -- Up-to-date symlink: /home/hexapod/ros2_ws/install/hexapod_description/share/hexapod_description/launch/display.launch.py
[0.149s] -- Up-to-date symlink: /home/hexapod/ros2_ws/install/hexapod_description/share/ament_index/resource_index/package_run_dependencies/hexapod_description
[0.151s] -- Up-to-date symlink: /home/hexapod/ros2_ws/install/hexapod_description/share/ament_index/resource_index/parent_prefix_path/hexapod_description
[0.152s] -- Up-to-date symlink: /home/hexapod/ros2_ws/install/hexapod_description/share/hexapod_description/environment/ament_prefix_path.sh
[0.153s] -- Up-to-date symlink: /home/hexapod/ros2_ws/install/hexapod_description/share/hexapod_description/environment/ament_prefix_path.dsv
[0.158s] -- Up-to-date symlink: /home/hexapod/ros2_ws/install/hexapod_description/share/hexapod_description/environment/path.sh
[0.159s] -- Up-to-date symlink: /home/hexapod/ros2_ws/install/hexapod_description/share/hexapod_description/environment/path.dsv
[0.161s] -- Up-to-date symlink: /home/hexapod/ros2_ws/install/hexapod_description/share/hexapod_description/local_setup.bash
[0.161s] -- Up-to-date symlink: /home/hexapod/ros2_ws/install/hexapod_description/share/hexapod_description/local_setup.sh
[0.162s] -- Up-to-date symlink: /home/hexapod/ros2_ws/install/hexapod_description/share/hexapod_description/local_setup.zsh
[0.163s] -- Up-to-date symlink: /home/hexapod/ros2_ws/install/hexapod_description/share/hexapod_description/local_setup.dsv
[0.163s] -- Symlinking: /home/hexapod/ros2_ws/install/hexapod_description/share/hexapod_description/package.dsv
[0.185s] -- Up-to-date symlink: /home/hexapod/ros2_ws/install/hexapod_description/share/ament_index/resource_index/packages/hexapod_description
[0.187s] -- Up-to-date symlink: /home/hexapod/ros2_ws/install/hexapod_description/share/hexapod_description/cmake/hexapod_descriptionConfig.cmake
[0.188s] -- Up-to-date symlink: /home/hexapod/ros2_ws/install/hexapod_description/share/hexapod_description/cmake/hexapod_descriptionConfig-version.cmake
[0.189s] -- Up-to-date symlink: /home/hexapod/ros2_ws/install/hexapod_description/share/hexapod_description/package.xml
[0.200s] Invoked command in '/home/hexapod/ros2_ws/build/hexapod_description' returned '0': CMAKE_PREFIX_PATH=${CMAKE_PREFIX_PATH}:/opt/ros/jazzy /usr/bin/cmake --install /home/hexapod/ros2_ws/build/hexapod_description
