-- Found ament_cmake: 2.5.6 (/opt/ros/jazzy/share/ament_cmake/cmake)
-- Override CMake install command with custom implementation using symlinks instead of copying resources
-- Found rosidl_default_generators: 1.6.1 (/opt/ros/jazzy/share/rosidl_default_generators/cmake)
-- Using all available rosidl_typesupport_c: rosidl_typesupport_fastrtps_c;rosidl_typesupport_introspection_c
-- Using all available rosidl_typesupport_cpp: rosidl_typesupport_fastrtps_cpp;rosidl_typesupport_introspection_cpp
-- Found rosidl_adapter: 4.6.9 (/opt/ros/jazzy/share/rosidl_adapter/cmake)
-- Found ament_cmake_ros: 0.12.1 (/opt/ros/jazzy/share/ament_cmake_ros/cmake)
-- Using all available rosidl_typesupport_c: rosidl_typesupport_fastrtps_c;rosidl_typesupport_introspection_c
-- Using all available rosidl_typesupport_cpp: rosidl_typesupport_fastrtps_cpp;rosidl_typesupport_introspection_cpp
-- Found python_cmake_module: 0.11.1 (/opt/ros/jazzy/share/python_cmake_module/cmake)
-- Found PythonExtra: /usr/bin/python3  
-- Found Python3: /usr/bin/python3 (found version "3.12.3") found components: Interpreter Development NumPy Development.Module Development.Embed 
-- Found Python3: /usr/bin/python3 (found version "3.12.3") found components: Interpreter 
-- Configuring done (4.4s)
-- Generating done (0.1s)
-- Build files have been written to: /home/hexapod/ros2_ws/build/hexapod_custom_msgs
[  1%] [34m[1mGenerating Rust code for ROS interfaces[0m
[  3%] [34m[1mGenerating type hashes for ROS interfaces[0m
[  3%] Built target ament_cmake_python_symlink_hexapod_custom_msgs
running egg_info
creating hexapod_custom_msgs.egg-info
writing hexapod_custom_msgs.egg-info/PKG-INFO
writing dependency_links to hexapod_custom_msgs.egg-info/dependency_links.txt
writing top-level names to hexapod_custom_msgs.egg-info/top_level.txt
writing manifest file 'hexapod_custom_msgs.egg-info/SOURCES.txt'
reading manifest file 'hexapod_custom_msgs.egg-info/SOURCES.txt'
[  3%] Built target hexapod_custom_msgs__rosidl_generator_type_description
writing manifest file 'hexapod_custom_msgs.egg-info/SOURCES.txt'
[  5%] [34m[1mGenerating C code for ROS interfaces[0m
[  5%] Built target hexapod_custom_msgs__rs
[  7%] [34m[1mGenerating C++ code for ROS interfaces[0m
[  7%] Built target ament_cmake_python_build_hexapod_custom_msgs_egg
[  7%] Built target hexapod_custom_msgs__cpp
[  9%] [32mBuilding C object CMakeFiles/hexapod_custom_msgs__rosidl_generator_c.dir/rosidl_generator_c/hexapod_custom_msgs/msg/detail/teleop_event__description.c.o[0m
[ 10%] [32mBuilding C object CMakeFiles/hexapod_custom_msgs__rosidl_generator_c.dir/rosidl_generator_c/hexapod_custom_msgs/msg/detail/teleop_event__functions.c.o[0m
[ 12%] [32mBuilding C object CMakeFiles/hexapod_custom_msgs__rosidl_generator_c.dir/rosidl_generator_c/hexapod_custom_msgs/msg/detail/teleop_event__type_support.c.o[0m
[ 14%] [32mBuilding C object CMakeFiles/hexapod_custom_msgs__rosidl_generator_c.dir/rosidl_generator_c/hexapod_custom_msgs/msg/detail/buzzer_command__description.c.o[0m
[ 16%] [32mBuilding C object CMakeFiles/hexapod_custom_msgs__rosidl_generator_c.dir/rosidl_generator_c/hexapod_custom_msgs/msg/detail/buzzer_command__type_support.c.o[0m
[ 18%] [32mBuilding C object CMakeFiles/hexapod_custom_msgs__rosidl_generator_c.dir/rosidl_generator_c/hexapod_custom_msgs/msg/detail/buzzer_command__functions.c.o[0m
[ 20%] [32mBuilding C object CMakeFiles/hexapod_custom_msgs__rosidl_generator_c.dir/rosidl_generator_c/hexapod_custom_msgs/msg/detail/locomotion_state__description.c.o[0m
[ 21%] [32mBuilding C object CMakeFiles/hexapod_custom_msgs__rosidl_generator_c.dir/rosidl_generator_c/hexapod_custom_msgs/msg/detail/locomotion_state__functions.c.o[0m
[ 23%] [32mBuilding C object CMakeFiles/hexapod_custom_msgs__rosidl_generator_c.dir/rosidl_generator_c/hexapod_custom_msgs/msg/detail/locomotion_state__type_support.c.o[0m
[ 25%] [32m[1mLinking C shared library libhexapod_custom_msgs__rosidl_generator_c.so[0m
[ 25%] Built target hexapod_custom_msgs__rosidl_generator_c
[ 27%] [34m[1mGenerating C++ type support for eProsima Fast-RTPS[0m
[ 29%] [34m[1mGenerating C++ type support dispatch for ROS interfaces[0m
[ 30%] [34m[1mGenerating C introspection for ROS interfaces[0m
[ 32%] [34m[1mGenerating C type support dispatch for ROS interfaces[0m
[ 34%] [32mBuilding CXX object CMakeFiles/hexapod_custom_msgs__rosidl_typesupport_cpp.dir/rosidl_typesupport_cpp/hexapod_custom_msgs/msg/teleop_event__type_support.cpp.o[0m
[ 38%] [32mBuilding CXX object CMakeFiles/hexapod_custom_msgs__rosidl_typesupport_fastrtps_cpp.dir/rosidl_typesupport_fastrtps_cpp/hexapod_custom_msgs/msg/detail/dds_fastrtps/teleop_event__type_support.cpp.o[0m
[ 38%] [32mBuilding CXX object CMakeFiles/hexapod_custom_msgs__rosidl_typesupport_c.dir/rosidl_typesupport_c/hexapod_custom_msgs/msg/teleop_event__type_support.cpp.o[0m
[ 40%] [32mBuilding CXX object CMakeFiles/hexapod_custom_msgs__rosidl_typesupport_c.dir/rosidl_typesupport_c/hexapod_custom_msgs/msg/buzzer_command__type_support.cpp.o[0m
[ 41%] [32mBuilding C object CMakeFiles/hexapod_custom_msgs__rosidl_typesupport_introspection_c.dir/rosidl_typesupport_introspection_c/hexapod_custom_msgs/msg/detail/teleop_event__type_support.c.o[0m
[ 43%] [32mBuilding CXX object CMakeFiles/hexapod_custom_msgs__rosidl_typesupport_c.dir/rosidl_typesupport_c/hexapod_custom_msgs/msg/locomotion_state__type_support.cpp.o[0m
[ 45%] [32mBuilding C object CMakeFiles/hexapod_custom_msgs__rosidl_typesupport_introspection_c.dir/rosidl_typesupport_introspection_c/hexapod_custom_msgs/msg/detail/buzzer_command__type_support.c.o[0m
[ 47%] [32m[1mLinking CXX shared library libhexapod_custom_msgs__rosidl_typesupport_c.so[0m
[ 49%] [32mBuilding C object CMakeFiles/hexapod_custom_msgs__rosidl_typesupport_introspection_c.dir/rosidl_typesupport_introspection_c/hexapod_custom_msgs/msg/detail/locomotion_state__type_support.c.o[0m
[ 49%] Built target hexapod_custom_msgs__rosidl_typesupport_c
[ 50%] [32mBuilding CXX object CMakeFiles/hexapod_custom_msgs__rosidl_typesupport_cpp.dir/rosidl_typesupport_cpp/hexapod_custom_msgs/msg/buzzer_command__type_support.cpp.o[0m
[ 52%] [32m[1mLinking C shared library libhexapod_custom_msgs__rosidl_typesupport_introspection_c.so[0m
[ 52%] Built target hexapod_custom_msgs__rosidl_typesupport_introspection_c
[ 54%] [32mBuilding CXX object CMakeFiles/hexapod_custom_msgs__rosidl_typesupport_cpp.dir/rosidl_typesupport_cpp/hexapod_custom_msgs/msg/locomotion_state__type_support.cpp.o[0m
[ 56%] [32mBuilding CXX object CMakeFiles/hexapod_custom_msgs__rosidl_typesupport_fastrtps_cpp.dir/rosidl_typesupport_fastrtps_cpp/hexapod_custom_msgs/msg/detail/dds_fastrtps/buzzer_command__type_support.cpp.o[0m
[ 58%] [32mBuilding CXX object CMakeFiles/hexapod_custom_msgs__rosidl_typesupport_fastrtps_cpp.dir/rosidl_typesupport_fastrtps_cpp/hexapod_custom_msgs/msg/detail/dds_fastrtps/locomotion_state__type_support.cpp.o[0m
[ 60%] [34m[1mGenerating C type support for eProsima Fast-RTPS[0m
[ 61%] [32m[1mLinking CXX shared library libhexapod_custom_msgs__rosidl_typesupport_cpp.so[0m
[ 61%] Built target hexapod_custom_msgs__rosidl_typesupport_cpp
[ 63%] [34m[1mGenerating C++ introspection for ROS interfaces[0m
[ 65%] [32mBuilding CXX object CMakeFiles/hexapod_custom_msgs__rosidl_typesupport_introspection_cpp.dir/rosidl_typesupport_introspection_cpp/hexapod_custom_msgs/msg/detail/buzzer_command__type_support.cpp.o[0m
[ 67%] [32mBuilding CXX object CMakeFiles/hexapod_custom_msgs__rosidl_typesupport_introspection_cpp.dir/rosidl_typesupport_introspection_cpp/hexapod_custom_msgs/msg/detail/teleop_event__type_support.cpp.o[0m
[ 69%] [32m[1mLinking CXX shared library libhexapod_custom_msgs__rosidl_typesupport_fastrtps_cpp.so[0m
[ 70%] [32mBuilding CXX object CMakeFiles/hexapod_custom_msgs__rosidl_typesupport_fastrtps_c.dir/rosidl_typesupport_fastrtps_c/hexapod_custom_msgs/msg/detail/teleop_event__type_support_c.cpp.o[0m
[ 70%] Built target hexapod_custom_msgs__rosidl_typesupport_fastrtps_cpp
[ 72%] [32mBuilding CXX object CMakeFiles/hexapod_custom_msgs__rosidl_typesupport_introspection_cpp.dir/rosidl_typesupport_introspection_cpp/hexapod_custom_msgs/msg/detail/locomotion_state__type_support.cpp.o[0m
[ 74%] [32mBuilding CXX object CMakeFiles/hexapod_custom_msgs__rosidl_typesupport_fastrtps_c.dir/rosidl_typesupport_fastrtps_c/hexapod_custom_msgs/msg/detail/buzzer_command__type_support_c.cpp.o[0m
[ 76%] [32mBuilding CXX object CMakeFiles/hexapod_custom_msgs__rosidl_typesupport_fastrtps_c.dir/rosidl_typesupport_fastrtps_c/hexapod_custom_msgs/msg/detail/locomotion_state__type_support_c.cpp.o[0m
[ 78%] [32m[1mLinking CXX shared library libhexapod_custom_msgs__rosidl_typesupport_introspection_cpp.so[0m
[ 78%] Built target hexapod_custom_msgs__rosidl_typesupport_introspection_cpp
[ 80%] [32m[1mLinking CXX shared library libhexapod_custom_msgs__rosidl_typesupport_fastrtps_c.so[0m
[ 80%] Built target hexapod_custom_msgs__rosidl_typesupport_fastrtps_c
[ 80%] Built target hexapod_custom_msgs
[ 81%] [34m[1mGenerating Python code for ROS interfaces[0m
[ 81%] Built target hexapod_custom_msgs__py
[ 85%] [32mBuilding C object CMakeFiles/hexapod_custom_msgs__rosidl_generator_py.dir/rosidl_generator_py/hexapod_custom_msgs/msg/_teleop_event_s.c.o[0m
[ 85%] [32mBuilding C object CMakeFiles/hexapod_custom_msgs__rosidl_generator_py.dir/rosidl_generator_py/hexapod_custom_msgs/msg/_buzzer_command_s.c.o[0m
[ 87%] [32mBuilding C object CMakeFiles/hexapod_custom_msgs__rosidl_generator_py.dir/rosidl_generator_py/hexapod_custom_msgs/msg/_locomotion_state_s.c.o[0m
[ 89%] [32m[1mLinking C shared library libhexapod_custom_msgs__rosidl_generator_py.so[0m
[ 89%] Built target hexapod_custom_msgs__rosidl_generator_py
[ 90%] [32mBuilding C object CMakeFiles/hexapod_custom_msgs_s__rosidl_typesupport_c.dir/rosidl_generator_py/hexapod_custom_msgs/_hexapod_custom_msgs_s.ep.rosidl_typesupport_c.c.o[0m
[ 92%] [32mBuilding C object CMakeFiles/hexapod_custom_msgs_s__rosidl_typesupport_introspection_c.dir/rosidl_generator_py/hexapod_custom_msgs/_hexapod_custom_msgs_s.ep.rosidl_typesupport_introspection_c.c.o[0m
[ 94%] [32mBuilding C object CMakeFiles/hexapod_custom_msgs_s__rosidl_typesupport_fastrtps_c.dir/rosidl_generator_py/hexapod_custom_msgs/_hexapod_custom_msgs_s.ep.rosidl_typesupport_fastrtps_c.c.o[0m
[ 96%] [32m[1mLinking C shared module rosidl_generator_py/hexapod_custom_msgs/hexapod_custom_msgs_s__rosidl_typesupport_c.so[0m
[ 98%] [32m[1mLinking C shared module rosidl_generator_py/hexapod_custom_msgs/hexapod_custom_msgs_s__rosidl_typesupport_introspection_c.so[0m
[100%] [32m[1mLinking C shared module rosidl_generator_py/hexapod_custom_msgs/hexapod_custom_msgs_s__rosidl_typesupport_fastrtps_c.so[0m
[100%] Built target hexapod_custom_msgs_s__rosidl_typesupport_c
[100%] Built target hexapod_custom_msgs_s__rosidl_typesupport_introspection_c
[100%] Built target hexapod_custom_msgs_s__rosidl_typesupport_fastrtps_c
-- Install configuration: ""
-- Execute custom install script
-- Symlinking: /home/hexapod/ros2_ws/install/hexapod_custom_msgs/share/ament_index/resource_index/rosidl_interfaces/hexapod_custom_msgs
-- Symlinking: /home/hexapod/ros2_ws/install/hexapod_custom_msgs/share/hexapod_custom_msgs/msg/TeleopEvent.json
-- Symlinking: /home/hexapod/ros2_ws/install/hexapod_custom_msgs/share/hexapod_custom_msgs/msg/BuzzerCommand.json
-- Symlinking: /home/hexapod/ros2_ws/install/hexapod_custom_msgs/share/hexapod_custom_msgs/msg/LocomotionState.json
-- Symlinking: /home/hexapod/ros2_ws/install/hexapod_custom_msgs/include/hexapod_custom_msgs/hexapod_custom_msgs/msg/buzzer_command.h
-- Symlinking: /home/hexapod/ros2_ws/install/hexapod_custom_msgs/include/hexapod_custom_msgs/hexapod_custom_msgs/msg/detail/buzzer_command__functions.h
-- Symlinking: /home/hexapod/ros2_ws/install/hexapod_custom_msgs/include/hexapod_custom_msgs/hexapod_custom_msgs/msg/detail/buzzer_command__struct.h
-- Symlinking: /home/hexapod/ros2_ws/install/hexapod_custom_msgs/include/hexapod_custom_msgs/hexapod_custom_msgs/msg/detail/buzzer_command__type_support.h
-- Symlinking: /home/hexapod/ros2_ws/install/hexapod_custom_msgs/include/hexapod_custom_msgs/hexapod_custom_msgs/msg/detail/locomotion_state__functions.h
-- Symlinking: /home/hexapod/ros2_ws/install/hexapod_custom_msgs/include/hexapod_custom_msgs/hexapod_custom_msgs/msg/detail/locomotion_state__struct.h
-- Symlinking: /home/hexapod/ros2_ws/install/hexapod_custom_msgs/include/hexapod_custom_msgs/hexapod_custom_msgs/msg/detail/locomotion_state__type_support.h
-- Symlinking: /home/hexapod/ros2_ws/install/hexapod_custom_msgs/include/hexapod_custom_msgs/hexapod_custom_msgs/msg/detail/teleop_event__functions.h
-- Symlinking: /home/hexapod/ros2_ws/install/hexapod_custom_msgs/include/hexapod_custom_msgs/hexapod_custom_msgs/msg/detail/teleop_event__struct.h
-- Symlinking: /home/hexapod/ros2_ws/install/hexapod_custom_msgs/include/hexapod_custom_msgs/hexapod_custom_msgs/msg/detail/teleop_event__type_support.h
-- Symlinking: /home/hexapod/ros2_ws/install/hexapod_custom_msgs/include/hexapod_custom_msgs/hexapod_custom_msgs/msg/locomotion_state.h
-- Symlinking: /home/hexapod/ros2_ws/install/hexapod_custom_msgs/include/hexapod_custom_msgs/hexapod_custom_msgs/msg/rosidl_generator_c__visibility_control.h
-- Symlinking: /home/hexapod/ros2_ws/install/hexapod_custom_msgs/include/hexapod_custom_msgs/hexapod_custom_msgs/msg/teleop_event.h
-- Symlinking: /home/hexapod/ros2_ws/install/hexapod_custom_msgs/share/hexapod_custom_msgs/environment/library_path.sh
-- Symlinking: /home/hexapod/ros2_ws/install/hexapod_custom_msgs/share/hexapod_custom_msgs/environment/library_path.dsv
-- Symlinking: /home/hexapod/ros2_ws/install/hexapod_custom_msgs/include/hexapod_custom_msgs/hexapod_custom_msgs/msg/detail/buzzer_command__rosidl_typesupport_fastrtps_c.h
-- Symlinking: /home/hexapod/ros2_ws/install/hexapod_custom_msgs/include/hexapod_custom_msgs/hexapod_custom_msgs/msg/detail/locomotion_state__rosidl_typesupport_fastrtps_c.h
-- Symlinking: /home/hexapod/ros2_ws/install/hexapod_custom_msgs/include/hexapod_custom_msgs/hexapod_custom_msgs/msg/detail/teleop_event__rosidl_typesupport_fastrtps_c.h
-- Symlinking: /home/hexapod/ros2_ws/install/hexapod_custom_msgs/include/hexapod_custom_msgs/hexapod_custom_msgs/msg/rosidl_typesupport_fastrtps_c__visibility_control.h
-- Symlinking: /home/hexapod/ros2_ws/install/hexapod_custom_msgs/include/hexapod_custom_msgs/hexapod_custom_msgs/msg/detail/buzzer_command__rosidl_typesupport_introspection_c.h
-- Symlinking: /home/hexapod/ros2_ws/install/hexapod_custom_msgs/include/hexapod_custom_msgs/hexapod_custom_msgs/msg/detail/locomotion_state__rosidl_typesupport_introspection_c.h
-- Symlinking: /home/hexapod/ros2_ws/install/hexapod_custom_msgs/include/hexapod_custom_msgs/hexapod_custom_msgs/msg/detail/teleop_event__rosidl_typesupport_introspection_c.h
-- Symlinking: /home/hexapod/ros2_ws/install/hexapod_custom_msgs/include/hexapod_custom_msgs/hexapod_custom_msgs/msg/rosidl_typesupport_introspection_c__visibility_control.h
-- Symlinking: /home/hexapod/ros2_ws/install/hexapod_custom_msgs/include/hexapod_custom_msgs/hexapod_custom_msgs/msg/buzzer_command.hpp
-- Symlinking: /home/hexapod/ros2_ws/install/hexapod_custom_msgs/include/hexapod_custom_msgs/hexapod_custom_msgs/msg/detail/buzzer_command__builder.hpp
-- Symlinking: /home/hexapod/ros2_ws/install/hexapod_custom_msgs/include/hexapod_custom_msgs/hexapod_custom_msgs/msg/detail/buzzer_command__struct.hpp
-- Symlinking: /home/hexapod/ros2_ws/install/hexapod_custom_msgs/include/hexapod_custom_msgs/hexapod_custom_msgs/msg/detail/buzzer_command__traits.hpp
-- Symlinking: /home/hexapod/ros2_ws/install/hexapod_custom_msgs/include/hexapod_custom_msgs/hexapod_custom_msgs/msg/detail/buzzer_command__type_support.hpp
-- Symlinking: /home/hexapod/ros2_ws/install/hexapod_custom_msgs/include/hexapod_custom_msgs/hexapod_custom_msgs/msg/detail/locomotion_state__builder.hpp
-- Symlinking: /home/hexapod/ros2_ws/install/hexapod_custom_msgs/include/hexapod_custom_msgs/hexapod_custom_msgs/msg/detail/locomotion_state__struct.hpp
-- Symlinking: /home/hexapod/ros2_ws/install/hexapod_custom_msgs/include/hexapod_custom_msgs/hexapod_custom_msgs/msg/detail/locomotion_state__traits.hpp
-- Symlinking: /home/hexapod/ros2_ws/install/hexapod_custom_msgs/include/hexapod_custom_msgs/hexapod_custom_msgs/msg/detail/locomotion_state__type_support.hpp
-- Symlinking: /home/hexapod/ros2_ws/install/hexapod_custom_msgs/include/hexapod_custom_msgs/hexapod_custom_msgs/msg/detail/teleop_event__builder.hpp
-- Symlinking: /home/hexapod/ros2_ws/install/hexapod_custom_msgs/include/hexapod_custom_msgs/hexapod_custom_msgs/msg/detail/teleop_event__struct.hpp
-- Symlinking: /home/hexapod/ros2_ws/install/hexapod_custom_msgs/include/hexapod_custom_msgs/hexapod_custom_msgs/msg/detail/teleop_event__traits.hpp
-- Symlinking: /home/hexapod/ros2_ws/install/hexapod_custom_msgs/include/hexapod_custom_msgs/hexapod_custom_msgs/msg/detail/teleop_event__type_support.hpp
-- Symlinking: /home/hexapod/ros2_ws/install/hexapod_custom_msgs/include/hexapod_custom_msgs/hexapod_custom_msgs/msg/locomotion_state.hpp
-- Symlinking: /home/hexapod/ros2_ws/install/hexapod_custom_msgs/include/hexapod_custom_msgs/hexapod_custom_msgs/msg/rosidl_generator_cpp__visibility_control.hpp
-- Symlinking: /home/hexapod/ros2_ws/install/hexapod_custom_msgs/include/hexapod_custom_msgs/hexapod_custom_msgs/msg/teleop_event.hpp
-- Symlinking: /home/hexapod/ros2_ws/install/hexapod_custom_msgs/include/hexapod_custom_msgs/hexapod_custom_msgs/msg/detail/buzzer_command__rosidl_typesupport_fastrtps_cpp.hpp
-- Symlinking: /home/hexapod/ros2_ws/install/hexapod_custom_msgs/include/hexapod_custom_msgs/hexapod_custom_msgs/msg/detail/locomotion_state__rosidl_typesupport_fastrtps_cpp.hpp
-- Symlinking: /home/hexapod/ros2_ws/install/hexapod_custom_msgs/include/hexapod_custom_msgs/hexapod_custom_msgs/msg/detail/teleop_event__rosidl_typesupport_fastrtps_cpp.hpp
-- Symlinking: /home/hexapod/ros2_ws/install/hexapod_custom_msgs/include/hexapod_custom_msgs/hexapod_custom_msgs/msg/rosidl_typesupport_fastrtps_cpp__visibility_control.h
-- Symlinking: /home/hexapod/ros2_ws/install/hexapod_custom_msgs/include/hexapod_custom_msgs/hexapod_custom_msgs/msg/detail/buzzer_command__rosidl_typesupport_introspection_cpp.hpp
-- Symlinking: /home/hexapod/ros2_ws/install/hexapod_custom_msgs/include/hexapod_custom_msgs/hexapod_custom_msgs/msg/detail/locomotion_state__rosidl_typesupport_introspection_cpp.hpp
-- Symlinking: /home/hexapod/ros2_ws/install/hexapod_custom_msgs/include/hexapod_custom_msgs/hexapod_custom_msgs/msg/detail/teleop_event__rosidl_typesupport_introspection_cpp.hpp
-- Symlinking: /home/hexapod/ros2_ws/install/hexapod_custom_msgs/share/hexapod_custom_msgs/environment/pythonpath.sh
-- Symlinking: /home/hexapod/ros2_ws/install/hexapod_custom_msgs/share/hexapod_custom_msgs/environment/pythonpath.dsv
-- Symlinking: /home/hexapod/ros2_ws/install/hexapod_custom_msgs/lib/python3.12/site-packages/hexapod_custom_msgs-0.0.1-py3.12.egg-info/PKG-INFO
-- Symlinking: /home/hexapod/ros2_ws/install/hexapod_custom_msgs/lib/python3.12/site-packages/hexapod_custom_msgs-0.0.1-py3.12.egg-info/SOURCES.txt
-- Symlinking: /home/hexapod/ros2_ws/install/hexapod_custom_msgs/lib/python3.12/site-packages/hexapod_custom_msgs-0.0.1-py3.12.egg-info/dependency_links.txt
-- Symlinking: /home/hexapod/ros2_ws/install/hexapod_custom_msgs/lib/python3.12/site-packages/hexapod_custom_msgs-0.0.1-py3.12.egg-info/top_level.txt
-- Symlinking: /home/hexapod/ros2_ws/install/hexapod_custom_msgs/lib/python3.12/site-packages/hexapod_custom_msgs/__init__.py
-- Symlinking: /home/hexapod/ros2_ws/install/hexapod_custom_msgs/lib/python3.12/site-packages/hexapod_custom_msgs/_hexapod_custom_msgs_s.ep.rosidl_typesupport_c.c
-- Symlinking: /home/hexapod/ros2_ws/install/hexapod_custom_msgs/lib/python3.12/site-packages/hexapod_custom_msgs/_hexapod_custom_msgs_s.ep.rosidl_typesupport_fastrtps_c.c
-- Symlinking: /home/hexapod/ros2_ws/install/hexapod_custom_msgs/lib/python3.12/site-packages/hexapod_custom_msgs/_hexapod_custom_msgs_s.ep.rosidl_typesupport_introspection_c.c
-- Symlinking: /home/hexapod/ros2_ws/install/hexapod_custom_msgs/lib/python3.12/site-packages/hexapod_custom_msgs/hexapod_custom_msgs_s__rosidl_typesupport_c.so
-- Symlinking: /home/hexapod/ros2_ws/install/hexapod_custom_msgs/lib/python3.12/site-packages/hexapod_custom_msgs/hexapod_custom_msgs_s__rosidl_typesupport_fastrtps_c.so
-- Symlinking: /home/hexapod/ros2_ws/install/hexapod_custom_msgs/lib/python3.12/site-packages/hexapod_custom_msgs/hexapod_custom_msgs_s__rosidl_typesupport_introspection_c.so
-- Symlinking: /home/hexapod/ros2_ws/install/hexapod_custom_msgs/lib/python3.12/site-packages/hexapod_custom_msgs/msg/__init__.py
-- Symlinking: /home/hexapod/ros2_ws/install/hexapod_custom_msgs/lib/python3.12/site-packages/hexapod_custom_msgs/msg/_buzzer_command.py
-- Symlinking: /home/hexapod/ros2_ws/install/hexapod_custom_msgs/lib/python3.12/site-packages/hexapod_custom_msgs/msg/_buzzer_command_s.c
-- Symlinking: /home/hexapod/ros2_ws/install/hexapod_custom_msgs/lib/python3.12/site-packages/hexapod_custom_msgs/msg/_locomotion_state.py
-- Symlinking: /home/hexapod/ros2_ws/install/hexapod_custom_msgs/lib/python3.12/site-packages/hexapod_custom_msgs/msg/_locomotion_state_s.c
-- Symlinking: /home/hexapod/ros2_ws/install/hexapod_custom_msgs/lib/python3.12/site-packages/hexapod_custom_msgs/msg/_teleop_event.py
-- Symlinking: /home/hexapod/ros2_ws/install/hexapod_custom_msgs/lib/python3.12/site-packages/hexapod_custom_msgs/msg/_teleop_event_s.c
-- Up-to-date symlink: /home/hexapod/ros2_ws/install/hexapod_custom_msgs/lib/python3.12/site-packages/hexapod_custom_msgs/hexapod_custom_msgs_s__rosidl_typesupport_fastrtps_c.so
-- Up-to-date symlink: /home/hexapod/ros2_ws/install/hexapod_custom_msgs/lib/python3.12/site-packages/hexapod_custom_msgs/hexapod_custom_msgs_s__rosidl_typesupport_introspection_c.so
-- Up-to-date symlink: /home/hexapod/ros2_ws/install/hexapod_custom_msgs/lib/python3.12/site-packages/hexapod_custom_msgs/hexapod_custom_msgs_s__rosidl_typesupport_c.so
-- Symlinking: /home/hexapod/ros2_ws/install/hexapod_custom_msgs/share/ament_index/resource_index/rust_packages/hexapod_custom_msgs
-- Symlinking: /home/hexapod/ros2_ws/install/hexapod_custom_msgs/share/hexapod_custom_msgs/rust/Cargo.toml
-- Symlinking: /home/hexapod/ros2_ws/install/hexapod_custom_msgs/share/hexapod_custom_msgs/rust/build.rs
-- Symlinking: /home/hexapod/ros2_ws/install/hexapod_custom_msgs/share/hexapod_custom_msgs/rust/src/lib.rs
-- Symlinking: /home/hexapod/ros2_ws/install/hexapod_custom_msgs/share/hexapod_custom_msgs/rust/src/msg.rs
-- Symlinking: /home/hexapod/ros2_ws/install/hexapod_custom_msgs/share/hexapod_custom_msgs/rust/src/msg/rmw.rs
-- Symlinking: /home/hexapod/ros2_ws/install/hexapod_custom_msgs/share/hexapod_custom_msgs/msg/TeleopEvent.idl
-- Symlinking: /home/hexapod/ros2_ws/install/hexapod_custom_msgs/share/hexapod_custom_msgs/msg/BuzzerCommand.idl
-- Symlinking: /home/hexapod/ros2_ws/install/hexapod_custom_msgs/share/hexapod_custom_msgs/msg/LocomotionState.idl
-- Symlinking: /home/hexapod/ros2_ws/install/hexapod_custom_msgs/share/hexapod_custom_msgs/msg/TeleopEvent.msg
-- Symlinking: /home/hexapod/ros2_ws/install/hexapod_custom_msgs/share/hexapod_custom_msgs/msg/BuzzerCommand.msg
-- Symlinking: /home/hexapod/ros2_ws/install/hexapod_custom_msgs/share/hexapod_custom_msgs/msg/LocomotionState.msg
-- Symlinking: /home/hexapod/ros2_ws/install/hexapod_custom_msgs/share/ament_index/resource_index/package_run_dependencies/hexapod_custom_msgs
-- Symlinking: /home/hexapod/ros2_ws/install/hexapod_custom_msgs/share/ament_index/resource_index/parent_prefix_path/hexapod_custom_msgs
-- Symlinking: /home/hexapod/ros2_ws/install/hexapod_custom_msgs/share/hexapod_custom_msgs/environment/ament_prefix_path.sh
-- Symlinking: /home/hexapod/ros2_ws/install/hexapod_custom_msgs/share/hexapod_custom_msgs/environment/ament_prefix_path.dsv
-- Symlinking: /home/hexapod/ros2_ws/install/hexapod_custom_msgs/share/hexapod_custom_msgs/environment/path.sh
-- Symlinking: /home/hexapod/ros2_ws/install/hexapod_custom_msgs/share/hexapod_custom_msgs/environment/path.dsv
-- Symlinking: /home/hexapod/ros2_ws/install/hexapod_custom_msgs/share/hexapod_custom_msgs/local_setup.bash
-- Symlinking: /home/hexapod/ros2_ws/install/hexapod_custom_msgs/share/hexapod_custom_msgs/local_setup.sh
-- Symlinking: /home/hexapod/ros2_ws/install/hexapod_custom_msgs/share/hexapod_custom_msgs/local_setup.zsh
-- Symlinking: /home/hexapod/ros2_ws/install/hexapod_custom_msgs/share/hexapod_custom_msgs/local_setup.dsv
-- Symlinking: /home/hexapod/ros2_ws/install/hexapod_custom_msgs/share/hexapod_custom_msgs/package.dsv
-- Symlinking: /home/hexapod/ros2_ws/install/hexapod_custom_msgs/share/ament_index/resource_index/packages/hexapod_custom_msgs
-- Symlinking: /home/hexapod/ros2_ws/install/hexapod_custom_msgs/share/hexapod_custom_msgs/cmake/rosidl_cmake-extras.cmake
-- Symlinking: /home/hexapod/ros2_ws/install/hexapod_custom_msgs/share/hexapod_custom_msgs/cmake/ament_cmake_export_include_directories-extras.cmake
-- Symlinking: /home/hexapod/ros2_ws/install/hexapod_custom_msgs/share/hexapod_custom_msgs/cmake/ament_cmake_export_libraries-extras.cmake
-- Symlinking: /home/hexapod/ros2_ws/install/hexapod_custom_msgs/share/hexapod_custom_msgs/cmake/ament_cmake_export_targets-extras.cmake
-- Symlinking: /home/hexapod/ros2_ws/install/hexapod_custom_msgs/share/hexapod_custom_msgs/cmake/rosidl_cmake_export_typesupport_targets-extras.cmake
-- Symlinking: /home/hexapod/ros2_ws/install/hexapod_custom_msgs/share/hexapod_custom_msgs/cmake/ament_cmake_export_dependencies-extras.cmake
-- Symlinking: /home/hexapod/ros2_ws/install/hexapod_custom_msgs/share/hexapod_custom_msgs/cmake/rosidl_cmake_export_typesupport_libraries-extras.cmake
-- Symlinking: /home/hexapod/ros2_ws/install/hexapod_custom_msgs/share/hexapod_custom_msgs/cmake/rosidl_cmake_aggregate_target-extras.cmake
-- Symlinking: /home/hexapod/ros2_ws/install/hexapod_custom_msgs/share/hexapod_custom_msgs/cmake/hexapod_custom_msgsConfig.cmake
-- Symlinking: /home/hexapod/ros2_ws/install/hexapod_custom_msgs/share/hexapod_custom_msgs/cmake/hexapod_custom_msgsConfig-version.cmake
-- Symlinking: /home/hexapod/ros2_ws/install/hexapod_custom_msgs/share/hexapod_custom_msgs/package.xml
-- Installing: /home/hexapod/ros2_ws/install/hexapod_custom_msgs/lib/libhexapod_custom_msgs__rosidl_generator_c.so
-- Set non-toolchain portion of runtime path of "/home/hexapod/ros2_ws/install/hexapod_custom_msgs/lib/libhexapod_custom_msgs__rosidl_generator_c.so" to ""
-- Installing: /home/hexapod/ros2_ws/install/hexapod_custom_msgs/lib/libhexapod_custom_msgs__rosidl_typesupport_fastrtps_c.so
-- Set non-toolchain portion of runtime path of "/home/hexapod/ros2_ws/install/hexapod_custom_msgs/lib/libhexapod_custom_msgs__rosidl_typesupport_fastrtps_c.so" to ""
-- Installing: /home/hexapod/ros2_ws/install/hexapod_custom_msgs/lib/libhexapod_custom_msgs__rosidl_typesupport_introspection_c.so
-- Set non-toolchain portion of runtime path of "/home/hexapod/ros2_ws/install/hexapod_custom_msgs/lib/libhexapod_custom_msgs__rosidl_typesupport_introspection_c.so" to ""
-- Installing: /home/hexapod/ros2_ws/install/hexapod_custom_msgs/lib/libhexapod_custom_msgs__rosidl_typesupport_c.so
-- Set non-toolchain portion of runtime path of "/home/hexapod/ros2_ws/install/hexapod_custom_msgs/lib/libhexapod_custom_msgs__rosidl_typesupport_c.so" to ""
-- Installing: /home/hexapod/ros2_ws/install/hexapod_custom_msgs/lib/libhexapod_custom_msgs__rosidl_typesupport_fastrtps_cpp.so
-- Set non-toolchain portion of runtime path of "/home/hexapod/ros2_ws/install/hexapod_custom_msgs/lib/libhexapod_custom_msgs__rosidl_typesupport_fastrtps_cpp.so" to ""
-- Installing: /home/hexapod/ros2_ws/install/hexapod_custom_msgs/lib/libhexapod_custom_msgs__rosidl_typesupport_introspection_cpp.so
-- Set non-toolchain portion of runtime path of "/home/hexapod/ros2_ws/install/hexapod_custom_msgs/lib/libhexapod_custom_msgs__rosidl_typesupport_introspection_cpp.so" to ""
-- Installing: /home/hexapod/ros2_ws/install/hexapod_custom_msgs/lib/libhexapod_custom_msgs__rosidl_typesupport_cpp.so
-- Set non-toolchain portion of runtime path of "/home/hexapod/ros2_ws/install/hexapod_custom_msgs/lib/libhexapod_custom_msgs__rosidl_typesupport_cpp.so" to ""
Listing '/home/hexapod/ros2_ws/install/hexapod_custom_msgs/lib/python3.12/site-packages/hexapod_custom_msgs'...
Compiling '/home/hexapod/ros2_ws/install/hexapod_custom_msgs/lib/python3.12/site-packages/hexapod_custom_msgs/__init__.py'...
Listing '/home/hexapod/ros2_ws/install/hexapod_custom_msgs/lib/python3.12/site-packages/hexapod_custom_msgs/msg'...
Compiling '/home/hexapod/ros2_ws/install/hexapod_custom_msgs/lib/python3.12/site-packages/hexapod_custom_msgs/msg/__init__.py'...
Compiling '/home/hexapod/ros2_ws/install/hexapod_custom_msgs/lib/python3.12/site-packages/hexapod_custom_msgs/msg/_buzzer_command.py'...
Compiling '/home/hexapod/ros2_ws/install/hexapod_custom_msgs/lib/python3.12/site-packages/hexapod_custom_msgs/msg/_locomotion_state.py'...
Compiling '/home/hexapod/ros2_ws/install/hexapod_custom_msgs/lib/python3.12/site-packages/hexapod_custom_msgs/msg/_teleop_event.py'...
-- Installing: /home/hexapod/ros2_ws/install/hexapod_custom_msgs/lib/libhexapod_custom_msgs__rosidl_generator_py.so
-- Set non-toolchain portion of runtime path of "/home/hexapod/ros2_ws/install/hexapod_custom_msgs/lib/libhexapod_custom_msgs__rosidl_generator_py.so" to ""
-- Installing: /home/hexapod/ros2_ws/install/hexapod_custom_msgs/share/hexapod_custom_msgs/cmake/export_hexapod_custom_msgs__rosidl_generator_cExport.cmake
-- Installing: /home/hexapod/ros2_ws/install/hexapod_custom_msgs/share/hexapod_custom_msgs/cmake/export_hexapod_custom_msgs__rosidl_generator_cExport-noconfig.cmake
-- Installing: /home/hexapod/ros2_ws/install/hexapod_custom_msgs/share/hexapod_custom_msgs/cmake/export_hexapod_custom_msgs__rosidl_typesupport_fastrtps_cExport.cmake
-- Installing: /home/hexapod/ros2_ws/install/hexapod_custom_msgs/share/hexapod_custom_msgs/cmake/export_hexapod_custom_msgs__rosidl_typesupport_fastrtps_cExport-noconfig.cmake
-- Installing: /home/hexapod/ros2_ws/install/hexapod_custom_msgs/share/hexapod_custom_msgs/cmake/hexapod_custom_msgs__rosidl_typesupport_introspection_cExport.cmake
-- Installing: /home/hexapod/ros2_ws/install/hexapod_custom_msgs/share/hexapod_custom_msgs/cmake/hexapod_custom_msgs__rosidl_typesupport_introspection_cExport-noconfig.cmake
-- Installing: /home/hexapod/ros2_ws/install/hexapod_custom_msgs/share/hexapod_custom_msgs/cmake/hexapod_custom_msgs__rosidl_typesupport_cExport.cmake
-- Installing: /home/hexapod/ros2_ws/install/hexapod_custom_msgs/share/hexapod_custom_msgs/cmake/hexapod_custom_msgs__rosidl_typesupport_cExport-noconfig.cmake
-- Installing: /home/hexapod/ros2_ws/install/hexapod_custom_msgs/share/hexapod_custom_msgs/cmake/export_hexapod_custom_msgs__rosidl_generator_cppExport.cmake
-- Installing: /home/hexapod/ros2_ws/install/hexapod_custom_msgs/share/hexapod_custom_msgs/cmake/export_hexapod_custom_msgs__rosidl_typesupport_fastrtps_cppExport.cmake
-- Installing: /home/hexapod/ros2_ws/install/hexapod_custom_msgs/share/hexapod_custom_msgs/cmake/export_hexapod_custom_msgs__rosidl_typesupport_fastrtps_cppExport-noconfig.cmake
-- Installing: /home/hexapod/ros2_ws/install/hexapod_custom_msgs/share/hexapod_custom_msgs/cmake/hexapod_custom_msgs__rosidl_typesupport_introspection_cppExport.cmake
-- Installing: /home/hexapod/ros2_ws/install/hexapod_custom_msgs/share/hexapod_custom_msgs/cmake/hexapod_custom_msgs__rosidl_typesupport_introspection_cppExport-noconfig.cmake
-- Installing: /home/hexapod/ros2_ws/install/hexapod_custom_msgs/share/hexapod_custom_msgs/cmake/hexapod_custom_msgs__rosidl_typesupport_cppExport.cmake
-- Installing: /home/hexapod/ros2_ws/install/hexapod_custom_msgs/share/hexapod_custom_msgs/cmake/hexapod_custom_msgs__rosidl_typesupport_cppExport-noconfig.cmake
-- Installing: /home/hexapod/ros2_ws/install/hexapod_custom_msgs/share/hexapod_custom_msgs/cmake/export_hexapod_custom_msgs__rosidl_generator_pyExport.cmake
-- Installing: /home/hexapod/ros2_ws/install/hexapod_custom_msgs/share/hexapod_custom_msgs/cmake/export_hexapod_custom_msgs__rosidl_generator_pyExport-noconfig.cmake
