[0.019s] Invoking command in '/home/hexapod/ros2_ws/build/hexapod_custom_msgs': CMAKE_PREFIX_PATH=${CMAKE_PREFIX_PATH}:/opt/ros/jazzy /usr/bin/cmake /home/hexapod/ros2_ws/src/hexapod_custom_msgs -DAMENT_CMAKE_SYMLINK_INSTALL=1 -DCMAKE_INSTALL_PREFIX=/home/hexapod/ros2_ws/install/hexapod_custom_msgs
[0.042s] -- Found ament_cmake: 2.5.6 (/opt/ros/jazzy/share/ament_cmake/cmake)
[0.418s] -- Override CMake install command with custom implementation using symlinks instead of copying resources
[0.443s] -- Found rosidl_default_generators: 1.6.1 (/opt/ros/jazzy/share/rosidl_default_generators/cmake)
[0.454s] -- Using all available rosidl_typesupport_c: rosidl_typesupport_fastrtps_c;rosidl_typesupport_introspection_c
[0.556s] -- Using all available rosidl_typesupport_cpp: rosidl_typesupport_fastrtps_cpp;rosidl_typesupport_introspection_cpp
[0.606s] -- Found rosidl_adapter: 4.6.9 (/opt/ros/jazzy/share/rosidl_adapter/cmake)
[1.538s] -- Found ament_cmake_ros: 0.12.1 (/opt/ros/jazzy/share/ament_cmake_ros/cmake)
[2.264s] -- Using all available rosidl_typesupport_c: rosidl_typesupport_fastrtps_c;rosidl_typesupport_introspection_c
[3.186s] -- Using all available rosidl_typesupport_cpp: rosidl_typesupport_fastrtps_cpp;rosidl_typesupport_introspection_cpp
[3.192s] -- Found python_cmake_module: 0.11.1 (/opt/ros/jazzy/share/python_cmake_module/cmake)
[3.398s] -- Found PythonExtra: /usr/bin/python3  
[4.347s] -- Found Python3: /usr/bin/python3 (found version "3.12.3") found components: Interpreter Development NumPy Development.Module Development.Embed 
[4.446s] -- Found Python3: /usr/bin/python3 (found version "3.12.3") found components: Interpreter 
[4.470s] -- Configuring done (4.4s)
[4.536s] -- Generating done (0.1s)
[4.553s] -- Build files have been written to: /home/hexapod/ros2_ws/build/hexapod_custom_msgs
[4.563s] Invoked command in '/home/hexapod/ros2_ws/build/hexapod_custom_msgs' returned '0': CMAKE_PREFIX_PATH=${CMAKE_PREFIX_PATH}:/opt/ros/jazzy /usr/bin/cmake /home/hexapod/ros2_ws/src/hexapod_custom_msgs -DAMENT_CMAKE_SYMLINK_INSTALL=1 -DCMAKE_INSTALL_PREFIX=/home/hexapod/ros2_ws/install/hexapod_custom_msgs
[4.565s] Invoking command in '/home/hexapod/ros2_ws/build/hexapod_custom_msgs': CMAKE_PREFIX_PATH=${CMAKE_PREFIX_PATH}:/opt/ros/jazzy /usr/bin/cmake --build /home/hexapod/ros2_ws/build/hexapod_custom_msgs -- -j4 -l4
[4.661s] [  1%] [34m[1mGenerating Rust code for ROS interfaces[0m
[4.661s] [  3%] [34m[1mGenerating type hashes for ROS interfaces[0m
[4.675s] [  3%] Built target ament_cmake_python_symlink_hexapod_custom_msgs
[5.049s] running egg_info
[5.050s] creating hexapod_custom_msgs.egg-info
[5.074s] writing hexapod_custom_msgs.egg-info/PKG-INFO
[5.075s] writing dependency_links to hexapod_custom_msgs.egg-info/dependency_links.txt
[5.075s] writing top-level names to hexapod_custom_msgs.egg-info/top_level.txt
[5.075s] writing manifest file 'hexapod_custom_msgs.egg-info/SOURCES.txt'
[5.171s] reading manifest file 'hexapod_custom_msgs.egg-info/SOURCES.txt'
[5.171s] [  3%] Built target hexapod_custom_msgs__rosidl_generator_type_description
[5.171s] writing manifest file 'hexapod_custom_msgs.egg-info/SOURCES.txt'
[5.227s] [  5%] [34m[1mGenerating C code for ROS interfaces[0m
[5.228s] [  5%] Built target hexapod_custom_msgs__rs
[5.232s] [  7%] [34m[1mGenerating C++ code for ROS interfaces[0m
[5.265s] [  7%] Built target ament_cmake_python_build_hexapod_custom_msgs_egg
[5.993s] [  7%] Built target hexapod_custom_msgs__cpp
[6.099s] [  9%] [32mBuilding C object CMakeFiles/hexapod_custom_msgs__rosidl_generator_c.dir/rosidl_generator_c/hexapod_custom_msgs/msg/detail/teleop_event__description.c.o[0m
[6.107s] [ 10%] [32mBuilding C object CMakeFiles/hexapod_custom_msgs__rosidl_generator_c.dir/rosidl_generator_c/hexapod_custom_msgs/msg/detail/teleop_event__functions.c.o[0m
[6.110s] [ 12%] [32mBuilding C object CMakeFiles/hexapod_custom_msgs__rosidl_generator_c.dir/rosidl_generator_c/hexapod_custom_msgs/msg/detail/teleop_event__type_support.c.o[0m
[6.112s] [ 14%] [32mBuilding C object CMakeFiles/hexapod_custom_msgs__rosidl_generator_c.dir/rosidl_generator_c/hexapod_custom_msgs/msg/detail/buzzer_command__description.c.o[0m
[6.216s] [ 16%] [32mBuilding C object CMakeFiles/hexapod_custom_msgs__rosidl_generator_c.dir/rosidl_generator_c/hexapod_custom_msgs/msg/detail/buzzer_command__type_support.c.o[0m
[6.225s] [ 18%] [32mBuilding C object CMakeFiles/hexapod_custom_msgs__rosidl_generator_c.dir/rosidl_generator_c/hexapod_custom_msgs/msg/detail/buzzer_command__functions.c.o[0m
[6.229s] [ 20%] [32mBuilding C object CMakeFiles/hexapod_custom_msgs__rosidl_generator_c.dir/rosidl_generator_c/hexapod_custom_msgs/msg/detail/locomotion_state__description.c.o[0m
[6.302s] [ 21%] [32mBuilding C object CMakeFiles/hexapod_custom_msgs__rosidl_generator_c.dir/rosidl_generator_c/hexapod_custom_msgs/msg/detail/locomotion_state__functions.c.o[0m
[6.312s] [ 23%] [32mBuilding C object CMakeFiles/hexapod_custom_msgs__rosidl_generator_c.dir/rosidl_generator_c/hexapod_custom_msgs/msg/detail/locomotion_state__type_support.c.o[0m
[6.409s] [ 25%] [32m[1mLinking C shared library libhexapod_custom_msgs__rosidl_generator_c.so[0m
[6.480s] [ 25%] Built target hexapod_custom_msgs__rosidl_generator_c
[6.501s] [ 27%] [34m[1mGenerating C++ type support for eProsima Fast-RTPS[0m
[6.512s] [ 29%] [34m[1mGenerating C++ type support dispatch for ROS interfaces[0m
[6.521s] [ 30%] [34m[1mGenerating C introspection for ROS interfaces[0m
[6.527s] [ 32%] [34m[1mGenerating C type support dispatch for ROS interfaces[0m
[7.114s] [ 34%] [32mBuilding CXX object CMakeFiles/hexapod_custom_msgs__rosidl_typesupport_cpp.dir/rosidl_typesupport_cpp/hexapod_custom_msgs/msg/teleop_event__type_support.cpp.o[0m
[7.276s] [ 38%] [32mBuilding CXX object CMakeFiles/hexapod_custom_msgs__rosidl_typesupport_fastrtps_cpp.dir/rosidl_typesupport_fastrtps_cpp/hexapod_custom_msgs/msg/detail/dds_fastrtps/teleop_event__type_support.cpp.o[0m
[7.276s] [ 38%] [32mBuilding CXX object CMakeFiles/hexapod_custom_msgs__rosidl_typesupport_c.dir/rosidl_typesupport_c/hexapod_custom_msgs/msg/teleop_event__type_support.cpp.o[0m
[7.366s] [ 40%] [32mBuilding CXX object CMakeFiles/hexapod_custom_msgs__rosidl_typesupport_c.dir/rosidl_typesupport_c/hexapod_custom_msgs/msg/buzzer_command__type_support.cpp.o[0m
[7.461s] [ 41%] [32mBuilding C object CMakeFiles/hexapod_custom_msgs__rosidl_typesupport_introspection_c.dir/rosidl_typesupport_introspection_c/hexapod_custom_msgs/msg/detail/teleop_event__type_support.c.o[0m
[7.479s] [ 43%] [32mBuilding CXX object CMakeFiles/hexapod_custom_msgs__rosidl_typesupport_c.dir/rosidl_typesupport_c/hexapod_custom_msgs/msg/locomotion_state__type_support.cpp.o[0m
[7.546s] [ 45%] [32mBuilding C object CMakeFiles/hexapod_custom_msgs__rosidl_typesupport_introspection_c.dir/rosidl_typesupport_introspection_c/hexapod_custom_msgs/msg/detail/buzzer_command__type_support.c.o[0m
[7.564s] [ 47%] [32m[1mLinking CXX shared library libhexapod_custom_msgs__rosidl_typesupport_c.so[0m
[7.633s] [ 49%] [32mBuilding C object CMakeFiles/hexapod_custom_msgs__rosidl_typesupport_introspection_c.dir/rosidl_typesupport_introspection_c/hexapod_custom_msgs/msg/detail/locomotion_state__type_support.c.o[0m
[7.655s] [ 49%] Built target hexapod_custom_msgs__rosidl_typesupport_c
[7.676s] [ 50%] [32mBuilding CXX object CMakeFiles/hexapod_custom_msgs__rosidl_typesupport_cpp.dir/rosidl_typesupport_cpp/hexapod_custom_msgs/msg/buzzer_command__type_support.cpp.o[0m
[7.717s] [ 52%] [32m[1mLinking C shared library libhexapod_custom_msgs__rosidl_typesupport_introspection_c.so[0m
[7.783s] [ 52%] Built target hexapod_custom_msgs__rosidl_typesupport_introspection_c
[7.807s] [ 54%] [32mBuilding CXX object CMakeFiles/hexapod_custom_msgs__rosidl_typesupport_cpp.dir/rosidl_typesupport_cpp/hexapod_custom_msgs/msg/locomotion_state__type_support.cpp.o[0m
[7.815s] [ 56%] [32mBuilding CXX object CMakeFiles/hexapod_custom_msgs__rosidl_typesupport_fastrtps_cpp.dir/rosidl_typesupport_fastrtps_cpp/hexapod_custom_msgs/msg/detail/dds_fastrtps/buzzer_command__type_support.cpp.o[0m
[8.347s] [ 58%] [32mBuilding CXX object CMakeFiles/hexapod_custom_msgs__rosidl_typesupport_fastrtps_cpp.dir/rosidl_typesupport_fastrtps_cpp/hexapod_custom_msgs/msg/detail/dds_fastrtps/locomotion_state__type_support.cpp.o[0m
[8.560s] [ 60%] [34m[1mGenerating C type support for eProsima Fast-RTPS[0m
[8.578s] [ 61%] [32m[1mLinking CXX shared library libhexapod_custom_msgs__rosidl_typesupport_cpp.so[0m
[8.666s] [ 61%] Built target hexapod_custom_msgs__rosidl_typesupport_cpp
[8.690s] [ 63%] [34m[1mGenerating C++ introspection for ROS interfaces[0m
[9.363s] [ 65%] [32mBuilding CXX object CMakeFiles/hexapod_custom_msgs__rosidl_typesupport_introspection_cpp.dir/rosidl_typesupport_introspection_cpp/hexapod_custom_msgs/msg/detail/buzzer_command__type_support.cpp.o[0m
[9.365s] [ 67%] [32mBuilding CXX object CMakeFiles/hexapod_custom_msgs__rosidl_typesupport_introspection_cpp.dir/rosidl_typesupport_introspection_cpp/hexapod_custom_msgs/msg/detail/teleop_event__type_support.cpp.o[0m
[9.444s] [ 69%] [32m[1mLinking CXX shared library libhexapod_custom_msgs__rosidl_typesupport_fastrtps_cpp.so[0m
[9.495s] [ 70%] [32mBuilding CXX object CMakeFiles/hexapod_custom_msgs__rosidl_typesupport_fastrtps_c.dir/rosidl_typesupport_fastrtps_c/hexapod_custom_msgs/msg/detail/teleop_event__type_support_c.cpp.o[0m
[9.577s] [ 70%] Built target hexapod_custom_msgs__rosidl_typesupport_fastrtps_cpp
[9.621s] [ 72%] [32mBuilding CXX object CMakeFiles/hexapod_custom_msgs__rosidl_typesupport_introspection_cpp.dir/rosidl_typesupport_introspection_cpp/hexapod_custom_msgs/msg/detail/locomotion_state__type_support.cpp.o[0m
[10.029s] [ 74%] [32mBuilding CXX object CMakeFiles/hexapod_custom_msgs__rosidl_typesupport_fastrtps_c.dir/rosidl_typesupport_fastrtps_c/hexapod_custom_msgs/msg/detail/buzzer_command__type_support_c.cpp.o[0m
[10.194s] [ 76%] [32mBuilding CXX object CMakeFiles/hexapod_custom_msgs__rosidl_typesupport_fastrtps_c.dir/rosidl_typesupport_fastrtps_c/hexapod_custom_msgs/msg/detail/locomotion_state__type_support_c.cpp.o[0m
[10.416s] [ 78%] [32m[1mLinking CXX shared library libhexapod_custom_msgs__rosidl_typesupport_introspection_cpp.so[0m
[10.574s] [ 78%] Built target hexapod_custom_msgs__rosidl_typesupport_introspection_cpp
[11.201s] [ 80%] [32m[1mLinking CXX shared library libhexapod_custom_msgs__rosidl_typesupport_fastrtps_c.so[0m
[11.285s] [ 80%] Built target hexapod_custom_msgs__rosidl_typesupport_fastrtps_c
[11.318s] [ 80%] Built target hexapod_custom_msgs
[11.350s] [ 81%] [34m[1mGenerating Python code for ROS interfaces[0m
[12.119s] [ 81%] Built target hexapod_custom_msgs__py
[12.155s] [ 85%] [32mBuilding C object CMakeFiles/hexapod_custom_msgs__rosidl_generator_py.dir/rosidl_generator_py/hexapod_custom_msgs/msg/_teleop_event_s.c.o[0m
[12.155s] [ 85%] [32mBuilding C object CMakeFiles/hexapod_custom_msgs__rosidl_generator_py.dir/rosidl_generator_py/hexapod_custom_msgs/msg/_buzzer_command_s.c.o[0m
[12.159s] [ 87%] [32mBuilding C object CMakeFiles/hexapod_custom_msgs__rosidl_generator_py.dir/rosidl_generator_py/hexapod_custom_msgs/msg/_locomotion_state_s.c.o[0m
[12.420s] [ 89%] [32m[1mLinking C shared library libhexapod_custom_msgs__rosidl_generator_py.so[0m
[12.494s] [ 89%] Built target hexapod_custom_msgs__rosidl_generator_py
[12.532s] [ 90%] [32mBuilding C object CMakeFiles/hexapod_custom_msgs_s__rosidl_typesupport_c.dir/rosidl_generator_py/hexapod_custom_msgs/_hexapod_custom_msgs_s.ep.rosidl_typesupport_c.c.o[0m
[12.538s] [ 92%] [32mBuilding C object CMakeFiles/hexapod_custom_msgs_s__rosidl_typesupport_introspection_c.dir/rosidl_generator_py/hexapod_custom_msgs/_hexapod_custom_msgs_s.ep.rosidl_typesupport_introspection_c.c.o[0m
[12.543s] [ 94%] [32mBuilding C object CMakeFiles/hexapod_custom_msgs_s__rosidl_typesupport_fastrtps_c.dir/rosidl_generator_py/hexapod_custom_msgs/_hexapod_custom_msgs_s.ep.rosidl_typesupport_fastrtps_c.c.o[0m
[12.734s] [ 96%] [32m[1mLinking C shared module rosidl_generator_py/hexapod_custom_msgs/hexapod_custom_msgs_s__rosidl_typesupport_c.so[0m
[12.754s] [ 98%] [32m[1mLinking C shared module rosidl_generator_py/hexapod_custom_msgs/hexapod_custom_msgs_s__rosidl_typesupport_introspection_c.so[0m
[12.784s] [100%] [32m[1mLinking C shared module rosidl_generator_py/hexapod_custom_msgs/hexapod_custom_msgs_s__rosidl_typesupport_fastrtps_c.so[0m
[12.805s] [100%] Built target hexapod_custom_msgs_s__rosidl_typesupport_c
[12.824s] [100%] Built target hexapod_custom_msgs_s__rosidl_typesupport_introspection_c
[12.842s] [100%] Built target hexapod_custom_msgs_s__rosidl_typesupport_fastrtps_c
[12.865s] Invoked command in '/home/hexapod/ros2_ws/build/hexapod_custom_msgs' returned '0': CMAKE_PREFIX_PATH=${CMAKE_PREFIX_PATH}:/opt/ros/jazzy /usr/bin/cmake --build /home/hexapod/ros2_ws/build/hexapod_custom_msgs -- -j4 -l4
[12.867s] Invoking command in '/home/hexapod/ros2_ws/build/hexapod_custom_msgs': CMAKE_PREFIX_PATH=${CMAKE_PREFIX_PATH}:/opt/ros/jazzy /usr/bin/cmake --install /home/hexapod/ros2_ws/build/hexapod_custom_msgs
[12.880s] -- Install configuration: ""
[12.881s] -- Execute custom install script
[12.882s] -- Symlinking: /home/hexapod/ros2_ws/install/hexapod_custom_msgs/share/ament_index/resource_index/rosidl_interfaces/hexapod_custom_msgs
[12.898s] -- Symlinking: /home/hexapod/ros2_ws/install/hexapod_custom_msgs/share/hexapod_custom_msgs/msg/TeleopEvent.json
[12.913s] -- Symlinking: /home/hexapod/ros2_ws/install/hexapod_custom_msgs/share/hexapod_custom_msgs/msg/BuzzerCommand.json
[12.928s] -- Symlinking: /home/hexapod/ros2_ws/install/hexapod_custom_msgs/share/hexapod_custom_msgs/msg/LocomotionState.json
[12.945s] -- Symlinking: /home/hexapod/ros2_ws/install/hexapod_custom_msgs/include/hexapod_custom_msgs/hexapod_custom_msgs/msg/buzzer_command.h
[12.959s] -- Symlinking: /home/hexapod/ros2_ws/install/hexapod_custom_msgs/include/hexapod_custom_msgs/hexapod_custom_msgs/msg/detail/buzzer_command__functions.h
[12.974s] -- Symlinking: /home/hexapod/ros2_ws/install/hexapod_custom_msgs/include/hexapod_custom_msgs/hexapod_custom_msgs/msg/detail/buzzer_command__struct.h
[12.990s] -- Symlinking: /home/hexapod/ros2_ws/install/hexapod_custom_msgs/include/hexapod_custom_msgs/hexapod_custom_msgs/msg/detail/buzzer_command__type_support.h
[13.006s] -- Symlinking: /home/hexapod/ros2_ws/install/hexapod_custom_msgs/include/hexapod_custom_msgs/hexapod_custom_msgs/msg/detail/locomotion_state__functions.h
[13.020s] -- Symlinking: /home/hexapod/ros2_ws/install/hexapod_custom_msgs/include/hexapod_custom_msgs/hexapod_custom_msgs/msg/detail/locomotion_state__struct.h
[13.038s] -- Symlinking: /home/hexapod/ros2_ws/install/hexapod_custom_msgs/include/hexapod_custom_msgs/hexapod_custom_msgs/msg/detail/locomotion_state__type_support.h
[13.055s] -- Symlinking: /home/hexapod/ros2_ws/install/hexapod_custom_msgs/include/hexapod_custom_msgs/hexapod_custom_msgs/msg/detail/teleop_event__functions.h
[13.069s] -- Symlinking: /home/hexapod/ros2_ws/install/hexapod_custom_msgs/include/hexapod_custom_msgs/hexapod_custom_msgs/msg/detail/teleop_event__struct.h
[13.084s] -- Symlinking: /home/hexapod/ros2_ws/install/hexapod_custom_msgs/include/hexapod_custom_msgs/hexapod_custom_msgs/msg/detail/teleop_event__type_support.h
[13.099s] -- Symlinking: /home/hexapod/ros2_ws/install/hexapod_custom_msgs/include/hexapod_custom_msgs/hexapod_custom_msgs/msg/locomotion_state.h
[13.114s] -- Symlinking: /home/hexapod/ros2_ws/install/hexapod_custom_msgs/include/hexapod_custom_msgs/hexapod_custom_msgs/msg/rosidl_generator_c__visibility_control.h
[13.129s] -- Symlinking: /home/hexapod/ros2_ws/install/hexapod_custom_msgs/include/hexapod_custom_msgs/hexapod_custom_msgs/msg/teleop_event.h
[13.144s] -- Symlinking: /home/hexapod/ros2_ws/install/hexapod_custom_msgs/share/hexapod_custom_msgs/environment/library_path.sh
[13.159s] -- Symlinking: /home/hexapod/ros2_ws/install/hexapod_custom_msgs/share/hexapod_custom_msgs/environment/library_path.dsv
[13.175s] -- Symlinking: /home/hexapod/ros2_ws/install/hexapod_custom_msgs/include/hexapod_custom_msgs/hexapod_custom_msgs/msg/detail/buzzer_command__rosidl_typesupport_fastrtps_c.h
[13.190s] -- Symlinking: /home/hexapod/ros2_ws/install/hexapod_custom_msgs/include/hexapod_custom_msgs/hexapod_custom_msgs/msg/detail/locomotion_state__rosidl_typesupport_fastrtps_c.h
[13.205s] -- Symlinking: /home/hexapod/ros2_ws/install/hexapod_custom_msgs/include/hexapod_custom_msgs/hexapod_custom_msgs/msg/detail/teleop_event__rosidl_typesupport_fastrtps_c.h
[13.220s] -- Symlinking: /home/hexapod/ros2_ws/install/hexapod_custom_msgs/include/hexapod_custom_msgs/hexapod_custom_msgs/msg/rosidl_typesupport_fastrtps_c__visibility_control.h
[13.237s] -- Symlinking: /home/hexapod/ros2_ws/install/hexapod_custom_msgs/include/hexapod_custom_msgs/hexapod_custom_msgs/msg/detail/buzzer_command__rosidl_typesupport_introspection_c.h
[13.251s] -- Symlinking: /home/hexapod/ros2_ws/install/hexapod_custom_msgs/include/hexapod_custom_msgs/hexapod_custom_msgs/msg/detail/locomotion_state__rosidl_typesupport_introspection_c.h
[13.267s] -- Symlinking: /home/hexapod/ros2_ws/install/hexapod_custom_msgs/include/hexapod_custom_msgs/hexapod_custom_msgs/msg/detail/teleop_event__rosidl_typesupport_introspection_c.h
[13.282s] -- Symlinking: /home/hexapod/ros2_ws/install/hexapod_custom_msgs/include/hexapod_custom_msgs/hexapod_custom_msgs/msg/rosidl_typesupport_introspection_c__visibility_control.h
[13.298s] -- Symlinking: /home/hexapod/ros2_ws/install/hexapod_custom_msgs/include/hexapod_custom_msgs/hexapod_custom_msgs/msg/buzzer_command.hpp
[13.317s] -- Symlinking: /home/hexapod/ros2_ws/install/hexapod_custom_msgs/include/hexapod_custom_msgs/hexapod_custom_msgs/msg/detail/buzzer_command__builder.hpp
[13.332s] -- Symlinking: /home/hexapod/ros2_ws/install/hexapod_custom_msgs/include/hexapod_custom_msgs/hexapod_custom_msgs/msg/detail/buzzer_command__struct.hpp
[13.348s] -- Symlinking: /home/hexapod/ros2_ws/install/hexapod_custom_msgs/include/hexapod_custom_msgs/hexapod_custom_msgs/msg/detail/buzzer_command__traits.hpp
[13.364s] -- Symlinking: /home/hexapod/ros2_ws/install/hexapod_custom_msgs/include/hexapod_custom_msgs/hexapod_custom_msgs/msg/detail/buzzer_command__type_support.hpp
[13.379s] -- Symlinking: /home/hexapod/ros2_ws/install/hexapod_custom_msgs/include/hexapod_custom_msgs/hexapod_custom_msgs/msg/detail/locomotion_state__builder.hpp
[13.395s] -- Symlinking: /home/hexapod/ros2_ws/install/hexapod_custom_msgs/include/hexapod_custom_msgs/hexapod_custom_msgs/msg/detail/locomotion_state__struct.hpp
[13.410s] -- Symlinking: /home/hexapod/ros2_ws/install/hexapod_custom_msgs/include/hexapod_custom_msgs/hexapod_custom_msgs/msg/detail/locomotion_state__traits.hpp
[13.425s] -- Symlinking: /home/hexapod/ros2_ws/install/hexapod_custom_msgs/include/hexapod_custom_msgs/hexapod_custom_msgs/msg/detail/locomotion_state__type_support.hpp
[13.440s] -- Symlinking: /home/hexapod/ros2_ws/install/hexapod_custom_msgs/include/hexapod_custom_msgs/hexapod_custom_msgs/msg/detail/teleop_event__builder.hpp
[13.455s] -- Symlinking: /home/hexapod/ros2_ws/install/hexapod_custom_msgs/include/hexapod_custom_msgs/hexapod_custom_msgs/msg/detail/teleop_event__struct.hpp
[13.470s] -- Symlinking: /home/hexapod/ros2_ws/install/hexapod_custom_msgs/include/hexapod_custom_msgs/hexapod_custom_msgs/msg/detail/teleop_event__traits.hpp
[13.485s] -- Symlinking: /home/hexapod/ros2_ws/install/hexapod_custom_msgs/include/hexapod_custom_msgs/hexapod_custom_msgs/msg/detail/teleop_event__type_support.hpp
[13.500s] -- Symlinking: /home/hexapod/ros2_ws/install/hexapod_custom_msgs/include/hexapod_custom_msgs/hexapod_custom_msgs/msg/locomotion_state.hpp
[13.515s] -- Symlinking: /home/hexapod/ros2_ws/install/hexapod_custom_msgs/include/hexapod_custom_msgs/hexapod_custom_msgs/msg/rosidl_generator_cpp__visibility_control.hpp
[13.530s] -- Symlinking: /home/hexapod/ros2_ws/install/hexapod_custom_msgs/include/hexapod_custom_msgs/hexapod_custom_msgs/msg/teleop_event.hpp
[13.546s] -- Symlinking: /home/hexapod/ros2_ws/install/hexapod_custom_msgs/include/hexapod_custom_msgs/hexapod_custom_msgs/msg/detail/buzzer_command__rosidl_typesupport_fastrtps_cpp.hpp
[13.572s] -- Symlinking: /home/hexapod/ros2_ws/install/hexapod_custom_msgs/include/hexapod_custom_msgs/hexapod_custom_msgs/msg/detail/locomotion_state__rosidl_typesupport_fastrtps_cpp.hpp
[13.587s] -- Symlinking: /home/hexapod/ros2_ws/install/hexapod_custom_msgs/include/hexapod_custom_msgs/hexapod_custom_msgs/msg/detail/teleop_event__rosidl_typesupport_fastrtps_cpp.hpp
[13.602s] -- Symlinking: /home/hexapod/ros2_ws/install/hexapod_custom_msgs/include/hexapod_custom_msgs/hexapod_custom_msgs/msg/rosidl_typesupport_fastrtps_cpp__visibility_control.h
[13.618s] -- Symlinking: /home/hexapod/ros2_ws/install/hexapod_custom_msgs/include/hexapod_custom_msgs/hexapod_custom_msgs/msg/detail/buzzer_command__rosidl_typesupport_introspection_cpp.hpp
[13.634s] -- Symlinking: /home/hexapod/ros2_ws/install/hexapod_custom_msgs/include/hexapod_custom_msgs/hexapod_custom_msgs/msg/detail/locomotion_state__rosidl_typesupport_introspection_cpp.hpp
[13.649s] -- Symlinking: /home/hexapod/ros2_ws/install/hexapod_custom_msgs/include/hexapod_custom_msgs/hexapod_custom_msgs/msg/detail/teleop_event__rosidl_typesupport_introspection_cpp.hpp
[13.663s] -- Symlinking: /home/hexapod/ros2_ws/install/hexapod_custom_msgs/share/hexapod_custom_msgs/environment/pythonpath.sh
[13.678s] -- Symlinking: /home/hexapod/ros2_ws/install/hexapod_custom_msgs/share/hexapod_custom_msgs/environment/pythonpath.dsv
[13.694s] -- Symlinking: /home/hexapod/ros2_ws/install/hexapod_custom_msgs/lib/python3.12/site-packages/hexapod_custom_msgs-0.0.1-py3.12.egg-info/PKG-INFO
[13.709s] -- Symlinking: /home/hexapod/ros2_ws/install/hexapod_custom_msgs/lib/python3.12/site-packages/hexapod_custom_msgs-0.0.1-py3.12.egg-info/SOURCES.txt
[13.724s] -- Symlinking: /home/hexapod/ros2_ws/install/hexapod_custom_msgs/lib/python3.12/site-packages/hexapod_custom_msgs-0.0.1-py3.12.egg-info/dependency_links.txt
[13.739s] -- Symlinking: /home/hexapod/ros2_ws/install/hexapod_custom_msgs/lib/python3.12/site-packages/hexapod_custom_msgs-0.0.1-py3.12.egg-info/top_level.txt
[13.760s] -- Symlinking: /home/hexapod/ros2_ws/install/hexapod_custom_msgs/lib/python3.12/site-packages/hexapod_custom_msgs/__init__.py
[13.775s] -- Symlinking: /home/hexapod/ros2_ws/install/hexapod_custom_msgs/lib/python3.12/site-packages/hexapod_custom_msgs/_hexapod_custom_msgs_s.ep.rosidl_typesupport_c.c
[13.792s] -- Symlinking: /home/hexapod/ros2_ws/install/hexapod_custom_msgs/lib/python3.12/site-packages/hexapod_custom_msgs/_hexapod_custom_msgs_s.ep.rosidl_typesupport_fastrtps_c.c
[13.807s] -- Symlinking: /home/hexapod/ros2_ws/install/hexapod_custom_msgs/lib/python3.12/site-packages/hexapod_custom_msgs/_hexapod_custom_msgs_s.ep.rosidl_typesupport_introspection_c.c
[13.825s] -- Symlinking: /home/hexapod/ros2_ws/install/hexapod_custom_msgs/lib/python3.12/site-packages/hexapod_custom_msgs/hexapod_custom_msgs_s__rosidl_typesupport_c.so
[13.841s] -- Symlinking: /home/hexapod/ros2_ws/install/hexapod_custom_msgs/lib/python3.12/site-packages/hexapod_custom_msgs/hexapod_custom_msgs_s__rosidl_typesupport_fastrtps_c.so
[13.858s] -- Symlinking: /home/hexapod/ros2_ws/install/hexapod_custom_msgs/lib/python3.12/site-packages/hexapod_custom_msgs/hexapod_custom_msgs_s__rosidl_typesupport_introspection_c.so
[13.875s] -- Symlinking: /home/hexapod/ros2_ws/install/hexapod_custom_msgs/lib/python3.12/site-packages/hexapod_custom_msgs/msg/__init__.py
[13.891s] -- Symlinking: /home/hexapod/ros2_ws/install/hexapod_custom_msgs/lib/python3.12/site-packages/hexapod_custom_msgs/msg/_buzzer_command.py
[13.907s] -- Symlinking: /home/hexapod/ros2_ws/install/hexapod_custom_msgs/lib/python3.12/site-packages/hexapod_custom_msgs/msg/_buzzer_command_s.c
[13.922s] -- Symlinking: /home/hexapod/ros2_ws/install/hexapod_custom_msgs/lib/python3.12/site-packages/hexapod_custom_msgs/msg/_locomotion_state.py
[13.939s] -- Symlinking: /home/hexapod/ros2_ws/install/hexapod_custom_msgs/lib/python3.12/site-packages/hexapod_custom_msgs/msg/_locomotion_state_s.c
[13.953s] -- Symlinking: /home/hexapod/ros2_ws/install/hexapod_custom_msgs/lib/python3.12/site-packages/hexapod_custom_msgs/msg/_teleop_event.py
[13.969s] -- Symlinking: /home/hexapod/ros2_ws/install/hexapod_custom_msgs/lib/python3.12/site-packages/hexapod_custom_msgs/msg/_teleop_event_s.c
[13.984s] -- Up-to-date symlink: /home/hexapod/ros2_ws/install/hexapod_custom_msgs/lib/python3.12/site-packages/hexapod_custom_msgs/hexapod_custom_msgs_s__rosidl_typesupport_fastrtps_c.so
[13.985s] -- Up-to-date symlink: /home/hexapod/ros2_ws/install/hexapod_custom_msgs/lib/python3.12/site-packages/hexapod_custom_msgs/hexapod_custom_msgs_s__rosidl_typesupport_introspection_c.so
[13.985s] -- Up-to-date symlink: /home/hexapod/ros2_ws/install/hexapod_custom_msgs/lib/python3.12/site-packages/hexapod_custom_msgs/hexapod_custom_msgs_s__rosidl_typesupport_c.so
[13.985s] -- Symlinking: /home/hexapod/ros2_ws/install/hexapod_custom_msgs/share/ament_index/resource_index/rust_packages/hexapod_custom_msgs
[14.001s] -- Symlinking: /home/hexapod/ros2_ws/install/hexapod_custom_msgs/share/hexapod_custom_msgs/rust/Cargo.toml
[14.016s] -- Symlinking: /home/hexapod/ros2_ws/install/hexapod_custom_msgs/share/hexapod_custom_msgs/rust/build.rs
[14.031s] -- Symlinking: /home/hexapod/ros2_ws/install/hexapod_custom_msgs/share/hexapod_custom_msgs/rust/src/lib.rs
[14.047s] -- Symlinking: /home/hexapod/ros2_ws/install/hexapod_custom_msgs/share/hexapod_custom_msgs/rust/src/msg.rs
[14.063s] -- Symlinking: /home/hexapod/ros2_ws/install/hexapod_custom_msgs/share/hexapod_custom_msgs/rust/src/msg/rmw.rs
[14.078s] -- Symlinking: /home/hexapod/ros2_ws/install/hexapod_custom_msgs/share/hexapod_custom_msgs/msg/TeleopEvent.idl
[14.093s] -- Symlinking: /home/hexapod/ros2_ws/install/hexapod_custom_msgs/share/hexapod_custom_msgs/msg/BuzzerCommand.idl
[14.108s] -- Symlinking: /home/hexapod/ros2_ws/install/hexapod_custom_msgs/share/hexapod_custom_msgs/msg/LocomotionState.idl
[14.123s] -- Symlinking: /home/hexapod/ros2_ws/install/hexapod_custom_msgs/share/hexapod_custom_msgs/msg/TeleopEvent.msg
[14.139s] -- Symlinking: /home/hexapod/ros2_ws/install/hexapod_custom_msgs/share/hexapod_custom_msgs/msg/BuzzerCommand.msg
[14.154s] -- Symlinking: /home/hexapod/ros2_ws/install/hexapod_custom_msgs/share/hexapod_custom_msgs/msg/LocomotionState.msg
[14.169s] -- Symlinking: /home/hexapod/ros2_ws/install/hexapod_custom_msgs/share/ament_index/resource_index/package_run_dependencies/hexapod_custom_msgs
[14.185s] -- Symlinking: /home/hexapod/ros2_ws/install/hexapod_custom_msgs/share/ament_index/resource_index/parent_prefix_path/hexapod_custom_msgs
[14.200s] -- Symlinking: /home/hexapod/ros2_ws/install/hexapod_custom_msgs/share/hexapod_custom_msgs/environment/ament_prefix_path.sh
[14.215s] -- Symlinking: /home/hexapod/ros2_ws/install/hexapod_custom_msgs/share/hexapod_custom_msgs/environment/ament_prefix_path.dsv
[14.231s] -- Symlinking: /home/hexapod/ros2_ws/install/hexapod_custom_msgs/share/hexapod_custom_msgs/environment/path.sh
[14.246s] -- Symlinking: /home/hexapod/ros2_ws/install/hexapod_custom_msgs/share/hexapod_custom_msgs/environment/path.dsv
[14.262s] -- Symlinking: /home/hexapod/ros2_ws/install/hexapod_custom_msgs/share/hexapod_custom_msgs/local_setup.bash
[14.277s] -- Symlinking: /home/hexapod/ros2_ws/install/hexapod_custom_msgs/share/hexapod_custom_msgs/local_setup.sh
[14.292s] -- Symlinking: /home/hexapod/ros2_ws/install/hexapod_custom_msgs/share/hexapod_custom_msgs/local_setup.zsh
[14.308s] -- Symlinking: /home/hexapod/ros2_ws/install/hexapod_custom_msgs/share/hexapod_custom_msgs/local_setup.dsv
[14.328s] -- Symlinking: /home/hexapod/ros2_ws/install/hexapod_custom_msgs/share/hexapod_custom_msgs/package.dsv
[14.344s] -- Symlinking: /home/hexapod/ros2_ws/install/hexapod_custom_msgs/share/ament_index/resource_index/packages/hexapod_custom_msgs
[14.360s] -- Symlinking: /home/hexapod/ros2_ws/install/hexapod_custom_msgs/share/hexapod_custom_msgs/cmake/rosidl_cmake-extras.cmake
[14.375s] -- Symlinking: /home/hexapod/ros2_ws/install/hexapod_custom_msgs/share/hexapod_custom_msgs/cmake/ament_cmake_export_include_directories-extras.cmake
[14.391s] -- Symlinking: /home/hexapod/ros2_ws/install/hexapod_custom_msgs/share/hexapod_custom_msgs/cmake/ament_cmake_export_libraries-extras.cmake
[14.407s] -- Symlinking: /home/hexapod/ros2_ws/install/hexapod_custom_msgs/share/hexapod_custom_msgs/cmake/ament_cmake_export_targets-extras.cmake
[14.422s] -- Symlinking: /home/hexapod/ros2_ws/install/hexapod_custom_msgs/share/hexapod_custom_msgs/cmake/rosidl_cmake_export_typesupport_targets-extras.cmake
[14.437s] -- Symlinking: /home/hexapod/ros2_ws/install/hexapod_custom_msgs/share/hexapod_custom_msgs/cmake/ament_cmake_export_dependencies-extras.cmake
[14.453s] -- Symlinking: /home/hexapod/ros2_ws/install/hexapod_custom_msgs/share/hexapod_custom_msgs/cmake/rosidl_cmake_export_typesupport_libraries-extras.cmake
[14.468s] -- Symlinking: /home/hexapod/ros2_ws/install/hexapod_custom_msgs/share/hexapod_custom_msgs/cmake/rosidl_cmake_aggregate_target-extras.cmake
[14.483s] -- Symlinking: /home/hexapod/ros2_ws/install/hexapod_custom_msgs/share/hexapod_custom_msgs/cmake/hexapod_custom_msgsConfig.cmake
[14.499s] -- Symlinking: /home/hexapod/ros2_ws/install/hexapod_custom_msgs/share/hexapod_custom_msgs/cmake/hexapod_custom_msgsConfig-version.cmake
[14.514s] -- Symlinking: /home/hexapod/ros2_ws/install/hexapod_custom_msgs/share/hexapod_custom_msgs/package.xml
[14.531s] -- Installing: /home/hexapod/ros2_ws/install/hexapod_custom_msgs/lib/libhexapod_custom_msgs__rosidl_generator_c.so
[14.531s] -- Set non-toolchain portion of runtime path of "/home/hexapod/ros2_ws/install/hexapod_custom_msgs/lib/libhexapod_custom_msgs__rosidl_generator_c.so" to ""
[14.532s] -- Installing: /home/hexapod/ros2_ws/install/hexapod_custom_msgs/lib/libhexapod_custom_msgs__rosidl_typesupport_fastrtps_c.so
[14.532s] -- Set non-toolchain portion of runtime path of "/home/hexapod/ros2_ws/install/hexapod_custom_msgs/lib/libhexapod_custom_msgs__rosidl_typesupport_fastrtps_c.so" to ""
[14.532s] -- Installing: /home/hexapod/ros2_ws/install/hexapod_custom_msgs/lib/libhexapod_custom_msgs__rosidl_typesupport_introspection_c.so
[14.532s] -- Set non-toolchain portion of runtime path of "/home/hexapod/ros2_ws/install/hexapod_custom_msgs/lib/libhexapod_custom_msgs__rosidl_typesupport_introspection_c.so" to ""
[14.533s] -- Installing: /home/hexapod/ros2_ws/install/hexapod_custom_msgs/lib/libhexapod_custom_msgs__rosidl_typesupport_c.so
[14.534s] -- Set non-toolchain portion of runtime path of "/home/hexapod/ros2_ws/install/hexapod_custom_msgs/lib/libhexapod_custom_msgs__rosidl_typesupport_c.so" to ""
[14.534s] -- Installing: /home/hexapod/ros2_ws/install/hexapod_custom_msgs/lib/libhexapod_custom_msgs__rosidl_typesupport_fastrtps_cpp.so
[14.535s] -- Set non-toolchain portion of runtime path of "/home/hexapod/ros2_ws/install/hexapod_custom_msgs/lib/libhexapod_custom_msgs__rosidl_typesupport_fastrtps_cpp.so" to ""
[14.535s] -- Installing: /home/hexapod/ros2_ws/install/hexapod_custom_msgs/lib/libhexapod_custom_msgs__rosidl_typesupport_introspection_cpp.so
[14.535s] -- Set non-toolchain portion of runtime path of "/home/hexapod/ros2_ws/install/hexapod_custom_msgs/lib/libhexapod_custom_msgs__rosidl_typesupport_introspection_cpp.so" to ""
[14.536s] -- Installing: /home/hexapod/ros2_ws/install/hexapod_custom_msgs/lib/libhexapod_custom_msgs__rosidl_typesupport_cpp.so
[14.536s] -- Set non-toolchain portion of runtime path of "/home/hexapod/ros2_ws/install/hexapod_custom_msgs/lib/libhexapod_custom_msgs__rosidl_typesupport_cpp.so" to ""
[14.606s] Listing '/home/hexapod/ros2_ws/install/hexapod_custom_msgs/lib/python3.12/site-packages/hexapod_custom_msgs'...
[14.606s] Compiling '/home/hexapod/ros2_ws/install/hexapod_custom_msgs/lib/python3.12/site-packages/hexapod_custom_msgs/__init__.py'...
[14.607s] Listing '/home/hexapod/ros2_ws/install/hexapod_custom_msgs/lib/python3.12/site-packages/hexapod_custom_msgs/msg'...
[14.607s] Compiling '/home/hexapod/ros2_ws/install/hexapod_custom_msgs/lib/python3.12/site-packages/hexapod_custom_msgs/msg/__init__.py'...
[14.607s] Compiling '/home/hexapod/ros2_ws/install/hexapod_custom_msgs/lib/python3.12/site-packages/hexapod_custom_msgs/msg/_buzzer_command.py'...
[14.607s] Compiling '/home/hexapod/ros2_ws/install/hexapod_custom_msgs/lib/python3.12/site-packages/hexapod_custom_msgs/msg/_locomotion_state.py'...
[14.608s] Compiling '/home/hexapod/ros2_ws/install/hexapod_custom_msgs/lib/python3.12/site-packages/hexapod_custom_msgs/msg/_teleop_event.py'...
[14.642s] -- Installing: /home/hexapod/ros2_ws/install/hexapod_custom_msgs/lib/libhexapod_custom_msgs__rosidl_generator_py.so
[14.643s] -- Set non-toolchain portion of runtime path of "/home/hexapod/ros2_ws/install/hexapod_custom_msgs/lib/libhexapod_custom_msgs__rosidl_generator_py.so" to ""
[14.644s] -- Installing: /home/hexapod/ros2_ws/install/hexapod_custom_msgs/share/hexapod_custom_msgs/cmake/export_hexapod_custom_msgs__rosidl_generator_cExport.cmake
[14.644s] -- Installing: /home/hexapod/ros2_ws/install/hexapod_custom_msgs/share/hexapod_custom_msgs/cmake/export_hexapod_custom_msgs__rosidl_generator_cExport-noconfig.cmake
[14.645s] -- Installing: /home/hexapod/ros2_ws/install/hexapod_custom_msgs/share/hexapod_custom_msgs/cmake/export_hexapod_custom_msgs__rosidl_typesupport_fastrtps_cExport.cmake
[14.646s] -- Installing: /home/hexapod/ros2_ws/install/hexapod_custom_msgs/share/hexapod_custom_msgs/cmake/export_hexapod_custom_msgs__rosidl_typesupport_fastrtps_cExport-noconfig.cmake
[14.646s] -- Installing: /home/hexapod/ros2_ws/install/hexapod_custom_msgs/share/hexapod_custom_msgs/cmake/hexapod_custom_msgs__rosidl_typesupport_introspection_cExport.cmake
[14.646s] -- Installing: /home/hexapod/ros2_ws/install/hexapod_custom_msgs/share/hexapod_custom_msgs/cmake/hexapod_custom_msgs__rosidl_typesupport_introspection_cExport-noconfig.cmake
[14.648s] -- Installing: /home/hexapod/ros2_ws/install/hexapod_custom_msgs/share/hexapod_custom_msgs/cmake/hexapod_custom_msgs__rosidl_typesupport_cExport.cmake
[14.650s] -- Installing: /home/hexapod/ros2_ws/install/hexapod_custom_msgs/share/hexapod_custom_msgs/cmake/hexapod_custom_msgs__rosidl_typesupport_cExport-noconfig.cmake
[14.650s] -- Installing: /home/hexapod/ros2_ws/install/hexapod_custom_msgs/share/hexapod_custom_msgs/cmake/export_hexapod_custom_msgs__rosidl_generator_cppExport.cmake
[14.651s] -- Installing: /home/hexapod/ros2_ws/install/hexapod_custom_msgs/share/hexapod_custom_msgs/cmake/export_hexapod_custom_msgs__rosidl_typesupport_fastrtps_cppExport.cmake
[14.651s] -- Installing: /home/hexapod/ros2_ws/install/hexapod_custom_msgs/share/hexapod_custom_msgs/cmake/export_hexapod_custom_msgs__rosidl_typesupport_fastrtps_cppExport-noconfig.cmake
[14.651s] -- Installing: /home/hexapod/ros2_ws/install/hexapod_custom_msgs/share/hexapod_custom_msgs/cmake/hexapod_custom_msgs__rosidl_typesupport_introspection_cppExport.cmake
[14.652s] -- Installing: /home/hexapod/ros2_ws/install/hexapod_custom_msgs/share/hexapod_custom_msgs/cmake/hexapod_custom_msgs__rosidl_typesupport_introspection_cppExport-noconfig.cmake
[14.652s] -- Installing: /home/hexapod/ros2_ws/install/hexapod_custom_msgs/share/hexapod_custom_msgs/cmake/hexapod_custom_msgs__rosidl_typesupport_cppExport.cmake
[14.652s] -- Installing: /home/hexapod/ros2_ws/install/hexapod_custom_msgs/share/hexapod_custom_msgs/cmake/hexapod_custom_msgs__rosidl_typesupport_cppExport-noconfig.cmake
[14.652s] -- Installing: /home/hexapod/ros2_ws/install/hexapod_custom_msgs/share/hexapod_custom_msgs/cmake/export_hexapod_custom_msgs__rosidl_generator_pyExport.cmake
[14.652s] -- Installing: /home/hexapod/ros2_ws/install/hexapod_custom_msgs/share/hexapod_custom_msgs/cmake/export_hexapod_custom_msgs__rosidl_generator_pyExport-noconfig.cmake
[14.657s] Invoked command in '/home/hexapod/ros2_ws/build/hexapod_custom_msgs' returned '0': CMAKE_PREFIX_PATH=${CMAKE_PREFIX_PATH}:/opt/ros/jazzy /usr/bin/cmake --install /home/hexapod/ros2_ws/build/hexapod_custom_msgs
