[0.028s] Invoking command in '/home/hexapod/ros2_ws/build/hexapod_control': AMENT_PREFIX_PATH=/home/hexapod/ros2_ws/install/hexapod_custom_msgs:${AMENT_PREFIX_PATH} CMAKE_PREFIX_PATH=/home/hexapod/ros2_ws/install/hexapod_custom_msgs:/home/hexapod/ros2_ws/install/hexapod_control:/home/hexapod/ros2_ws/install/hexapod_teleop:/home/hexapod/ros2_ws/install/hexapod_hardware:/home/hexapod/ros2_ws/install/hexapod_description:/home/hexapod/ros2_ws/install/hexapod_core:/opt/ros/jazzy LD_LIBRARY_PATH=/home/hexapod/ros2_ws/install/hexapod_custom_msgs/lib:${LD_LIBRARY_PATH} PYTHONPATH=/home/hexapod/ros2_ws/install/hexapod_custom_msgs/lib/python3.12/site-packages:${PYTHONPATH} /usr/bin/cmake --build /home/hexapod/ros2_ws/build/hexapod_control -- -j4 -l4
[0.273s] [ 33%] [32mBuilding CXX object CMakeFiles/hexapod_brain_node.dir/src/main.cpp.o[0m
[0.282s] [ 66%] [32mBuilding CXX object CMakeFiles/hexapod_brain_node.dir/src/hexapod_brain_node.cpp.o[0m
[28.986s] [100%] [32m[1mLinking CXX executable hexapod_brain_node[0m
[30.714s] [100%] Built target hexapod_brain_node
[30.734s] Invoked command in '/home/hexapod/ros2_ws/build/hexapod_control' returned '0': AMENT_PREFIX_PATH=/home/hexapod/ros2_ws/install/hexapod_custom_msgs:${AMENT_PREFIX_PATH} CMAKE_PREFIX_PATH=/home/hexapod/ros2_ws/install/hexapod_custom_msgs:/home/hexapod/ros2_ws/install/hexapod_control:/home/hexapod/ros2_ws/install/hexapod_teleop:/home/hexapod/ros2_ws/install/hexapod_hardware:/home/hexapod/ros2_ws/install/hexapod_description:/home/hexapod/ros2_ws/install/hexapod_core:/opt/ros/jazzy LD_LIBRARY_PATH=/home/hexapod/ros2_ws/install/hexapod_custom_msgs/lib:${LD_LIBRARY_PATH} PYTHONPATH=/home/hexapod/ros2_ws/install/hexapod_custom_msgs/lib/python3.12/site-packages:${PYTHONPATH} /usr/bin/cmake --build /home/hexapod/ros2_ws/build/hexapod_control -- -j4 -l4
[30.736s] Invoking command in '/home/hexapod/ros2_ws/build/hexapod_control': AMENT_PREFIX_PATH=/home/hexapod/ros2_ws/install/hexapod_custom_msgs:${AMENT_PREFIX_PATH} CMAKE_PREFIX_PATH=/home/hexapod/ros2_ws/install/hexapod_custom_msgs:/home/hexapod/ros2_ws/install/hexapod_control:/home/hexapod/ros2_ws/install/hexapod_teleop:/home/hexapod/ros2_ws/install/hexapod_hardware:/home/hexapod/ros2_ws/install/hexapod_description:/home/hexapod/ros2_ws/install/hexapod_core:/opt/ros/jazzy LD_LIBRARY_PATH=/home/hexapod/ros2_ws/install/hexapod_custom_msgs/lib:${LD_LIBRARY_PATH} PYTHONPATH=/home/hexapod/ros2_ws/install/hexapod_custom_msgs/lib/python3.12/site-packages:${PYTHONPATH} /usr/bin/cmake --install /home/hexapod/ros2_ws/build/hexapod_control
[30.748s] -- Install configuration: ""
[30.749s] -- Execute custom install script
[30.749s] -- Up-to-date symlink: /home/hexapod/ros2_ws/install/hexapod_control/lib/hexapod_control/hexapod_brain_node
[30.750s] -- Up-to-date symlink: /home/hexapod/ros2_ws/install/hexapod_control/share/ament_index/resource_index/package_run_dependencies/hexapod_control
[30.750s] -- Up-to-date symlink: /home/hexapod/ros2_ws/install/hexapod_control/share/ament_index/resource_index/parent_prefix_path/hexapod_control
[30.751s] -- Up-to-date symlink: /home/hexapod/ros2_ws/install/hexapod_control/share/hexapod_control/environment/ament_prefix_path.sh
[30.751s] -- Up-to-date symlink: /home/hexapod/ros2_ws/install/hexapod_control/share/hexapod_control/environment/ament_prefix_path.dsv
[30.751s] -- Up-to-date symlink: /home/hexapod/ros2_ws/install/hexapod_control/share/hexapod_control/environment/path.sh
[30.751s] -- Up-to-date symlink: /home/hexapod/ros2_ws/install/hexapod_control/share/hexapod_control/environment/path.dsv
[30.752s] -- Up-to-date symlink: /home/hexapod/ros2_ws/install/hexapod_control/share/hexapod_control/local_setup.bash
[30.752s] -- Up-to-date symlink: /home/hexapod/ros2_ws/install/hexapod_control/share/hexapod_control/local_setup.sh
[30.752s] -- Up-to-date symlink: /home/hexapod/ros2_ws/install/hexapod_control/share/hexapod_control/local_setup.zsh
[30.752s] -- Up-to-date symlink: /home/hexapod/ros2_ws/install/hexapod_control/share/hexapod_control/local_setup.dsv
[30.752s] -- Symlinking: /home/hexapod/ros2_ws/install/hexapod_control/share/hexapod_control/package.dsv
[30.768s] -- Up-to-date symlink: /home/hexapod/ros2_ws/install/hexapod_control/share/ament_index/resource_index/packages/hexapod_control
[30.768s] -- Up-to-date symlink: /home/hexapod/ros2_ws/install/hexapod_control/share/hexapod_control/cmake/hexapod_controlConfig.cmake
[30.768s] -- Up-to-date symlink: /home/hexapod/ros2_ws/install/hexapod_control/share/hexapod_control/cmake/hexapod_controlConfig-version.cmake
[30.768s] -- Up-to-date symlink: /home/hexapod/ros2_ws/install/hexapod_control/share/hexapod_control/package.xml
[30.772s] Invoked command in '/home/hexapod/ros2_ws/build/hexapod_control' returned '0': AMENT_PREFIX_PATH=/home/hexapod/ros2_ws/install/hexapod_custom_msgs:${AMENT_PREFIX_PATH} CMAKE_PREFIX_PATH=/home/hexapod/ros2_ws/install/hexapod_custom_msgs:/home/hexapod/ros2_ws/install/hexapod_control:/home/hexapod/ros2_ws/install/hexapod_teleop:/home/hexapod/ros2_ws/install/hexapod_hardware:/home/hexapod/ros2_ws/install/hexapod_description:/home/hexapod/ros2_ws/install/hexapod_core:/opt/ros/jazzy LD_LIBRARY_PATH=/home/hexapod/ros2_ws/install/hexapod_custom_msgs/lib:${LD_LIBRARY_PATH} PYTHONPATH=/home/hexapod/ros2_ws/install/hexapod_custom_msgs/lib/python3.12/site-packages:${PYTHONPATH} /usr/bin/cmake --install /home/hexapod/ros2_ws/build/hexapod_control
