[0.020s] Invoking command in '/home/hexapod/ros2_ws/build/hexapod_hardware': AMENT_PREFIX_PATH=/home/hexapod/ros2_ws/install/hexapod_custom_msgs:${AMENT_PREFIX_PATH} CMAKE_PREFIX_PATH=/home/hexapod/ros2_ws/install/hexapod_custom_msgs:/home/hexapod/ros2_ws/install/hexapod_control:/home/hexapod/ros2_ws/install/hexapod_teleop:/home/hexapod/ros2_ws/install/hexapod_hardware:/home/hexapod/ros2_ws/install/hexapod_description:/home/hexapod/ros2_ws/install/hexapod_core:/opt/ros/jazzy LD_LIBRARY_PATH=/home/hexapod/ros2_ws/install/hexapod_custom_msgs/lib:${LD_LIBRARY_PATH} PYTHONPATH=/home/hexapod/ros2_ws/install/hexapod_custom_msgs/lib/python3.12/site-packages:${PYTHONPATH} /usr/bin/cmake --build /home/hexapod/ros2_ws/build/hexapod_hardware -- -j4 -l4
[0.079s] -- Found ament_cmake: 2.5.6 (/opt/ros/jazzy/share/ament_cmake/cmake)
[0.649s] -- Override CMake install command with custom implementation using symlinks instead of copying resources
[0.667s] -- Found rclcpp: 28.1.21 (/opt/ros/jazzy/share/rclcpp/cmake)
[0.716s] -- Found rosidl_generator_c: 4.6.9 (/opt/ros/jazzy/share/rosidl_generator_c/cmake)
[0.729s] -- Found rosidl_generator_cpp: 4.6.9 (/opt/ros/jazzy/share/rosidl_generator_cpp/cmake)
[0.749s] -- Using all available rosidl_typesupport_c: rosidl_typesupport_fastrtps_c;rosidl_typesupport_introspection_c
[0.784s] -- Using all available rosidl_typesupport_cpp: rosidl_typesupport_fastrtps_cpp;rosidl_typesupport_introspection_cpp
[0.957s] -- Found rmw_implementation_cmake: 7.3.3 (/opt/ros/jazzy/share/rmw_implementation_cmake/cmake)
[0.959s] -- Found rmw_fastrtps_cpp: 8.4.4 (/opt/ros/jazzy/share/rmw_fastrtps_cpp/cmake)
[1.064s] -- Using RMW implementation 'rmw_fastrtps_cpp' as default
[1.212s] -- Found std_msgs: 5.3.8 (/opt/ros/jazzy/share/std_msgs/cmake)
[1.256s] -- Found hexapod_custom_msgs: 0.0.1 (/home/hexapod/ros2_ws/install/hexapod_custom_msgs/share/hexapod_custom_msgs/cmake)
[1.619s] -- Configuring done (1.6s)
[1.674s] -- Generating done (0.0s)
[1.695s] -- Build files have been written to: /home/hexapod/ros2_ws/build/hexapod_hardware
[1.838s] [ 50%] [32mBuilding CXX object CMakeFiles/buzzer_driver_node.dir/src/buzzer_driver_node.cpp.o[0m
[16.259s] [100%] [32m[1mLinking CXX shared library libbuzzer_driver_node.so[0m
[17.062s] [100%] Built target buzzer_driver_node
[17.093s] Invoked command in '/home/hexapod/ros2_ws/build/hexapod_hardware' returned '0': AMENT_PREFIX_PATH=/home/hexapod/ros2_ws/install/hexapod_custom_msgs:${AMENT_PREFIX_PATH} CMAKE_PREFIX_PATH=/home/hexapod/ros2_ws/install/hexapod_custom_msgs:/home/hexapod/ros2_ws/install/hexapod_control:/home/hexapod/ros2_ws/install/hexapod_teleop:/home/hexapod/ros2_ws/install/hexapod_hardware:/home/hexapod/ros2_ws/install/hexapod_description:/home/hexapod/ros2_ws/install/hexapod_core:/opt/ros/jazzy LD_LIBRARY_PATH=/home/hexapod/ros2_ws/install/hexapod_custom_msgs/lib:${LD_LIBRARY_PATH} PYTHONPATH=/home/hexapod/ros2_ws/install/hexapod_custom_msgs/lib/python3.12/site-packages:${PYTHONPATH} /usr/bin/cmake --build /home/hexapod/ros2_ws/build/hexapod_hardware -- -j4 -l4
[17.094s] Invoking command in '/home/hexapod/ros2_ws/build/hexapod_hardware': AMENT_PREFIX_PATH=/home/hexapod/ros2_ws/install/hexapod_custom_msgs:${AMENT_PREFIX_PATH} CMAKE_PREFIX_PATH=/home/hexapod/ros2_ws/install/hexapod_custom_msgs:/home/hexapod/ros2_ws/install/hexapod_control:/home/hexapod/ros2_ws/install/hexapod_teleop:/home/hexapod/ros2_ws/install/hexapod_hardware:/home/hexapod/ros2_ws/install/hexapod_description:/home/hexapod/ros2_ws/install/hexapod_core:/opt/ros/jazzy LD_LIBRARY_PATH=/home/hexapod/ros2_ws/install/hexapod_custom_msgs/lib:${LD_LIBRARY_PATH} PYTHONPATH=/home/hexapod/ros2_ws/install/hexapod_custom_msgs/lib/python3.12/site-packages:${PYTHONPATH} /usr/bin/cmake --install /home/hexapod/ros2_ws/build/hexapod_hardware
[17.120s] -- Install configuration: ""
[17.120s] -- Execute custom install script
[17.121s] -- Symlinking: /home/hexapod/ros2_ws/install/hexapod_hardware/share/hexapod_hardware/environment/library_path.sh
[17.148s] -- Symlinking: /home/hexapod/ros2_ws/install/hexapod_hardware/share/hexapod_hardware/environment/library_path.dsv
[17.173s] -- Symlinking: /home/hexapod/ros2_ws/install/hexapod_hardware/lib/libbuzzer_driver_node.so
[17.190s] -- Up-to-date symlink: /home/hexapod/ros2_ws/install/hexapod_hardware/include/hexapod_hardware/buzzer_driver_node.hpp
[17.191s] -- Up-to-date symlink: /home/hexapod/ros2_ws/install/hexapod_hardware/include/hexapod_hardware/notes.hpp
[17.192s] -- Up-to-date symlink: /home/hexapod/ros2_ws/install/hexapod_hardware/share/hexapod_hardware/launch/buzzer.launch.py
[17.193s] -- Up-to-date symlink: /home/hexapod/ros2_ws/install/hexapod_hardware/share/ament_index/resource_index/package_run_dependencies/hexapod_hardware
[17.194s] -- Up-to-date symlink: /home/hexapod/ros2_ws/install/hexapod_hardware/share/ament_index/resource_index/parent_prefix_path/hexapod_hardware
[17.194s] -- Up-to-date symlink: /home/hexapod/ros2_ws/install/hexapod_hardware/share/hexapod_hardware/environment/ament_prefix_path.sh
[17.194s] -- Up-to-date symlink: /home/hexapod/ros2_ws/install/hexapod_hardware/share/hexapod_hardware/environment/ament_prefix_path.dsv
[17.194s] -- Up-to-date symlink: /home/hexapod/ros2_ws/install/hexapod_hardware/share/hexapod_hardware/environment/path.sh
[17.194s] -- Up-to-date symlink: /home/hexapod/ros2_ws/install/hexapod_hardware/share/hexapod_hardware/environment/path.dsv
[17.195s] -- Up-to-date symlink: /home/hexapod/ros2_ws/install/hexapod_hardware/share/hexapod_hardware/local_setup.bash
[17.197s] -- Up-to-date symlink: /home/hexapod/ros2_ws/install/hexapod_hardware/share/hexapod_hardware/local_setup.sh
[17.197s] -- Up-to-date symlink: /home/hexapod/ros2_ws/install/hexapod_hardware/share/hexapod_hardware/local_setup.zsh
[17.197s] -- Up-to-date symlink: /home/hexapod/ros2_ws/install/hexapod_hardware/share/hexapod_hardware/local_setup.dsv
[17.198s] -- Symlinking: /home/hexapod/ros2_ws/install/hexapod_hardware/share/hexapod_hardware/package.dsv
[17.216s] -- Up-to-date symlink: /home/hexapod/ros2_ws/install/hexapod_hardware/share/ament_index/resource_index/packages/hexapod_hardware
[17.218s] -- Symlinking: /home/hexapod/ros2_ws/install/hexapod_hardware/share/hexapod_hardware/cmake/ament_cmake_export_include_directories-extras.cmake
[17.236s] -- Symlinking: /home/hexapod/ros2_ws/install/hexapod_hardware/share/hexapod_hardware/cmake/ament_cmake_export_libraries-extras.cmake
[17.255s] -- Symlinking: /home/hexapod/ros2_ws/install/hexapod_hardware/share/hexapod_hardware/cmake/ament_cmake_export_dependencies-extras.cmake
[17.275s] -- Up-to-date symlink: /home/hexapod/ros2_ws/install/hexapod_hardware/share/hexapod_hardware/cmake/hexapod_hardwareConfig.cmake
[17.275s] -- Up-to-date symlink: /home/hexapod/ros2_ws/install/hexapod_hardware/share/hexapod_hardware/cmake/hexapod_hardwareConfig-version.cmake
[17.275s] -- Up-to-date symlink: /home/hexapod/ros2_ws/install/hexapod_hardware/share/hexapod_hardware/package.xml
[17.284s] Invoked command in '/home/hexapod/ros2_ws/build/hexapod_hardware' returned '0': AMENT_PREFIX_PATH=/home/hexapod/ros2_ws/install/hexapod_custom_msgs:${AMENT_PREFIX_PATH} CMAKE_PREFIX_PATH=/home/hexapod/ros2_ws/install/hexapod_custom_msgs:/home/hexapod/ros2_ws/install/hexapod_control:/home/hexapod/ros2_ws/install/hexapod_teleop:/home/hexapod/ros2_ws/install/hexapod_hardware:/home/hexapod/ros2_ws/install/hexapod_description:/home/hexapod/ros2_ws/install/hexapod_core:/opt/ros/jazzy LD_LIBRARY_PATH=/home/hexapod/ros2_ws/install/hexapod_custom_msgs/lib:${LD_LIBRARY_PATH} PYTHONPATH=/home/hexapod/ros2_ws/install/hexapod_custom_msgs/lib/python3.12/site-packages:${PYTHONPATH} /usr/bin/cmake --install /home/hexapod/ros2_ws/build/hexapod_hardware
