[ 33%] [32mBuilding CXX object CMakeFiles/buzzer_driver_node.dir/src/buzzer_driver_node.cpp.o[0m
[ 66%] [32m[1mLinking CXX executable buzzer_driver_node[0m
[100%] Built target buzzer_driver_node
-- Install configuration: ""
-- Execute custom install script
-- Symlinking: /home/hexapod/ros2_ws/install/hexapod_hardware/lib/hexapod_hardware/buzzer_driver_node
-- Symlinking: /home/hexapod/ros2_ws/install/hexapod_hardware/include/hexapod_hardware/buzzer_driver_node.hpp
-- Symlinking: /home/hexapod/ros2_ws/install/hexapod_hardware/include/hexapod_hardware/notes.hpp
-- Symlinking: /home/hexapod/ros2_ws/install/hexapod_hardware/share/hexapod_hardware/launch/buzzer.launch.py
-- Symlinking: /home/hexapod/ros2_ws/install/hexapod_hardware/share/ament_index/resource_index/package_run_dependencies/hexapod_hardware
-- Symlinking: /home/hexapod/ros2_ws/install/hexapod_hardware/share/ament_index/resource_index/parent_prefix_path/hexapod_hardware
-- Symlinking: /home/hexapod/ros2_ws/install/hexapod_hardware/share/hexapod_hardware/environment/ament_prefix_path.sh
-- Symlinking: /home/hexapod/ros2_ws/install/hexapod_hardware/share/hexapod_hardware/environment/ament_prefix_path.dsv
-- Symlinking: /home/hexapod/ros2_ws/install/hexapod_hardware/share/hexapod_hardware/environment/path.sh
-- Symlinking: /home/hexapod/ros2_ws/install/hexapod_hardware/share/hexapod_hardware/environment/path.dsv
-- Symlinking: /home/hexapod/ros2_ws/install/hexapod_hardware/share/hexapod_hardware/local_setup.bash
-- Symlinking: /home/hexapod/ros2_ws/install/hexapod_hardware/share/hexapod_hardware/local_setup.sh
-- Symlinking: /home/hexapod/ros2_ws/install/hexapod_hardware/share/hexapod_hardware/local_setup.zsh
-- Symlinking: /home/hexapod/ros2_ws/install/hexapod_hardware/share/hexapod_hardware/local_setup.dsv
-- Symlinking: /home/hexapod/ros2_ws/install/hexapod_hardware/share/hexapod_hardware/package.dsv
-- Symlinking: /home/hexapod/ros2_ws/install/hexapod_hardware/share/ament_index/resource_index/packages/hexapod_hardware
-- Symlinking: /home/hexapod/ros2_ws/install/hexapod_hardware/share/hexapod_hardware/cmake/hexapod_hardwareConfig.cmake
-- Symlinking: /home/hexapod/ros2_ws/install/hexapod_hardware/share/hexapod_hardware/cmake/hexapod_hardwareConfig-version.cmake
-- Symlinking: /home/hexapod/ros2_ws/install/hexapod_hardware/share/hexapod_hardware/package.xml
