[0.022s] Invoking command in '/home/hexapod/ros2_ws/build/hexapod_bringup': CMAKE_PREFIX_PATH=${CMAKE_PREFIX_PATH}:/opt/ros/jazzy /usr/bin/cmake --build /home/hexapod/ros2_ws/build/hexapod_bringup -- -j4 -l4
[0.097s] Invoked command in '/home/hexapod/ros2_ws/build/hexapod_bringup' returned '0': CMAKE_PREFIX_PATH=${CMAKE_PREFIX_PATH}:/opt/ros/jazzy /usr/bin/cmake --build /home/hexapod/ros2_ws/build/hexapod_bringup -- -j4 -l4
[0.125s] Invoking command in '/home/hexapod/ros2_ws/build/hexapod_bringup': CMAKE_PREFIX_PATH=${CMAKE_PREFIX_PATH}:/opt/ros/jazzy /usr/bin/cmake --install /home/hexapod/ros2_ws/build/hexapod_bringup
[0.139s] -- Install configuration: ""
[0.140s] -- Up-to-date: /home/hexapod/ros2_ws/install/hexapod_bringup/share/ament_index/resource_index/package_run_dependencies/hexapod_bringup
[0.141s] -- Up-to-date: /home/hexapod/ros2_ws/install/hexapod_bringup/share/ament_index/resource_index/parent_prefix_path/hexapod_bringup
[0.141s] -- Up-to-date: /home/hexapod/ros2_ws/install/hexapod_bringup/share/hexapod_bringup/environment/ament_prefix_path.sh
[0.141s] -- Up-to-date: /home/hexapod/ros2_ws/install/hexapod_bringup/share/hexapod_bringup/environment/ament_prefix_path.dsv
[0.142s] -- Up-to-date: /home/hexapod/ros2_ws/install/hexapod_bringup/share/hexapod_bringup/environment/path.sh
[0.142s] -- Up-to-date: /home/hexapod/ros2_ws/install/hexapod_bringup/share/hexapod_bringup/environment/path.dsv
[0.142s] -- Up-to-date: /home/hexapod/ros2_ws/install/hexapod_bringup/share/hexapod_bringup/local_setup.bash
[0.142s] -- Up-to-date: /home/hexapod/ros2_ws/install/hexapod_bringup/share/hexapod_bringup/local_setup.sh
[0.142s] -- Up-to-date: /home/hexapod/ros2_ws/install/hexapod_bringup/share/hexapod_bringup/local_setup.zsh
[0.142s] -- Up-to-date: /home/hexapod/ros2_ws/install/hexapod_bringup/share/hexapod_bringup/local_setup.dsv
[0.142s] -- Up-to-date: /home/hexapod/ros2_ws/install/hexapod_bringup/share/hexapod_bringup/package.dsv
[0.142s] -- Up-to-date: /home/hexapod/ros2_ws/install/hexapod_bringup/share/ament_index/resource_index/packages/hexapod_bringup
[0.142s] -- Up-to-date: /home/hexapod/ros2_ws/install/hexapod_bringup/share/hexapod_bringup/cmake/hexapod_bringupConfig.cmake
[0.144s] -- Up-to-date: /home/hexapod/ros2_ws/install/hexapod_bringup/share/hexapod_bringup/cmake/hexapod_bringupConfig-version.cmake
[0.150s] -- Up-to-date: /home/hexapod/ros2_ws/install/hexapod_bringup/share/hexapod_bringup/package.xml
[0.150s] Invoked command in '/home/hexapod/ros2_ws/build/hexapod_bringup' returned '0': CMAKE_PREFIX_PATH=${CMAKE_PREFIX_PATH}:/opt/ros/jazzy /usr/bin/cmake --install /home/hexapod/ros2_ws/build/hexapod_bringup
