[0.021s] Invoking command in '/home/hexapod/ros2_ws/build/hexapod_teleop': AMENT_PREFIX_PATH=/home/hexapod/ros2_ws/install/hexapod_custom_msgs:${AMENT_PREFIX_PATH} CMAKE_PREFIX_PATH=/home/hexapod/ros2_ws/install/hexapod_custom_msgs:/home/hexapod/ros2_ws/install/hexapod_control:/home/hexapod/ros2_ws/install/hexapod_teleop:/home/hexapod/ros2_ws/install/hexapod_hardware:/home/hexapod/ros2_ws/install/hexapod_description:/home/hexapod/ros2_ws/install/hexapod_core:/opt/ros/jazzy LD_LIBRARY_PATH=/home/hexapod/ros2_ws/install/hexapod_custom_msgs/lib:${LD_LIBRARY_PATH} PYTHONPATH=/home/hexapod/ros2_ws/install/hexapod_custom_msgs/lib/python3.12/site-packages:${PYTHONPATH} /usr/bin/cmake --build /home/hexapod/ros2_ws/build/hexapod_teleop -- -j4 -l4
[0.189s] [ 33%] [32mBuilding CXX object CMakeFiles/bluetooth_teleop_node.dir/src/bluetooth_teleop_node.cpp.o[0m
[13.441s] [ 66%] [32m[1mLinking CXX executable bluetooth_teleop_node[0m
[15.194s] [100%] Built target bluetooth_teleop_node
[15.251s] Invoked command in '/home/hexapod/ros2_ws/build/hexapod_teleop' returned '0': AMENT_PREFIX_PATH=/home/hexapod/ros2_ws/install/hexapod_custom_msgs:${AMENT_PREFIX_PATH} CMAKE_PREFIX_PATH=/home/hexapod/ros2_ws/install/hexapod_custom_msgs:/home/hexapod/ros2_ws/install/hexapod_control:/home/hexapod/ros2_ws/install/hexapod_teleop:/home/hexapod/ros2_ws/install/hexapod_hardware:/home/hexapod/ros2_ws/install/hexapod_description:/home/hexapod/ros2_ws/install/hexapod_core:/opt/ros/jazzy LD_LIBRARY_PATH=/home/hexapod/ros2_ws/install/hexapod_custom_msgs/lib:${LD_LIBRARY_PATH} PYTHONPATH=/home/hexapod/ros2_ws/install/hexapod_custom_msgs/lib/python3.12/site-packages:${PYTHONPATH} /usr/bin/cmake --build /home/hexapod/ros2_ws/build/hexapod_teleop -- -j4 -l4
[15.263s] Invoking command in '/home/hexapod/ros2_ws/build/hexapod_teleop': AMENT_PREFIX_PATH=/home/hexapod/ros2_ws/install/hexapod_custom_msgs:${AMENT_PREFIX_PATH} CMAKE_PREFIX_PATH=/home/hexapod/ros2_ws/install/hexapod_custom_msgs:/home/hexapod/ros2_ws/install/hexapod_control:/home/hexapod/ros2_ws/install/hexapod_teleop:/home/hexapod/ros2_ws/install/hexapod_hardware:/home/hexapod/ros2_ws/install/hexapod_description:/home/hexapod/ros2_ws/install/hexapod_core:/opt/ros/jazzy LD_LIBRARY_PATH=/home/hexapod/ros2_ws/install/hexapod_custom_msgs/lib:${LD_LIBRARY_PATH} PYTHONPATH=/home/hexapod/ros2_ws/install/hexapod_custom_msgs/lib/python3.12/site-packages:${PYTHONPATH} /usr/bin/cmake --install /home/hexapod/ros2_ws/build/hexapod_teleop
[15.290s] -- Install configuration: ""
[15.294s] -- Execute custom install script
[15.297s] -- Symlinking: /home/hexapod/ros2_ws/install/hexapod_teleop/lib/hexapod_teleop/bluetooth_teleop_node
[15.321s] -- Symlinking: /home/hexapod/ros2_ws/install/hexapod_teleop/share/hexapod_teleop/launch/hexapod_teleop.launch.py
[15.344s] -- Symlinking: /home/hexapod/ros2_ws/install/hexapod_teleop/share/ament_index/resource_index/package_run_dependencies/hexapod_teleop
[15.369s] -- Symlinking: /home/hexapod/ros2_ws/install/hexapod_teleop/share/ament_index/resource_index/parent_prefix_path/hexapod_teleop
[15.392s] -- Symlinking: /home/hexapod/ros2_ws/install/hexapod_teleop/share/hexapod_teleop/environment/ament_prefix_path.sh
[15.421s] -- Symlinking: /home/hexapod/ros2_ws/install/hexapod_teleop/share/hexapod_teleop/environment/ament_prefix_path.dsv
[15.467s] -- Symlinking: /home/hexapod/ros2_ws/install/hexapod_teleop/share/hexapod_teleop/environment/path.sh
[15.513s] -- Symlinking: /home/hexapod/ros2_ws/install/hexapod_teleop/share/hexapod_teleop/environment/path.dsv
[15.552s] -- Symlinking: /home/hexapod/ros2_ws/install/hexapod_teleop/share/hexapod_teleop/local_setup.bash
[15.596s] -- Symlinking: /home/hexapod/ros2_ws/install/hexapod_teleop/share/hexapod_teleop/local_setup.sh
[15.630s] -- Symlinking: /home/hexapod/ros2_ws/install/hexapod_teleop/share/hexapod_teleop/local_setup.zsh
[15.663s] -- Symlinking: /home/hexapod/ros2_ws/install/hexapod_teleop/share/hexapod_teleop/local_setup.dsv
[15.703s] -- Symlinking: /home/hexapod/ros2_ws/install/hexapod_teleop/share/hexapod_teleop/package.dsv
[15.743s] -- Symlinking: /home/hexapod/ros2_ws/install/hexapod_teleop/share/ament_index/resource_index/packages/hexapod_teleop
[15.769s] -- Symlinking: /home/hexapod/ros2_ws/install/hexapod_teleop/share/hexapod_teleop/cmake/hexapod_teleopConfig.cmake
[15.803s] -- Symlinking: /home/hexapod/ros2_ws/install/hexapod_teleop/share/hexapod_teleop/cmake/hexapod_teleopConfig-version.cmake
[15.823s] -- Symlinking: /home/hexapod/ros2_ws/install/hexapod_teleop/share/hexapod_teleop/package.xml
[15.849s] Invoked command in '/home/hexapod/ros2_ws/build/hexapod_teleop' returned '0': AMENT_PREFIX_PATH=/home/hexapod/ros2_ws/install/hexapod_custom_msgs:${AMENT_PREFIX_PATH} CMAKE_PREFIX_PATH=/home/hexapod/ros2_ws/install/hexapod_custom_msgs:/home/hexapod/ros2_ws/install/hexapod_control:/home/hexapod/ros2_ws/install/hexapod_teleop:/home/hexapod/ros2_ws/install/hexapod_hardware:/home/hexapod/ros2_ws/install/hexapod_description:/home/hexapod/ros2_ws/install/hexapod_core:/opt/ros/jazzy LD_LIBRARY_PATH=/home/hexapod/ros2_ws/install/hexapod_custom_msgs/lib:${LD_LIBRARY_PATH} PYTHONPATH=/home/hexapod/ros2_ws/install/hexapod_custom_msgs/lib/python3.12/site-packages:${PYTHONPATH} /usr/bin/cmake --install /home/hexapod/ros2_ws/build/hexapod_teleop
