[0.013s] Invoking command in '/home/hexapod/ros2_ws/build/hexapod_core': CMAKE_PREFIX_PATH=/opt/ros/jazzy /usr/bin/cmake /home/hexapod/ros2_ws/src/hexapod_core -DCMAKE_INSTALL_PREFIX=/home/hexapod/ros2_ws/install/hexapod_core
[0.122s] -- The CXX compiler identification is GNU 13.3.0
[0.147s] -- Detecting CXX compiler ABI info
[0.310s] -- Detecting CXX compiler ABI info - done
[0.326s] -- Check for working CXX compiler: /usr/bin/c++ - skipped
[0.327s] -- Detecting CXX compile features
[0.327s] -- Detecting CXX compile features - done
[0.334s] -- Found ament_cmake: 2.5.6 (/opt/ros/jazzy/share/ament_cmake/cmake)
[0.545s] -- Found Python3: /usr/bin/python3 (found version "3.12.3") found components: Interpreter 
[0.728s] -- Found ament_lint_auto: 0.17.5 (/opt/ros/jazzy/share/ament_lint_auto/cmake)
[0.905s] -- Added test 'lint_cmake' to check CMake code style
[0.907s] -- Added test 'xmllint' to check XML markup files
[0.910s] -- Configuring done (0.9s)
[0.915s] -- Generating done (0.0s)
[0.917s] -- Build files have been written to: /home/hexapod/ros2_ws/build/hexapod_core
[0.924s] Invoked command in '/home/hexapod/ros2_ws/build/hexapod_core' returned '0': CMAKE_PREFIX_PATH=/opt/ros/jazzy /usr/bin/cmake /home/hexapod/ros2_ws/src/hexapod_core -DCMAKE_INSTALL_PREFIX=/home/hexapod/ros2_ws/install/hexapod_core
[0.926s] Invoking command in '/home/hexapod/ros2_ws/build/hexapod_core': CMAKE_PREFIX_PATH=/opt/ros/jazzy /usr/bin/cmake --build /home/hexapod/ros2_ws/build/hexapod_core -- -j4 -l4
[0.990s] Invoked command in '/home/hexapod/ros2_ws/build/hexapod_core' returned '0': CMAKE_PREFIX_PATH=/opt/ros/jazzy /usr/bin/cmake --build /home/hexapod/ros2_ws/build/hexapod_core -- -j4 -l4
[1.009s] Invoking command in '/home/hexapod/ros2_ws/build/hexapod_core': CMAKE_PREFIX_PATH=/opt/ros/jazzy /usr/bin/cmake --install /home/hexapod/ros2_ws/build/hexapod_core
[1.022s] -- Install configuration: ""
[1.022s] -- Installing: /home/hexapod/ros2_ws/install/hexapod_core/share/ament_index/resource_index/package_run_dependencies/hexapod_core
[1.022s] -- Installing: /home/hexapod/ros2_ws/install/hexapod_core/share/ament_index/resource_index/parent_prefix_path/hexapod_core
[1.023s] -- Installing: /home/hexapod/ros2_ws/install/hexapod_core/share/hexapod_core/environment/ament_prefix_path.sh
[1.023s] -- Installing: /home/hexapod/ros2_ws/install/hexapod_core/share/hexapod_core/environment/ament_prefix_path.dsv
[1.023s] -- Installing: /home/hexapod/ros2_ws/install/hexapod_core/share/hexapod_core/environment/path.sh
[1.023s] -- Installing: /home/hexapod/ros2_ws/install/hexapod_core/share/hexapod_core/environment/path.dsv
[1.023s] -- Installing: /home/hexapod/ros2_ws/install/hexapod_core/share/hexapod_core/local_setup.bash
[1.023s] -- Installing: /home/hexapod/ros2_ws/install/hexapod_core/share/hexapod_core/local_setup.sh
[1.024s] -- Installing: /home/hexapod/ros2_ws/install/hexapod_core/share/hexapod_core/local_setup.zsh
[1.024s] -- Installing: /home/hexapod/ros2_ws/install/hexapod_core/share/hexapod_core/local_setup.dsv
[1.024s] -- Installing: /home/hexapod/ros2_ws/install/hexapod_core/share/hexapod_core/package.dsv
[1.024s] -- Installing: /home/hexapod/ros2_ws/install/hexapod_core/share/ament_index/resource_index/packages/hexapod_core
[1.025s] -- Installing: /home/hexapod/ros2_ws/install/hexapod_core/share/hexapod_core/cmake/hexapod_coreConfig.cmake
[1.025s] -- Installing: /home/hexapod/ros2_ws/install/hexapod_core/share/hexapod_core/cmake/hexapod_coreConfig-version.cmake
[1.025s] -- Installing: /home/hexapod/ros2_ws/install/hexapod_core/share/hexapod_core/package.xml
[1.028s] Invoked command in '/home/hexapod/ros2_ws/build/hexapod_core' returned '0': CMAKE_PREFIX_PATH=/opt/ros/jazzy /usr/bin/cmake --install /home/hexapod/ros2_ws/build/hexapod_core
